WARNING: All log messages before absl::InitializeLog() is called are written to STDERR
I0000 00:00:1778909089.423878  179654 cpu_feature_guard.cc:227] This TensorFlow binary is optimized to use available CPU instructions in performance-critical operations.
To enable the following instructions: AVX2 FMA, in other operations, rebuild TensorFlow with the appropriate compiler flags.
[2026-05-16 14:24:50] loading train split=/home/min/Workspace/Graduate-Project/Falling-Model-Development/dataset/splits_v2_class_balanced_filtered/train.csv
[2026-05-16 14:25:03] train rows=1,211,093 videos=6,039 features=27 data_scope=all
[2026-05-16 14:25:03] loading val split=/home/min/Workspace/Graduate-Project/Falling-Model-Development/dataset/splits_v2_class_balanced_filtered/val.csv
[2026-05-16 14:25:06] val rows=344,292 videos=1,714 features=27 data_scope=all
[2026-05-16 14:25:06] loading test split=/home/min/Workspace/Graduate-Project/Falling-Model-Development/dataset/splits_v2_class_balanced_filtered/test.csv
[2026-05-16 14:25:08] test rows=172,209 videos=853 features=27 data_scope=all
[2026-05-16 14:25:21] train windows=353,150 positive=213,662 videos=6,039
[2026-05-16 14:25:24] val windows=70,274 positive=30,106 videos=1,714
[2026-05-16 14:25:26] test windows=34,973 positive=15,069 videos=853
I0000 00:00:1778909129.597485  179654 gpu_device.cc:2043] Created device /job:localhost/replica:0/task:0/device:GPU:0 with 6623 MB memory:  -> device: 0, name: NVIDIA GeForce RTX 2060 SUPER, pci bus id: 0000:05:00.0, compute capability: 7.5
W0000 00:00:1778909130.523264  179654 cpu_allocator_impl.cc:82] Allocation of 1525608000 exceeds 10% of free system memory.
W0000 00:00:1778909131.796718  179654 cpu_allocator_impl.cc:82] Allocation of 1525608000 exceeds 10% of free system memory.
W0000 00:00:1778909133.695700  179654 cpu_allocator_impl.cc:82] Allocation of 1525608000 exceeds 10% of free system memory.
I0000 00:00:1778909136.250191  179827 cuda_dnn.cc:461] Loaded cuDNN version 92200
[2026-05-16 14:52:54] ValMinPR: restored best weights (val_event_min_pr=0.9221)
W0000 00:00:1778910775.483783  179654 cpu_allocator_impl.cc:82] Allocation of 1525608000 exceeds 10% of free system memory.
W0000 00:00:1778910776.800203  179654 cpu_allocator_impl.cc:82] Allocation of 1525608000 exceeds 10% of free system memory.
[2026-05-16 14:54:09] video-level val: videos=1714 f1=0.9714 fall_recall=0.9710 nfall_recall=0.9260 fall_prec=0.9718 nfall_prec=0.9241 min_pr=0.9241 min_consecutive=2
[2026-05-16 14:54:10] event-level val: videos=1714 f1=0.9710 fall_recall=0.9702 nfall_recall=0.9260 fall_prec=0.9718 nfall_prec=0.9221 min_pr=0.9221 tolerance_windows=2
[2026-05-16 14:54:10] video-level test: videos=853 f1=0.9677 fall_recall=0.9646 nfall_recall=0.9224 fall_prec=0.9708 nfall_prec=0.9068 min_pr=0.9068 min_consecutive=2
[2026-05-16 14:54:10] event-level test: videos=853 f1=0.9660 fall_recall=0.9614 nfall_recall=0.9224 fall_prec=0.9707 nfall_prec=0.8992 min_pr=0.8992 tolerance_windows=2
[2026-05-16 14:54:11] === VAL VIDEO-LEVEL REPORT ===
              precision    recall  f1-score   support

           0     0.9241    0.9260    0.9250       473
           1     0.9718    0.9710    0.9714      1241

    accuracy                         0.9586      1714
   macro avg     0.9479    0.9485    0.9482      1714
weighted avg     0.9586    0.9586    0.9586      1714

[2026-05-16 14:54:11] === TEST VIDEO-LEVEL REPORT ===
              precision    recall  f1-score   support

           0     0.9068    0.9224    0.9145       232
           1     0.9708    0.9646    0.9677       621

    accuracy                         0.9531       853
   macro avg     0.9388    0.9435    0.9411       853
weighted avg     0.9534    0.9531    0.9532       853

[2026-05-16 14:54:11] done P31-ev1 val_f1=0.8759 (video=0.9714) test_f1=0.8662 (video=0.9677) test_min_pr=0.9068 threshold=0.575 min_consecutive=2
