WARNING: All log messages before absl::InitializeLog() is called are written to STDERR
I0000 00:00:1778906183.551007  166466 cpu_feature_guard.cc:227] This TensorFlow binary is optimized to use available CPU instructions in performance-critical operations.
To enable the following instructions: AVX2 FMA, in other operations, rebuild TensorFlow with the appropriate compiler flags.
[2026-05-16 13:36:24] loading train split=/home/min/Workspace/Graduate-Project/Falling-Model-Development/dataset/splits_v2_class_balanced_filtered/train.csv
[2026-05-16 13:36:37] train rows=1,211,093 videos=6,039 features=27 data_scope=all
[2026-05-16 13:36:37] loading val split=/home/min/Workspace/Graduate-Project/Falling-Model-Development/dataset/splits_v2_class_balanced_filtered/val.csv
[2026-05-16 13:36:40] val rows=344,292 videos=1,714 features=27 data_scope=all
[2026-05-16 13:36:40] loading test split=/home/min/Workspace/Graduate-Project/Falling-Model-Development/dataset/splits_v2_class_balanced_filtered/test.csv
[2026-05-16 13:36:41] test rows=172,209 videos=853 features=27 data_scope=all
[2026-05-16 13:36:54] train windows=353,150 positive=213,662 videos=6,039
[2026-05-16 13:36:57] val windows=70,274 positive=30,106 videos=1,714
[2026-05-16 13:36:59] test windows=34,973 positive=15,069 videos=853
I0000 00:00:1778906222.668620  166466 gpu_device.cc:2043] Created device /job:localhost/replica:0/task:0/device:GPU:0 with 6623 MB memory:  -> device: 0, name: NVIDIA GeForce RTX 2060 SUPER, pci bus id: 0000:05:00.0, compute capability: 7.5
W0000 00:00:1778906223.591634  166466 cpu_allocator_impl.cc:82] Allocation of 1525608000 exceeds 10% of free system memory.
W0000 00:00:1778906224.793025  166466 cpu_allocator_impl.cc:82] Allocation of 1525608000 exceeds 10% of free system memory.
W0000 00:00:1778906226.708580  166466 cpu_allocator_impl.cc:82] Allocation of 1525608000 exceeds 10% of free system memory.
I0000 00:00:1778906229.272895  166633 cuda_dnn.cc:461] Loaded cuDNN version 92200
[2026-05-16 13:59:16] ValMinPR: restored best weights (val_video_min_pr=0.9260)
W0000 00:00:1778907557.140971  166466 cpu_allocator_impl.cc:82] Allocation of 1525608000 exceeds 10% of free system memory.
W0000 00:00:1778907558.448198  166466 cpu_allocator_impl.cc:82] Allocation of 1525608000 exceeds 10% of free system memory.
[2026-05-16 14:00:31] video-level val: videos=1714 f1=0.9718 fall_recall=0.9718 nfall_recall=0.9260 fall_prec=0.9718 nfall_prec=0.9260 min_pr=0.9260 min_consecutive=1
[2026-05-16 14:00:31] event-level val: videos=1714 f1=0.9718 fall_recall=0.9718 nfall_recall=0.9260 fall_prec=0.9718 nfall_prec=0.9260 min_pr=0.9260 tolerance_windows=2
[2026-05-16 14:00:32] video-level test: videos=853 f1=0.9628 fall_recall=0.9581 nfall_recall=0.9138 fall_prec=0.9675 nfall_prec=0.8908 min_pr=0.8908 min_consecutive=1
[2026-05-16 14:00:32] event-level test: videos=853 f1=0.9619 fall_recall=0.9565 nfall_recall=0.9138 fall_prec=0.9674 nfall_prec=0.8870 min_pr=0.8870 tolerance_windows=2
[2026-05-16 14:00:32] === VAL VIDEO-LEVEL REPORT ===
              precision    recall  f1-score   support

           0     0.9260    0.9260    0.9260       473
           1     0.9718    0.9718    0.9718      1241

    accuracy                         0.9592      1714
   macro avg     0.9489    0.9489    0.9489      1714
weighted avg     0.9592    0.9592    0.9592      1714

[2026-05-16 14:00:32] === TEST VIDEO-LEVEL REPORT ===
              precision    recall  f1-score   support

           0     0.8908    0.9138    0.9021       232
           1     0.9675    0.9581    0.9628       621

    accuracy                         0.9461       853
   macro avg     0.9291    0.9360    0.9325       853
weighted avg     0.9466    0.9461    0.9463       853

[2026-05-16 14:00:32] done P31-vm2 val_f1=0.8533 (video=0.9718) test_f1=0.8379 (video=0.9628) test_min_pr=0.8908 threshold=0.575 min_consecutive=1
