WARNING: All log messages before absl::InitializeLog() is called are written to STDERR
I0000 00:00:1778904497.103154  161111 cpu_feature_guard.cc:227] This TensorFlow binary is optimized to use available CPU instructions in performance-critical operations.
To enable the following instructions: AVX2 FMA, in other operations, rebuild TensorFlow with the appropriate compiler flags.
[2026-05-16 13:08:18] loading train split=/home/min/Workspace/Graduate-Project/Falling-Model-Development/dataset/splits_v2_class_balanced_filtered/train.csv
[2026-05-16 13:08:30] train rows=1,211,093 videos=6,039 features=27 data_scope=all
[2026-05-16 13:08:30] loading val split=/home/min/Workspace/Graduate-Project/Falling-Model-Development/dataset/splits_v2_class_balanced_filtered/val.csv
[2026-05-16 13:08:34] val rows=344,292 videos=1,714 features=27 data_scope=all
[2026-05-16 13:08:34] loading test split=/home/min/Workspace/Graduate-Project/Falling-Model-Development/dataset/splits_v2_class_balanced_filtered/test.csv
[2026-05-16 13:08:35] test rows=172,209 videos=853 features=27 data_scope=all
[2026-05-16 13:08:49] train windows=353,150 positive=213,662 videos=6,039
[2026-05-16 13:08:52] val windows=70,274 positive=30,106 videos=1,714
[2026-05-16 13:08:53] test windows=34,973 positive=15,069 videos=853
I0000 00:00:1778904536.986714  161111 gpu_device.cc:2043] Created device /job:localhost/replica:0/task:0/device:GPU:0 with 6623 MB memory:  -> device: 0, name: NVIDIA GeForce RTX 2060 SUPER, pci bus id: 0000:05:00.0, compute capability: 7.5
W0000 00:00:1778904537.905409  161111 cpu_allocator_impl.cc:82] Allocation of 1525608000 exceeds 10% of free system memory.
W0000 00:00:1778904539.139396  161111 cpu_allocator_impl.cc:82] Allocation of 1525608000 exceeds 10% of free system memory.
W0000 00:00:1778904541.084392  161111 cpu_allocator_impl.cc:82] Allocation of 1525608000 exceeds 10% of free system memory.
I0000 00:00:1778904543.666828  161277 cuda_dnn.cc:461] Loaded cuDNN version 92200
[2026-05-16 13:35:05] ValMinPR: restored best weights (val_video_min_pr=0.9198)
W0000 00:00:1778906106.127214  161111 cpu_allocator_impl.cc:82] Allocation of 1525608000 exceeds 10% of free system memory.
W0000 00:00:1778906107.490787  161111 cpu_allocator_impl.cc:82] Allocation of 1525608000 exceeds 10% of free system memory.
[2026-05-16 13:36:20] video-level val: videos=1714 f1=0.9698 fall_recall=0.9694 nfall_recall=0.9218 fall_prec=0.9702 nfall_prec=0.9198 min_pr=0.9198 min_consecutive=4
[2026-05-16 13:36:20] event-level val: videos=1714 f1=0.9698 fall_recall=0.9694 nfall_recall=0.9218 fall_prec=0.9702 nfall_prec=0.9198 min_pr=0.9198 tolerance_windows=2
[2026-05-16 13:36:21] video-level test: videos=853 f1=0.9660 fall_recall=0.9614 nfall_recall=0.9224 fall_prec=0.9707 nfall_prec=0.8992 min_pr=0.8992 min_consecutive=4
[2026-05-16 13:36:21] event-level test: videos=853 f1=0.9643 fall_recall=0.9581 nfall_recall=0.9224 fall_prec=0.9706 nfall_prec=0.8917 min_pr=0.8917 tolerance_windows=2
[2026-05-16 13:36:21] === VAL VIDEO-LEVEL REPORT ===
              precision    recall  f1-score   support

           0     0.9198    0.9218    0.9208       473
           1     0.9702    0.9694    0.9698      1241

    accuracy                         0.9562      1714
   macro avg     0.9450    0.9456    0.9453      1714
weighted avg     0.9563    0.9562    0.9563      1714

[2026-05-16 13:36:21] === TEST VIDEO-LEVEL REPORT ===
              precision    recall  f1-score   support

           0     0.8992    0.9224    0.9106       232
           1     0.9707    0.9614    0.9660       621

    accuracy                         0.9508       853
   macro avg     0.9349    0.9419    0.9383       853
weighted avg     0.9513    0.9508    0.9510       853

[2026-05-16 13:36:21] done P31-vm1 val_f1=0.8899 (video=0.9698) test_f1=0.8858 (video=0.9660) test_min_pr=0.8992 threshold=0.500 min_consecutive=4
