WARNING: All log messages before absl::InitializeLog() is called are written to STDERR
I0000 00:00:1778902652.040165  152691 cpu_feature_guard.cc:227] This TensorFlow binary is optimized to use available CPU instructions in performance-critical operations.
To enable the following instructions: AVX2 FMA, in other operations, rebuild TensorFlow with the appropriate compiler flags.
[2026-05-16 12:37:33] loading train split=/home/min/Workspace/Graduate-Project/Falling-Model-Development/dataset/splits_v2_class_balanced_filtered/train.csv
[2026-05-16 12:37:45] train rows=1,211,093 videos=6,039 features=27 data_scope=all
[2026-05-16 12:37:45] loading val split=/home/min/Workspace/Graduate-Project/Falling-Model-Development/dataset/splits_v2_class_balanced_filtered/val.csv
[2026-05-16 12:37:48] val rows=344,292 videos=1,714 features=27 data_scope=all
[2026-05-16 12:37:48] loading test split=/home/min/Workspace/Graduate-Project/Falling-Model-Development/dataset/splits_v2_class_balanced_filtered/test.csv
[2026-05-16 12:37:50] test rows=172,209 videos=853 features=27 data_scope=all
[2026-05-16 12:38:03] train windows=353,150 positive=213,662 videos=6,039
[2026-05-16 12:38:06] val windows=70,274 positive=30,106 videos=1,714
[2026-05-16 12:38:08] test windows=34,973 positive=15,069 videos=853
I0000 00:00:1778902691.019361  152691 gpu_device.cc:2043] Created device /job:localhost/replica:0/task:0/device:GPU:0 with 6623 MB memory:  -> device: 0, name: NVIDIA GeForce RTX 2060 SUPER, pci bus id: 0000:05:00.0, compute capability: 7.5
W0000 00:00:1778902691.938761  152691 cpu_allocator_impl.cc:82] Allocation of 1525608000 exceeds 10% of free system memory.
W0000 00:00:1778902693.304383  152691 cpu_allocator_impl.cc:82] Allocation of 1525608000 exceeds 10% of free system memory.
W0000 00:00:1778902695.248112  152691 cpu_allocator_impl.cc:82] Allocation of 1525608000 exceeds 10% of free system memory.
I0000 00:00:1778902697.835117  152772 cuda_dnn.cc:461] Loaded cuDNN version 92200
[2026-05-16 13:06:58] ValMinPR: restored best weights (val_video_min_pr=0.9284)
W0000 00:00:1778904419.297436  152691 cpu_allocator_impl.cc:82] Allocation of 1525608000 exceeds 10% of free system memory.
W0000 00:00:1778904420.605075  152691 cpu_allocator_impl.cc:82] Allocation of 1525608000 exceeds 10% of free system memory.
[2026-05-16 13:08:13] video-level val: videos=1714 f1=0.9734 fall_recall=0.9726 nfall_recall=0.9323 fall_prec=0.9742 nfall_prec=0.9284 min_pr=0.9284 min_consecutive=4
[2026-05-16 13:08:14] event-level val: videos=1714 f1=0.9734 fall_recall=0.9726 nfall_recall=0.9323 fall_prec=0.9742 nfall_prec=0.9284 min_pr=0.9284 tolerance_windows=2
[2026-05-16 13:08:14] video-level test: videos=853 f1=0.9693 fall_recall=0.9646 nfall_recall=0.9310 fall_prec=0.9740 nfall_prec=0.9076 min_pr=0.9076 min_consecutive=4
[2026-05-16 13:08:15] event-level test: videos=853 f1=0.9684 fall_recall=0.9630 nfall_recall=0.9310 fall_prec=0.9739 nfall_prec=0.9038 min_pr=0.9038 tolerance_windows=2
[2026-05-16 13:08:15] === VAL VIDEO-LEVEL REPORT ===
              precision    recall  f1-score   support

           0     0.9284    0.9323    0.9304       473
           1     0.9742    0.9726    0.9734      1241

    accuracy                         0.9615      1714
   macro avg     0.9513    0.9525    0.9519      1714
weighted avg     0.9615    0.9615    0.9615      1714

[2026-05-16 13:08:15] === TEST VIDEO-LEVEL REPORT ===
              precision    recall  f1-score   support

           0     0.9076    0.9310    0.9191       232
           1     0.9740    0.9646    0.9693       621

    accuracy                         0.9555       853
   macro avg     0.9408    0.9478    0.9442       853
weighted avg     0.9559    0.9555    0.9556       853

[2026-05-16 13:08:15] done P31-vm42 val_f1=0.8949 (video=0.9734) test_f1=0.8863 (video=0.9693) test_min_pr=0.9076 threshold=0.525 min_consecutive=4
