WARNING: All log messages before absl::InitializeLog() is called are written to STDERR
I0000 00:00:1778907635.225005  174118 cpu_feature_guard.cc:227] This TensorFlow binary is optimized to use available CPU instructions in performance-critical operations.
To enable the following instructions: AVX2 FMA, in other operations, rebuild TensorFlow with the appropriate compiler flags.
[2026-05-16 14:00:36] loading train split=/home/min/Workspace/Graduate-Project/Falling-Model-Development/dataset/splits_v2_class_balanced_filtered/train.csv
[2026-05-16 14:00:49] train rows=1,211,093 videos=6,039 features=27 data_scope=all
[2026-05-16 14:00:49] loading val split=/home/min/Workspace/Graduate-Project/Falling-Model-Development/dataset/splits_v2_class_balanced_filtered/val.csv
[2026-05-16 14:00:52] val rows=344,292 videos=1,714 features=27 data_scope=all
[2026-05-16 14:00:52] loading test split=/home/min/Workspace/Graduate-Project/Falling-Model-Development/dataset/splits_v2_class_balanced_filtered/test.csv
[2026-05-16 14:00:53] test rows=172,209 videos=853 features=27 data_scope=all
[2026-05-16 14:01:07] train windows=353,150 positive=213,662 videos=6,039
[2026-05-16 14:01:10] val windows=70,274 positive=30,106 videos=1,714
[2026-05-16 14:01:11] test windows=34,973 positive=15,069 videos=853
I0000 00:00:1778907675.069488  174118 gpu_device.cc:2043] Created device /job:localhost/replica:0/task:0/device:GPU:0 with 6623 MB memory:  -> device: 0, name: NVIDIA GeForce RTX 2060 SUPER, pci bus id: 0000:05:00.0, compute capability: 7.5
W0000 00:00:1778907676.066387  174118 cpu_allocator_impl.cc:82] Allocation of 1525608000 exceeds 10% of free system memory.
W0000 00:00:1778907677.380195  174118 cpu_allocator_impl.cc:82] Allocation of 1525608000 exceeds 10% of free system memory.
W0000 00:00:1778907679.284330  174118 cpu_allocator_impl.cc:82] Allocation of 1525608000 exceeds 10% of free system memory.
I0000 00:00:1778907681.892002  174302 cuda_dnn.cc:461] Loaded cuDNN version 92200
[2026-05-16 14:23:31] ValMinPR: restored best weights (val_event_min_pr=0.9218)
W0000 00:00:1778909012.276061  174118 cpu_allocator_impl.cc:82] Allocation of 1525608000 exceeds 10% of free system memory.
W0000 00:00:1778909013.570429  174118 cpu_allocator_impl.cc:82] Allocation of 1525608000 exceeds 10% of free system memory.
[2026-05-16 14:24:46] video-level val: videos=1714 f1=0.9702 fall_recall=0.9702 nfall_recall=0.9218 fall_prec=0.9702 nfall_prec=0.9218 min_pr=0.9218 min_consecutive=5
[2026-05-16 14:24:46] event-level val: videos=1714 f1=0.9702 fall_recall=0.9702 nfall_recall=0.9218 fall_prec=0.9702 nfall_prec=0.9218 min_pr=0.9218 tolerance_windows=2
[2026-05-16 14:24:47] video-level test: videos=853 f1=0.9616 fall_recall=0.9469 nfall_recall=0.9397 fall_prec=0.9767 nfall_prec=0.8685 min_pr=0.8685 min_consecutive=5
[2026-05-16 14:24:47] event-level test: videos=853 f1=0.9607 fall_recall=0.9452 nfall_recall=0.9397 fall_prec=0.9767 nfall_prec=0.8651 min_pr=0.8651 tolerance_windows=2
[2026-05-16 14:24:47] === VAL VIDEO-LEVEL REPORT ===
              precision    recall  f1-score   support

           0     0.9218    0.9218    0.9218       473
           1     0.9702    0.9702    0.9702      1241

    accuracy                         0.9568      1714
   macro avg     0.9460    0.9460    0.9460      1714
weighted avg     0.9568    0.9568    0.9568      1714

[2026-05-16 14:24:47] === TEST VIDEO-LEVEL REPORT ===
              precision    recall  f1-score   support

           0     0.8685    0.9397    0.9027       232
           1     0.9767    0.9469    0.9616       621

    accuracy                         0.9449       853
   macro avg     0.9226    0.9433    0.9321       853
weighted avg     0.9473    0.9449    0.9456       853

[2026-05-16 14:24:47] done P31-ev42 val_f1=0.8996 (video=0.9702) test_f1=0.8958 (video=0.9616) test_min_pr=0.8685 threshold=0.475 min_consecutive=5
