WARNING: All log messages before absl::InitializeLog() is called are written to STDERR
I0000 00:00:1779479228.844609  258460 cpu_feature_guard.cc:227] This TensorFlow binary is optimized to use available CPU instructions in performance-critical operations.
To enable the following instructions: AVX2 FMA, in other operations, rebuild TensorFlow with the appropriate compiler flags.
[2026-05-23 04:47:10] loading train split=/home/min/Workspace/Graduate-Project/Falling-Model-Development/dataset/splits_v2_class_balanced_filtered/train.csv
[2026-05-23 04:47:24] train rows=1,433,347 videos=7,134 features=27 data_scope=all
[2026-05-23 04:47:24] loading val split=/home/min/Workspace/Graduate-Project/Falling-Model-Development/dataset/splits_v2_class_balanced_filtered/val.csv
[2026-05-23 04:47:28] val rows=409,398 videos=2,039 features=27 data_scope=all
[2026-05-23 04:47:28] loading test split=/home/min/Workspace/Graduate-Project/Falling-Model-Development/dataset/splits_v2_class_balanced_filtered/test.csv
[2026-05-23 04:47:30] test rows=204,467 videos=1,019 features=27 data_scope=all
[2026-05-23 04:47:49] train windows=417,954 positive=253,971 videos=7,134
[2026-05-23 04:47:53] val windows=83,599 positive=36,425 videos=2,039
[2026-05-23 04:47:55] test windows=41,779 positive=17,962 videos=1,019
I0000 00:00:1779479281.394698  258460 gpu_device.cc:2043] Created device /job:localhost/replica:0/task:0/device:GPU:0 with 6623 MB memory:  -> device: 0, name: NVIDIA GeForce RTX 2060 SUPER, pci bus id: 0000:05:00.0, compute capability: 7.5
W0000 00:00:1779479282.894560  258460 cpu_allocator_impl.cc:82] Allocation of 1805561280 exceeds 10% of free system memory.
W0000 00:00:1779479284.404907  258460 cpu_allocator_impl.cc:82] Allocation of 1805561280 exceeds 10% of free system memory.
W0000 00:00:1779479286.800178  258460 cpu_allocator_impl.cc:82] Allocation of 1805561280 exceeds 10% of free system memory.
I0000 00:00:1779479289.387562  258669 cuda_dnn.cc:461] Loaded cuDNN version 92200
[2026-05-23 05:02:07] ValMinPR: restored best weights (val_video_min_pr=0.8692)
W0000 00:00:1779480129.113632  258460 cpu_allocator_impl.cc:82] Allocation of 1805561280 exceeds 10% of free system memory.
W0000 00:00:1779480130.614293  258460 cpu_allocator_impl.cc:82] Allocation of 1805561280 exceeds 10% of free system memory.
[2026-05-23 05:02:39] video-level val: videos=2039 f1=0.9525 fall_recall=0.9525 nfall_recall=0.8692 fall_prec=0.9525 nfall_prec=0.8692 min_pr=0.8692 min_consecutive=5
[2026-05-23 05:02:39] event-level val: videos=2039 f1=0.9522 fall_recall=0.9519 nfall_recall=0.8692 fall_prec=0.9525 nfall_prec=0.8676 min_pr=0.8676 tolerance_windows=2
[2026-05-23 05:02:40] video-level test: videos=1019 f1=0.9363 fall_recall=0.9245 nfall_recall=0.8561 fall_prec=0.9484 nfall_prec=0.7986 min_pr=0.7986 min_consecutive=5
[2026-05-23 05:02:40] event-level test: videos=1019 f1=0.9356 fall_recall=0.9232 nfall_recall=0.8561 fall_prec=0.9483 nfall_prec=0.7958 min_pr=0.7958 tolerance_windows=2
[2026-05-23 05:02:40] === VAL VIDEO-LEVEL REPORT ===
              precision    recall  f1-score   support

           0     0.8692    0.8692    0.8692       543
           1     0.9525    0.9525    0.9525      1496

    accuracy                         0.9304      2039
   macro avg     0.9109    0.9109    0.9109      2039
weighted avg     0.9304    0.9304    0.9304      2039

[2026-05-23 05:02:40] === TEST VIDEO-LEVEL REPORT ===
              precision    recall  f1-score   support

           0     0.7986    0.8561    0.8263       264
           1     0.9484    0.9245    0.9363       755

    accuracy                         0.9068      1019
   macro avg     0.8735    0.8903    0.8813      1019
weighted avg     0.9096    0.9068    0.9078      1019

[2026-05-23 05:02:51] tflite export subprocess exit=0
[2026-05-23 05:02:51]   [tflite] [A-kp7-w40-s2]
[2026-05-23 05:02:51]   [tflite]   Loading model.keras ...
[2026-05-23 05:02:51]   [tflite]     rebuilding with unroll=True for TFLite compatibility
[2026-05-23 05:02:51]   [tflite] Saved artifact at '/tmp/tmphuravopl'. The following endpoints are available:
[2026-05-23 05:02:51]   [tflite] 
[2026-05-23 05:02:51]   [tflite] * Endpoint 'serve'
[2026-05-23 05:02:51]   [tflite]   args_0 (POSITIONAL_ONLY): TensorSpec(shape=(None, 40, 27), dtype=tf.float32, name='pose_sequence')
[2026-05-23 05:02:51]   [tflite] Output Type:
[2026-05-23 05:02:51]   [tflite]   TensorSpec(shape=(None, 2), dtype=tf.float32, name=None)
[2026-05-23 05:02:51]   [tflite] Captures:
[2026-05-23 05:02:51]   [tflite]   129853067712208: TensorSpec(shape=(), dtype=tf.resource, name=None)
[2026-05-23 05:02:51]   [tflite]   129853067712976: TensorSpec(shape=(), dtype=tf.resource, name=None)
[2026-05-23 05:02:51]   [tflite]   129853067712784: TensorSpec(shape=(), dtype=tf.resource, name=None)
[2026-05-23 05:02:51]   [tflite]   129853067713168: TensorSpec(shape=(), dtype=tf.resource, name=None)
[2026-05-23 05:02:51]   [tflite]   129853067711248: TensorSpec(shape=(), dtype=tf.resource, name=None)
[2026-05-23 05:02:51]   [tflite]   129853067713360: TensorSpec(shape=(), dtype=tf.resource, name=None)
[2026-05-23 05:02:51]   [tflite]   129853067713744: TensorSpec(shape=(), dtype=tf.resource, name=None)
[2026-05-23 05:02:51]   [tflite]   129853067713552: TensorSpec(shape=(), dtype=tf.resource, name=None)
[2026-05-23 05:02:51]   [tflite]   129853067712400: TensorSpec(shape=(), dtype=tf.resource, name=None)
[2026-05-23 05:02:51]   [tflite]   129853067713936: TensorSpec(shape=(), dtype=tf.resource, name=None)
[2026-05-23 05:02:51]   [tflite]   129853067714704: TensorSpec(shape=(), dtype=tf.resource, name=None)
[2026-05-23 05:02:51]   [tflite]   129853067716048: TensorSpec(shape=(), dtype=tf.resource, name=None)
[2026-05-23 05:02:51]   [tflite]   129853067715088: TensorSpec(shape=(), dtype=tf.resource, name=None)
[2026-05-23 05:02:51]   [tflite]   129853067715472: TensorSpec(shape=(), dtype=tf.resource, name=None)
[2026-05-23 05:02:51]   [tflite]   129853067714896: TensorSpec(shape=(), dtype=tf.resource, name=None)
[2026-05-23 05:02:51]   [tflite]   129853067716432: TensorSpec(shape=(), dtype=tf.resource, name=None)
[2026-05-23 05:02:51]   [tflite]   129853067716240: TensorSpec(shape=(), dtype=tf.resource, name=None)
[2026-05-23 05:02:51]   [tflite]   129853067717200: TensorSpec(shape=(), dtype=tf.resource, name=None)
[2026-05-23 05:02:51]   [tflite]   129853067714128: TensorSpec(shape=(), dtype=tf.resource, name=None)
[2026-05-23 05:02:51]   [tflite]   129853067716624: TensorSpec(shape=(), dtype=tf.resource, name=None)
[2026-05-23 05:02:51]   [tflite]   129853067717584: TensorSpec(shape=(), dtype=tf.resource, name=None)
[2026-05-23 05:02:51]   [tflite]   129853067717776: TensorSpec(shape=(), dtype=tf.resource, name=None)
[2026-05-23 05:02:51]   [tflite]   129853067715856: TensorSpec(shape=(), dtype=tf.resource, name=None)
[2026-05-23 05:02:51]   [tflite]   129853067718352: TensorSpec(shape=(), dtype=tf.resource, name=None)
[2026-05-23 05:02:51]   [tflite]     fp32 OK (816 KB)
[2026-05-23 05:02:51]   [tflite] Saved artifact at '/tmp/tmpp7d8aykp'. The following endpoints are available:
[2026-05-23 05:02:51]   [tflite] 
[2026-05-23 05:02:51]   [tflite] * Endpoint 'serve'
[2026-05-23 05:02:51]   [tflite]   args_0 (POSITIONAL_ONLY): TensorSpec(shape=(None, 40, 27), dtype=tf.float32, name='pose_sequence')
[2026-05-23 05:02:51]   [tflite] Output Type:
[2026-05-23 05:02:51]   [tflite]   TensorSpec(shape=(None, 2), dtype=tf.float32, name=None)
[2026-05-23 05:02:51]   [tflite] Captures:
[2026-05-23 05:02:51]   [tflite]   129853067712208: TensorSpec(shape=(), dtype=tf.resource, name=None)
[2026-05-23 05:02:51]   [tflite]   129853067712976: TensorSpec(shape=(), dtype=tf.resource, name=None)
[2026-05-23 05:02:51]   [tflite]   129853067712784: TensorSpec(shape=(), dtype=tf.resource, name=None)
[2026-05-23 05:02:51]   [tflite]   129853067713168: TensorSpec(shape=(), dtype=tf.resource, name=None)
[2026-05-23 05:02:51]   [tflite]   129853067711248: TensorSpec(shape=(), dtype=tf.resource, name=None)
[2026-05-23 05:02:51]   [tflite]   129853067713360: TensorSpec(shape=(), dtype=tf.resource, name=None)
[2026-05-23 05:02:51]   [tflite]   129853067713744: TensorSpec(shape=(), dtype=tf.resource, name=None)
[2026-05-23 05:02:51]   [tflite]   129853067713552: TensorSpec(shape=(), dtype=tf.resource, name=None)
[2026-05-23 05:02:51]   [tflite]   129853067712400: TensorSpec(shape=(), dtype=tf.resource, name=None)
[2026-05-23 05:02:51]   [tflite]   129853067713936: TensorSpec(shape=(), dtype=tf.resource, name=None)
[2026-05-23 05:02:51]   [tflite]   129853067714704: TensorSpec(shape=(), dtype=tf.resource, name=None)
[2026-05-23 05:02:51]   [tflite]   129853067716048: TensorSpec(shape=(), dtype=tf.resource, name=None)
[2026-05-23 05:02:51]   [tflite]   129853067715088: TensorSpec(shape=(), dtype=tf.resource, name=None)
[2026-05-23 05:02:51]   [tflite]   129853067715472: TensorSpec(shape=(), dtype=tf.resource, name=None)
[2026-05-23 05:02:51]   [tflite]   129853067714896: TensorSpec(shape=(), dtype=tf.resource, name=None)
[2026-05-23 05:02:51]   [tflite]   129853067716432: TensorSpec(shape=(), dtype=tf.resource, name=None)
[2026-05-23 05:02:51]   [tflite]   129853067716240: TensorSpec(shape=(), dtype=tf.resource, name=None)
[2026-05-23 05:02:51]   [tflite]   129853067717200: TensorSpec(shape=(), dtype=tf.resource, name=None)
[2026-05-23 05:02:51]   [tflite]   129853067714128: TensorSpec(shape=(), dtype=tf.resource, name=None)
[2026-05-23 05:02:51]   [tflite]   129853067716624: TensorSpec(shape=(), dtype=tf.resource, name=None)
[2026-05-23 05:02:51]   [tflite]   129853067717584: TensorSpec(shape=(), dtype=tf.resource, name=None)
[2026-05-23 05:02:51]   [tflite]   129853067717776: TensorSpec(shape=(), dtype=tf.resource, name=None)
[2026-05-23 05:02:51]   [tflite]   129853067715856: TensorSpec(shape=(), dtype=tf.resource, name=None)
[2026-05-23 05:02:51]   [tflite]   129853067718352: TensorSpec(shape=(), dtype=tf.resource, name=None)
[2026-05-23 05:02:51]   [tflite]     int8 OK (1257 KB)
[2026-05-23 05:02:51]   [tflite] 
[2026-05-23 05:02:51]   [tflite] Done.
/home/min/Workspace/Graduate-Project/Falling-Model-Development/.venv/lib/python3.13/site-packages/tensorflow/lite/python/interpreter.py:457: UserWarning:     Warning: tf.lite.Interpreter is deprecated and is scheduled for deletion in
    TF 2.20. Please use the LiteRT interpreter from the ai_edge_litert package.
    See the [migration guide](https://ai.google.dev/edge/litert/migration)
    for details.
    
  warnings.warn(_INTERPRETER_DELETION_WARNING)
INFO: Created TensorFlow Lite XNNPACK delegate for CPU.
[2026-05-23 05:02:52] done A-kp7-w40-s2 val_f1=0.8784 (video=0.9525) test_f1=0.8694 (video=0.9363) test_min_pr=0.7986 threshold=0.500 min_consecutive=5
