WARNING: All log messages before absl::InitializeLog() is called are written to STDERR
I0000 00:00:1779477757.112543  250383 cpu_feature_guard.cc:227] This TensorFlow binary is optimized to use available CPU instructions in performance-critical operations.
To enable the following instructions: AVX2 FMA, in other operations, rebuild TensorFlow with the appropriate compiler flags.
[2026-05-23 04:22:38] loading train split=/home/min/Workspace/Graduate-Project/Falling-Model-Development/dataset/splits_v2_class_balanced_filtered/train.csv
[2026-05-23 04:22:53] train rows=1,433,347 videos=7,134 features=27 data_scope=all
[2026-05-23 04:22:53] loading val split=/home/min/Workspace/Graduate-Project/Falling-Model-Development/dataset/splits_v2_class_balanced_filtered/val.csv
[2026-05-23 04:22:57] val rows=409,398 videos=2,039 features=27 data_scope=all
[2026-05-23 04:22:57] loading test split=/home/min/Workspace/Graduate-Project/Falling-Model-Development/dataset/splits_v2_class_balanced_filtered/test.csv
[2026-05-23 04:22:59] test rows=204,467 videos=1,019 features=27 data_scope=all
[2026-05-23 04:23:17] train windows=417,954 positive=253,971 videos=7,134
[2026-05-23 04:23:21] val windows=83,599 positive=36,425 videos=2,039
[2026-05-23 04:23:23] test windows=41,779 positive=17,962 videos=1,019
I0000 00:00:1779477809.488292  250383 gpu_device.cc:2043] Created device /job:localhost/replica:0/task:0/device:GPU:0 with 6623 MB memory:  -> device: 0, name: NVIDIA GeForce RTX 2060 SUPER, pci bus id: 0000:05:00.0, compute capability: 7.5
W0000 00:00:1779477811.034731  250383 cpu_allocator_impl.cc:82] Allocation of 1805561280 exceeds 10% of free system memory.
W0000 00:00:1779477812.539569  250383 cpu_allocator_impl.cc:82] Allocation of 1805561280 exceeds 10% of free system memory.
W0000 00:00:1779477814.913217  250383 cpu_allocator_impl.cc:82] Allocation of 1805561280 exceeds 10% of free system memory.
I0000 00:00:1779477817.507605  250599 cuda_dnn.cc:461] Loaded cuDNN version 92200
[2026-05-23 04:29:14] ValMinPR: restored best weights (val_video_min_pr=0.8582)
W0000 00:00:1779478155.401128  250383 cpu_allocator_impl.cc:82] Allocation of 1805561280 exceeds 10% of free system memory.
W0000 00:00:1779478156.953398  250383 cpu_allocator_impl.cc:82] Allocation of 1805561280 exceeds 10% of free system memory.
[2026-05-23 04:29:44] video-level val: videos=2039 f1=0.9489 fall_recall=0.9492 nfall_recall=0.8582 fall_prec=0.9486 nfall_prec=0.8598 min_pr=0.8582 min_consecutive=5
[2026-05-23 04:29:45] event-level val: videos=2039 f1=0.9485 fall_recall=0.9485 nfall_recall=0.8582 fall_prec=0.9485 nfall_prec=0.8582 min_pr=0.8582 tolerance_windows=2
[2026-05-23 04:29:46] video-level test: videos=1019 f1=0.9327 fall_recall=0.9179 nfall_recall=0.8561 fall_prec=0.9480 nfall_prec=0.7847 min_pr=0.7847 min_consecutive=5
[2026-05-23 04:29:46] event-level test: videos=1019 f1=0.9327 fall_recall=0.9179 nfall_recall=0.8561 fall_prec=0.9480 nfall_prec=0.7847 min_pr=0.7847 tolerance_windows=2
[2026-05-23 04:29:46] === VAL VIDEO-LEVEL REPORT ===
              precision    recall  f1-score   support

           0     0.8598    0.8582    0.8590       543
           1     0.9486    0.9492    0.9489      1496

    accuracy                         0.9250      2039
   macro avg     0.9042    0.9037    0.9039      2039
weighted avg     0.9249    0.9250    0.9249      2039

[2026-05-23 04:29:46] === TEST VIDEO-LEVEL REPORT ===
              precision    recall  f1-score   support

           0     0.7847    0.8561    0.8188       264
           1     0.9480    0.9179    0.9327       755

    accuracy                         0.9019      1019
   macro avg     0.8664    0.8870    0.8758      1019
weighted avg     0.9057    0.9019    0.9032      1019

[2026-05-23 04:29:56] tflite export subprocess exit=0
[2026-05-23 04:29:56]   [tflite] [A-kp7-w40-s42]
[2026-05-23 04:29:56]   [tflite]   Loading model.keras ...
[2026-05-23 04:29:56]   [tflite]     rebuilding with unroll=True for TFLite compatibility
[2026-05-23 04:29:56]   [tflite] Saved artifact at '/tmp/tmplxf2q4nc'. The following endpoints are available:
[2026-05-23 04:29:56]   [tflite] 
[2026-05-23 04:29:56]   [tflite] * Endpoint 'serve'
[2026-05-23 04:29:56]   [tflite]   args_0 (POSITIONAL_ONLY): TensorSpec(shape=(None, 40, 27), dtype=tf.float32, name='pose_sequence')
[2026-05-23 04:29:56]   [tflite] Output Type:
[2026-05-23 04:29:56]   [tflite]   TensorSpec(shape=(None, 2), dtype=tf.float32, name=None)
[2026-05-23 04:29:56]   [tflite] Captures:
[2026-05-23 04:29:56]   [tflite]   124215151236816: TensorSpec(shape=(), dtype=tf.resource, name=None)
[2026-05-23 04:29:56]   [tflite]   124215151237584: TensorSpec(shape=(), dtype=tf.resource, name=None)
[2026-05-23 04:29:56]   [tflite]   124215151237392: TensorSpec(shape=(), dtype=tf.resource, name=None)
[2026-05-23 04:29:56]   [tflite]   124215151237776: TensorSpec(shape=(), dtype=tf.resource, name=None)
[2026-05-23 04:29:56]   [tflite]   124215151235856: TensorSpec(shape=(), dtype=tf.resource, name=None)
[2026-05-23 04:29:56]   [tflite]   124215151237968: TensorSpec(shape=(), dtype=tf.resource, name=None)
[2026-05-23 04:29:56]   [tflite]   124215151238352: TensorSpec(shape=(), dtype=tf.resource, name=None)
[2026-05-23 04:29:56]   [tflite]   124215151238160: TensorSpec(shape=(), dtype=tf.resource, name=None)
[2026-05-23 04:29:56]   [tflite]   124215151237008: TensorSpec(shape=(), dtype=tf.resource, name=None)
[2026-05-23 04:29:56]   [tflite]   124215151238544: TensorSpec(shape=(), dtype=tf.resource, name=None)
[2026-05-23 04:29:56]   [tflite]   124215151239312: TensorSpec(shape=(), dtype=tf.resource, name=None)
[2026-05-23 04:29:56]   [tflite]   124215151240656: TensorSpec(shape=(), dtype=tf.resource, name=None)
[2026-05-23 04:29:56]   [tflite]   124215151239696: TensorSpec(shape=(), dtype=tf.resource, name=None)
[2026-05-23 04:29:56]   [tflite]   124215151240080: TensorSpec(shape=(), dtype=tf.resource, name=None)
[2026-05-23 04:29:56]   [tflite]   124215151239504: TensorSpec(shape=(), dtype=tf.resource, name=None)
[2026-05-23 04:29:56]   [tflite]   124215151241040: TensorSpec(shape=(), dtype=tf.resource, name=None)
[2026-05-23 04:29:56]   [tflite]   124215151240848: TensorSpec(shape=(), dtype=tf.resource, name=None)
[2026-05-23 04:29:56]   [tflite]   124215151241808: TensorSpec(shape=(), dtype=tf.resource, name=None)
[2026-05-23 04:29:56]   [tflite]   124215151238736: TensorSpec(shape=(), dtype=tf.resource, name=None)
[2026-05-23 04:29:56]   [tflite]   124215151241232: TensorSpec(shape=(), dtype=tf.resource, name=None)
[2026-05-23 04:29:56]   [tflite]   124215151242192: TensorSpec(shape=(), dtype=tf.resource, name=None)
[2026-05-23 04:29:56]   [tflite]   124215151242384: TensorSpec(shape=(), dtype=tf.resource, name=None)
[2026-05-23 04:29:56]   [tflite]   124215151240464: TensorSpec(shape=(), dtype=tf.resource, name=None)
[2026-05-23 04:29:56]   [tflite]   124215151242960: TensorSpec(shape=(), dtype=tf.resource, name=None)
[2026-05-23 04:29:56]   [tflite]     fp32 OK (818 KB)
[2026-05-23 04:29:56]   [tflite] Saved artifact at '/tmp/tmp8cszi0h8'. The following endpoints are available:
[2026-05-23 04:29:56]   [tflite] 
[2026-05-23 04:29:56]   [tflite] * Endpoint 'serve'
[2026-05-23 04:29:56]   [tflite]   args_0 (POSITIONAL_ONLY): TensorSpec(shape=(None, 40, 27), dtype=tf.float32, name='pose_sequence')
[2026-05-23 04:29:56]   [tflite] Output Type:
[2026-05-23 04:29:56]   [tflite]   TensorSpec(shape=(None, 2), dtype=tf.float32, name=None)
[2026-05-23 04:29:56]   [tflite] Captures:
[2026-05-23 04:29:56]   [tflite]   124215151236816: TensorSpec(shape=(), dtype=tf.resource, name=None)
[2026-05-23 04:29:56]   [tflite]   124215151237584: TensorSpec(shape=(), dtype=tf.resource, name=None)
[2026-05-23 04:29:56]   [tflite]   124215151237392: TensorSpec(shape=(), dtype=tf.resource, name=None)
[2026-05-23 04:29:56]   [tflite]   124215151237776: TensorSpec(shape=(), dtype=tf.resource, name=None)
[2026-05-23 04:29:56]   [tflite]   124215151235856: TensorSpec(shape=(), dtype=tf.resource, name=None)
[2026-05-23 04:29:56]   [tflite]   124215151237968: TensorSpec(shape=(), dtype=tf.resource, name=None)
[2026-05-23 04:29:56]   [tflite]   124215151238352: TensorSpec(shape=(), dtype=tf.resource, name=None)
[2026-05-23 04:29:56]   [tflite]   124215151238160: TensorSpec(shape=(), dtype=tf.resource, name=None)
[2026-05-23 04:29:56]   [tflite]   124215151237008: TensorSpec(shape=(), dtype=tf.resource, name=None)
[2026-05-23 04:29:56]   [tflite]   124215151238544: TensorSpec(shape=(), dtype=tf.resource, name=None)
[2026-05-23 04:29:56]   [tflite]   124215151239312: TensorSpec(shape=(), dtype=tf.resource, name=None)
[2026-05-23 04:29:56]   [tflite]   124215151240656: TensorSpec(shape=(), dtype=tf.resource, name=None)
[2026-05-23 04:29:56]   [tflite]   124215151239696: TensorSpec(shape=(), dtype=tf.resource, name=None)
[2026-05-23 04:29:56]   [tflite]   124215151240080: TensorSpec(shape=(), dtype=tf.resource, name=None)
[2026-05-23 04:29:56]   [tflite]   124215151239504: TensorSpec(shape=(), dtype=tf.resource, name=None)
[2026-05-23 04:29:56]   [tflite]   124215151241040: TensorSpec(shape=(), dtype=tf.resource, name=None)
[2026-05-23 04:29:56]   [tflite]   124215151240848: TensorSpec(shape=(), dtype=tf.resource, name=None)
[2026-05-23 04:29:56]   [tflite]   124215151241808: TensorSpec(shape=(), dtype=tf.resource, name=None)
[2026-05-23 04:29:56]   [tflite]   124215151238736: TensorSpec(shape=(), dtype=tf.resource, name=None)
[2026-05-23 04:29:56]   [tflite]   124215151241232: TensorSpec(shape=(), dtype=tf.resource, name=None)
[2026-05-23 04:29:56]   [tflite]   124215151242192: TensorSpec(shape=(), dtype=tf.resource, name=None)
[2026-05-23 04:29:56]   [tflite]   124215151242384: TensorSpec(shape=(), dtype=tf.resource, name=None)
[2026-05-23 04:29:56]   [tflite]   124215151240464: TensorSpec(shape=(), dtype=tf.resource, name=None)
[2026-05-23 04:29:56]   [tflite]   124215151242960: TensorSpec(shape=(), dtype=tf.resource, name=None)
[2026-05-23 04:29:56]   [tflite]     int8 OK (1269 KB)
[2026-05-23 04:29:56]   [tflite] 
[2026-05-23 04:29:56]   [tflite] Done.
/home/min/Workspace/Graduate-Project/Falling-Model-Development/.venv/lib/python3.13/site-packages/tensorflow/lite/python/interpreter.py:457: UserWarning:     Warning: tf.lite.Interpreter is deprecated and is scheduled for deletion in
    TF 2.20. Please use the LiteRT interpreter from the ai_edge_litert package.
    See the [migration guide](https://ai.google.dev/edge/litert/migration)
    for details.
    
  warnings.warn(_INTERPRETER_DELETION_WARNING)
INFO: Created TensorFlow Lite XNNPACK delegate for CPU.
[2026-05-23 04:29:58] done A-kp7-w40-s42 val_f1=0.8694 (video=0.9489) test_f1=0.8624 (video=0.9327) test_min_pr=0.7847 threshold=0.450 min_consecutive=5
