WARNING: All log messages before absl::InitializeLog() is called are written to STDERR
I0000 00:00:1779478813.632270  256180 cpu_feature_guard.cc:227] This TensorFlow binary is optimized to use available CPU instructions in performance-critical operations.
To enable the following instructions: AVX2 FMA, in other operations, rebuild TensorFlow with the appropriate compiler flags.
[2026-05-23 04:40:15] loading train split=/home/min/Workspace/Graduate-Project/Falling-Model-Development/dataset/splits_v2_class_balanced_filtered/train.csv
[2026-05-23 04:40:29] train rows=1,433,347 videos=7,134 features=27 data_scope=all
[2026-05-23 04:40:29] loading val split=/home/min/Workspace/Graduate-Project/Falling-Model-Development/dataset/splits_v2_class_balanced_filtered/val.csv
[2026-05-23 04:40:33] val rows=409,398 videos=2,039 features=27 data_scope=all
[2026-05-23 04:40:33] loading test split=/home/min/Workspace/Graduate-Project/Falling-Model-Development/dataset/splits_v2_class_balanced_filtered/test.csv
[2026-05-23 04:40:35] test rows=204,467 videos=1,019 features=27 data_scope=all
[2026-05-23 04:40:54] train windows=417,954 positive=253,971 videos=7,134
[2026-05-23 04:40:58] val windows=83,599 positive=36,425 videos=2,039
[2026-05-23 04:41:00] test windows=41,779 positive=17,962 videos=1,019
I0000 00:00:1779478866.477764  256180 gpu_device.cc:2043] Created device /job:localhost/replica:0/task:0/device:GPU:0 with 6623 MB memory:  -> device: 0, name: NVIDIA GeForce RTX 2060 SUPER, pci bus id: 0000:05:00.0, compute capability: 7.5
W0000 00:00:1779478868.029665  256180 cpu_allocator_impl.cc:82] Allocation of 1805561280 exceeds 10% of free system memory.
W0000 00:00:1779478869.579612  256180 cpu_allocator_impl.cc:82] Allocation of 1805561280 exceeds 10% of free system memory.
W0000 00:00:1779478871.981880  256180 cpu_allocator_impl.cc:82] Allocation of 1805561280 exceeds 10% of free system memory.
I0000 00:00:1779478874.608703  256314 cuda_dnn.cc:461] Loaded cuDNN version 92200
[2026-05-23 04:46:22] ValMinPR: restored best weights (val_video_min_pr=0.8553)
W0000 00:00:1779479183.920524  256180 cpu_allocator_impl.cc:82] Allocation of 1805561280 exceeds 10% of free system memory.
W0000 00:00:1779479185.384265  256180 cpu_allocator_impl.cc:82] Allocation of 1805561280 exceeds 10% of free system memory.
[2026-05-23 04:46:53] video-level val: videos=2039 f1=0.9481 fall_recall=0.9472 nfall_recall=0.8600 fall_prec=0.9491 nfall_prec=0.8553 min_pr=0.8553 min_consecutive=5
[2026-05-23 04:46:54] event-level val: videos=2039 f1=0.9464 fall_recall=0.9439 nfall_recall=0.8600 fall_prec=0.9489 nfall_prec=0.8475 min_pr=0.8475 tolerance_windows=2
[2026-05-23 04:46:54] video-level test: videos=1019 f1=0.9305 fall_recall=0.9219 nfall_recall=0.8295 fall_prec=0.9393 nfall_prec=0.7878 min_pr=0.7878 min_consecutive=5
[2026-05-23 04:46:54] event-level test: videos=1019 f1=0.9305 fall_recall=0.9219 nfall_recall=0.8295 fall_prec=0.9393 nfall_prec=0.7878 min_pr=0.7878 tolerance_windows=2
[2026-05-23 04:46:55] === VAL VIDEO-LEVEL REPORT ===
              precision    recall  f1-score   support

           0     0.8553    0.8600    0.8577       543
           1     0.9491    0.9472    0.9481      1496

    accuracy                         0.9240      2039
   macro avg     0.9022    0.9036    0.9029      2039
weighted avg     0.9241    0.9240    0.9240      2039

[2026-05-23 04:46:55] === TEST VIDEO-LEVEL REPORT ===
              precision    recall  f1-score   support

           0     0.7878    0.8295    0.8081       264
           1     0.9393    0.9219    0.9305       755

    accuracy                         0.8979      1019
   macro avg     0.8635    0.8757    0.8693      1019
weighted avg     0.9000    0.8979    0.8988      1019

[2026-05-23 04:47:05] tflite export subprocess exit=0
[2026-05-23 04:47:05]   [tflite] [A-kp7-w40-s1]
[2026-05-23 04:47:05]   [tflite]   Loading model.keras ...
[2026-05-23 04:47:05]   [tflite]     rebuilding with unroll=True for TFLite compatibility
[2026-05-23 04:47:05]   [tflite] Saved artifact at '/tmp/tmp_nr9ad46'. The following endpoints are available:
[2026-05-23 04:47:05]   [tflite] 
[2026-05-23 04:47:05]   [tflite] * Endpoint 'serve'
[2026-05-23 04:47:05]   [tflite]   args_0 (POSITIONAL_ONLY): TensorSpec(shape=(None, 40, 27), dtype=tf.float32, name='pose_sequence')
[2026-05-23 04:47:05]   [tflite] Output Type:
[2026-05-23 04:47:05]   [tflite]   TensorSpec(shape=(None, 2), dtype=tf.float32, name=None)
[2026-05-23 04:47:05]   [tflite] Captures:
[2026-05-23 04:47:05]   [tflite]   132779149956816: TensorSpec(shape=(), dtype=tf.resource, name=None)
[2026-05-23 04:47:05]   [tflite]   132779149957584: TensorSpec(shape=(), dtype=tf.resource, name=None)
[2026-05-23 04:47:05]   [tflite]   132779149957392: TensorSpec(shape=(), dtype=tf.resource, name=None)
[2026-05-23 04:47:05]   [tflite]   132779149957776: TensorSpec(shape=(), dtype=tf.resource, name=None)
[2026-05-23 04:47:05]   [tflite]   132779149955856: TensorSpec(shape=(), dtype=tf.resource, name=None)
[2026-05-23 04:47:05]   [tflite]   132779149957968: TensorSpec(shape=(), dtype=tf.resource, name=None)
[2026-05-23 04:47:05]   [tflite]   132779149958352: TensorSpec(shape=(), dtype=tf.resource, name=None)
[2026-05-23 04:47:05]   [tflite]   132779149958160: TensorSpec(shape=(), dtype=tf.resource, name=None)
[2026-05-23 04:47:05]   [tflite]   132779149957008: TensorSpec(shape=(), dtype=tf.resource, name=None)
[2026-05-23 04:47:05]   [tflite]   132779149958544: TensorSpec(shape=(), dtype=tf.resource, name=None)
[2026-05-23 04:47:05]   [tflite]   132779149959312: TensorSpec(shape=(), dtype=tf.resource, name=None)
[2026-05-23 04:47:05]   [tflite]   132779149960656: TensorSpec(shape=(), dtype=tf.resource, name=None)
[2026-05-23 04:47:05]   [tflite]   132779149959696: TensorSpec(shape=(), dtype=tf.resource, name=None)
[2026-05-23 04:47:05]   [tflite]   132779149960080: TensorSpec(shape=(), dtype=tf.resource, name=None)
[2026-05-23 04:47:05]   [tflite]   132779149959504: TensorSpec(shape=(), dtype=tf.resource, name=None)
[2026-05-23 04:47:05]   [tflite]   132779149961040: TensorSpec(shape=(), dtype=tf.resource, name=None)
[2026-05-23 04:47:05]   [tflite]   132779149960848: TensorSpec(shape=(), dtype=tf.resource, name=None)
[2026-05-23 04:47:05]   [tflite]   132779149961808: TensorSpec(shape=(), dtype=tf.resource, name=None)
[2026-05-23 04:47:05]   [tflite]   132779149958736: TensorSpec(shape=(), dtype=tf.resource, name=None)
[2026-05-23 04:47:05]   [tflite]   132779149961232: TensorSpec(shape=(), dtype=tf.resource, name=None)
[2026-05-23 04:47:05]   [tflite]   132779149962192: TensorSpec(shape=(), dtype=tf.resource, name=None)
[2026-05-23 04:47:05]   [tflite]   132779149962384: TensorSpec(shape=(), dtype=tf.resource, name=None)
[2026-05-23 04:47:05]   [tflite]   132779149960464: TensorSpec(shape=(), dtype=tf.resource, name=None)
[2026-05-23 04:47:05]   [tflite]   132779149962960: TensorSpec(shape=(), dtype=tf.resource, name=None)
[2026-05-23 04:47:05]   [tflite]     fp32 OK (816 KB)
[2026-05-23 04:47:05]   [tflite] Saved artifact at '/tmp/tmpepin8eht'. The following endpoints are available:
[2026-05-23 04:47:05]   [tflite] 
[2026-05-23 04:47:05]   [tflite] * Endpoint 'serve'
[2026-05-23 04:47:05]   [tflite]   args_0 (POSITIONAL_ONLY): TensorSpec(shape=(None, 40, 27), dtype=tf.float32, name='pose_sequence')
[2026-05-23 04:47:05]   [tflite] Output Type:
[2026-05-23 04:47:05]   [tflite]   TensorSpec(shape=(None, 2), dtype=tf.float32, name=None)
[2026-05-23 04:47:05]   [tflite] Captures:
[2026-05-23 04:47:05]   [tflite]   132779149956816: TensorSpec(shape=(), dtype=tf.resource, name=None)
[2026-05-23 04:47:05]   [tflite]   132779149957584: TensorSpec(shape=(), dtype=tf.resource, name=None)
[2026-05-23 04:47:05]   [tflite]   132779149957392: TensorSpec(shape=(), dtype=tf.resource, name=None)
[2026-05-23 04:47:05]   [tflite]   132779149957776: TensorSpec(shape=(), dtype=tf.resource, name=None)
[2026-05-23 04:47:05]   [tflite]   132779149955856: TensorSpec(shape=(), dtype=tf.resource, name=None)
[2026-05-23 04:47:05]   [tflite]   132779149957968: TensorSpec(shape=(), dtype=tf.resource, name=None)
[2026-05-23 04:47:05]   [tflite]   132779149958352: TensorSpec(shape=(), dtype=tf.resource, name=None)
[2026-05-23 04:47:05]   [tflite]   132779149958160: TensorSpec(shape=(), dtype=tf.resource, name=None)
[2026-05-23 04:47:05]   [tflite]   132779149957008: TensorSpec(shape=(), dtype=tf.resource, name=None)
[2026-05-23 04:47:05]   [tflite]   132779149958544: TensorSpec(shape=(), dtype=tf.resource, name=None)
[2026-05-23 04:47:05]   [tflite]   132779149959312: TensorSpec(shape=(), dtype=tf.resource, name=None)
[2026-05-23 04:47:05]   [tflite]   132779149960656: TensorSpec(shape=(), dtype=tf.resource, name=None)
[2026-05-23 04:47:05]   [tflite]   132779149959696: TensorSpec(shape=(), dtype=tf.resource, name=None)
[2026-05-23 04:47:05]   [tflite]   132779149960080: TensorSpec(shape=(), dtype=tf.resource, name=None)
[2026-05-23 04:47:05]   [tflite]   132779149959504: TensorSpec(shape=(), dtype=tf.resource, name=None)
[2026-05-23 04:47:05]   [tflite]   132779149961040: TensorSpec(shape=(), dtype=tf.resource, name=None)
[2026-05-23 04:47:05]   [tflite]   132779149960848: TensorSpec(shape=(), dtype=tf.resource, name=None)
[2026-05-23 04:47:05]   [tflite]   132779149961808: TensorSpec(shape=(), dtype=tf.resource, name=None)
[2026-05-23 04:47:05]   [tflite]   132779149958736: TensorSpec(shape=(), dtype=tf.resource, name=None)
[2026-05-23 04:47:05]   [tflite]   132779149961232: TensorSpec(shape=(), dtype=tf.resource, name=None)
[2026-05-23 04:47:05]   [tflite]   132779149962192: TensorSpec(shape=(), dtype=tf.resource, name=None)
[2026-05-23 04:47:05]   [tflite]   132779149962384: TensorSpec(shape=(), dtype=tf.resource, name=None)
[2026-05-23 04:47:05]   [tflite]   132779149960464: TensorSpec(shape=(), dtype=tf.resource, name=None)
[2026-05-23 04:47:05]   [tflite]   132779149962960: TensorSpec(shape=(), dtype=tf.resource, name=None)
[2026-05-23 04:47:05]   [tflite]     int8 OK (1263 KB)
[2026-05-23 04:47:05]   [tflite] 
[2026-05-23 04:47:05]   [tflite] Done.
/home/min/Workspace/Graduate-Project/Falling-Model-Development/.venv/lib/python3.13/site-packages/tensorflow/lite/python/interpreter.py:457: UserWarning:     Warning: tf.lite.Interpreter is deprecated and is scheduled for deletion in
    TF 2.20. Please use the LiteRT interpreter from the ai_edge_litert package.
    See the [migration guide](https://ai.google.dev/edge/litert/migration)
    for details.
    
  warnings.warn(_INTERPRETER_DELETION_WARNING)
INFO: Created TensorFlow Lite XNNPACK delegate for CPU.
[2026-05-23 04:47:07] done A-kp7-w40-s1 val_f1=0.8637 (video=0.9481) test_f1=0.8558 (video=0.9305) test_min_pr=0.7878 threshold=0.500 min_consecutive=5
