WARNING: All log messages before absl::InitializeLog() is called are written to STDERR
I0000 00:00:1779478200.283320  252866 cpu_feature_guard.cc:227] This TensorFlow binary is optimized to use available CPU instructions in performance-critical operations.
To enable the following instructions: AVX2 FMA, in other operations, rebuild TensorFlow with the appropriate compiler flags.
[2026-05-23 04:30:01] loading train split=/home/min/Workspace/Graduate-Project/Falling-Model-Development/dataset/splits_v2_class_balanced_filtered/train.csv
[2026-05-23 04:30:16] train rows=1,433,347 videos=7,134 features=27 data_scope=all
[2026-05-23 04:30:16] loading val split=/home/min/Workspace/Graduate-Project/Falling-Model-Development/dataset/splits_v2_class_balanced_filtered/val.csv
[2026-05-23 04:30:20] val rows=409,398 videos=2,039 features=27 data_scope=all
[2026-05-23 04:30:20] loading test split=/home/min/Workspace/Graduate-Project/Falling-Model-Development/dataset/splits_v2_class_balanced_filtered/test.csv
[2026-05-23 04:30:22] test rows=204,467 videos=1,019 features=27 data_scope=all
[2026-05-23 04:30:41] train windows=417,954 positive=253,971 videos=7,134
[2026-05-23 04:30:44] val windows=83,599 positive=36,425 videos=2,039
[2026-05-23 04:30:46] test windows=41,779 positive=17,962 videos=1,019
I0000 00:00:1779478252.576052  252866 gpu_device.cc:2043] Created device /job:localhost/replica:0/task:0/device:GPU:0 with 6623 MB memory:  -> device: 0, name: NVIDIA GeForce RTX 2060 SUPER, pci bus id: 0000:05:00.0, compute capability: 7.5
W0000 00:00:1779478254.081451  252866 cpu_allocator_impl.cc:82] Allocation of 1805561280 exceeds 10% of free system memory.
W0000 00:00:1779478255.626581  252866 cpu_allocator_impl.cc:82] Allocation of 1805561280 exceeds 10% of free system memory.
W0000 00:00:1779478258.032557  252866 cpu_allocator_impl.cc:82] Allocation of 1805561280 exceeds 10% of free system memory.
I0000 00:00:1779478260.646626  253072 cuda_dnn.cc:461] Loaded cuDNN version 92200
[2026-05-23 04:39:27] ValMinPR: restored best weights (val_video_min_pr=0.8582)
W0000 00:00:1779478768.470374  252866 cpu_allocator_impl.cc:82] Allocation of 1805561280 exceeds 10% of free system memory.
W0000 00:00:1779478770.012921  252866 cpu_allocator_impl.cc:82] Allocation of 1805561280 exceeds 10% of free system memory.
[2026-05-23 04:39:58] video-level val: videos=2039 f1=0.9496 fall_recall=0.9505 nfall_recall=0.8582 fall_prec=0.9486 nfall_prec=0.8630 min_pr=0.8582 min_consecutive=5
[2026-05-23 04:39:58] event-level val: videos=2039 f1=0.9492 fall_recall=0.9499 nfall_recall=0.8582 fall_prec=0.9486 nfall_prec=0.8614 min_pr=0.8582 tolerance_windows=2
[2026-05-23 04:39:59] video-level test: videos=1019 f1=0.9420 fall_recall=0.9364 nfall_recall=0.8523 fall_prec=0.9477 nfall_prec=0.8242 min_pr=0.8242 min_consecutive=5
[2026-05-23 04:39:59] event-level test: videos=1019 f1=0.9420 fall_recall=0.9364 nfall_recall=0.8523 fall_prec=0.9477 nfall_prec=0.8242 min_pr=0.8242 tolerance_windows=2
[2026-05-23 04:39:59] === VAL VIDEO-LEVEL REPORT ===
              precision    recall  f1-score   support

           0     0.8630    0.8582    0.8606       543
           1     0.9486    0.9505    0.9496      1496

    accuracy                         0.9259      2039
   macro avg     0.9058    0.9044    0.9051      2039
weighted avg     0.9258    0.9259    0.9259      2039

[2026-05-23 04:39:59] === TEST VIDEO-LEVEL REPORT ===
              precision    recall  f1-score   support

           0     0.8242    0.8523    0.8380       264
           1     0.9477    0.9364    0.9420       755

    accuracy                         0.9146      1019
   macro avg     0.8859    0.8943    0.8900      1019
weighted avg     0.9157    0.9146    0.9151      1019

[2026-05-23 04:40:09] tflite export subprocess exit=0
[2026-05-23 04:40:09]   [tflite] [A-kp7-w40-s0]
[2026-05-23 04:40:09]   [tflite]   Loading model.keras ...
[2026-05-23 04:40:09]   [tflite]     rebuilding with unroll=True for TFLite compatibility
[2026-05-23 04:40:09]   [tflite] Saved artifact at '/tmp/tmpk1e6gqf6'. The following endpoints are available:
[2026-05-23 04:40:09]   [tflite] 
[2026-05-23 04:40:09]   [tflite] * Endpoint 'serve'
[2026-05-23 04:40:09]   [tflite]   args_0 (POSITIONAL_ONLY): TensorSpec(shape=(None, 40, 27), dtype=tf.float32, name='pose_sequence')
[2026-05-23 04:40:09]   [tflite] Output Type:
[2026-05-23 04:40:09]   [tflite]   TensorSpec(shape=(None, 2), dtype=tf.float32, name=None)
[2026-05-23 04:40:09]   [tflite] Captures:
[2026-05-23 04:40:09]   [tflite]   124361754449616: TensorSpec(shape=(), dtype=tf.resource, name=None)
[2026-05-23 04:40:09]   [tflite]   124361754450384: TensorSpec(shape=(), dtype=tf.resource, name=None)
[2026-05-23 04:40:09]   [tflite]   124361754450192: TensorSpec(shape=(), dtype=tf.resource, name=None)
[2026-05-23 04:40:09]   [tflite]   124361754450576: TensorSpec(shape=(), dtype=tf.resource, name=None)
[2026-05-23 04:40:09]   [tflite]   124361754448656: TensorSpec(shape=(), dtype=tf.resource, name=None)
[2026-05-23 04:40:09]   [tflite]   124361754450768: TensorSpec(shape=(), dtype=tf.resource, name=None)
[2026-05-23 04:40:09]   [tflite]   124361754451152: TensorSpec(shape=(), dtype=tf.resource, name=None)
[2026-05-23 04:40:09]   [tflite]   124361754450960: TensorSpec(shape=(), dtype=tf.resource, name=None)
[2026-05-23 04:40:09]   [tflite]   124361754449808: TensorSpec(shape=(), dtype=tf.resource, name=None)
[2026-05-23 04:40:09]   [tflite]   124361754451344: TensorSpec(shape=(), dtype=tf.resource, name=None)
[2026-05-23 04:40:09]   [tflite]   124361754452112: TensorSpec(shape=(), dtype=tf.resource, name=None)
[2026-05-23 04:40:09]   [tflite]   124361754453456: TensorSpec(shape=(), dtype=tf.resource, name=None)
[2026-05-23 04:40:09]   [tflite]   124361754452496: TensorSpec(shape=(), dtype=tf.resource, name=None)
[2026-05-23 04:40:09]   [tflite]   124361754452880: TensorSpec(shape=(), dtype=tf.resource, name=None)
[2026-05-23 04:40:09]   [tflite]   124361754452304: TensorSpec(shape=(), dtype=tf.resource, name=None)
[2026-05-23 04:40:09]   [tflite]   124361754453840: TensorSpec(shape=(), dtype=tf.resource, name=None)
[2026-05-23 04:40:09]   [tflite]   124361754453648: TensorSpec(shape=(), dtype=tf.resource, name=None)
[2026-05-23 04:40:09]   [tflite]   124361754454608: TensorSpec(shape=(), dtype=tf.resource, name=None)
[2026-05-23 04:40:09]   [tflite]   124361754451536: TensorSpec(shape=(), dtype=tf.resource, name=None)
[2026-05-23 04:40:09]   [tflite]   124361754454032: TensorSpec(shape=(), dtype=tf.resource, name=None)
[2026-05-23 04:40:09]   [tflite]   124361754454992: TensorSpec(shape=(), dtype=tf.resource, name=None)
[2026-05-23 04:40:09]   [tflite]   124361754455184: TensorSpec(shape=(), dtype=tf.resource, name=None)
[2026-05-23 04:40:09]   [tflite]   124361754453264: TensorSpec(shape=(), dtype=tf.resource, name=None)
[2026-05-23 04:40:09]   [tflite]   124361754455760: TensorSpec(shape=(), dtype=tf.resource, name=None)
[2026-05-23 04:40:09]   [tflite]     fp32 OK (816 KB)
[2026-05-23 04:40:09]   [tflite] Saved artifact at '/tmp/tmpo_zmy4eo'. The following endpoints are available:
[2026-05-23 04:40:09]   [tflite] 
[2026-05-23 04:40:09]   [tflite] * Endpoint 'serve'
[2026-05-23 04:40:09]   [tflite]   args_0 (POSITIONAL_ONLY): TensorSpec(shape=(None, 40, 27), dtype=tf.float32, name='pose_sequence')
[2026-05-23 04:40:09]   [tflite] Output Type:
[2026-05-23 04:40:09]   [tflite]   TensorSpec(shape=(None, 2), dtype=tf.float32, name=None)
[2026-05-23 04:40:09]   [tflite] Captures:
[2026-05-23 04:40:09]   [tflite]   124361754449616: TensorSpec(shape=(), dtype=tf.resource, name=None)
[2026-05-23 04:40:09]   [tflite]   124361754450384: TensorSpec(shape=(), dtype=tf.resource, name=None)
[2026-05-23 04:40:09]   [tflite]   124361754450192: TensorSpec(shape=(), dtype=tf.resource, name=None)
[2026-05-23 04:40:09]   [tflite]   124361754450576: TensorSpec(shape=(), dtype=tf.resource, name=None)
[2026-05-23 04:40:09]   [tflite]   124361754448656: TensorSpec(shape=(), dtype=tf.resource, name=None)
[2026-05-23 04:40:09]   [tflite]   124361754450768: TensorSpec(shape=(), dtype=tf.resource, name=None)
[2026-05-23 04:40:09]   [tflite]   124361754451152: TensorSpec(shape=(), dtype=tf.resource, name=None)
[2026-05-23 04:40:09]   [tflite]   124361754450960: TensorSpec(shape=(), dtype=tf.resource, name=None)
[2026-05-23 04:40:09]   [tflite]   124361754449808: TensorSpec(shape=(), dtype=tf.resource, name=None)
[2026-05-23 04:40:09]   [tflite]   124361754451344: TensorSpec(shape=(), dtype=tf.resource, name=None)
[2026-05-23 04:40:09]   [tflite]   124361754452112: TensorSpec(shape=(), dtype=tf.resource, name=None)
[2026-05-23 04:40:09]   [tflite]   124361754453456: TensorSpec(shape=(), dtype=tf.resource, name=None)
[2026-05-23 04:40:09]   [tflite]   124361754452496: TensorSpec(shape=(), dtype=tf.resource, name=None)
[2026-05-23 04:40:09]   [tflite]   124361754452880: TensorSpec(shape=(), dtype=tf.resource, name=None)
[2026-05-23 04:40:09]   [tflite]   124361754452304: TensorSpec(shape=(), dtype=tf.resource, name=None)
[2026-05-23 04:40:09]   [tflite]   124361754453840: TensorSpec(shape=(), dtype=tf.resource, name=None)
[2026-05-23 04:40:09]   [tflite]   124361754453648: TensorSpec(shape=(), dtype=tf.resource, name=None)
[2026-05-23 04:40:09]   [tflite]   124361754454608: TensorSpec(shape=(), dtype=tf.resource, name=None)
[2026-05-23 04:40:09]   [tflite]   124361754451536: TensorSpec(shape=(), dtype=tf.resource, name=None)
[2026-05-23 04:40:09]   [tflite]   124361754454032: TensorSpec(shape=(), dtype=tf.resource, name=None)
[2026-05-23 04:40:09]   [tflite]   124361754454992: TensorSpec(shape=(), dtype=tf.resource, name=None)
[2026-05-23 04:40:09]   [tflite]   124361754455184: TensorSpec(shape=(), dtype=tf.resource, name=None)
[2026-05-23 04:40:09]   [tflite]   124361754453264: TensorSpec(shape=(), dtype=tf.resource, name=None)
[2026-05-23 04:40:09]   [tflite]   124361754455760: TensorSpec(shape=(), dtype=tf.resource, name=None)
[2026-05-23 04:40:09]   [tflite]     int8 OK (1254 KB)
[2026-05-23 04:40:09]   [tflite] 
[2026-05-23 04:40:09]   [tflite] Done.
/home/min/Workspace/Graduate-Project/Falling-Model-Development/.venv/lib/python3.13/site-packages/tensorflow/lite/python/interpreter.py:457: UserWarning:     Warning: tf.lite.Interpreter is deprecated and is scheduled for deletion in
    TF 2.20. Please use the LiteRT interpreter from the ai_edge_litert package.
    See the [migration guide](https://ai.google.dev/edge/litert/migration)
    for details.
    
  warnings.warn(_INTERPRETER_DELETION_WARNING)
INFO: Created TensorFlow Lite XNNPACK delegate for CPU.
[2026-05-23 04:40:11] done A-kp7-w40-s0 val_f1=0.8811 (video=0.9496) test_f1=0.8764 (video=0.9420) test_min_pr=0.8242 threshold=0.450 min_consecutive=5
