WARNING: All log messages before absl::InitializeLog() is called are written to STDERR
I0000 00:00:1779481255.835512  269189 cpu_feature_guard.cc:227] This TensorFlow binary is optimized to use available CPU instructions in performance-critical operations.
To enable the following instructions: AVX2 FMA, in other operations, rebuild TensorFlow with the appropriate compiler flags.
[2026-05-23 05:20:57] loading train split=/home/min/Workspace/Graduate-Project/Falling-Model-Development/dataset/splits_v2_class_balanced_filtered/train.csv
[2026-05-23 05:21:12] train rows=1,433,347 videos=7,134 features=45 data_scope=all
[2026-05-23 05:21:12] loading val split=/home/min/Workspace/Graduate-Project/Falling-Model-Development/dataset/splits_v2_class_balanced_filtered/val.csv
[2026-05-23 05:21:16] val rows=409,398 videos=2,039 features=45 data_scope=all
[2026-05-23 05:21:16] loading test split=/home/min/Workspace/Graduate-Project/Falling-Model-Development/dataset/splits_v2_class_balanced_filtered/test.csv
[2026-05-23 05:21:17] test rows=204,467 videos=1,019 features=45 data_scope=all
[2026-05-23 05:21:38] train windows=384,335 positive=258,249 videos=7,134
[2026-05-23 05:21:43] val windows=73,404 positive=37,048 videos=2,039
[2026-05-23 05:21:45] test windows=36,684 positive=18,217 videos=1,019
I0000 00:00:1779481314.739286  269189 gpu_device.cc:2043] Created device /job:localhost/replica:0/task:0/device:GPU:0 with 6623 MB memory:  -> device: 0, name: NVIDIA GeForce RTX 2060 SUPER, pci bus id: 0000:05:00.0, compute capability: 7.5
W0000 00:00:1779481317.192701  269189 cpu_allocator_impl.cc:82] Allocation of 3459015000 exceeds 10% of free system memory.
W0000 00:00:1779481320.156049  269189 cpu_allocator_impl.cc:82] Allocation of 3459015000 exceeds 10% of free system memory.
W0000 00:00:1779481324.088689  269189 cpu_allocator_impl.cc:82] Allocation of 3459015000 exceeds 10% of free system memory.
I0000 00:00:1779481327.896772  269401 cuda_dnn.cc:461] Loaded cuDNN version 92200
[2026-05-23 05:29:55] ValMinPR: restored best weights (val_video_min_pr=0.8750)
W0000 00:00:1779481797.640841  269189 cpu_allocator_impl.cc:82] Allocation of 3459015000 exceeds 10% of free system memory.
W0000 00:00:1779481800.744762  269189 cpu_allocator_impl.cc:82] Allocation of 3459015000 exceeds 10% of free system memory.
[2026-05-23 05:30:29] video-level val: videos=2039 f1=0.9549 fall_recall=0.9545 nfall_recall=0.8766 fall_prec=0.9552 nfall_prec=0.8750 min_pr=0.8750 min_consecutive=5
[2026-05-23 05:30:29] event-level val: videos=2039 f1=0.9545 fall_recall=0.9539 nfall_recall=0.8766 fall_prec=0.9552 nfall_prec=0.8734 min_pr=0.8734 tolerance_windows=2
[2026-05-23 05:30:30] video-level test: videos=1019 f1=0.9329 fall_recall=0.9205 nfall_recall=0.8485 fall_prec=0.9456 nfall_prec=0.7887 min_pr=0.7887 min_consecutive=5
[2026-05-23 05:30:30] event-level test: videos=1019 f1=0.9329 fall_recall=0.9205 nfall_recall=0.8485 fall_prec=0.9456 nfall_prec=0.7887 min_pr=0.7887 tolerance_windows=2
[2026-05-23 05:30:30] === VAL VIDEO-LEVEL REPORT ===
              precision    recall  f1-score   support

           0     0.8750    0.8766    0.8758       543
           1     0.9552    0.9545    0.9549      1496

    accuracy                         0.9338      2039
   macro avg     0.9151    0.9156    0.9153      2039
weighted avg     0.9338    0.9338    0.9338      2039

[2026-05-23 05:30:30] === TEST VIDEO-LEVEL REPORT ===
              precision    recall  f1-score   support

           0     0.7887    0.8485    0.8175       264
           1     0.9456    0.9205    0.9329       755

    accuracy                         0.9019      1019
   macro avg     0.8672    0.8845    0.8752      1019
weighted avg     0.9049    0.9019    0.9030      1019

[2026-05-23 05:30:42] tflite export subprocess exit=0
[2026-05-23 05:30:42]   [tflite] [B-kp12-w50-s42]
[2026-05-23 05:30:42]   [tflite]   Loading model.keras ...
[2026-05-23 05:30:42]   [tflite]     rebuilding with unroll=True for TFLite compatibility
[2026-05-23 05:30:42]   [tflite] Saved artifact at '/tmp/tmp5a79x185'. The following endpoints are available:
[2026-05-23 05:30:42]   [tflite] 
[2026-05-23 05:30:42]   [tflite] * Endpoint 'serve'
[2026-05-23 05:30:42]   [tflite]   args_0 (POSITIONAL_ONLY): TensorSpec(shape=(None, 50, 45), dtype=tf.float32, name='pose_sequence')
[2026-05-23 05:30:42]   [tflite] Output Type:
[2026-05-23 05:30:42]   [tflite]   TensorSpec(shape=(None, 2), dtype=tf.float32, name=None)
[2026-05-23 05:30:42]   [tflite] Captures:
[2026-05-23 05:30:42]   [tflite]   132823899657936: TensorSpec(shape=(), dtype=tf.resource, name=None)
[2026-05-23 05:30:42]   [tflite]   132823899658704: TensorSpec(shape=(), dtype=tf.resource, name=None)
[2026-05-23 05:30:42]   [tflite]   132823899658512: TensorSpec(shape=(), dtype=tf.resource, name=None)
[2026-05-23 05:30:42]   [tflite]   132823899658896: TensorSpec(shape=(), dtype=tf.resource, name=None)
[2026-05-23 05:30:42]   [tflite]   132823899656976: TensorSpec(shape=(), dtype=tf.resource, name=None)
[2026-05-23 05:30:42]   [tflite]   132823899659088: TensorSpec(shape=(), dtype=tf.resource, name=None)
[2026-05-23 05:30:42]   [tflite]   132823899659472: TensorSpec(shape=(), dtype=tf.resource, name=None)
[2026-05-23 05:30:42]   [tflite]   132823899659280: TensorSpec(shape=(), dtype=tf.resource, name=None)
[2026-05-23 05:30:42]   [tflite]   132823899658128: TensorSpec(shape=(), dtype=tf.resource, name=None)
[2026-05-23 05:30:42]   [tflite]   132823899659664: TensorSpec(shape=(), dtype=tf.resource, name=None)
[2026-05-23 05:30:42]   [tflite]   132823899660432: TensorSpec(shape=(), dtype=tf.resource, name=None)
[2026-05-23 05:30:42]   [tflite]   132823899661776: TensorSpec(shape=(), dtype=tf.resource, name=None)
[2026-05-23 05:30:42]   [tflite]   132823899660816: TensorSpec(shape=(), dtype=tf.resource, name=None)
[2026-05-23 05:30:42]   [tflite]   132823899661200: TensorSpec(shape=(), dtype=tf.resource, name=None)
[2026-05-23 05:30:42]   [tflite]   132823899660624: TensorSpec(shape=(), dtype=tf.resource, name=None)
[2026-05-23 05:30:42]   [tflite]   132823899662160: TensorSpec(shape=(), dtype=tf.resource, name=None)
[2026-05-23 05:30:42]   [tflite]   132823899661968: TensorSpec(shape=(), dtype=tf.resource, name=None)
[2026-05-23 05:30:42]   [tflite]   132823899662928: TensorSpec(shape=(), dtype=tf.resource, name=None)
[2026-05-23 05:30:42]   [tflite]   132823899659856: TensorSpec(shape=(), dtype=tf.resource, name=None)
[2026-05-23 05:30:42]   [tflite]   132823899662352: TensorSpec(shape=(), dtype=tf.resource, name=None)
[2026-05-23 05:30:42]   [tflite]   132823899663312: TensorSpec(shape=(), dtype=tf.resource, name=None)
[2026-05-23 05:30:42]   [tflite]   132823899663504: TensorSpec(shape=(), dtype=tf.resource, name=None)
[2026-05-23 05:30:42]   [tflite]   132823899661584: TensorSpec(shape=(), dtype=tf.resource, name=None)
[2026-05-23 05:30:42]   [tflite]   132823899664080: TensorSpec(shape=(), dtype=tf.resource, name=None)
[2026-05-23 05:30:42]   [tflite]     fp32 OK (910 KB)
[2026-05-23 05:30:42]   [tflite] Saved artifact at '/tmp/tmposksuvwr'. The following endpoints are available:
[2026-05-23 05:30:42]   [tflite] 
[2026-05-23 05:30:42]   [tflite] * Endpoint 'serve'
[2026-05-23 05:30:42]   [tflite]   args_0 (POSITIONAL_ONLY): TensorSpec(shape=(None, 50, 45), dtype=tf.float32, name='pose_sequence')
[2026-05-23 05:30:42]   [tflite] Output Type:
[2026-05-23 05:30:42]   [tflite]   TensorSpec(shape=(None, 2), dtype=tf.float32, name=None)
[2026-05-23 05:30:42]   [tflite] Captures:
[2026-05-23 05:30:42]   [tflite]   132823899657936: TensorSpec(shape=(), dtype=tf.resource, name=None)
[2026-05-23 05:30:42]   [tflite]   132823899658704: TensorSpec(shape=(), dtype=tf.resource, name=None)
[2026-05-23 05:30:42]   [tflite]   132823899658512: TensorSpec(shape=(), dtype=tf.resource, name=None)
[2026-05-23 05:30:42]   [tflite]   132823899658896: TensorSpec(shape=(), dtype=tf.resource, name=None)
[2026-05-23 05:30:42]   [tflite]   132823899656976: TensorSpec(shape=(), dtype=tf.resource, name=None)
[2026-05-23 05:30:42]   [tflite]   132823899659088: TensorSpec(shape=(), dtype=tf.resource, name=None)
[2026-05-23 05:30:42]   [tflite]   132823899659472: TensorSpec(shape=(), dtype=tf.resource, name=None)
[2026-05-23 05:30:42]   [tflite]   132823899659280: TensorSpec(shape=(), dtype=tf.resource, name=None)
[2026-05-23 05:30:42]   [tflite]   132823899658128: TensorSpec(shape=(), dtype=tf.resource, name=None)
[2026-05-23 05:30:42]   [tflite]   132823899659664: TensorSpec(shape=(), dtype=tf.resource, name=None)
[2026-05-23 05:30:42]   [tflite]   132823899660432: TensorSpec(shape=(), dtype=tf.resource, name=None)
[2026-05-23 05:30:42]   [tflite]   132823899661776: TensorSpec(shape=(), dtype=tf.resource, name=None)
[2026-05-23 05:30:42]   [tflite]   132823899660816: TensorSpec(shape=(), dtype=tf.resource, name=None)
[2026-05-23 05:30:42]   [tflite]   132823899661200: TensorSpec(shape=(), dtype=tf.resource, name=None)
[2026-05-23 05:30:42]   [tflite]   132823899660624: TensorSpec(shape=(), dtype=tf.resource, name=None)
[2026-05-23 05:30:42]   [tflite]   132823899662160: TensorSpec(shape=(), dtype=tf.resource, name=None)
[2026-05-23 05:30:42]   [tflite]   132823899661968: TensorSpec(shape=(), dtype=tf.resource, name=None)
[2026-05-23 05:30:42]   [tflite]   132823899662928: TensorSpec(shape=(), dtype=tf.resource, name=None)
[2026-05-23 05:30:42]   [tflite]   132823899659856: TensorSpec(shape=(), dtype=tf.resource, name=None)
[2026-05-23 05:30:42]   [tflite]   132823899662352: TensorSpec(shape=(), dtype=tf.resource, name=None)
[2026-05-23 05:30:42]   [tflite]   132823899663312: TensorSpec(shape=(), dtype=tf.resource, name=None)
[2026-05-23 05:30:42]   [tflite]   132823899663504: TensorSpec(shape=(), dtype=tf.resource, name=None)
[2026-05-23 05:30:42]   [tflite]   132823899661584: TensorSpec(shape=(), dtype=tf.resource, name=None)
[2026-05-23 05:30:42]   [tflite]   132823899664080: TensorSpec(shape=(), dtype=tf.resource, name=None)
[2026-05-23 05:30:42]   [tflite]     int8 OK (1569 KB)
[2026-05-23 05:30:42]   [tflite] 
[2026-05-23 05:30:42]   [tflite] Done.
/home/min/Workspace/Graduate-Project/Falling-Model-Development/.venv/lib/python3.13/site-packages/tensorflow/lite/python/interpreter.py:457: UserWarning:     Warning: tf.lite.Interpreter is deprecated and is scheduled for deletion in
    TF 2.20. Please use the LiteRT interpreter from the ai_edge_litert package.
    See the [migration guide](https://ai.google.dev/edge/litert/migration)
    for details.
    
  warnings.warn(_INTERPRETER_DELETION_WARNING)
INFO: Created TensorFlow Lite XNNPACK delegate for CPU.
[2026-05-23 05:30:44] done B-kp12-w50-s42 val_f1=0.8882 (video=0.9549) test_f1=0.8760 (video=0.9329) test_min_pr=0.7887 threshold=0.500 min_consecutive=5
