WARNING: All log messages before absl::InitializeLog() is called are written to STDERR
I0000 00:00:1779480644.463008  266034 cpu_feature_guard.cc:227] This TensorFlow binary is optimized to use available CPU instructions in performance-critical operations.
To enable the following instructions: AVX2 FMA, in other operations, rebuild TensorFlow with the appropriate compiler flags.
[2026-05-23 05:10:45] loading train split=/home/min/Workspace/Graduate-Project/Falling-Model-Development/dataset/splits_v2_class_balanced_filtered/train.csv
[2026-05-23 05:11:00] train rows=1,433,347 videos=7,134 features=45 data_scope=all
[2026-05-23 05:11:00] loading val split=/home/min/Workspace/Graduate-Project/Falling-Model-Development/dataset/splits_v2_class_balanced_filtered/val.csv
[2026-05-23 05:11:04] val rows=409,398 videos=2,039 features=45 data_scope=all
[2026-05-23 05:11:04] loading test split=/home/min/Workspace/Graduate-Project/Falling-Model-Development/dataset/splits_v2_class_balanced_filtered/test.csv
[2026-05-23 05:11:06] test rows=204,467 videos=1,019 features=45 data_scope=all
[2026-05-23 05:11:28] train windows=447,872 positive=239,995 videos=7,134
[2026-05-23 05:11:33] val windows=93,794 positive=34,139 videos=2,039
[2026-05-23 05:11:35] test windows=46,874 positive=16,945 videos=1,019
I0000 00:00:1779480703.691653  266034 gpu_device.cc:2043] Created device /job:localhost/replica:0/task:0/device:GPU:0 with 6623 MB memory:  -> device: 0, name: NVIDIA GeForce RTX 2060 SUPER, pci bus id: 0000:05:00.0, compute capability: 7.5
W0000 00:00:1779480705.446873  266034 cpu_allocator_impl.cc:82] Allocation of 2418508800 exceeds 10% of free system memory.
W0000 00:00:1779480707.498093  266034 cpu_allocator_impl.cc:82] Allocation of 2418508800 exceeds 10% of free system memory.
W0000 00:00:1779480710.464274  266034 cpu_allocator_impl.cc:82] Allocation of 2418508800 exceeds 10% of free system memory.
I0000 00:00:1779480713.522717  266244 cuda_dnn.cc:461] Loaded cuDNN version 92200
[2026-05-23 05:20:08] ValMinPR: restored best weights (val_video_min_pr=0.8398)
W0000 00:00:1779481209.889544  266034 cpu_allocator_impl.cc:82] Allocation of 2418508800 exceeds 10% of free system memory.
W0000 00:00:1779481211.965218  266034 cpu_allocator_impl.cc:82] Allocation of 2418508800 exceeds 10% of free system memory.
[2026-05-23 05:20:42] video-level val: videos=2039 f1=0.9436 fall_recall=0.9452 nfall_recall=0.8398 fall_prec=0.9420 nfall_prec=0.8476 min_pr=0.8398 min_consecutive=5
[2026-05-23 05:20:43] event-level val: videos=2039 f1=0.9433 fall_recall=0.9445 nfall_recall=0.8398 fall_prec=0.9420 nfall_prec=0.8460 min_pr=0.8398 tolerance_windows=2
[2026-05-23 05:20:43] video-level test: videos=1019 f1=0.9318 fall_recall=0.9232 nfall_recall=0.8333 fall_prec=0.9406 nfall_prec=0.7914 min_pr=0.7914 min_consecutive=5
[2026-05-23 05:20:43] event-level test: videos=1019 f1=0.9318 fall_recall=0.9232 nfall_recall=0.8333 fall_prec=0.9406 nfall_prec=0.7914 min_pr=0.7914 tolerance_windows=2
[2026-05-23 05:20:44] === VAL VIDEO-LEVEL REPORT ===
              precision    recall  f1-score   support

           0     0.8476    0.8398    0.8437       543
           1     0.9420    0.9452    0.9436      1496

    accuracy                         0.9171      2039
   macro avg     0.8948    0.8925    0.8936      2039
weighted avg     0.9169    0.9171    0.9170      2039

[2026-05-23 05:20:44] === TEST VIDEO-LEVEL REPORT ===
              precision    recall  f1-score   support

           0     0.7914    0.8333    0.8118       264
           1     0.9406    0.9232    0.9318       755

    accuracy                         0.8999      1019
   macro avg     0.8660    0.8783    0.8718      1019
weighted avg     0.9020    0.8999    0.9007      1019

[2026-05-23 05:20:52] tflite export subprocess exit=0
[2026-05-23 05:20:52]   [tflite] [B-kp12-w30-s42]
[2026-05-23 05:20:52]   [tflite]   Loading model.keras ...
[2026-05-23 05:20:52]   [tflite]     rebuilding with unroll=True for TFLite compatibility
[2026-05-23 05:20:52]   [tflite] Saved artifact at '/tmp/tmp7prj6nwy'. The following endpoints are available:
[2026-05-23 05:20:52]   [tflite] 
[2026-05-23 05:20:52]   [tflite] * Endpoint 'serve'
[2026-05-23 05:20:52]   [tflite]   args_0 (POSITIONAL_ONLY): TensorSpec(shape=(None, 30, 45), dtype=tf.float32, name='pose_sequence')
[2026-05-23 05:20:52]   [tflite] Output Type:
[2026-05-23 05:20:52]   [tflite]   TensorSpec(shape=(None, 2), dtype=tf.float32, name=None)
[2026-05-23 05:20:52]   [tflite] Captures:
[2026-05-23 05:20:52]   [tflite]   129969354921680: TensorSpec(shape=(), dtype=tf.resource, name=None)
[2026-05-23 05:20:52]   [tflite]   129969354922448: TensorSpec(shape=(), dtype=tf.resource, name=None)
[2026-05-23 05:20:52]   [tflite]   129969354922256: TensorSpec(shape=(), dtype=tf.resource, name=None)
[2026-05-23 05:20:52]   [tflite]   129969354922640: TensorSpec(shape=(), dtype=tf.resource, name=None)
[2026-05-23 05:20:52]   [tflite]   129969354920720: TensorSpec(shape=(), dtype=tf.resource, name=None)
[2026-05-23 05:20:52]   [tflite]   129969354922832: TensorSpec(shape=(), dtype=tf.resource, name=None)
[2026-05-23 05:20:52]   [tflite]   129969354923216: TensorSpec(shape=(), dtype=tf.resource, name=None)
[2026-05-23 05:20:52]   [tflite]   129969354923024: TensorSpec(shape=(), dtype=tf.resource, name=None)
[2026-05-23 05:20:52]   [tflite]   129969354921872: TensorSpec(shape=(), dtype=tf.resource, name=None)
[2026-05-23 05:20:52]   [tflite]   129969354923408: TensorSpec(shape=(), dtype=tf.resource, name=None)
[2026-05-23 05:20:52]   [tflite]   129969354924176: TensorSpec(shape=(), dtype=tf.resource, name=None)
[2026-05-23 05:20:52]   [tflite]   129969354925520: TensorSpec(shape=(), dtype=tf.resource, name=None)
[2026-05-23 05:20:52]   [tflite]   129969354924560: TensorSpec(shape=(), dtype=tf.resource, name=None)
[2026-05-23 05:20:52]   [tflite]   129969354924944: TensorSpec(shape=(), dtype=tf.resource, name=None)
[2026-05-23 05:20:52]   [tflite]   129969354924368: TensorSpec(shape=(), dtype=tf.resource, name=None)
[2026-05-23 05:20:52]   [tflite]   129969354925904: TensorSpec(shape=(), dtype=tf.resource, name=None)
[2026-05-23 05:20:52]   [tflite]   129969354925712: TensorSpec(shape=(), dtype=tf.resource, name=None)
[2026-05-23 05:20:52]   [tflite]   129969354926672: TensorSpec(shape=(), dtype=tf.resource, name=None)
[2026-05-23 05:20:52]   [tflite]   129969354923600: TensorSpec(shape=(), dtype=tf.resource, name=None)
[2026-05-23 05:20:52]   [tflite]   129969354926096: TensorSpec(shape=(), dtype=tf.resource, name=None)
[2026-05-23 05:20:52]   [tflite]   129969354927056: TensorSpec(shape=(), dtype=tf.resource, name=None)
[2026-05-23 05:20:52]   [tflite]   129969354927248: TensorSpec(shape=(), dtype=tf.resource, name=None)
[2026-05-23 05:20:52]   [tflite]   129969354925328: TensorSpec(shape=(), dtype=tf.resource, name=None)
[2026-05-23 05:20:52]   [tflite]   129969354927824: TensorSpec(shape=(), dtype=tf.resource, name=None)
[2026-05-23 05:20:52]   [tflite]     fp32 OK (775 KB)
[2026-05-23 05:20:52]   [tflite] Saved artifact at '/tmp/tmpjy_a887m'. The following endpoints are available:
[2026-05-23 05:20:52]   [tflite] 
[2026-05-23 05:20:52]   [tflite] * Endpoint 'serve'
[2026-05-23 05:20:52]   [tflite]   args_0 (POSITIONAL_ONLY): TensorSpec(shape=(None, 30, 45), dtype=tf.float32, name='pose_sequence')
[2026-05-23 05:20:52]   [tflite] Output Type:
[2026-05-23 05:20:52]   [tflite]   TensorSpec(shape=(None, 2), dtype=tf.float32, name=None)
[2026-05-23 05:20:52]   [tflite] Captures:
[2026-05-23 05:20:52]   [tflite]   129969354921680: TensorSpec(shape=(), dtype=tf.resource, name=None)
[2026-05-23 05:20:52]   [tflite]   129969354922448: TensorSpec(shape=(), dtype=tf.resource, name=None)
[2026-05-23 05:20:52]   [tflite]   129969354922256: TensorSpec(shape=(), dtype=tf.resource, name=None)
[2026-05-23 05:20:52]   [tflite]   129969354922640: TensorSpec(shape=(), dtype=tf.resource, name=None)
[2026-05-23 05:20:52]   [tflite]   129969354920720: TensorSpec(shape=(), dtype=tf.resource, name=None)
[2026-05-23 05:20:52]   [tflite]   129969354922832: TensorSpec(shape=(), dtype=tf.resource, name=None)
[2026-05-23 05:20:52]   [tflite]   129969354923216: TensorSpec(shape=(), dtype=tf.resource, name=None)
[2026-05-23 05:20:52]   [tflite]   129969354923024: TensorSpec(shape=(), dtype=tf.resource, name=None)
[2026-05-23 05:20:52]   [tflite]   129969354921872: TensorSpec(shape=(), dtype=tf.resource, name=None)
[2026-05-23 05:20:52]   [tflite]   129969354923408: TensorSpec(shape=(), dtype=tf.resource, name=None)
[2026-05-23 05:20:52]   [tflite]   129969354924176: TensorSpec(shape=(), dtype=tf.resource, name=None)
[2026-05-23 05:20:52]   [tflite]   129969354925520: TensorSpec(shape=(), dtype=tf.resource, name=None)
[2026-05-23 05:20:52]   [tflite]   129969354924560: TensorSpec(shape=(), dtype=tf.resource, name=None)
[2026-05-23 05:20:52]   [tflite]   129969354924944: TensorSpec(shape=(), dtype=tf.resource, name=None)
[2026-05-23 05:20:52]   [tflite]   129969354924368: TensorSpec(shape=(), dtype=tf.resource, name=None)
[2026-05-23 05:20:52]   [tflite]   129969354925904: TensorSpec(shape=(), dtype=tf.resource, name=None)
[2026-05-23 05:20:52]   [tflite]   129969354925712: TensorSpec(shape=(), dtype=tf.resource, name=None)
[2026-05-23 05:20:52]   [tflite]   129969354926672: TensorSpec(shape=(), dtype=tf.resource, name=None)
[2026-05-23 05:20:52]   [tflite]   129969354923600: TensorSpec(shape=(), dtype=tf.resource, name=None)
[2026-05-23 05:20:52]   [tflite]   129969354926096: TensorSpec(shape=(), dtype=tf.resource, name=None)
[2026-05-23 05:20:52]   [tflite]   129969354927056: TensorSpec(shape=(), dtype=tf.resource, name=None)
[2026-05-23 05:20:52]   [tflite]   129969354927248: TensorSpec(shape=(), dtype=tf.resource, name=None)
[2026-05-23 05:20:52]   [tflite]   129969354925328: TensorSpec(shape=(), dtype=tf.resource, name=None)
[2026-05-23 05:20:52]   [tflite]   129969354927824: TensorSpec(shape=(), dtype=tf.resource, name=None)
[2026-05-23 05:20:52]   [tflite]     int8 OK (993 KB)
[2026-05-23 05:20:52]   [tflite] 
[2026-05-23 05:20:52]   [tflite] Done.
/home/min/Workspace/Graduate-Project/Falling-Model-Development/.venv/lib/python3.13/site-packages/tensorflow/lite/python/interpreter.py:457: UserWarning:     Warning: tf.lite.Interpreter is deprecated and is scheduled for deletion in
    TF 2.20. Please use the LiteRT interpreter from the ai_edge_litert package.
    See the [migration guide](https://ai.google.dev/edge/litert/migration)
    for details.
    
  warnings.warn(_INTERPRETER_DELETION_WARNING)
INFO: Created TensorFlow Lite XNNPACK delegate for CPU.
[2026-05-23 05:20:54] done B-kp12-w30-s42 val_f1=0.8406 (video=0.9436) test_f1=0.8346 (video=0.9318) test_min_pr=0.7914 threshold=0.500 min_consecutive=5
