WARNING: All log messages before absl::InitializeLog() is called are written to STDERR
I0000 00:00:1779482414.620761  275517 cpu_feature_guard.cc:227] This TensorFlow binary is optimized to use available CPU instructions in performance-critical operations.
To enable the following instructions: AVX2 FMA, in other operations, rebuild TensorFlow with the appropriate compiler flags.
[2026-05-23 05:40:15] loading train split=/home/min/Workspace/Graduate-Project/Falling-Model-Development/dataset/splits_v2_class_balanced_filtered/train.csv
[2026-05-23 05:40:30] train rows=1,433,347 videos=7,134 features=27 data_scope=all
[2026-05-23 05:40:30] loading val split=/home/min/Workspace/Graduate-Project/Falling-Model-Development/dataset/splits_v2_class_balanced_filtered/val.csv
[2026-05-23 05:40:34] val rows=409,398 videos=2,039 features=27 data_scope=all
[2026-05-23 05:40:34] loading test split=/home/min/Workspace/Graduate-Project/Falling-Model-Development/dataset/splits_v2_class_balanced_filtered/test.csv
[2026-05-23 05:40:36] test rows=204,467 videos=1,019 features=27 data_scope=all
[2026-05-23 05:40:56] train windows=447,872 positive=239,995 videos=7,134
[2026-05-23 05:41:00] val windows=93,794 positive=34,139 videos=2,039
[2026-05-23 05:41:02] test windows=46,874 positive=16,945 videos=1,019
I0000 00:00:1779482468.137098  275517 gpu_device.cc:2043] Created device /job:localhost/replica:0/task:0/device:GPU:0 with 6623 MB memory:  -> device: 0, name: NVIDIA GeForce RTX 2060 SUPER, pci bus id: 0000:05:00.0, compute capability: 7.5
W0000 00:00:1779482469.445831  275517 cpu_allocator_impl.cc:82] Allocation of 1451105280 exceeds 10% of free system memory.
W0000 00:00:1779482470.694128  275517 cpu_allocator_impl.cc:82] Allocation of 1451105280 exceeds 10% of free system memory.
W0000 00:00:1779482472.840188  275517 cpu_allocator_impl.cc:82] Allocation of 1451105280 exceeds 10% of free system memory.
I0000 00:00:1779482475.378287  275728 cuda_dnn.cc:461] Loaded cuDNN version 92200
[2026-05-23 05:45:54] ValMinPR: restored best weights (val_video_min_pr=0.8367)
W0000 00:00:1779482755.512490  275517 cpu_allocator_impl.cc:82] Allocation of 1451105280 exceeds 10% of free system memory.
W0000 00:00:1779482756.772251  275517 cpu_allocator_impl.cc:82] Allocation of 1451105280 exceeds 10% of free system memory.
[2026-05-23 05:46:26] video-level val: videos=2039 f1=0.9424 fall_recall=0.9398 nfall_recall=0.8490 fall_prec=0.9449 nfall_prec=0.8367 min_pr=0.8367 min_consecutive=5
[2026-05-23 05:46:26] event-level val: videos=2039 f1=0.9420 fall_recall=0.9392 nfall_recall=0.8490 fall_prec=0.9449 nfall_prec=0.8351 min_pr=0.8351 tolerance_windows=2
[2026-05-23 05:46:27] video-level test: videos=1019 f1=0.9259 fall_recall=0.9020 nfall_recall=0.8674 fall_prec=0.9511 nfall_prec=0.7558 min_pr=0.7558 min_consecutive=5
[2026-05-23 05:46:27] event-level test: videos=1019 f1=0.9244 fall_recall=0.8993 nfall_recall=0.8674 fall_prec=0.9510 nfall_prec=0.7508 min_pr=0.7508 tolerance_windows=2
[2026-05-23 05:46:27] === VAL VIDEO-LEVEL REPORT ===
              precision    recall  f1-score   support

           0     0.8367    0.8490    0.8428       543
           1     0.9449    0.9398    0.9424      1496

    accuracy                         0.9156      2039
   macro avg     0.8908    0.8944    0.8926      2039
weighted avg     0.9161    0.9156    0.9158      2039

[2026-05-23 05:46:27] === TEST VIDEO-LEVEL REPORT ===
              precision    recall  f1-score   support

           0     0.7558    0.8674    0.8078       264
           1     0.9511    0.9020    0.9259       755

    accuracy                         0.8930      1019
   macro avg     0.8534    0.8847    0.8668      1019
weighted avg     0.9005    0.8930    0.8953      1019

[2026-05-23 05:46:36] tflite export subprocess exit=0
[2026-05-23 05:46:36]   [tflite] [C-kp7-w30-s42]
[2026-05-23 05:46:36]   [tflite]   Loading model.keras ...
[2026-05-23 05:46:36]   [tflite]     rebuilding with unroll=True for TFLite compatibility
[2026-05-23 05:46:36]   [tflite] Saved artifact at '/tmp/tmpaw0xhkgs'. The following endpoints are available:
[2026-05-23 05:46:36]   [tflite] 
[2026-05-23 05:46:36]   [tflite] * Endpoint 'serve'
[2026-05-23 05:46:36]   [tflite]   args_0 (POSITIONAL_ONLY): TensorSpec(shape=(None, 30, 27), dtype=tf.float32, name='pose_sequence')
[2026-05-23 05:46:36]   [tflite] Output Type:
[2026-05-23 05:46:36]   [tflite]   TensorSpec(shape=(None, 2), dtype=tf.float32, name=None)
[2026-05-23 05:46:36]   [tflite] Captures:
[2026-05-23 05:46:36]   [tflite]   130530275989200: TensorSpec(shape=(), dtype=tf.resource, name=None)
[2026-05-23 05:46:36]   [tflite]   130530275989968: TensorSpec(shape=(), dtype=tf.resource, name=None)
[2026-05-23 05:46:36]   [tflite]   130530275989776: TensorSpec(shape=(), dtype=tf.resource, name=None)
[2026-05-23 05:46:36]   [tflite]   130530275990160: TensorSpec(shape=(), dtype=tf.resource, name=None)
[2026-05-23 05:46:36]   [tflite]   130530275988240: TensorSpec(shape=(), dtype=tf.resource, name=None)
[2026-05-23 05:46:36]   [tflite]   130530275990352: TensorSpec(shape=(), dtype=tf.resource, name=None)
[2026-05-23 05:46:36]   [tflite]   130530275990736: TensorSpec(shape=(), dtype=tf.resource, name=None)
[2026-05-23 05:46:36]   [tflite]   130530275990544: TensorSpec(shape=(), dtype=tf.resource, name=None)
[2026-05-23 05:46:36]   [tflite]   130530275989392: TensorSpec(shape=(), dtype=tf.resource, name=None)
[2026-05-23 05:46:36]   [tflite]   130530275990928: TensorSpec(shape=(), dtype=tf.resource, name=None)
[2026-05-23 05:46:36]   [tflite]   130530275991696: TensorSpec(shape=(), dtype=tf.resource, name=None)
[2026-05-23 05:46:36]   [tflite]   130530275993040: TensorSpec(shape=(), dtype=tf.resource, name=None)
[2026-05-23 05:46:36]   [tflite]   130530275992080: TensorSpec(shape=(), dtype=tf.resource, name=None)
[2026-05-23 05:46:36]   [tflite]   130530275992464: TensorSpec(shape=(), dtype=tf.resource, name=None)
[2026-05-23 05:46:36]   [tflite]   130530275991888: TensorSpec(shape=(), dtype=tf.resource, name=None)
[2026-05-23 05:46:36]   [tflite]   130530275993424: TensorSpec(shape=(), dtype=tf.resource, name=None)
[2026-05-23 05:46:36]   [tflite]   130530275993232: TensorSpec(shape=(), dtype=tf.resource, name=None)
[2026-05-23 05:46:36]   [tflite]   130530275994192: TensorSpec(shape=(), dtype=tf.resource, name=None)
[2026-05-23 05:46:36]   [tflite]   130530275991120: TensorSpec(shape=(), dtype=tf.resource, name=None)
[2026-05-23 05:46:36]   [tflite]   130530275993616: TensorSpec(shape=(), dtype=tf.resource, name=None)
[2026-05-23 05:46:36]   [tflite]   130530275994576: TensorSpec(shape=(), dtype=tf.resource, name=None)
[2026-05-23 05:46:36]   [tflite]   130530275994768: TensorSpec(shape=(), dtype=tf.resource, name=None)
[2026-05-23 05:46:36]   [tflite]   130530275992848: TensorSpec(shape=(), dtype=tf.resource, name=None)
[2026-05-23 05:46:36]   [tflite]   130530275995344: TensorSpec(shape=(), dtype=tf.resource, name=None)
[2026-05-23 05:46:36]   [tflite]     fp32 OK (751 KB)
[2026-05-23 05:46:36]   [tflite] Saved artifact at '/tmp/tmpsvqwa9_y'. The following endpoints are available:
[2026-05-23 05:46:36]   [tflite] 
[2026-05-23 05:46:36]   [tflite] * Endpoint 'serve'
[2026-05-23 05:46:36]   [tflite]   args_0 (POSITIONAL_ONLY): TensorSpec(shape=(None, 30, 27), dtype=tf.float32, name='pose_sequence')
[2026-05-23 05:46:36]   [tflite] Output Type:
[2026-05-23 05:46:36]   [tflite]   TensorSpec(shape=(None, 2), dtype=tf.float32, name=None)
[2026-05-23 05:46:36]   [tflite] Captures:
[2026-05-23 05:46:36]   [tflite]   130530275989200: TensorSpec(shape=(), dtype=tf.resource, name=None)
[2026-05-23 05:46:36]   [tflite]   130530275989968: TensorSpec(shape=(), dtype=tf.resource, name=None)
[2026-05-23 05:46:36]   [tflite]   130530275989776: TensorSpec(shape=(), dtype=tf.resource, name=None)
[2026-05-23 05:46:36]   [tflite]   130530275990160: TensorSpec(shape=(), dtype=tf.resource, name=None)
[2026-05-23 05:46:36]   [tflite]   130530275988240: TensorSpec(shape=(), dtype=tf.resource, name=None)
[2026-05-23 05:46:36]   [tflite]   130530275990352: TensorSpec(shape=(), dtype=tf.resource, name=None)
[2026-05-23 05:46:36]   [tflite]   130530275990736: TensorSpec(shape=(), dtype=tf.resource, name=None)
[2026-05-23 05:46:36]   [tflite]   130530275990544: TensorSpec(shape=(), dtype=tf.resource, name=None)
[2026-05-23 05:46:36]   [tflite]   130530275989392: TensorSpec(shape=(), dtype=tf.resource, name=None)
[2026-05-23 05:46:36]   [tflite]   130530275990928: TensorSpec(shape=(), dtype=tf.resource, name=None)
[2026-05-23 05:46:36]   [tflite]   130530275991696: TensorSpec(shape=(), dtype=tf.resource, name=None)
[2026-05-23 05:46:36]   [tflite]   130530275993040: TensorSpec(shape=(), dtype=tf.resource, name=None)
[2026-05-23 05:46:36]   [tflite]   130530275992080: TensorSpec(shape=(), dtype=tf.resource, name=None)
[2026-05-23 05:46:36]   [tflite]   130530275992464: TensorSpec(shape=(), dtype=tf.resource, name=None)
[2026-05-23 05:46:36]   [tflite]   130530275991888: TensorSpec(shape=(), dtype=tf.resource, name=None)
[2026-05-23 05:46:36]   [tflite]   130530275993424: TensorSpec(shape=(), dtype=tf.resource, name=None)
[2026-05-23 05:46:36]   [tflite]   130530275993232: TensorSpec(shape=(), dtype=tf.resource, name=None)
[2026-05-23 05:46:36]   [tflite]   130530275994192: TensorSpec(shape=(), dtype=tf.resource, name=None)
[2026-05-23 05:46:36]   [tflite]   130530275991120: TensorSpec(shape=(), dtype=tf.resource, name=None)
[2026-05-23 05:46:36]   [tflite]   130530275993616: TensorSpec(shape=(), dtype=tf.resource, name=None)
[2026-05-23 05:46:36]   [tflite]   130530275994576: TensorSpec(shape=(), dtype=tf.resource, name=None)
[2026-05-23 05:46:36]   [tflite]   130530275994768: TensorSpec(shape=(), dtype=tf.resource, name=None)
[2026-05-23 05:46:36]   [tflite]   130530275992848: TensorSpec(shape=(), dtype=tf.resource, name=None)
[2026-05-23 05:46:36]   [tflite]   130530275995344: TensorSpec(shape=(), dtype=tf.resource, name=None)
[2026-05-23 05:46:36]   [tflite]     int8 OK (987 KB)
[2026-05-23 05:46:36]   [tflite] 
[2026-05-23 05:46:36]   [tflite] Done.
/home/min/Workspace/Graduate-Project/Falling-Model-Development/.venv/lib/python3.13/site-packages/tensorflow/lite/python/interpreter.py:457: UserWarning:     Warning: tf.lite.Interpreter is deprecated and is scheduled for deletion in
    TF 2.20. Please use the LiteRT interpreter from the ai_edge_litert package.
    See the [migration guide](https://ai.google.dev/edge/litert/migration)
    for details.
    
  warnings.warn(_INTERPRETER_DELETION_WARNING)
INFO: Created TensorFlow Lite XNNPACK delegate for CPU.
[2026-05-23 05:46:37] done C-kp7-w30-s42 val_f1=0.8258 (video=0.9424) test_f1=0.8179 (video=0.9259) test_min_pr=0.7558 threshold=0.500 min_consecutive=5
