WARNING: All log messages before absl::InitializeLog() is called are written to STDERR
I0000 00:00:1779482799.443412  277671 cpu_feature_guard.cc:227] This TensorFlow binary is optimized to use available CPU instructions in performance-critical operations.
To enable the following instructions: AVX2 FMA, in other operations, rebuild TensorFlow with the appropriate compiler flags.
[2026-05-23 05:46:40] loading train split=/home/min/Workspace/Graduate-Project/Falling-Model-Development/dataset/splits_v2_class_balanced_filtered/train.csv
[2026-05-23 05:46:55] train rows=1,433,347 videos=7,134 features=27 data_scope=all
[2026-05-23 05:46:55] loading val split=/home/min/Workspace/Graduate-Project/Falling-Model-Development/dataset/splits_v2_class_balanced_filtered/val.csv
[2026-05-23 05:46:59] val rows=409,398 videos=2,039 features=27 data_scope=all
[2026-05-23 05:46:59] loading test split=/home/min/Workspace/Graduate-Project/Falling-Model-Development/dataset/splits_v2_class_balanced_filtered/test.csv
[2026-05-23 05:47:01] test rows=204,467 videos=1,019 features=27 data_scope=all
[2026-05-23 05:47:19] train windows=384,335 positive=258,249 videos=7,134
[2026-05-23 05:47:23] val windows=73,404 positive=37,048 videos=2,039
[2026-05-23 05:47:24] test windows=36,684 positive=18,217 videos=1,019
I0000 00:00:1779482850.965981  277671 gpu_device.cc:2043] Created device /job:localhost/replica:0/task:0/device:GPU:0 with 6623 MB memory:  -> device: 0, name: NVIDIA GeForce RTX 2060 SUPER, pci bus id: 0000:05:00.0, compute capability: 7.5
W0000 00:00:1779482852.737923  277671 cpu_allocator_impl.cc:82] Allocation of 2075409000 exceeds 10% of free system memory.
W0000 00:00:1779482854.489512  277671 cpu_allocator_impl.cc:82] Allocation of 2075409000 exceeds 10% of free system memory.
W0000 00:00:1779482857.107237  277671 cpu_allocator_impl.cc:82] Allocation of 2075409000 exceeds 10% of free system memory.
I0000 00:00:1779482859.973557  277879 cuda_dnn.cc:461] Loaded cuDNN version 92200
[2026-05-23 05:55:52] ValMinPR: restored best weights (val_video_min_pr=0.8674)
W0000 00:00:1779483353.566385  277671 cpu_allocator_impl.cc:82] Allocation of 2075409000 exceeds 10% of free system memory.
W0000 00:00:1779483355.296225  277671 cpu_allocator_impl.cc:82] Allocation of 2075409000 exceeds 10% of free system memory.
[2026-05-23 05:56:21] video-level val: videos=2039 f1=0.9540 fall_recall=0.9559 nfall_recall=0.8674 fall_prec=0.9521 nfall_prec=0.8771 min_pr=0.8674 min_consecutive=1
[2026-05-23 05:56:22] event-level val: videos=2039 f1=0.9536 fall_recall=0.9552 nfall_recall=0.8674 fall_prec=0.9520 nfall_prec=0.8755 min_pr=0.8674 tolerance_windows=2
[2026-05-23 05:56:22] video-level test: videos=1019 f1=0.9412 fall_recall=0.9325 nfall_recall=0.8598 fall_prec=0.9501 nfall_prec=0.8165 min_pr=0.8165 min_consecutive=1
[2026-05-23 05:56:22] event-level test: videos=1019 f1=0.9412 fall_recall=0.9325 nfall_recall=0.8598 fall_prec=0.9501 nfall_prec=0.8165 min_pr=0.8165 tolerance_windows=2
[2026-05-23 05:56:23] === VAL VIDEO-LEVEL REPORT ===
              precision    recall  f1-score   support

           0     0.8771    0.8674    0.8722       543
           1     0.9521    0.9559    0.9540      1496

    accuracy                         0.9323      2039
   macro avg     0.9146    0.9116    0.9131      2039
weighted avg     0.9321    0.9323    0.9322      2039

[2026-05-23 05:56:23] === TEST VIDEO-LEVEL REPORT ===
              precision    recall  f1-score   support

           0     0.8165    0.8598    0.8376       264
           1     0.9501    0.9325    0.9412       755

    accuracy                         0.9136      1019
   macro avg     0.8833    0.8961    0.8894      1019
weighted avg     0.9155    0.9136    0.9144      1019

[2026-05-23 05:56:35] tflite export subprocess exit=0
[2026-05-23 05:56:35]   [tflite] [C-kp7-w50-s42]
[2026-05-23 05:56:35]   [tflite]   Loading model.keras ...
[2026-05-23 05:56:35]   [tflite]     rebuilding with unroll=True for TFLite compatibility
[2026-05-23 05:56:35]   [tflite] Saved artifact at '/tmp/tmplvdy1o2v'. The following endpoints are available:
[2026-05-23 05:56:35]   [tflite] 
[2026-05-23 05:56:35]   [tflite] * Endpoint 'serve'
[2026-05-23 05:56:35]   [tflite]   args_0 (POSITIONAL_ONLY): TensorSpec(shape=(None, 50, 27), dtype=tf.float32, name='pose_sequence')
[2026-05-23 05:56:35]   [tflite] Output Type:
[2026-05-23 05:56:35]   [tflite]   TensorSpec(shape=(None, 2), dtype=tf.float32, name=None)
[2026-05-23 05:56:35]   [tflite] Captures:
[2026-05-23 05:56:35]   [tflite]   126467790624464: TensorSpec(shape=(), dtype=tf.resource, name=None)
[2026-05-23 05:56:35]   [tflite]   126467790625232: TensorSpec(shape=(), dtype=tf.resource, name=None)
[2026-05-23 05:56:35]   [tflite]   126467790625040: TensorSpec(shape=(), dtype=tf.resource, name=None)
[2026-05-23 05:56:35]   [tflite]   126467790625424: TensorSpec(shape=(), dtype=tf.resource, name=None)
[2026-05-23 05:56:35]   [tflite]   126467790623504: TensorSpec(shape=(), dtype=tf.resource, name=None)
[2026-05-23 05:56:35]   [tflite]   126467790625616: TensorSpec(shape=(), dtype=tf.resource, name=None)
[2026-05-23 05:56:35]   [tflite]   126467790626000: TensorSpec(shape=(), dtype=tf.resource, name=None)
[2026-05-23 05:56:35]   [tflite]   126467790625808: TensorSpec(shape=(), dtype=tf.resource, name=None)
[2026-05-23 05:56:35]   [tflite]   126467790624656: TensorSpec(shape=(), dtype=tf.resource, name=None)
[2026-05-23 05:56:35]   [tflite]   126467790626192: TensorSpec(shape=(), dtype=tf.resource, name=None)
[2026-05-23 05:56:35]   [tflite]   126467790626960: TensorSpec(shape=(), dtype=tf.resource, name=None)
[2026-05-23 05:56:35]   [tflite]   126467790628304: TensorSpec(shape=(), dtype=tf.resource, name=None)
[2026-05-23 05:56:35]   [tflite]   126467790627344: TensorSpec(shape=(), dtype=tf.resource, name=None)
[2026-05-23 05:56:35]   [tflite]   126467790627728: TensorSpec(shape=(), dtype=tf.resource, name=None)
[2026-05-23 05:56:35]   [tflite]   126467790627152: TensorSpec(shape=(), dtype=tf.resource, name=None)
[2026-05-23 05:56:35]   [tflite]   126467790628688: TensorSpec(shape=(), dtype=tf.resource, name=None)
[2026-05-23 05:56:35]   [tflite]   126467790628496: TensorSpec(shape=(), dtype=tf.resource, name=None)
[2026-05-23 05:56:35]   [tflite]   126467790629456: TensorSpec(shape=(), dtype=tf.resource, name=None)
[2026-05-23 05:56:35]   [tflite]   126467790626384: TensorSpec(shape=(), dtype=tf.resource, name=None)
[2026-05-23 05:56:35]   [tflite]   126467790628880: TensorSpec(shape=(), dtype=tf.resource, name=None)
[2026-05-23 05:56:35]   [tflite]   126467790629840: TensorSpec(shape=(), dtype=tf.resource, name=None)
[2026-05-23 05:56:35]   [tflite]   126467790630032: TensorSpec(shape=(), dtype=tf.resource, name=None)
[2026-05-23 05:56:35]   [tflite]   126467790628112: TensorSpec(shape=(), dtype=tf.resource, name=None)
[2026-05-23 05:56:35]   [tflite]   126467790630608: TensorSpec(shape=(), dtype=tf.resource, name=None)
[2026-05-23 05:56:35]   [tflite]     fp32 OK (885 KB)
[2026-05-23 05:56:35]   [tflite] Saved artifact at '/tmp/tmpen8opdtg'. The following endpoints are available:
[2026-05-23 05:56:35]   [tflite] 
[2026-05-23 05:56:35]   [tflite] * Endpoint 'serve'
[2026-05-23 05:56:35]   [tflite]   args_0 (POSITIONAL_ONLY): TensorSpec(shape=(None, 50, 27), dtype=tf.float32, name='pose_sequence')
[2026-05-23 05:56:35]   [tflite] Output Type:
[2026-05-23 05:56:35]   [tflite]   TensorSpec(shape=(None, 2), dtype=tf.float32, name=None)
[2026-05-23 05:56:35]   [tflite] Captures:
[2026-05-23 05:56:35]   [tflite]   126467790624464: TensorSpec(shape=(), dtype=tf.resource, name=None)
[2026-05-23 05:56:35]   [tflite]   126467790625232: TensorSpec(shape=(), dtype=tf.resource, name=None)
[2026-05-23 05:56:35]   [tflite]   126467790625040: TensorSpec(shape=(), dtype=tf.resource, name=None)
[2026-05-23 05:56:35]   [tflite]   126467790625424: TensorSpec(shape=(), dtype=tf.resource, name=None)
[2026-05-23 05:56:35]   [tflite]   126467790623504: TensorSpec(shape=(), dtype=tf.resource, name=None)
[2026-05-23 05:56:35]   [tflite]   126467790625616: TensorSpec(shape=(), dtype=tf.resource, name=None)
[2026-05-23 05:56:35]   [tflite]   126467790626000: TensorSpec(shape=(), dtype=tf.resource, name=None)
[2026-05-23 05:56:35]   [tflite]   126467790625808: TensorSpec(shape=(), dtype=tf.resource, name=None)
[2026-05-23 05:56:35]   [tflite]   126467790624656: TensorSpec(shape=(), dtype=tf.resource, name=None)
[2026-05-23 05:56:35]   [tflite]   126467790626192: TensorSpec(shape=(), dtype=tf.resource, name=None)
[2026-05-23 05:56:35]   [tflite]   126467790626960: TensorSpec(shape=(), dtype=tf.resource, name=None)
[2026-05-23 05:56:35]   [tflite]   126467790628304: TensorSpec(shape=(), dtype=tf.resource, name=None)
[2026-05-23 05:56:35]   [tflite]   126467790627344: TensorSpec(shape=(), dtype=tf.resource, name=None)
[2026-05-23 05:56:35]   [tflite]   126467790627728: TensorSpec(shape=(), dtype=tf.resource, name=None)
[2026-05-23 05:56:35]   [tflite]   126467790627152: TensorSpec(shape=(), dtype=tf.resource, name=None)
[2026-05-23 05:56:35]   [tflite]   126467790628688: TensorSpec(shape=(), dtype=tf.resource, name=None)
[2026-05-23 05:56:35]   [tflite]   126467790628496: TensorSpec(shape=(), dtype=tf.resource, name=None)
[2026-05-23 05:56:35]   [tflite]   126467790629456: TensorSpec(shape=(), dtype=tf.resource, name=None)
[2026-05-23 05:56:35]   [tflite]   126467790626384: TensorSpec(shape=(), dtype=tf.resource, name=None)
[2026-05-23 05:56:35]   [tflite]   126467790628880: TensorSpec(shape=(), dtype=tf.resource, name=None)
[2026-05-23 05:56:35]   [tflite]   126467790629840: TensorSpec(shape=(), dtype=tf.resource, name=None)
[2026-05-23 05:56:35]   [tflite]   126467790630032: TensorSpec(shape=(), dtype=tf.resource, name=None)
[2026-05-23 05:56:35]   [tflite]   126467790628112: TensorSpec(shape=(), dtype=tf.resource, name=None)
[2026-05-23 05:56:35]   [tflite]   126467790630608: TensorSpec(shape=(), dtype=tf.resource, name=None)
[2026-05-23 05:56:35]   [tflite]     int8 OK (1553 KB)
[2026-05-23 05:56:35]   [tflite] 
[2026-05-23 05:56:35]   [tflite] Done.
/home/min/Workspace/Graduate-Project/Falling-Model-Development/.venv/lib/python3.13/site-packages/tensorflow/lite/python/interpreter.py:457: UserWarning:     Warning: tf.lite.Interpreter is deprecated and is scheduled for deletion in
    TF 2.20. Please use the LiteRT interpreter from the ai_edge_litert package.
    See the [migration guide](https://ai.google.dev/edge/litert/migration)
    for details.
    
  warnings.warn(_INTERPRETER_DELETION_WARNING)
INFO: Created TensorFlow Lite XNNPACK delegate for CPU.
[2026-05-23 05:56:37] done C-kp7-w50-s42 val_f1=0.8670 (video=0.9540) test_f1=0.8538 (video=0.9412) test_min_pr=0.8165 threshold=0.600 min_consecutive=1
