WARNING: All log messages before absl::InitializeLog() is called are written to STDERR
I0000 00:00:1779483399.246285  281001 cpu_feature_guard.cc:227] This TensorFlow binary is optimized to use available CPU instructions in performance-critical operations.
To enable the following instructions: AVX2 FMA, in other operations, rebuild TensorFlow with the appropriate compiler flags.
[2026-05-23 05:56:40] loading train split=/home/min/Workspace/Graduate-Project/Falling-Model-Development/dataset/splits_v2_filtered/train.csv
[2026-05-23 05:56:52] train rows=1,208,593 videos=6,022 features=27 data_scope=all
[2026-05-23 05:56:52] loading val split=/home/min/Workspace/Graduate-Project/Falling-Model-Development/dataset/splits_v2_filtered/val.csv
[2026-05-23 05:56:56] val rows=345,348 videos=1,720 features=27 data_scope=all
[2026-05-23 05:56:56] loading test split=/home/min/Workspace/Graduate-Project/Falling-Model-Development/dataset/splits_v2_filtered/test.csv
[2026-05-23 05:56:57] test rows=173,653 videos=864 features=27 data_scope=all
[2026-05-23 05:57:11] train windows=351,795 positive=212,231 videos=6,022
[2026-05-23 05:57:14] val windows=70,520 positive=30,662 videos=1,720
[2026-05-23 05:57:16] test windows=35,424 positive=15,286 videos=864
I0000 00:00:1779483441.472257  281001 gpu_device.cc:2043] Created device /job:localhost/replica:0/task:0/device:GPU:0 with 6623 MB memory:  -> device: 0, name: NVIDIA GeForce RTX 2060 SUPER, pci bus id: 0000:05:00.0, compute capability: 7.5
W0000 00:00:1779483442.907998  281001 cpu_allocator_impl.cc:82] Allocation of 1519754400 exceeds 10% of free system memory.
W0000 00:00:1779483444.216375  281001 cpu_allocator_impl.cc:82] Allocation of 1519754400 exceeds 10% of free system memory.
W0000 00:00:1779483446.385427  281001 cpu_allocator_impl.cc:82] Allocation of 1519754400 exceeds 10% of free system memory.
I0000 00:00:1779483448.849056  281095 cuda_dnn.cc:461] Loaded cuDNN version 92200
[2026-05-23 06:06:29] ValMinPR: restored best weights (val_video_min_pr=0.9236)
W0000 00:00:1779483990.420168  281001 cpu_allocator_impl.cc:82] Allocation of 1519754400 exceeds 10% of free system memory.
W0000 00:00:1779483991.720135  281001 cpu_allocator_impl.cc:82] Allocation of 1519754400 exceeds 10% of free system memory.
[2026-05-23 06:06:53] video-level val: videos=1720 f1=0.9720 fall_recall=0.9712 nfall_recall=0.9275 fall_prec=0.9728 nfall_prec=0.9236 min_pr=0.9236 min_consecutive=5
[2026-05-23 06:06:53] event-level val: videos=1720 f1=0.9720 fall_recall=0.9712 nfall_recall=0.9275 fall_prec=0.9728 nfall_prec=0.9236 min_pr=0.9236 tolerance_windows=2
[2026-05-23 06:06:54] video-level test: videos=864 f1=0.9608 fall_recall=0.9539 nfall_recall=0.9149 fall_prec=0.9677 nfall_prec=0.8811 min_pr=0.8811 min_consecutive=5
[2026-05-23 06:06:54] event-level test: videos=864 f1=0.9608 fall_recall=0.9539 nfall_recall=0.9149 fall_prec=0.9677 nfall_prec=0.8811 min_pr=0.8811 tolerance_windows=2
[2026-05-23 06:06:54] === VAL VIDEO-LEVEL REPORT ===
              precision    recall  f1-score   support

           0     0.9236    0.9275    0.9255       469
           1     0.9728    0.9712    0.9720      1251

    accuracy                         0.9593      1720
   macro avg     0.9482    0.9494    0.9488      1720
weighted avg     0.9594    0.9593    0.9593      1720

[2026-05-23 06:06:54] === TEST VIDEO-LEVEL REPORT ===
              precision    recall  f1-score   support

           0     0.8811    0.9149    0.8977       235
           1     0.9677    0.9539    0.9608       629

    accuracy                         0.9433       864
   macro avg     0.9244    0.9344    0.9292       864
weighted avg     0.9442    0.9433    0.9436       864

[2026-05-23 06:07:05] tflite export subprocess exit=0
[2026-05-23 06:07:05]   [tflite] [D-kp7-w40-s42]
[2026-05-23 06:07:05]   [tflite]   Loading model.keras ...
[2026-05-23 06:07:05]   [tflite]     rebuilding with unroll=True for TFLite compatibility
[2026-05-23 06:07:05]   [tflite] Saved artifact at '/tmp/tmpgeay27yb'. The following endpoints are available:
[2026-05-23 06:07:05]   [tflite] 
[2026-05-23 06:07:05]   [tflite] * Endpoint 'serve'
[2026-05-23 06:07:05]   [tflite]   args_0 (POSITIONAL_ONLY): TensorSpec(shape=(None, 40, 27), dtype=tf.float32, name='pose_sequence')
[2026-05-23 06:07:05]   [tflite] Output Type:
[2026-05-23 06:07:05]   [tflite]   TensorSpec(shape=(None, 2), dtype=tf.float32, name=None)
[2026-05-23 06:07:05]   [tflite] Captures:
[2026-05-23 06:07:05]   [tflite]   136882364552912: TensorSpec(shape=(), dtype=tf.resource, name=None)
[2026-05-23 06:07:05]   [tflite]   136882364553680: TensorSpec(shape=(), dtype=tf.resource, name=None)
[2026-05-23 06:07:05]   [tflite]   136882364553488: TensorSpec(shape=(), dtype=tf.resource, name=None)
[2026-05-23 06:07:05]   [tflite]   136882364553872: TensorSpec(shape=(), dtype=tf.resource, name=None)
[2026-05-23 06:07:05]   [tflite]   136882364551952: TensorSpec(shape=(), dtype=tf.resource, name=None)
[2026-05-23 06:07:05]   [tflite]   136882364554064: TensorSpec(shape=(), dtype=tf.resource, name=None)
[2026-05-23 06:07:05]   [tflite]   136882364554448: TensorSpec(shape=(), dtype=tf.resource, name=None)
[2026-05-23 06:07:05]   [tflite]   136882364554256: TensorSpec(shape=(), dtype=tf.resource, name=None)
[2026-05-23 06:07:05]   [tflite]   136882364553104: TensorSpec(shape=(), dtype=tf.resource, name=None)
[2026-05-23 06:07:05]   [tflite]   136882364554640: TensorSpec(shape=(), dtype=tf.resource, name=None)
[2026-05-23 06:07:05]   [tflite]   136882364555408: TensorSpec(shape=(), dtype=tf.resource, name=None)
[2026-05-23 06:07:05]   [tflite]   136882364556752: TensorSpec(shape=(), dtype=tf.resource, name=None)
[2026-05-23 06:07:05]   [tflite]   136882364555792: TensorSpec(shape=(), dtype=tf.resource, name=None)
[2026-05-23 06:07:05]   [tflite]   136882364556176: TensorSpec(shape=(), dtype=tf.resource, name=None)
[2026-05-23 06:07:05]   [tflite]   136882364555600: TensorSpec(shape=(), dtype=tf.resource, name=None)
[2026-05-23 06:07:05]   [tflite]   136882364557136: TensorSpec(shape=(), dtype=tf.resource, name=None)
[2026-05-23 06:07:05]   [tflite]   136882364556944: TensorSpec(shape=(), dtype=tf.resource, name=None)
[2026-05-23 06:07:05]   [tflite]   136882364557904: TensorSpec(shape=(), dtype=tf.resource, name=None)
[2026-05-23 06:07:05]   [tflite]   136882364554832: TensorSpec(shape=(), dtype=tf.resource, name=None)
[2026-05-23 06:07:05]   [tflite]   136882364557328: TensorSpec(shape=(), dtype=tf.resource, name=None)
[2026-05-23 06:07:05]   [tflite]   136882364558288: TensorSpec(shape=(), dtype=tf.resource, name=None)
[2026-05-23 06:07:05]   [tflite]   136882364558480: TensorSpec(shape=(), dtype=tf.resource, name=None)
[2026-05-23 06:07:05]   [tflite]   136882364556560: TensorSpec(shape=(), dtype=tf.resource, name=None)
[2026-05-23 06:07:05]   [tflite]   136882364559056: TensorSpec(shape=(), dtype=tf.resource, name=None)
[2026-05-23 06:07:05]   [tflite]     fp32 OK (818 KB)
[2026-05-23 06:07:05]   [tflite] Saved artifact at '/tmp/tmpltqcsde8'. The following endpoints are available:
[2026-05-23 06:07:05]   [tflite] 
[2026-05-23 06:07:05]   [tflite] * Endpoint 'serve'
[2026-05-23 06:07:05]   [tflite]   args_0 (POSITIONAL_ONLY): TensorSpec(shape=(None, 40, 27), dtype=tf.float32, name='pose_sequence')
[2026-05-23 06:07:05]   [tflite] Output Type:
[2026-05-23 06:07:05]   [tflite]   TensorSpec(shape=(None, 2), dtype=tf.float32, name=None)
[2026-05-23 06:07:05]   [tflite] Captures:
[2026-05-23 06:07:05]   [tflite]   136882364552912: TensorSpec(shape=(), dtype=tf.resource, name=None)
[2026-05-23 06:07:05]   [tflite]   136882364553680: TensorSpec(shape=(), dtype=tf.resource, name=None)
[2026-05-23 06:07:05]   [tflite]   136882364553488: TensorSpec(shape=(), dtype=tf.resource, name=None)
[2026-05-23 06:07:05]   [tflite]   136882364553872: TensorSpec(shape=(), dtype=tf.resource, name=None)
[2026-05-23 06:07:05]   [tflite]   136882364551952: TensorSpec(shape=(), dtype=tf.resource, name=None)
[2026-05-23 06:07:05]   [tflite]   136882364554064: TensorSpec(shape=(), dtype=tf.resource, name=None)
[2026-05-23 06:07:05]   [tflite]   136882364554448: TensorSpec(shape=(), dtype=tf.resource, name=None)
[2026-05-23 06:07:05]   [tflite]   136882364554256: TensorSpec(shape=(), dtype=tf.resource, name=None)
[2026-05-23 06:07:05]   [tflite]   136882364553104: TensorSpec(shape=(), dtype=tf.resource, name=None)
[2026-05-23 06:07:05]   [tflite]   136882364554640: TensorSpec(shape=(), dtype=tf.resource, name=None)
[2026-05-23 06:07:05]   [tflite]   136882364555408: TensorSpec(shape=(), dtype=tf.resource, name=None)
[2026-05-23 06:07:05]   [tflite]   136882364556752: TensorSpec(shape=(), dtype=tf.resource, name=None)
[2026-05-23 06:07:05]   [tflite]   136882364555792: TensorSpec(shape=(), dtype=tf.resource, name=None)
[2026-05-23 06:07:05]   [tflite]   136882364556176: TensorSpec(shape=(), dtype=tf.resource, name=None)
[2026-05-23 06:07:05]   [tflite]   136882364555600: TensorSpec(shape=(), dtype=tf.resource, name=None)
[2026-05-23 06:07:05]   [tflite]   136882364557136: TensorSpec(shape=(), dtype=tf.resource, name=None)
[2026-05-23 06:07:05]   [tflite]   136882364556944: TensorSpec(shape=(), dtype=tf.resource, name=None)
[2026-05-23 06:07:05]   [tflite]   136882364557904: TensorSpec(shape=(), dtype=tf.resource, name=None)
[2026-05-23 06:07:05]   [tflite]   136882364554832: TensorSpec(shape=(), dtype=tf.resource, name=None)
[2026-05-23 06:07:05]   [tflite]   136882364557328: TensorSpec(shape=(), dtype=tf.resource, name=None)
[2026-05-23 06:07:05]   [tflite]   136882364558288: TensorSpec(shape=(), dtype=tf.resource, name=None)
[2026-05-23 06:07:05]   [tflite]   136882364558480: TensorSpec(shape=(), dtype=tf.resource, name=None)
[2026-05-23 06:07:05]   [tflite]   136882364556560: TensorSpec(shape=(), dtype=tf.resource, name=None)
[2026-05-23 06:07:05]   [tflite]   136882364559056: TensorSpec(shape=(), dtype=tf.resource, name=None)
[2026-05-23 06:07:05]   [tflite]     int8 OK (1260 KB)
[2026-05-23 06:07:05]   [tflite] 
[2026-05-23 06:07:05]   [tflite] Done.
/home/min/Workspace/Graduate-Project/Falling-Model-Development/.venv/lib/python3.13/site-packages/tensorflow/lite/python/interpreter.py:457: UserWarning:     Warning: tf.lite.Interpreter is deprecated and is scheduled for deletion in
    TF 2.20. Please use the LiteRT interpreter from the ai_edge_litert package.
    See the [migration guide](https://ai.google.dev/edge/litert/migration)
    for details.
    
  warnings.warn(_INTERPRETER_DELETION_WARNING)
INFO: Created TensorFlow Lite XNNPACK delegate for CPU.
[2026-05-23 06:07:06] done D-kp7-w40-s42 val_f1=0.9067 (video=0.9720) test_f1=0.8920 (video=0.9608) test_min_pr=0.8811 threshold=0.550 min_consecutive=5
