WARNING: All log messages before absl::InitializeLog() is called are written to STDERR
I0000 00:00:1778911875.262316  193364 cpu_feature_guard.cc:227] This TensorFlow binary is optimized to use available CPU instructions in performance-critical operations.
To enable the following instructions: AVX2 FMA, in other operations, rebuild TensorFlow with the appropriate compiler flags.
[2026-05-16 15:11:16] loading train split=/home/min/Workspace/Graduate-Project/Falling-Model-Development/dataset/splits_v2_class_balanced_filtered/train.csv
[2026-05-16 15:11:29] train rows=1,211,093 videos=6,039 features=27 data_scope=all
[2026-05-16 15:11:29] loading val split=/home/min/Workspace/Graduate-Project/Falling-Model-Development/dataset/splits_v2_class_balanced_filtered/val.csv
[2026-05-16 15:11:32] val rows=344,292 videos=1,714 features=27 data_scope=all
[2026-05-16 15:11:32] loading test split=/home/min/Workspace/Graduate-Project/Falling-Model-Development/dataset/splits_v2_class_balanced_filtered/test.csv
[2026-05-16 15:11:33] test rows=172,209 videos=853 features=27 data_scope=all
[2026-05-16 15:11:47] train windows=353,150 positive=213,662 videos=6,039
[2026-05-16 15:11:50] val windows=70,274 positive=30,106 videos=1,714
[2026-05-16 15:11:51] test windows=34,973 positive=15,069 videos=853
I0000 00:00:1778911914.789806  193364 gpu_device.cc:2043] Created device /job:localhost/replica:0/task:0/device:GPU:0 with 6623 MB memory:  -> device: 0, name: NVIDIA GeForce RTX 2060 SUPER, pci bus id: 0000:05:00.0, compute capability: 7.5
W0000 00:00:1778911915.711982  193364 cpu_allocator_impl.cc:82] Allocation of 1525608000 exceeds 10% of free system memory.
W0000 00:00:1778911916.958325  193364 cpu_allocator_impl.cc:82] Allocation of 1525608000 exceeds 10% of free system memory.
W0000 00:00:1778911918.897568  193364 cpu_allocator_impl.cc:82] Allocation of 1525608000 exceeds 10% of free system memory.
I0000 00:00:1778911921.414768  193441 cuda_dnn.cc:461] Loaded cuDNN version 92200
W0000 00:00:1778912274.051854  193364 cpu_allocator_impl.cc:82] Allocation of 1525608000 exceeds 10% of free system memory.
W0000 00:00:1778912275.369696  193364 cpu_allocator_impl.cc:82] Allocation of 1525608000 exceeds 10% of free system memory.
[2026-05-16 15:19:08] video-level val: videos=1714 f1=0.9703 fall_recall=0.9726 nfall_recall=0.9154 fall_prec=0.9679 nfall_prec=0.9272 min_pr=0.9154 min_consecutive=3
[2026-05-16 15:19:08] event-level val: videos=1714 f1=0.9698 fall_recall=0.9718 nfall_recall=0.9154 fall_prec=0.9679 nfall_prec=0.9252 min_pr=0.9154 tolerance_windows=2
[2026-05-16 15:19:08] video-level test: videos=853 f1=0.9701 fall_recall=0.9678 nfall_recall=0.9267 fall_prec=0.9725 nfall_prec=0.9149 min_pr=0.9149 min_consecutive=3
[2026-05-16 15:19:09] event-level test: videos=853 f1=0.9693 fall_recall=0.9662 nfall_recall=0.9267 fall_prec=0.9724 nfall_prec=0.9110 min_pr=0.9110 tolerance_windows=2
[2026-05-16 15:19:09] === VAL VIDEO-LEVEL REPORT ===
              precision    recall  f1-score   support

           0     0.9272    0.9154    0.9213       473
           1     0.9679    0.9726    0.9703      1241

    accuracy                         0.9568      1714
   macro avg     0.9476    0.9440    0.9458      1714
weighted avg     0.9567    0.9568    0.9567      1714

[2026-05-16 15:19:09] === TEST VIDEO-LEVEL REPORT ===
              precision    recall  f1-score   support

           0     0.9149    0.9267    0.9208       232
           1     0.9725    0.9678    0.9701       621

    accuracy                         0.9566       853
   macro avg     0.9437    0.9473    0.9455       853
weighted avg     0.9568    0.9566    0.9567       853

[2026-05-16 15:19:09] done P32-fl-1 val_f1=0.8895 (video=0.9703) test_f1=0.8837 (video=0.9701) test_min_pr=0.9149 threshold=0.500 min_consecutive=3
