WARNING: All log messages before absl::InitializeLog() is called are written to STDERR
I0000 00:00:1778912752.862089  199304 cpu_feature_guard.cc:227] This TensorFlow binary is optimized to use available CPU instructions in performance-critical operations.
To enable the following instructions: AVX2 FMA, in other operations, rebuild TensorFlow with the appropriate compiler flags.
[2026-05-16 15:25:54] loading train split=/home/min/Workspace/Graduate-Project/Falling-Model-Development/dataset/splits_v2_class_balanced_filtered/train.csv
[2026-05-16 15:26:06] train rows=1,211,093 videos=6,039 features=27 data_scope=all
[2026-05-16 15:26:06] loading val split=/home/min/Workspace/Graduate-Project/Falling-Model-Development/dataset/splits_v2_class_balanced_filtered/val.csv
[2026-05-16 15:26:09] val rows=344,292 videos=1,714 features=27 data_scope=all
[2026-05-16 15:26:09] loading test split=/home/min/Workspace/Graduate-Project/Falling-Model-Development/dataset/splits_v2_class_balanced_filtered/test.csv
[2026-05-16 15:26:11] test rows=172,209 videos=853 features=27 data_scope=all
[2026-05-16 15:26:24] train windows=353,150 positive=213,662 videos=6,039
[2026-05-16 15:26:27] val windows=70,274 positive=30,106 videos=1,714
[2026-05-16 15:26:28] test windows=34,973 positive=15,069 videos=853
I0000 00:00:1778912791.605608  199304 gpu_device.cc:2043] Created device /job:localhost/replica:0/task:0/device:GPU:0 with 6623 MB memory:  -> device: 0, name: NVIDIA GeForce RTX 2060 SUPER, pci bus id: 0000:05:00.0, compute capability: 7.5
W0000 00:00:1778912792.534262  199304 cpu_allocator_impl.cc:82] Allocation of 1525608000 exceeds 10% of free system memory.
W0000 00:00:1778912793.798175  199304 cpu_allocator_impl.cc:82] Allocation of 1525608000 exceeds 10% of free system memory.
W0000 00:00:1778912795.731561  199304 cpu_allocator_impl.cc:82] Allocation of 1525608000 exceeds 10% of free system memory.
I0000 00:00:1778912798.247633  199390 cuda_dnn.cc:461] Loaded cuDNN version 92200
W0000 00:00:1778913075.940092  199304 cpu_allocator_impl.cc:82] Allocation of 1525608000 exceeds 10% of free system memory.
W0000 00:00:1778913077.223909  199304 cpu_allocator_impl.cc:82] Allocation of 1525608000 exceeds 10% of free system memory.
[2026-05-16 15:32:30] video-level val: videos=1714 f1=0.9702 fall_recall=0.9710 nfall_recall=0.9197 fall_prec=0.9694 nfall_prec=0.9236 min_pr=0.9197 min_consecutive=2
[2026-05-16 15:32:30] event-level val: videos=1714 f1=0.9702 fall_recall=0.9710 nfall_recall=0.9197 fall_prec=0.9694 nfall_prec=0.9236 min_pr=0.9197 tolerance_windows=2
[2026-05-16 15:32:30] video-level test: videos=853 f1=0.9668 fall_recall=0.9614 nfall_recall=0.9267 fall_prec=0.9723 nfall_prec=0.8996 min_pr=0.8996 min_consecutive=2
[2026-05-16 15:32:31] event-level test: videos=853 f1=0.9651 fall_recall=0.9581 nfall_recall=0.9267 fall_prec=0.9722 nfall_prec=0.8921 min_pr=0.8921 tolerance_windows=2
[2026-05-16 15:32:31] === VAL VIDEO-LEVEL REPORT ===
              precision    recall  f1-score   support

           0     0.9236    0.9197    0.9216       473
           1     0.9694    0.9710    0.9702      1241

    accuracy                         0.9568      1714
   macro avg     0.9465    0.9453    0.9459      1714
weighted avg     0.9568    0.9568    0.9568      1714

[2026-05-16 15:32:31] === TEST VIDEO-LEVEL REPORT ===
              precision    recall  f1-score   support

           0     0.8996    0.9267    0.9130       232
           1     0.9723    0.9614    0.9668       621

    accuracy                         0.9519       853
   macro avg     0.9359    0.9440    0.9399       853
weighted avg     0.9525    0.9519    0.9522       853

[2026-05-16 15:32:31] done P32-fl-3 val_f1=0.8663 (video=0.9702) test_f1=0.8548 (video=0.9668) test_min_pr=0.8996 threshold=0.525 min_consecutive=2
