WARNING: All log messages before absl::InitializeLog() is called are written to STDERR
I0000 00:00:1778910997.956092  187403 cpu_feature_guard.cc:227] This TensorFlow binary is optimized to use available CPU instructions in performance-critical operations.
To enable the following instructions: AVX2 FMA, in other operations, rebuild TensorFlow with the appropriate compiler flags.
[2026-05-16 14:56:39] loading train split=/home/min/Workspace/Graduate-Project/Falling-Model-Development/dataset/splits_v2_class_balanced_filtered/train.csv
[2026-05-16 14:56:51] train rows=1,211,093 videos=6,039 features=27 data_scope=all
[2026-05-16 14:56:51] loading val split=/home/min/Workspace/Graduate-Project/Falling-Model-Development/dataset/splits_v2_class_balanced_filtered/val.csv
[2026-05-16 14:56:55] val rows=344,292 videos=1,714 features=27 data_scope=all
[2026-05-16 14:56:55] loading test split=/home/min/Workspace/Graduate-Project/Falling-Model-Development/dataset/splits_v2_class_balanced_filtered/test.csv
[2026-05-16 14:56:56] test rows=172,209 videos=853 features=27 data_scope=all
[2026-05-16 14:57:10] train windows=353,150 positive=213,662 videos=6,039
[2026-05-16 14:57:13] val windows=70,274 positive=30,106 videos=1,714
[2026-05-16 14:57:14] test windows=34,973 positive=15,069 videos=853
I0000 00:00:1778911037.965528  187403 gpu_device.cc:2043] Created device /job:localhost/replica:0/task:0/device:GPU:0 with 6623 MB memory:  -> device: 0, name: NVIDIA GeForce RTX 2060 SUPER, pci bus id: 0000:05:00.0, compute capability: 7.5
W0000 00:00:1778911038.897041  187403 cpu_allocator_impl.cc:82] Allocation of 1525608000 exceeds 10% of free system memory.
W0000 00:00:1778911040.230182  187403 cpu_allocator_impl.cc:82] Allocation of 1525608000 exceeds 10% of free system memory.
W0000 00:00:1778911042.154194  187403 cpu_allocator_impl.cc:82] Allocation of 1525608000 exceeds 10% of free system memory.
I0000 00:00:1778911044.663816  187478 cuda_dnn.cc:461] Loaded cuDNN version 92200
W0000 00:00:1778911331.904117  187403 cpu_allocator_impl.cc:82] Allocation of 1525608000 exceeds 10% of free system memory.
W0000 00:00:1778911333.212814  187403 cpu_allocator_impl.cc:82] Allocation of 1525608000 exceeds 10% of free system memory.
[2026-05-16 15:03:25] video-level val: videos=1714 f1=0.9670 fall_recall=0.9670 nfall_recall=0.9133 fall_prec=0.9670 nfall_prec=0.9133 min_pr=0.9133 min_consecutive=2
[2026-05-16 15:03:26] event-level val: videos=1714 f1=0.9670 fall_recall=0.9670 nfall_recall=0.9133 fall_prec=0.9670 nfall_prec=0.9133 min_pr=0.9133 tolerance_windows=2
[2026-05-16 15:03:26] video-level test: videos=853 f1=0.9719 fall_recall=0.9758 nfall_recall=0.9138 fall_prec=0.9681 nfall_prec=0.9339 min_pr=0.9138 min_consecutive=2
[2026-05-16 15:03:27] event-level test: videos=853 f1=0.9703 fall_recall=0.9726 nfall_recall=0.9138 fall_prec=0.9679 nfall_prec=0.9258 min_pr=0.9138 tolerance_windows=2
[2026-05-16 15:03:27] === VAL VIDEO-LEVEL REPORT ===
              precision    recall  f1-score   support

           0     0.9133    0.9133    0.9133       473
           1     0.9670    0.9670    0.9670      1241

    accuracy                         0.9522      1714
   macro avg     0.9401    0.9401    0.9401      1714
weighted avg     0.9522    0.9522    0.9522      1714

[2026-05-16 15:03:27] === TEST VIDEO-LEVEL REPORT ===
              precision    recall  f1-score   support

           0     0.9339    0.9138    0.9237       232
           1     0.9681    0.9758    0.9719       621

    accuracy                         0.9590       853
   macro avg     0.9510    0.9448    0.9478       853
weighted avg     0.9588    0.9590    0.9588       853

[2026-05-16 15:03:27] done P32-ce-42 val_f1=0.8712 (video=0.9670) test_f1=0.8652 (video=0.9719) test_min_pr=0.9138 threshold=0.850 min_consecutive=2
