WARNING: All log messages before absl::InitializeLog() is called are written to STDERR
I0000 00:00:1778911409.057230  190125 cpu_feature_guard.cc:227] This TensorFlow binary is optimized to use available CPU instructions in performance-critical operations.
To enable the following instructions: AVX2 FMA, in other operations, rebuild TensorFlow with the appropriate compiler flags.
[2026-05-16 15:03:30] loading train split=/home/min/Workspace/Graduate-Project/Falling-Model-Development/dataset/splits_v2_class_balanced_filtered/train.csv
[2026-05-16 15:03:42] train rows=1,211,093 videos=6,039 features=27 data_scope=all
[2026-05-16 15:03:42] loading val split=/home/min/Workspace/Graduate-Project/Falling-Model-Development/dataset/splits_v2_class_balanced_filtered/val.csv
[2026-05-16 15:03:46] val rows=344,292 videos=1,714 features=27 data_scope=all
[2026-05-16 15:03:46] loading test split=/home/min/Workspace/Graduate-Project/Falling-Model-Development/dataset/splits_v2_class_balanced_filtered/test.csv
[2026-05-16 15:03:47] test rows=172,209 videos=853 features=27 data_scope=all
[2026-05-16 15:04:00] train windows=353,150 positive=213,662 videos=6,039
[2026-05-16 15:04:03] val windows=70,274 positive=30,106 videos=1,714
[2026-05-16 15:04:05] test windows=34,973 positive=15,069 videos=853
I0000 00:00:1778911448.591832  190125 gpu_device.cc:2043] Created device /job:localhost/replica:0/task:0/device:GPU:0 with 6623 MB memory:  -> device: 0, name: NVIDIA GeForce RTX 2060 SUPER, pci bus id: 0000:05:00.0, compute capability: 7.5
W0000 00:00:1778911449.521825  190125 cpu_allocator_impl.cc:82] Allocation of 1525608000 exceeds 10% of free system memory.
W0000 00:00:1778911450.780548  190125 cpu_allocator_impl.cc:82] Allocation of 1525608000 exceeds 10% of free system memory.
W0000 00:00:1778911452.703132  190125 cpu_allocator_impl.cc:82] Allocation of 1525608000 exceeds 10% of free system memory.
I0000 00:00:1778911455.179085  190318 cuda_dnn.cc:461] Loaded cuDNN version 92200
W0000 00:00:1778911798.239406  190125 cpu_allocator_impl.cc:82] Allocation of 1525608000 exceeds 10% of free system memory.
W0000 00:00:1778911799.519194  190125 cpu_allocator_impl.cc:82] Allocation of 1525608000 exceeds 10% of free system memory.
[2026-05-16 15:11:12] video-level val: videos=1714 f1=0.9718 fall_recall=0.9718 nfall_recall=0.9260 fall_prec=0.9718 nfall_prec=0.9260 min_pr=0.9260 min_consecutive=4
[2026-05-16 15:11:12] event-level val: videos=1714 f1=0.9718 fall_recall=0.9718 nfall_recall=0.9260 fall_prec=0.9718 nfall_prec=0.9260 min_pr=0.9260 tolerance_windows=2
[2026-05-16 15:11:13] video-level test: videos=853 f1=0.9637 fall_recall=0.9614 nfall_recall=0.9095 fall_prec=0.9660 nfall_prec=0.8979 min_pr=0.8979 min_consecutive=4
[2026-05-16 15:11:13] event-level test: videos=853 f1=0.9628 fall_recall=0.9597 nfall_recall=0.9095 fall_prec=0.9660 nfall_prec=0.8941 min_pr=0.8941 tolerance_windows=2
[2026-05-16 15:11:13] === VAL VIDEO-LEVEL REPORT ===
              precision    recall  f1-score   support

           0     0.9260    0.9260    0.9260       473
           1     0.9718    0.9718    0.9718      1241

    accuracy                         0.9592      1714
   macro avg     0.9489    0.9489    0.9489      1714
weighted avg     0.9592    0.9592    0.9592      1714

[2026-05-16 15:11:13] === TEST VIDEO-LEVEL REPORT ===
              precision    recall  f1-score   support

           0     0.8979    0.9095    0.9036       232
           1     0.9660    0.9614    0.9637       621

    accuracy                         0.9472       853
   macro avg     0.9319    0.9354    0.9337       853
weighted avg     0.9475    0.9472    0.9474       853

[2026-05-16 15:11:13] done P32-ce-1 val_f1=0.8982 (video=0.9718) test_f1=0.8865 (video=0.9637) test_min_pr=0.8979 threshold=0.750 min_consecutive=4
