WARNING: All log messages before absl::InitializeLog() is called are written to STDERR
I0000 00:00:1778913153.100466  202833 cpu_feature_guard.cc:227] This TensorFlow binary is optimized to use available CPU instructions in performance-critical operations.
To enable the following instructions: AVX2 FMA, in other operations, rebuild TensorFlow with the appropriate compiler flags.
[2026-05-16 15:32:34] loading train split=/home/min/Workspace/Graduate-Project/Falling-Model-Development/dataset/splits_v2_class_balanced_filtered/train.csv
[2026-05-16 15:32:46] train rows=1,211,093 videos=6,039 features=27 data_scope=all
[2026-05-16 15:32:46] loading val split=/home/min/Workspace/Graduate-Project/Falling-Model-Development/dataset/splits_v2_class_balanced_filtered/val.csv
[2026-05-16 15:32:49] val rows=344,292 videos=1,714 features=27 data_scope=all
[2026-05-16 15:32:49] loading test split=/home/min/Workspace/Graduate-Project/Falling-Model-Development/dataset/splits_v2_class_balanced_filtered/test.csv
[2026-05-16 15:32:51] test rows=172,209 videos=853 features=27 data_scope=all
[2026-05-16 15:33:04] train windows=353,150 positive=213,662 videos=6,039
[2026-05-16 15:33:07] val windows=70,274 positive=30,106 videos=1,714
[2026-05-16 15:33:09] test windows=34,973 positive=15,069 videos=853
I0000 00:00:1778913192.302501  202833 gpu_device.cc:2043] Created device /job:localhost/replica:0/task:0/device:GPU:0 with 6623 MB memory:  -> device: 0, name: NVIDIA GeForce RTX 2060 SUPER, pci bus id: 0000:05:00.0, compute capability: 7.5
W0000 00:00:1778913193.232720  202833 cpu_allocator_impl.cc:82] Allocation of 1525608000 exceeds 10% of free system memory.
W0000 00:00:1778913194.498365  202833 cpu_allocator_impl.cc:82] Allocation of 1525608000 exceeds 10% of free system memory.
W0000 00:00:1778913196.448512  202833 cpu_allocator_impl.cc:82] Allocation of 1525608000 exceeds 10% of free system memory.
I0000 00:00:1778913198.958515  203010 cuda_dnn.cc:461] Loaded cuDNN version 92200
W0000 00:00:1778913672.583939  202833 cpu_allocator_impl.cc:82] Allocation of 1525608000 exceeds 10% of free system memory.
W0000 00:00:1778913673.846638  202833 cpu_allocator_impl.cc:82] Allocation of 1525608000 exceeds 10% of free system memory.
[2026-05-16 15:42:30] video-level val: videos=1714 f1=0.9658 fall_recall=0.9670 nfall_recall=0.9070 fall_prec=0.9646 nfall_prec=0.9128 min_pr=0.9070 min_consecutive=3
[2026-05-16 15:42:30] event-level val: videos=1714 f1=0.9658 fall_recall=0.9670 nfall_recall=0.9070 fall_prec=0.9646 nfall_prec=0.9128 min_pr=0.9070 tolerance_windows=2
[2026-05-16 15:42:30] video-level test: videos=853 f1=0.9663 fall_recall=0.9710 nfall_recall=0.8966 fall_prec=0.9617 nfall_prec=0.9204 min_pr=0.8966 min_consecutive=3
[2026-05-16 15:42:31] event-level test: videos=853 f1=0.9655 fall_recall=0.9694 nfall_recall=0.8966 fall_prec=0.9617 nfall_prec=0.9163 min_pr=0.8966 tolerance_windows=2
[2026-05-16 15:42:31] === VAL VIDEO-LEVEL REPORT ===
              precision    recall  f1-score   support

           0     0.9128    0.9070    0.9099       473
           1     0.9646    0.9670    0.9658      1241

    accuracy                         0.9504      1714
   macro avg     0.9387    0.9370    0.9378      1714
weighted avg     0.9503    0.9504    0.9504      1714

[2026-05-16 15:42:31] === TEST VIDEO-LEVEL REPORT ===
              precision    recall  f1-score   support

           0     0.9204    0.8966    0.9083       232
           1     0.9617    0.9710    0.9663       621

    accuracy                         0.9508       853
   macro avg     0.9410    0.9338    0.9373       853
weighted avg     0.9505    0.9508    0.9506       853

[2026-05-16 15:42:31] done P32-256-42 val_f1=0.8891 (video=0.9658) test_f1=0.8798 (video=0.9663) test_min_pr=0.8966 threshold=0.500 min_consecutive=3
