WARNING: All log messages before absl::InitializeLog() is called are written to STDERR
I0000 00:00:1778868942.388288   29063 cpu_feature_guard.cc:227] This TensorFlow binary is optimized to use available CPU instructions in performance-critical operations.
To enable the following instructions: AVX2 FMA, in other operations, rebuild TensorFlow with the appropriate compiler flags.
[2026-05-16 03:15:43] loading train split=/home/min/Workspace/Graduate-Project/Falling-Model-Development/dataset/splits_v2_class_balanced_filtered/train.csv
[2026-05-16 03:15:55] train rows=1,211,093 videos=6,039 features=27 data_scope=all
[2026-05-16 03:15:55] loading val split=/home/min/Workspace/Graduate-Project/Falling-Model-Development/dataset/splits_v2_class_balanced_filtered/val.csv
[2026-05-16 03:15:58] val rows=344,292 videos=1,714 features=27 data_scope=all
[2026-05-16 03:15:58] loading test split=/home/min/Workspace/Graduate-Project/Falling-Model-Development/dataset/splits_v2_class_balanced_filtered/test.csv
[2026-05-16 03:16:00] test rows=172,209 videos=853 features=27 data_scope=all
[2026-05-16 03:16:13] train windows=353,150 positive=213,662 videos=6,039
[2026-05-16 03:16:16] val windows=70,274 positive=30,106 videos=1,714
[2026-05-16 03:16:18] test windows=34,973 positive=15,069 videos=853
I0000 00:00:1778868980.843873   29063 gpu_device.cc:2043] Created device /job:localhost/replica:0/task:0/device:GPU:0 with 6623 MB memory:  -> device: 0, name: NVIDIA GeForce RTX 2060 SUPER, pci bus id: 0000:05:00.0, compute capability: 7.5
W0000 00:00:1778868981.773458   29063 cpu_allocator_impl.cc:82] Allocation of 1525608000 exceeds 10% of free system memory.
W0000 00:00:1778868983.006173   29063 cpu_allocator_impl.cc:82] Allocation of 1525608000 exceeds 10% of free system memory.
W0000 00:00:1778868984.996960   29063 cpu_allocator_impl.cc:82] Allocation of 1525608000 exceeds 10% of free system memory.
I0000 00:00:1778868987.611983   29128 cuda_dnn.cc:461] Loaded cuDNN version 92200
[2026-05-16 03:39:03] ValMinPR: restored best weights (val_event_min_pr=0.9239)
W0000 00:00:1778870343.735269   29063 cpu_allocator_impl.cc:82] Allocation of 1525608000 exceeds 10% of free system memory.
W0000 00:00:1778870345.058990   29063 cpu_allocator_impl.cc:82] Allocation of 1525608000 exceeds 10% of free system memory.
[2026-05-16 03:40:20] video-level val: videos=1714 f1=0.9714 fall_recall=0.9718 nfall_recall=0.9239 fall_prec=0.9710 nfall_prec=0.9258 min_pr=0.9239 min_consecutive=3
[2026-05-16 03:40:21] event-level val: videos=1714 f1=0.9710 fall_recall=0.9710 nfall_recall=0.9239 fall_prec=0.9710 nfall_prec=0.9239 min_pr=0.9239 tolerance_windows=2
[2026-05-16 03:40:21] video-level test: videos=853 f1=0.9677 fall_recall=0.9662 nfall_recall=0.9181 fall_prec=0.9693 nfall_prec=0.9103 min_pr=0.9103 min_consecutive=3
[2026-05-16 03:40:21] event-level test: videos=853 f1=0.9669 fall_recall=0.9646 nfall_recall=0.9181 fall_prec=0.9693 nfall_prec=0.9064 min_pr=0.9064 tolerance_windows=2
[2026-05-16 03:40:22] === VAL VIDEO-LEVEL REPORT ===
              precision    recall  f1-score   support

           0     0.9258    0.9239    0.9249       473
           1     0.9710    0.9718    0.9714      1241

    accuracy                         0.9586      1714
   macro avg     0.9484    0.9478    0.9481      1714
weighted avg     0.9586    0.9586    0.9586      1714

[2026-05-16 03:40:22] === TEST VIDEO-LEVEL REPORT ===
              precision    recall  f1-score   support

           0     0.9103    0.9181    0.9142       232
           1     0.9693    0.9662    0.9677       621

    accuracy                         0.9531       853
   macro avg     0.9398    0.9421    0.9410       853
weighted avg     0.9532    0.9531    0.9532       853

[2026-05-16 03:40:22] done P23-v01 val_f1=0.8799 (video=0.9714) test_f1=0.8715 (video=0.9677) test_min_pr=0.9103 threshold=0.475 min_consecutive=3
