WARNING: All log messages before absl::InitializeLog() is called are written to STDERR
I0000 00:00:1778862067.110504  396791 cpu_feature_guard.cc:227] This TensorFlow binary is optimized to use available CPU instructions in performance-critical operations.
To enable the following instructions: AVX2 FMA, in other operations, rebuild TensorFlow with the appropriate compiler flags.
[2026-05-16 01:21:08] loading train split=/home/min/Workspace/Graduate-Project/Falling-Model-Development/dataset/splits_v2_class_balanced_filtered/train.csv
[2026-05-16 01:21:20] train rows=1,211,093 videos=6,039 features=27 data_scope=all
[2026-05-16 01:21:20] loading val split=/home/min/Workspace/Graduate-Project/Falling-Model-Development/dataset/splits_v2_class_balanced_filtered/val.csv
[2026-05-16 01:21:24] val rows=344,292 videos=1,714 features=27 data_scope=all
[2026-05-16 01:21:24] loading test split=/home/min/Workspace/Graduate-Project/Falling-Model-Development/dataset/splits_v2_class_balanced_filtered/test.csv
[2026-05-16 01:21:25] test rows=172,209 videos=853 features=27 data_scope=all
[2026-05-16 01:21:39] train windows=353,150 positive=213,662 videos=6,039
[2026-05-16 01:21:43] val windows=70,274 positive=30,106 videos=1,714
[2026-05-16 01:21:44] test windows=34,973 positive=15,069 videos=853
I0000 00:00:1778862107.928032  396791 gpu_device.cc:2043] Created device /job:localhost/replica:0/task:0/device:GPU:0 with 6097 MB memory:  -> device: 0, name: NVIDIA GeForce RTX 2060 SUPER, pci bus id: 0000:05:00.0, compute capability: 7.5
W0000 00:00:1778862108.852824  396791 cpu_allocator_impl.cc:82] Allocation of 1525608000 exceeds 10% of free system memory.
W0000 00:00:1778862110.164483  396791 cpu_allocator_impl.cc:82] Allocation of 1525608000 exceeds 10% of free system memory.
W0000 00:00:1778862112.117064  396791 cpu_allocator_impl.cc:82] Allocation of 1525608000 exceeds 10% of free system memory.
I0000 00:00:1778862114.696364  397245 cuda_dnn.cc:461] Loaded cuDNN version 92200
W0000 00:00:1778862225.836570  396791 cpu_allocator_impl.cc:82] Allocation of 1525608000 exceeds 10% of free system memory.
W0000 00:00:1778862227.106473  396791 cpu_allocator_impl.cc:82] Allocation of 1525608000 exceeds 10% of free system memory.
[2026-05-16 01:25:00] video-level val: videos=1714 f1=0.9617 fall_recall=0.9605 nfall_recall=0.9027 fall_prec=0.9628 nfall_prec=0.8971 min_pr=0.8971 min_consecutive=4
[2026-05-16 01:25:01] event-level val: videos=1714 f1=0.9617 fall_recall=0.9605 nfall_recall=0.9027 fall_prec=0.9628 nfall_prec=0.8971 min_pr=0.8971 tolerance_windows=2
[2026-05-16 01:25:01] video-level test: videos=853 f1=0.9622 fall_recall=0.9630 nfall_recall=0.8966 fall_prec=0.9614 nfall_prec=0.9004 min_pr=0.8966 min_consecutive=4
[2026-05-16 01:25:01] event-level test: videos=853 f1=0.9614 fall_recall=0.9614 nfall_recall=0.8966 fall_prec=0.9614 nfall_prec=0.8966 min_pr=0.8966 tolerance_windows=2
[2026-05-16 01:25:02] === VAL VIDEO-LEVEL REPORT ===
              precision    recall  f1-score   support

           0     0.8971    0.9027    0.8999       473
           1     0.9628    0.9605    0.9617      1241

    accuracy                         0.9446      1714
   macro avg     0.9300    0.9316    0.9308      1714
weighted avg     0.9447    0.9446    0.9446      1714

[2026-05-16 01:25:02] === TEST VIDEO-LEVEL REPORT ===
              precision    recall  f1-score   support

           0     0.9004    0.8966    0.8985       232
           1     0.9614    0.9630    0.9622       621

    accuracy                         0.9449       853
   macro avg     0.9309    0.9298    0.9303       853
weighted avg     0.9448    0.9449    0.9449       853

[2026-05-16 01:25:02] done P20-v04 val_f1=0.8790 (video=0.9617) test_f1=0.8709 (video=0.9622) test_min_pr=0.8966 threshold=0.500 min_consecutive=4
