WARNING: All log messages before absl::InitializeLog() is called are written to STDERR
I0000 00:00:1778861031.639241  382545 cpu_feature_guard.cc:227] This TensorFlow binary is optimized to use available CPU instructions in performance-critical operations.
To enable the following instructions: AVX2 FMA, in other operations, rebuild TensorFlow with the appropriate compiler flags.
[2026-05-16 01:03:53] loading train split=/home/min/Workspace/Graduate-Project/Falling-Model-Development/dataset/splits_v2_class_balanced_filtered/train.csv
[2026-05-16 01:04:05] train rows=1,211,093 videos=6,039 features=27 data_scope=all
[2026-05-16 01:04:05] loading val split=/home/min/Workspace/Graduate-Project/Falling-Model-Development/dataset/splits_v2_class_balanced_filtered/val.csv
[2026-05-16 01:04:08] val rows=344,292 videos=1,714 features=27 data_scope=all
[2026-05-16 01:04:08] loading test split=/home/min/Workspace/Graduate-Project/Falling-Model-Development/dataset/splits_v2_class_balanced_filtered/test.csv
[2026-05-16 01:04:10] test rows=172,209 videos=853 features=27 data_scope=all
[2026-05-16 01:04:23] train windows=353,150 positive=213,662 videos=6,039
[2026-05-16 01:04:26] val windows=70,274 positive=30,106 videos=1,714
[2026-05-16 01:04:28] test windows=34,973 positive=15,069 videos=853
I0000 00:00:1778861073.290297  382545 gpu_device.cc:2043] Created device /job:localhost/replica:0/task:0/device:GPU:0 with 6097 MB memory:  -> device: 0, name: NVIDIA GeForce RTX 2060 SUPER, pci bus id: 0000:05:00.0, compute capability: 7.5
W0000 00:00:1778861074.209223  382545 cpu_allocator_impl.cc:82] Allocation of 1525608000 exceeds 10% of free system memory.
W0000 00:00:1778861075.435235  382545 cpu_allocator_impl.cc:82] Allocation of 1525608000 exceeds 10% of free system memory.
W0000 00:00:1778861077.369944  382545 cpu_allocator_impl.cc:82] Allocation of 1525608000 exceeds 10% of free system memory.
I0000 00:00:1778861079.917767  382993 cuda_dnn.cc:461] Loaded cuDNN version 92200
W0000 00:00:1778861276.354746  382545 cpu_allocator_impl.cc:82] Allocation of 1525608000 exceeds 10% of free system memory.
W0000 00:00:1778861277.661004  382545 cpu_allocator_impl.cc:82] Allocation of 1525608000 exceeds 10% of free system memory.
[2026-05-16 01:09:11] video-level val: videos=1714 f1=0.9730 fall_recall=0.9718 nfall_recall=0.9323 fall_prec=0.9742 nfall_prec=0.9265 min_pr=0.9265 min_consecutive=2
[2026-05-16 01:09:12] event-level val: videos=1714 f1=0.9730 fall_recall=0.9718 nfall_recall=0.9323 fall_prec=0.9742 nfall_prec=0.9265 min_pr=0.9265 tolerance_windows=2
[2026-05-16 01:09:12] video-level test: videos=853 f1=0.9725 fall_recall=0.9678 nfall_recall=0.9397 fall_prec=0.9772 nfall_prec=0.9160 min_pr=0.9160 min_consecutive=2
[2026-05-16 01:09:13] event-level test: videos=853 f1=0.9717 fall_recall=0.9662 nfall_recall=0.9397 fall_prec=0.9772 nfall_prec=0.9121 min_pr=0.9121 tolerance_windows=2
[2026-05-16 01:09:13] === VAL VIDEO-LEVEL REPORT ===
              precision    recall  f1-score   support

           0     0.9265    0.9323    0.9294       473
           1     0.9742    0.9718    0.9730      1241

    accuracy                         0.9609      1714
   macro avg     0.9503    0.9521    0.9512      1714
weighted avg     0.9610    0.9609    0.9609      1714

[2026-05-16 01:09:13] === TEST VIDEO-LEVEL REPORT ===
              precision    recall  f1-score   support

           0     0.9160    0.9397    0.9277       232
           1     0.9772    0.9678    0.9725       621

    accuracy                         0.9601       853
   macro avg     0.9466    0.9537    0.9501       853
weighted avg     0.9606    0.9601    0.9603       853

[2026-05-16 01:09:13] done P20-v01 val_f1=0.8719 (video=0.9730) test_f1=0.8633 (video=0.9725) test_min_pr=0.9160 threshold=0.525 min_consecutive=2
