WARNING: All log messages before absl::InitializeLog() is called are written to STDERR
I0000 00:00:1778861354.935142  387010 cpu_feature_guard.cc:227] This TensorFlow binary is optimized to use available CPU instructions in performance-critical operations.
To enable the following instructions: AVX2 FMA, in other operations, rebuild TensorFlow with the appropriate compiler flags.
[2026-05-16 01:09:16] loading train split=/home/min/Workspace/Graduate-Project/Falling-Model-Development/dataset/splits_v2_class_balanced_filtered/train.csv
[2026-05-16 01:09:28] train rows=1,211,093 videos=6,039 features=27 data_scope=all
[2026-05-16 01:09:28] loading val split=/home/min/Workspace/Graduate-Project/Falling-Model-Development/dataset/splits_v2_class_balanced_filtered/val.csv
[2026-05-16 01:09:31] val rows=344,292 videos=1,714 features=27 data_scope=all
[2026-05-16 01:09:31] loading test split=/home/min/Workspace/Graduate-Project/Falling-Model-Development/dataset/splits_v2_class_balanced_filtered/test.csv
[2026-05-16 01:09:33] test rows=172,209 videos=853 features=27 data_scope=all
[2026-05-16 01:09:46] train windows=353,150 positive=213,662 videos=6,039
[2026-05-16 01:09:49] val windows=70,274 positive=30,106 videos=1,714
[2026-05-16 01:09:51] test windows=34,973 positive=15,069 videos=853
I0000 00:00:1778861395.339974  387010 gpu_device.cc:2043] Created device /job:localhost/replica:0/task:0/device:GPU:0 with 6097 MB memory:  -> device: 0, name: NVIDIA GeForce RTX 2060 SUPER, pci bus id: 0000:05:00.0, compute capability: 7.5
W0000 00:00:1778861396.287211  387010 cpu_allocator_impl.cc:82] Allocation of 1525608000 exceeds 10% of free system memory.
W0000 00:00:1778861397.554848  387010 cpu_allocator_impl.cc:82] Allocation of 1525608000 exceeds 10% of free system memory.
W0000 00:00:1778861399.493199  387010 cpu_allocator_impl.cc:82] Allocation of 1525608000 exceeds 10% of free system memory.
I0000 00:00:1778861402.020044  387464 cuda_dnn.cc:461] Loaded cuDNN version 92200
W0000 00:00:1778861594.951112  387010 cpu_allocator_impl.cc:82] Allocation of 1525608000 exceeds 10% of free system memory.
W0000 00:00:1778861596.263408  387010 cpu_allocator_impl.cc:82] Allocation of 1525608000 exceeds 10% of free system memory.
[2026-05-16 01:14:31] video-level val: videos=1714 f1=0.9694 fall_recall=0.9702 nfall_recall=0.9175 fall_prec=0.9686 nfall_prec=0.9214 min_pr=0.9175 min_consecutive=3
[2026-05-16 01:14:31] event-level val: videos=1714 f1=0.9694 fall_recall=0.9702 nfall_recall=0.9175 fall_prec=0.9686 nfall_prec=0.9214 min_pr=0.9175 tolerance_windows=2
[2026-05-16 01:14:32] video-level test: videos=853 f1=0.9683 fall_recall=0.9597 nfall_recall=0.9397 fall_prec=0.9770 nfall_prec=0.8971 min_pr=0.8971 min_consecutive=3
[2026-05-16 01:14:32] event-level test: videos=853 f1=0.9675 fall_recall=0.9581 nfall_recall=0.9397 fall_prec=0.9770 nfall_prec=0.8934 min_pr=0.8934 tolerance_windows=2
[2026-05-16 01:14:32] === VAL VIDEO-LEVEL REPORT ===
              precision    recall  f1-score   support

           0     0.9214    0.9175    0.9195       473
           1     0.9686    0.9702    0.9694      1241

    accuracy                         0.9557      1714
   macro avg     0.9450    0.9439    0.9444      1714
weighted avg     0.9556    0.9557    0.9556      1714

[2026-05-16 01:14:32] === TEST VIDEO-LEVEL REPORT ===
              precision    recall  f1-score   support

           0     0.8971    0.9397    0.9179       232
           1     0.9770    0.9597    0.9683       621

    accuracy                         0.9543       853
   macro avg     0.9371    0.9497    0.9431       853
weighted avg     0.9553    0.9543    0.9546       853

[2026-05-16 01:14:32] done P20-v02 val_f1=0.8766 (video=0.9694) test_f1=0.8700 (video=0.9683) test_min_pr=0.8971 threshold=0.450 min_consecutive=3
