WARNING: All log messages before absl::InitializeLog() is called are written to STDERR
I0000 00:00:1778861674.342108  391603 cpu_feature_guard.cc:227] This TensorFlow binary is optimized to use available CPU instructions in performance-critical operations.
To enable the following instructions: AVX2 FMA, in other operations, rebuild TensorFlow with the appropriate compiler flags.
[2026-05-16 01:14:35] loading train split=/home/min/Workspace/Graduate-Project/Falling-Model-Development/dataset/splits_v2_class_balanced_filtered/train.csv
[2026-05-16 01:14:47] train rows=1,211,093 videos=6,039 features=27 data_scope=all
[2026-05-16 01:14:47] loading val split=/home/min/Workspace/Graduate-Project/Falling-Model-Development/dataset/splits_v2_class_balanced_filtered/val.csv
[2026-05-16 01:14:50] val rows=344,292 videos=1,714 features=27 data_scope=all
[2026-05-16 01:14:50] loading test split=/home/min/Workspace/Graduate-Project/Falling-Model-Development/dataset/splits_v2_class_balanced_filtered/test.csv
[2026-05-16 01:14:52] test rows=172,209 videos=853 features=27 data_scope=all
[2026-05-16 01:15:09] train windows=492,449 positive=213,662 videos=6,039
[2026-05-16 01:15:12] val windows=70,274 positive=30,106 videos=1,714
[2026-05-16 01:15:13] test windows=34,973 positive=15,069 videos=853
I0000 00:00:1778861722.133582  391603 gpu_device.cc:2043] Created device /job:localhost/replica:0/task:0/device:GPU:0 with 6096 MB memory:  -> device: 0, name: NVIDIA GeForce RTX 2060 SUPER, pci bus id: 0000:05:00.0, compute capability: 7.5
W0000 00:00:1778861723.153528  391603 cpu_allocator_impl.cc:82] Allocation of 2127379680 exceeds 10% of free system memory.
W0000 00:00:1778861724.921552  391603 cpu_allocator_impl.cc:82] Allocation of 2127379680 exceeds 10% of free system memory.
W0000 00:00:1778861727.089709  391603 cpu_allocator_impl.cc:82] Allocation of 2127379680 exceeds 10% of free system memory.
I0000 00:00:1778861729.769934  392139 cuda_dnn.cc:461] Loaded cuDNN version 92200
W0000 00:00:1778861984.784732  391603 cpu_allocator_impl.cc:82] Allocation of 2127379680 exceeds 10% of free system memory.
W0000 00:00:1778861986.614634  391603 cpu_allocator_impl.cc:82] Allocation of 2127379680 exceeds 10% of free system memory.
[2026-05-16 01:21:03] video-level val: videos=1714 f1=0.9719 fall_recall=0.9758 nfall_recall=0.9154 fall_prec=0.9680 nfall_prec=0.9352 min_pr=0.9154 min_consecutive=3
[2026-05-16 01:21:04] event-level val: videos=1714 f1=0.9715 fall_recall=0.9750 nfall_recall=0.9154 fall_prec=0.9680 nfall_prec=0.9332 min_pr=0.9154 tolerance_windows=2
[2026-05-16 01:21:04] video-level test: videos=853 f1=0.9694 fall_recall=0.9694 nfall_recall=0.9181 fall_prec=0.9694 nfall_prec=0.9181 min_pr=0.9181 min_consecutive=3
[2026-05-16 01:21:05] event-level test: videos=853 f1=0.9686 fall_recall=0.9678 nfall_recall=0.9181 fall_prec=0.9694 nfall_prec=0.9142 min_pr=0.9142 tolerance_windows=2
[2026-05-16 01:21:05] === VAL VIDEO-LEVEL REPORT ===
              precision    recall  f1-score   support

           0     0.9352    0.9154    0.9252       473
           1     0.9680    0.9758    0.9719      1241

    accuracy                         0.9592      1714
   macro avg     0.9516    0.9456    0.9486      1714
weighted avg     0.9590    0.9592    0.9590      1714

[2026-05-16 01:21:05] === TEST VIDEO-LEVEL REPORT ===
              precision    recall  f1-score   support

           0     0.9181    0.9181    0.9181       232
           1     0.9694    0.9694    0.9694       621

    accuracy                         0.9555       853
   macro avg     0.9438    0.9438    0.9438       853
weighted avg     0.9555    0.9555    0.9555       853

[2026-05-16 01:21:05] done P20-v03 val_f1=0.8924 (video=0.9719) test_f1=0.8854 (video=0.9694) test_min_pr=0.9181 threshold=0.500 min_consecutive=3
