WARNING: All log messages before absl::InitializeLog() is called are written to STDERR
I0000 00:00:1778777685.124159 2972805 cpu_feature_guard.cc:227] This TensorFlow binary is optimized to use available CPU instructions in performance-critical operations.
To enable the following instructions: AVX2 FMA, in other operations, rebuild TensorFlow with the appropriate compiler flags.
[2026-05-15 01:54:46] loading train split=/home/min/Workspace/Graduate-Project/Falling-Model-Development/dataset/splits_v2_filtered/train.csv
[2026-05-15 01:55:00] train rows=1,274,014 videos=6,344 features=45 data_scope=all
[2026-05-15 01:55:00] loading val split=/home/min/Workspace/Graduate-Project/Falling-Model-Development/dataset/splits_v2_filtered/val.csv
[2026-05-15 01:55:04] val rows=363,918 videos=1,811 features=45 data_scope=all
[2026-05-15 01:55:04] loading test split=/home/min/Workspace/Graduate-Project/Falling-Model-Development/dataset/splits_v2_filtered/test.csv
[2026-05-15 01:55:05] test rows=182,782 videos=911 features=45 data_scope=all
[2026-05-15 01:55:24] train windows=445,086 positive=371,133 videos=6,344
[2026-05-15 01:55:30] val windows=147,859 positive=105,745 videos=1,811
[2026-05-15 01:55:33] test windows=74,372 positive=53,438 videos=911
I0000 00:00:1778777743.835863 2972805 gpu_device.cc:2043] Created device /job:localhost/replica:0/task:0/device:GPU:0 with 6067 MB memory:  -> device: 0, name: NVIDIA GeForce RTX 2060 SUPER, pci bus id: 0000:05:00.0, compute capability: 7.5
W0000 00:00:1778777746.124029 2972805 cpu_allocator_impl.cc:82] Allocation of 3204619200 exceeds 10% of free system memory.
W0000 00:00:1778777748.966963 2972805 cpu_allocator_impl.cc:82] Allocation of 3204619200 exceeds 10% of free system memory.
W0000 00:00:1778777752.066389 2972805 cpu_allocator_impl.cc:82] Allocation of 1064584800 exceeds 10% of free system memory.
W0000 00:00:1778777753.025346 2972805 cpu_allocator_impl.cc:82] Allocation of 1064584800 exceeds 10% of free system memory.
W0000 00:00:1778777753.604967 2972805 cpu_allocator_impl.cc:82] Allocation of 3204619200 exceeds 10% of free system memory.
I0000 00:00:1778777757.659196 2973381 cuda_dnn.cc:461] Loaded cuDNN version 92200
[2026-05-15 02:44:59] video-level val: videos=1811 f1=0.9672 recall=0.9806 fall_prec=0.9542 nfall_prec=0.9401 min_prec=0.9401 min_consecutive=5
[2026-05-15 02:45:00] video-level test: videos=911 f1=0.9654 recall=0.9718 fall_prec=0.9590 nfall_prec=0.9167 min_prec=0.9167 min_consecutive=5
[2026-05-15 02:45:00] === VAL VIDEO-LEVEL REPORT ===
              precision    recall  f1-score   support

           0     0.9401    0.8662    0.9017       471
           1     0.9542    0.9806    0.9672      1340

    accuracy                         0.9509      1811
   macro avg     0.9472    0.9234    0.9345      1811
weighted avg     0.9506    0.9509    0.9502      1811

[2026-05-15 02:45:00] === TEST VIDEO-LEVEL REPORT ===
              precision    recall  f1-score   support

           0     0.9167    0.8819    0.8989       237
           1     0.9590    0.9718    0.9654       674

    accuracy                         0.9484       911
   macro avg     0.9378    0.9268    0.9321       911
weighted avg     0.9480    0.9484    0.9481       911

[2026-05-15 02:45:00] tflite export subprocess exit=0
[2026-05-15 02:45:00]   [tflite] P3-v04: no metrics.json, skip
[2026-05-15 02:45:00]   [tflite] 
[2026-05-15 02:45:00]   [tflite] Done.
[2026-05-15 02:45:00] done P3-v04 val_f1=0.9250 (video=0.9672) test_f1=0.9226 (video=0.9654) test_min_prec=0.9167 threshold=0.850 min_consecutive=5
