WARNING: All log messages before absl::InitializeLog() is called are written to STDERR
I0000 00:00:1778773789.247773 2936112 cpu_feature_guard.cc:227] This TensorFlow binary is optimized to use available CPU instructions in performance-critical operations.
To enable the following instructions: AVX2 FMA, in other operations, rebuild TensorFlow with the appropriate compiler flags.
[2026-05-15 00:49:50] loading train split=/home/min/Workspace/Graduate-Project/Falling-Model-Development/dataset/splits_v2_filtered/train.csv
[2026-05-15 00:50:04] train rows=1,274,014 videos=6,344 features=45 data_scope=all
[2026-05-15 00:50:04] loading val split=/home/min/Workspace/Graduate-Project/Falling-Model-Development/dataset/splits_v2_filtered/val.csv
[2026-05-15 00:50:07] val rows=363,918 videos=1,811 features=45 data_scope=all
[2026-05-15 00:50:07] loading test split=/home/min/Workspace/Graduate-Project/Falling-Model-Development/dataset/splits_v2_filtered/test.csv
[2026-05-15 00:50:09] test rows=182,782 videos=911 features=45 data_scope=all
[2026-05-15 00:50:28] train windows=494,542 positive=404,403 videos=6,344
[2026-05-15 00:50:34] val windows=165,969 positive=115,086 videos=1,811
[2026-05-15 00:50:37] test windows=83,482 positive=58,213 videos=911
I0000 00:00:1778773847.486373 2936112 gpu_device.cc:2043] Created device /job:localhost/replica:0/task:0/device:GPU:0 with 6067 MB memory:  -> device: 0, name: NVIDIA GeForce RTX 2060 SUPER, pci bus id: 0000:05:00.0, compute capability: 7.5
W0000 00:00:1778773849.520425 2936112 cpu_allocator_impl.cc:82] Allocation of 2670526800 exceeds 10% of free system memory.
W0000 00:00:1778773851.868198 2936112 cpu_allocator_impl.cc:82] Allocation of 2670526800 exceeds 10% of free system memory.
W0000 00:00:1778773854.530974 2936112 cpu_allocator_impl.cc:82] Allocation of 896232600 exceeds 10% of free system memory.
W0000 00:00:1778773855.348229 2936112 cpu_allocator_impl.cc:82] Allocation of 896232600 exceeds 10% of free system memory.
W0000 00:00:1778773855.836520 2936112 cpu_allocator_impl.cc:82] Allocation of 2670526800 exceeds 10% of free system memory.
I0000 00:00:1778773859.755466 2936686 cuda_dnn.cc:461] Loaded cuDNN version 92200
[2026-05-15 01:54:42] video-level val: videos=1811 f1=0.9632 recall=0.9873 fall_prec=0.9403 nfall_prec=0.9579 min_prec=0.9403 min_consecutive=5
[2026-05-15 01:54:42] video-level test: videos=911 f1=0.9613 recall=0.9777 fall_prec=0.9455 nfall_prec=0.9299 min_prec=0.9299 min_consecutive=5
[2026-05-15 01:54:43] === VAL VIDEO-LEVEL REPORT ===
              precision    recall  f1-score   support

           0     0.9579    0.8217    0.8846       471
           1     0.9403    0.9873    0.9632      1340

    accuracy                         0.9442      1811
   macro avg     0.9491    0.9045    0.9239      1811
weighted avg     0.9449    0.9442    0.9428      1811

[2026-05-15 01:54:43] === TEST VIDEO-LEVEL REPORT ===
              precision    recall  f1-score   support

           0     0.9299    0.8397    0.8825       237
           1     0.9455    0.9777    0.9613       674

    accuracy                         0.9418       911
   macro avg     0.9377    0.9087    0.9219       911
weighted avg     0.9414    0.9418    0.9408       911

[2026-05-15 01:54:43] tflite export subprocess exit=0
[2026-05-15 01:54:43]   [tflite] P3-v03: no metrics.json, skip
[2026-05-15 01:54:43]   [tflite] 
[2026-05-15 01:54:43]   [tflite] Done.
[2026-05-15 01:54:43] done P3-v03 val_f1=0.9231 (video=0.9632) test_f1=0.9202 (video=0.9613) test_min_prec=0.9299 threshold=0.900 min_consecutive=5
