WARNING: All log messages before absl::InitializeLog() is called are written to STDERR
I0000 00:00:1778782798.516151 3023717 cpu_feature_guard.cc:227] This TensorFlow binary is optimized to use available CPU instructions in performance-critical operations.
To enable the following instructions: AVX2 FMA, in other operations, rebuild TensorFlow with the appropriate compiler flags.
[2026-05-15 03:19:59] loading train split=/home/min/Workspace/Graduate-Project/Falling-Model-Development/dataset/splits_v2_filtered/train.csv
[2026-05-15 03:20:13] train rows=1,274,014 videos=6,344 features=45 data_scope=all
[2026-05-15 03:20:13] loading val split=/home/min/Workspace/Graduate-Project/Falling-Model-Development/dataset/splits_v2_filtered/val.csv
[2026-05-15 03:20:17] val rows=363,918 videos=1,811 features=45 data_scope=all
[2026-05-15 03:20:17] loading test split=/home/min/Workspace/Graduate-Project/Falling-Model-Development/dataset/splits_v2_filtered/test.csv
[2026-05-15 03:20:19] test rows=182,782 videos=911 features=45 data_scope=all
[2026-05-15 03:20:35] train windows=397,522 positive=211,942 videos=6,344
[2026-05-15 03:20:41] val windows=165,969 positive=60,838 videos=1,811
[2026-05-15 03:20:44] test windows=83,482 positive=30,712 videos=911
I0000 00:00:1778782853.044931 3023717 gpu_device.cc:2043] Created device /job:localhost/replica:0/task:0/device:GPU:0 with 6067 MB memory:  -> device: 0, name: NVIDIA GeForce RTX 2060 SUPER, pci bus id: 0000:05:00.0, compute capability: 7.5
W0000 00:00:1778782854.768097 3023717 cpu_allocator_impl.cc:82] Allocation of 2146618800 exceeds 10% of free system memory.
W0000 00:00:1778782856.677100 3023717 cpu_allocator_impl.cc:82] Allocation of 2146618800 exceeds 10% of free system memory.
W0000 00:00:1778782860.415548 3023717 cpu_allocator_impl.cc:82] Allocation of 2146618800 exceeds 10% of free system memory.
I0000 00:00:1778782863.663729 3024247 cuda_dnn.cc:461] Loaded cuDNN version 92200
W0000 00:00:1778784504.995969 3023717 cpu_allocator_impl.cc:82] Allocation of 2146618800 exceeds 10% of free system memory.
W0000 00:00:1778784506.895074 3023717 cpu_allocator_impl.cc:82] Allocation of 2146618800 exceeds 10% of free system memory.
[2026-05-15 03:49:34] video-level val: videos=1811 f1=0.9580 recall=0.9684 fall_prec=0.9478 nfall_prec=0.9069 min_prec=0.9069 min_consecutive=5
[2026-05-15 03:49:35] video-level test: videos=911 f1=0.9607 recall=0.9715 fall_prec=0.9501 nfall_prec=0.9174 min_prec=0.9174 min_consecutive=5
[2026-05-15 03:49:35] === VAL VIDEO-LEVEL REPORT ===
              precision    recall  f1-score   support

           0     0.9069    0.8521    0.8786       480
           1     0.9478    0.9684    0.9580      1331

    accuracy                         0.9376      1811
   macro avg     0.9273    0.9103    0.9183      1811
weighted avg     0.9369    0.9376    0.9370      1811

[2026-05-15 03:49:35] === TEST VIDEO-LEVEL REPORT ===
              precision    recall  f1-score   support

           0     0.9174    0.8612    0.8884       245
           1     0.9501    0.9715    0.9607       666

    accuracy                         0.9418       911
   macro avg     0.9337    0.9163    0.9245       911
weighted avg     0.9413    0.9418    0.9412       911

[2026-05-15 03:49:35] tflite export subprocess exit=0
[2026-05-15 03:49:35]   [tflite] P3-v05: no metrics.json, skip
[2026-05-15 03:49:35]   [tflite] 
[2026-05-15 03:49:35]   [tflite] Done.
[2026-05-15 03:49:35] done P3-v05 val_f1=0.8382 (video=0.9580) test_f1=0.8444 (video=0.9607) test_min_prec=0.9174 threshold=0.850 min_consecutive=5
