[2026-05-14 23:07:56] === PHASE 3: Short-window LB-2 and LB-3 ===
[2026-05-14 23:07:56] START P3-v01
[2026-05-14 23:55:25] OK    P3-v01
[2026-05-14 23:55:25] START P3-v02
[2026-05-15 00:49:48] OK    P3-v02
[2026-05-15 00:49:48] START P3-v03
[2026-05-15 01:54:44] OK    P3-v03
[2026-05-15 01:54:44] START P3-v04
[2026-05-15 02:45:01] OK    P3-v04
[2026-05-15 02:45:01] START P3-v05
[2026-05-15 03:19:20] FAIL  P3-v05
[2026-05-15 03:19:20] START P3-v06
[2026-05-15 03:19:57] === PHASE 3: Short-window LB-2 and LB-3 ===
[2026-05-15 03:19:57] SKIP  P3-v01 — already complete
[2026-05-15 03:19:57] SKIP  P3-v02 — already complete
[2026-05-15 03:19:57] SKIP  P3-v03 — already complete
[2026-05-15 03:19:57] SKIP  P3-v04 — already complete
[2026-05-15 03:19:57] START P3-v05
[2026-05-15 03:49:36] OK    P3-v05
[2026-05-15 03:49:36] START P3-v06
[2026-05-15 04:22:49] OK    P3-v06
[2026-05-15 04:22:49] START P3-v07
[2026-05-15 04:54:19] OK    P3-v07
[2026-05-15 04:54:19] START P3-v08
[2026-05-15 05:24:36] OK    P3-v08
[2026-05-15 05:24:36] All Phase 3 experiments complete.
=== PHASE 3 RESULTS ===
ID       LB   Arch            W(f)  testF1     Rec    FallP   NFallP   MinP
------------------------------------------------------------------------
P3-v01   2    bidir             30  0.9588  0.9775   0.9408   0.9315 0.9315
P3-v02   2    bidir             40  0.9704  0.9850   0.9563   0.9556 0.9556
P3-v03   3    bidir             30  0.9613  0.9777   0.9455   0.9299 0.9299
P3-v04   3    bidir             40  0.9654  0.9718   0.9590   0.9167 0.9167
P3-v05   2    uni+attn          30  0.9607  0.9715   0.9501   0.9174 0.9174
P3-v06   3    uni+attn          30  0.9643  0.9629   0.9658   0.8954 0.8954
P3-v07   2    uni+focal         30  0.9610  0.9805   0.9423   0.9404 0.9404
P3-v08   3    uni+focal         30  0.9633  0.9748   0.9522   0.9231 0.9231
[2026-05-15 05:24:36] Phase 3 summary written to results/gru_phase3_2s/summary.log
