WARNING: All log messages before absl::InitializeLog() is called are written to STDERR
I0000 00:00:1779508452.629062  369835 cpu_feature_guard.cc:227] This TensorFlow binary is optimized to use available CPU instructions in performance-critical operations.
To enable the following instructions: AVX2 FMA, in other operations, rebuild TensorFlow with the appropriate compiler flags.
[2026-05-23 12:54:13] loading train split=/home/min/Workspace/Graduate-Project/Falling-Model-Development/dataset/splits_v2_filtered/train.csv
[2026-05-23 12:54:26] train rows=1,208,593 videos=6,022 features=27 data_scope=all
[2026-05-23 12:54:26] loading val split=/home/min/Workspace/Graduate-Project/Falling-Model-Development/dataset/splits_v2_filtered/val.csv
[2026-05-23 12:54:29] val rows=345,348 videos=1,720 features=27 data_scope=all
[2026-05-23 12:54:29] loading test split=/home/min/Workspace/Graduate-Project/Falling-Model-Development/dataset/splits_v2_filtered/test.csv
[2026-05-23 12:54:31] test rows=173,653 videos=864 features=27 data_scope=all
[2026-05-23 12:54:45] train windows=351,795 positive=212,231 videos=6,022
[2026-05-23 12:54:48] val windows=70,520 positive=30,662 videos=1,720
[2026-05-23 12:54:49] test windows=35,424 positive=15,286 videos=864
I0000 00:00:1779508495.129426  369835 gpu_device.cc:2043] Created device /job:localhost/replica:0/task:0/device:GPU:0 with 6623 MB memory:  -> device: 0, name: NVIDIA GeForce RTX 2060 SUPER, pci bus id: 0000:05:00.0, compute capability: 7.5
W0000 00:00:1779508496.543053  369835 cpu_allocator_impl.cc:82] Allocation of 1519754400 exceeds 10% of free system memory.
W0000 00:00:1779508497.812129  369835 cpu_allocator_impl.cc:82] Allocation of 1519754400 exceeds 10% of free system memory.
W0000 00:00:1779508499.970683  369835 cpu_allocator_impl.cc:82] Allocation of 1519754400 exceeds 10% of free system memory.
I0000 00:00:1779508502.414319  369938 cuda_dnn.cc:461] Loaded cuDNN version 92200
[2026-05-23 13:07:34] ValMinPR: restored best weights (val_video_min_pr=0.9278)
W0000 00:00:1779509255.424821  369835 cpu_allocator_impl.cc:82] Allocation of 1519754400 exceeds 10% of free system memory.
W0000 00:00:1779509256.722800  369835 cpu_allocator_impl.cc:82] Allocation of 1519754400 exceeds 10% of free system memory.
[2026-05-23 13:07:58] video-level val: videos=1720 f1=0.9736 fall_recall=0.9728 nfall_recall=0.9318 fall_prec=0.9744 nfall_prec=0.9278 min_pr=0.9278 min_consecutive=1
[2026-05-23 13:07:58] event-level val: videos=1720 f1=0.9736 fall_recall=0.9728 nfall_recall=0.9318 fall_prec=0.9744 nfall_prec=0.9278 min_pr=0.9278 tolerance_windows=2
[2026-05-23 13:07:58] video-level test: videos=864 f1=0.9630 fall_recall=0.9507 nfall_recall=0.9362 fall_prec=0.9755 nfall_prec=0.8765 min_pr=0.8765 min_consecutive=1
[2026-05-23 13:07:59] event-level test: videos=864 f1=0.9630 fall_recall=0.9507 nfall_recall=0.9362 fall_prec=0.9755 nfall_prec=0.8765 min_pr=0.8765 tolerance_windows=2
[2026-05-23 13:07:59] === VAL VIDEO-LEVEL REPORT ===
              precision    recall  f1-score   support

           0     0.9278    0.9318    0.9298       469
           1     0.9744    0.9728    0.9736      1251

    accuracy                         0.9616      1720
   macro avg     0.9511    0.9523    0.9517      1720
weighted avg     0.9617    0.9616    0.9617      1720

[2026-05-23 13:07:59] === TEST VIDEO-LEVEL REPORT ===
              precision    recall  f1-score   support

           0     0.8765    0.9362    0.9053       235
           1     0.9755    0.9507    0.9630       629

    accuracy                         0.9468       864
   macro avg     0.9260    0.9434    0.9342       864
weighted avg     0.9486    0.9468    0.9473       864

[2026-05-23 13:08:09] tflite export subprocess exit=0
[2026-05-23 13:08:09]   [tflite] [F-a35-kp7-w40-s0]
[2026-05-23 13:08:09]   [tflite]   Loading model.keras ...
[2026-05-23 13:08:09]   [tflite]     rebuilding with unroll=True for TFLite compatibility
[2026-05-23 13:08:09]   [tflite] Saved artifact at '/tmp/tmp66xzcnfy'. The following endpoints are available:
[2026-05-23 13:08:09]   [tflite] 
[2026-05-23 13:08:09]   [tflite] * Endpoint 'serve'
[2026-05-23 13:08:09]   [tflite]   args_0 (POSITIONAL_ONLY): TensorSpec(shape=(None, 40, 27), dtype=tf.float32, name='pose_sequence')
[2026-05-23 13:08:09]   [tflite] Output Type:
[2026-05-23 13:08:09]   [tflite]   TensorSpec(shape=(None, 2), dtype=tf.float32, name=None)
[2026-05-23 13:08:09]   [tflite] Captures:
[2026-05-23 13:08:09]   [tflite]   139292516341456: TensorSpec(shape=(), dtype=tf.resource, name=None)
[2026-05-23 13:08:09]   [tflite]   139292516342224: TensorSpec(shape=(), dtype=tf.resource, name=None)
[2026-05-23 13:08:09]   [tflite]   139292516342032: TensorSpec(shape=(), dtype=tf.resource, name=None)
[2026-05-23 13:08:09]   [tflite]   139292516342416: TensorSpec(shape=(), dtype=tf.resource, name=None)
[2026-05-23 13:08:09]   [tflite]   139292516340496: TensorSpec(shape=(), dtype=tf.resource, name=None)
[2026-05-23 13:08:09]   [tflite]   139292516342608: TensorSpec(shape=(), dtype=tf.resource, name=None)
[2026-05-23 13:08:09]   [tflite]   139292516342992: TensorSpec(shape=(), dtype=tf.resource, name=None)
[2026-05-23 13:08:09]   [tflite]   139292516342800: TensorSpec(shape=(), dtype=tf.resource, name=None)
[2026-05-23 13:08:09]   [tflite]   139292516341648: TensorSpec(shape=(), dtype=tf.resource, name=None)
[2026-05-23 13:08:09]   [tflite]   139292516343184: TensorSpec(shape=(), dtype=tf.resource, name=None)
[2026-05-23 13:08:09]   [tflite]   139292516343952: TensorSpec(shape=(), dtype=tf.resource, name=None)
[2026-05-23 13:08:09]   [tflite]   139292516345296: TensorSpec(shape=(), dtype=tf.resource, name=None)
[2026-05-23 13:08:09]   [tflite]   139292516344336: TensorSpec(shape=(), dtype=tf.resource, name=None)
[2026-05-23 13:08:09]   [tflite]   139292516344720: TensorSpec(shape=(), dtype=tf.resource, name=None)
[2026-05-23 13:08:09]   [tflite]   139292516344144: TensorSpec(shape=(), dtype=tf.resource, name=None)
[2026-05-23 13:08:09]   [tflite]   139292516345680: TensorSpec(shape=(), dtype=tf.resource, name=None)
[2026-05-23 13:08:09]   [tflite]   139292516345488: TensorSpec(shape=(), dtype=tf.resource, name=None)
[2026-05-23 13:08:09]   [tflite]   139292516346448: TensorSpec(shape=(), dtype=tf.resource, name=None)
[2026-05-23 13:08:09]   [tflite]   139292516343376: TensorSpec(shape=(), dtype=tf.resource, name=None)
[2026-05-23 13:08:09]   [tflite]   139292516345872: TensorSpec(shape=(), dtype=tf.resource, name=None)
[2026-05-23 13:08:09]   [tflite]   139292516346832: TensorSpec(shape=(), dtype=tf.resource, name=None)
[2026-05-23 13:08:09]   [tflite]   139292516347024: TensorSpec(shape=(), dtype=tf.resource, name=None)
[2026-05-23 13:08:09]   [tflite]   139292516345104: TensorSpec(shape=(), dtype=tf.resource, name=None)
[2026-05-23 13:08:09]   [tflite]   139292516347600: TensorSpec(shape=(), dtype=tf.resource, name=None)
[2026-05-23 13:08:09]   [tflite]     fp32 OK (823 KB)
[2026-05-23 13:08:09]   [tflite] Saved artifact at '/tmp/tmpf97gr30s'. The following endpoints are available:
[2026-05-23 13:08:09]   [tflite] 
[2026-05-23 13:08:09]   [tflite] * Endpoint 'serve'
[2026-05-23 13:08:09]   [tflite]   args_0 (POSITIONAL_ONLY): TensorSpec(shape=(None, 40, 27), dtype=tf.float32, name='pose_sequence')
[2026-05-23 13:08:09]   [tflite] Output Type:
[2026-05-23 13:08:09]   [tflite]   TensorSpec(shape=(None, 2), dtype=tf.float32, name=None)
[2026-05-23 13:08:09]   [tflite] Captures:
[2026-05-23 13:08:09]   [tflite]   139292516341456: TensorSpec(shape=(), dtype=tf.resource, name=None)
[2026-05-23 13:08:09]   [tflite]   139292516342224: TensorSpec(shape=(), dtype=tf.resource, name=None)
[2026-05-23 13:08:09]   [tflite]   139292516342032: TensorSpec(shape=(), dtype=tf.resource, name=None)
[2026-05-23 13:08:09]   [tflite]   139292516342416: TensorSpec(shape=(), dtype=tf.resource, name=None)
[2026-05-23 13:08:09]   [tflite]   139292516340496: TensorSpec(shape=(), dtype=tf.resource, name=None)
[2026-05-23 13:08:09]   [tflite]   139292516342608: TensorSpec(shape=(), dtype=tf.resource, name=None)
[2026-05-23 13:08:09]   [tflite]   139292516342992: TensorSpec(shape=(), dtype=tf.resource, name=None)
[2026-05-23 13:08:09]   [tflite]   139292516342800: TensorSpec(shape=(), dtype=tf.resource, name=None)
[2026-05-23 13:08:09]   [tflite]   139292516341648: TensorSpec(shape=(), dtype=tf.resource, name=None)
[2026-05-23 13:08:09]   [tflite]   139292516343184: TensorSpec(shape=(), dtype=tf.resource, name=None)
[2026-05-23 13:08:09]   [tflite]   139292516343952: TensorSpec(shape=(), dtype=tf.resource, name=None)
[2026-05-23 13:08:09]   [tflite]   139292516345296: TensorSpec(shape=(), dtype=tf.resource, name=None)
[2026-05-23 13:08:09]   [tflite]   139292516344336: TensorSpec(shape=(), dtype=tf.resource, name=None)
[2026-05-23 13:08:09]   [tflite]   139292516344720: TensorSpec(shape=(), dtype=tf.resource, name=None)
[2026-05-23 13:08:09]   [tflite]   139292516344144: TensorSpec(shape=(), dtype=tf.resource, name=None)
[2026-05-23 13:08:09]   [tflite]   139292516345680: TensorSpec(shape=(), dtype=tf.resource, name=None)
[2026-05-23 13:08:09]   [tflite]   139292516345488: TensorSpec(shape=(), dtype=tf.resource, name=None)
[2026-05-23 13:08:09]   [tflite]   139292516346448: TensorSpec(shape=(), dtype=tf.resource, name=None)
[2026-05-23 13:08:09]   [tflite]   139292516343376: TensorSpec(shape=(), dtype=tf.resource, name=None)
[2026-05-23 13:08:09]   [tflite]   139292516345872: TensorSpec(shape=(), dtype=tf.resource, name=None)
[2026-05-23 13:08:09]   [tflite]   139292516346832: TensorSpec(shape=(), dtype=tf.resource, name=None)
[2026-05-23 13:08:09]   [tflite]   139292516347024: TensorSpec(shape=(), dtype=tf.resource, name=None)
[2026-05-23 13:08:09]   [tflite]   139292516345104: TensorSpec(shape=(), dtype=tf.resource, name=None)
[2026-05-23 13:08:09]   [tflite]   139292516347600: TensorSpec(shape=(), dtype=tf.resource, name=None)
[2026-05-23 13:08:09]   [tflite]     int8 OK (1273 KB)
[2026-05-23 13:08:09]   [tflite] 
[2026-05-23 13:08:09]   [tflite] Done.
/home/min/Workspace/Graduate-Project/Falling-Model-Development/.venv/lib/python3.13/site-packages/tensorflow/lite/python/interpreter.py:457: UserWarning:     Warning: tf.lite.Interpreter is deprecated and is scheduled for deletion in
    TF 2.20. Please use the LiteRT interpreter from the ai_edge_litert package.
    See the [migration guide](https://ai.google.dev/edge/litert/migration)
    for details.
    
  warnings.warn(_INTERPRETER_DELETION_WARNING)
INFO: Created TensorFlow Lite XNNPACK delegate for CPU.
[2026-05-23 13:08:11] done F-a35-kp7-w40-s0 val_f1=0.8775 (video=0.9736) test_f1=0.8550 (video=0.9630) test_min_pr=0.8765 threshold=0.650 min_consecutive=1
