WARNING: All log messages before absl::InitializeLog() is called are written to STDERR
I0000 00:00:1779511395.988183  387254 cpu_feature_guard.cc:227] This TensorFlow binary is optimized to use available CPU instructions in performance-critical operations.
To enable the following instructions: AVX2 FMA, in other operations, rebuild TensorFlow with the appropriate compiler flags.
[2026-05-23 13:43:17] loading train split=/home/min/Workspace/Graduate-Project/Falling-Model-Development/dataset/splits_v2_filtered/train.csv
[2026-05-23 13:43:29] train rows=1,208,593 videos=6,022 features=45 data_scope=all
[2026-05-23 13:43:29] loading val split=/home/min/Workspace/Graduate-Project/Falling-Model-Development/dataset/splits_v2_filtered/val.csv
[2026-05-23 13:43:33] val rows=345,348 videos=1,720 features=45 data_scope=all
[2026-05-23 13:43:33] loading test split=/home/min/Workspace/Graduate-Project/Falling-Model-Development/dataset/splits_v2_filtered/test.csv
[2026-05-23 13:43:34] test rows=173,653 videos=864 features=45 data_scope=all
[2026-05-23 13:43:49] train windows=351,795 positive=212,231 videos=6,022
[2026-05-23 13:43:53] val windows=70,520 positive=30,662 videos=1,720
[2026-05-23 13:43:54] test windows=35,424 positive=15,286 videos=864
I0000 00:00:1779511442.408138  387254 gpu_device.cc:2043] Created device /job:localhost/replica:0/task:0/device:GPU:0 with 6623 MB memory:  -> device: 0, name: NVIDIA GeForce RTX 2060 SUPER, pci bus id: 0000:05:00.0, compute capability: 7.5
W0000 00:00:1779511444.216311  387254 cpu_allocator_impl.cc:82] Allocation of 2532924000 exceeds 10% of free system memory.
W0000 00:00:1779511446.390773  387254 cpu_allocator_impl.cc:82] Allocation of 2532924000 exceeds 10% of free system memory.
W0000 00:00:1779511449.470118  387254 cpu_allocator_impl.cc:82] Allocation of 2532924000 exceeds 10% of free system memory.
I0000 00:00:1779511452.485048  387458 cuda_dnn.cc:461] Loaded cuDNN version 92200
[2026-05-23 14:01:32] ValMinPR: restored best weights (val_video_min_pr=0.9211)
W0000 00:00:1779512494.556133  387254 cpu_allocator_impl.cc:82] Allocation of 2532924000 exceeds 10% of free system memory.
W0000 00:00:1779512496.753877  387254 cpu_allocator_impl.cc:82] Allocation of 2532924000 exceeds 10% of free system memory.
[2026-05-23 14:01:59] video-level val: videos=1720 f1=0.9704 fall_recall=0.9704 nfall_recall=0.9211 fall_prec=0.9704 nfall_prec=0.9211 min_pr=0.9211 min_consecutive=1
[2026-05-23 14:02:00] event-level val: videos=1720 f1=0.9696 fall_recall=0.9688 nfall_recall=0.9211 fall_prec=0.9704 nfall_prec=0.9172 min_pr=0.9172 tolerance_windows=2
[2026-05-23 14:02:00] video-level test: videos=864 f1=0.9618 fall_recall=0.9603 nfall_recall=0.9021 fall_prec=0.9633 nfall_prec=0.8945 min_pr=0.8945 min_consecutive=1
[2026-05-23 14:02:01] event-level test: videos=864 f1=0.9618 fall_recall=0.9603 nfall_recall=0.9021 fall_prec=0.9633 nfall_prec=0.8945 min_pr=0.8945 tolerance_windows=2
[2026-05-23 14:02:01] === VAL VIDEO-LEVEL REPORT ===
              precision    recall  f1-score   support

           0     0.9211    0.9211    0.9211       469
           1     0.9704    0.9704    0.9704      1251

    accuracy                         0.9570      1720
   macro avg     0.9458    0.9458    0.9458      1720
weighted avg     0.9570    0.9570    0.9570      1720

[2026-05-23 14:02:01] === TEST VIDEO-LEVEL REPORT ===
              precision    recall  f1-score   support

           0     0.8945    0.9021    0.8983       235
           1     0.9633    0.9603    0.9618       629

    accuracy                         0.9444       864
   macro avg     0.9289    0.9312    0.9300       864
weighted avg     0.9446    0.9444    0.9445       864

[2026-05-23 14:02:11] tflite export subprocess exit=0
[2026-05-23 14:02:11]   [tflite] [F-a50-kp12-w40-s0]
[2026-05-23 14:02:11]   [tflite]   Loading model.keras ...
[2026-05-23 14:02:11]   [tflite]     rebuilding with unroll=True for TFLite compatibility
[2026-05-23 14:02:11]   [tflite] Saved artifact at '/tmp/tmpty9icy_2'. The following endpoints are available:
[2026-05-23 14:02:11]   [tflite] 
[2026-05-23 14:02:11]   [tflite] * Endpoint 'serve'
[2026-05-23 14:02:11]   [tflite]   args_0 (POSITIONAL_ONLY): TensorSpec(shape=(None, 40, 45), dtype=tf.float32, name='pose_sequence')
[2026-05-23 14:02:11]   [tflite] Output Type:
[2026-05-23 14:02:11]   [tflite]   TensorSpec(shape=(None, 2), dtype=tf.float32, name=None)
[2026-05-23 14:02:11]   [tflite] Captures:
[2026-05-23 14:02:11]   [tflite]   140139814754000: TensorSpec(shape=(), dtype=tf.resource, name=None)
[2026-05-23 14:02:11]   [tflite]   140139814754768: TensorSpec(shape=(), dtype=tf.resource, name=None)
[2026-05-23 14:02:11]   [tflite]   140139814754576: TensorSpec(shape=(), dtype=tf.resource, name=None)
[2026-05-23 14:02:11]   [tflite]   140139814754960: TensorSpec(shape=(), dtype=tf.resource, name=None)
[2026-05-23 14:02:11]   [tflite]   140139814753040: TensorSpec(shape=(), dtype=tf.resource, name=None)
[2026-05-23 14:02:11]   [tflite]   140139814755152: TensorSpec(shape=(), dtype=tf.resource, name=None)
[2026-05-23 14:02:11]   [tflite]   140139814755536: TensorSpec(shape=(), dtype=tf.resource, name=None)
[2026-05-23 14:02:11]   [tflite]   140139814755344: TensorSpec(shape=(), dtype=tf.resource, name=None)
[2026-05-23 14:02:11]   [tflite]   140139814754192: TensorSpec(shape=(), dtype=tf.resource, name=None)
[2026-05-23 14:02:11]   [tflite]   140139814755728: TensorSpec(shape=(), dtype=tf.resource, name=None)
[2026-05-23 14:02:11]   [tflite]   140139814756496: TensorSpec(shape=(), dtype=tf.resource, name=None)
[2026-05-23 14:02:11]   [tflite]   140139814757840: TensorSpec(shape=(), dtype=tf.resource, name=None)
[2026-05-23 14:02:11]   [tflite]   140139814756880: TensorSpec(shape=(), dtype=tf.resource, name=None)
[2026-05-23 14:02:11]   [tflite]   140139814757264: TensorSpec(shape=(), dtype=tf.resource, name=None)
[2026-05-23 14:02:11]   [tflite]   140139814756688: TensorSpec(shape=(), dtype=tf.resource, name=None)
[2026-05-23 14:02:11]   [tflite]   140139814758224: TensorSpec(shape=(), dtype=tf.resource, name=None)
[2026-05-23 14:02:11]   [tflite]   140139814758032: TensorSpec(shape=(), dtype=tf.resource, name=None)
[2026-05-23 14:02:11]   [tflite]   140139814758992: TensorSpec(shape=(), dtype=tf.resource, name=None)
[2026-05-23 14:02:11]   [tflite]   140139814755920: TensorSpec(shape=(), dtype=tf.resource, name=None)
[2026-05-23 14:02:11]   [tflite]   140139814758416: TensorSpec(shape=(), dtype=tf.resource, name=None)
[2026-05-23 14:02:11]   [tflite]   140139814759376: TensorSpec(shape=(), dtype=tf.resource, name=None)
[2026-05-23 14:02:11]   [tflite]   140139814759568: TensorSpec(shape=(), dtype=tf.resource, name=None)
[2026-05-23 14:02:11]   [tflite]   140139814757648: TensorSpec(shape=(), dtype=tf.resource, name=None)
[2026-05-23 14:02:11]   [tflite]   140139814760144: TensorSpec(shape=(), dtype=tf.resource, name=None)
[2026-05-23 14:02:11]   [tflite]     fp32 OK (848 KB)
[2026-05-23 14:02:11]   [tflite] Saved artifact at '/tmp/tmpya46h1gv'. The following endpoints are available:
[2026-05-23 14:02:11]   [tflite] 
[2026-05-23 14:02:11]   [tflite] * Endpoint 'serve'
[2026-05-23 14:02:11]   [tflite]   args_0 (POSITIONAL_ONLY): TensorSpec(shape=(None, 40, 45), dtype=tf.float32, name='pose_sequence')
[2026-05-23 14:02:11]   [tflite] Output Type:
[2026-05-23 14:02:11]   [tflite]   TensorSpec(shape=(None, 2), dtype=tf.float32, name=None)
[2026-05-23 14:02:11]   [tflite] Captures:
[2026-05-23 14:02:11]   [tflite]   140139814754000: TensorSpec(shape=(), dtype=tf.resource, name=None)
[2026-05-23 14:02:11]   [tflite]   140139814754768: TensorSpec(shape=(), dtype=tf.resource, name=None)
[2026-05-23 14:02:11]   [tflite]   140139814754576: TensorSpec(shape=(), dtype=tf.resource, name=None)
[2026-05-23 14:02:11]   [tflite]   140139814754960: TensorSpec(shape=(), dtype=tf.resource, name=None)
[2026-05-23 14:02:11]   [tflite]   140139814753040: TensorSpec(shape=(), dtype=tf.resource, name=None)
[2026-05-23 14:02:11]   [tflite]   140139814755152: TensorSpec(shape=(), dtype=tf.resource, name=None)
[2026-05-23 14:02:11]   [tflite]   140139814755536: TensorSpec(shape=(), dtype=tf.resource, name=None)
[2026-05-23 14:02:11]   [tflite]   140139814755344: TensorSpec(shape=(), dtype=tf.resource, name=None)
[2026-05-23 14:02:11]   [tflite]   140139814754192: TensorSpec(shape=(), dtype=tf.resource, name=None)
[2026-05-23 14:02:11]   [tflite]   140139814755728: TensorSpec(shape=(), dtype=tf.resource, name=None)
[2026-05-23 14:02:11]   [tflite]   140139814756496: TensorSpec(shape=(), dtype=tf.resource, name=None)
[2026-05-23 14:02:11]   [tflite]   140139814757840: TensorSpec(shape=(), dtype=tf.resource, name=None)
[2026-05-23 14:02:11]   [tflite]   140139814756880: TensorSpec(shape=(), dtype=tf.resource, name=None)
[2026-05-23 14:02:11]   [tflite]   140139814757264: TensorSpec(shape=(), dtype=tf.resource, name=None)
[2026-05-23 14:02:11]   [tflite]   140139814756688: TensorSpec(shape=(), dtype=tf.resource, name=None)
[2026-05-23 14:02:11]   [tflite]   140139814758224: TensorSpec(shape=(), dtype=tf.resource, name=None)
[2026-05-23 14:02:11]   [tflite]   140139814758032: TensorSpec(shape=(), dtype=tf.resource, name=None)
[2026-05-23 14:02:11]   [tflite]   140139814758992: TensorSpec(shape=(), dtype=tf.resource, name=None)
[2026-05-23 14:02:11]   [tflite]   140139814755920: TensorSpec(shape=(), dtype=tf.resource, name=None)
[2026-05-23 14:02:11]   [tflite]   140139814758416: TensorSpec(shape=(), dtype=tf.resource, name=None)
[2026-05-23 14:02:11]   [tflite]   140139814759376: TensorSpec(shape=(), dtype=tf.resource, name=None)
[2026-05-23 14:02:11]   [tflite]   140139814759568: TensorSpec(shape=(), dtype=tf.resource, name=None)
[2026-05-23 14:02:11]   [tflite]   140139814757648: TensorSpec(shape=(), dtype=tf.resource, name=None)
[2026-05-23 14:02:11]   [tflite]   140139814760144: TensorSpec(shape=(), dtype=tf.resource, name=None)
[2026-05-23 14:02:11]   [tflite]     int8 OK (1286 KB)
[2026-05-23 14:02:11]   [tflite] 
[2026-05-23 14:02:11]   [tflite] Done.
/home/min/Workspace/Graduate-Project/Falling-Model-Development/.venv/lib/python3.13/site-packages/tensorflow/lite/python/interpreter.py:457: UserWarning:     Warning: tf.lite.Interpreter is deprecated and is scheduled for deletion in
    TF 2.20. Please use the LiteRT interpreter from the ai_edge_litert package.
    See the [migration guide](https://ai.google.dev/edge/litert/migration)
    for details.
    
  warnings.warn(_INTERPRETER_DELETION_WARNING)
INFO: Created TensorFlow Lite XNNPACK delegate for CPU.
[2026-05-23 14:02:13] done F-a50-kp12-w40-s0 val_f1=0.8735 (video=0.9704) test_f1=0.8568 (video=0.9618) test_min_pr=0.8945 threshold=0.750 min_consecutive=1
