WARNING: All log messages before absl::InitializeLog() is called are written to STDERR
I0000 00:00:1779510160.961010  380058 cpu_feature_guard.cc:227] This TensorFlow binary is optimized to use available CPU instructions in performance-critical operations.
To enable the following instructions: AVX2 FMA, in other operations, rebuild TensorFlow with the appropriate compiler flags.
[2026-05-23 13:22:42] loading train split=/home/min/Workspace/Graduate-Project/Falling-Model-Development/dataset/splits_v2_filtered/train.csv
[2026-05-23 13:22:54] train rows=1,208,593 videos=6,022 features=27 data_scope=all
[2026-05-23 13:22:54] loading val split=/home/min/Workspace/Graduate-Project/Falling-Model-Development/dataset/splits_v2_filtered/val.csv
[2026-05-23 13:22:57] val rows=345,348 videos=1,720 features=27 data_scope=all
[2026-05-23 13:22:57] loading test split=/home/min/Workspace/Graduate-Project/Falling-Model-Development/dataset/splits_v2_filtered/test.csv
[2026-05-23 13:22:59] test rows=173,653 videos=864 features=27 data_scope=all
[2026-05-23 13:23:13] train windows=351,795 positive=212,231 videos=6,022
[2026-05-23 13:23:16] val windows=70,520 positive=30,662 videos=1,720
[2026-05-23 13:23:17] test windows=35,424 positive=15,286 videos=864
I0000 00:00:1779510203.054325  380058 gpu_device.cc:2043] Created device /job:localhost/replica:0/task:0/device:GPU:0 with 6623 MB memory:  -> device: 0, name: NVIDIA GeForce RTX 2060 SUPER, pci bus id: 0000:05:00.0, compute capability: 7.5
W0000 00:00:1779510204.476871  380058 cpu_allocator_impl.cc:82] Allocation of 1519754400 exceeds 10% of free system memory.
W0000 00:00:1779510205.768169  380058 cpu_allocator_impl.cc:82] Allocation of 1519754400 exceeds 10% of free system memory.
W0000 00:00:1779510207.919908  380058 cpu_allocator_impl.cc:82] Allocation of 1519754400 exceeds 10% of free system memory.
I0000 00:00:1779510210.607459  380154 cuda_dnn.cc:461] Loaded cuDNN version 92200
[2026-05-23 13:42:37] ValMinPR: restored best weights (val_video_min_pr=0.9232)
W0000 00:00:1779511358.237227  380058 cpu_allocator_impl.cc:82] Allocation of 1519754400 exceeds 10% of free system memory.
W0000 00:00:1779511359.525503  380058 cpu_allocator_impl.cc:82] Allocation of 1519754400 exceeds 10% of free system memory.
[2026-05-23 13:43:00] video-level val: videos=1720 f1=0.9712 fall_recall=0.9712 nfall_recall=0.9232 fall_prec=0.9712 nfall_prec=0.9232 min_pr=0.9232 min_consecutive=3
[2026-05-23 13:43:01] event-level val: videos=1720 f1=0.9712 fall_recall=0.9712 nfall_recall=0.9232 fall_prec=0.9712 nfall_prec=0.9232 min_pr=0.9232 tolerance_windows=2
[2026-05-23 13:43:01] video-level test: videos=864 f1=0.9614 fall_recall=0.9507 nfall_recall=0.9277 fall_prec=0.9724 nfall_prec=0.8755 min_pr=0.8755 min_consecutive=3
[2026-05-23 13:43:02] event-level test: videos=864 f1=0.9614 fall_recall=0.9507 nfall_recall=0.9277 fall_prec=0.9724 nfall_prec=0.8755 min_pr=0.8755 tolerance_windows=2
[2026-05-23 13:43:02] === VAL VIDEO-LEVEL REPORT ===
              precision    recall  f1-score   support

           0     0.9232    0.9232    0.9232       469
           1     0.9712    0.9712    0.9712      1251

    accuracy                         0.9581      1720
   macro avg     0.9472    0.9472    0.9472      1720
weighted avg     0.9581    0.9581    0.9581      1720

[2026-05-23 13:43:02] === TEST VIDEO-LEVEL REPORT ===
              precision    recall  f1-score   support

           0     0.8755    0.9277    0.9008       235
           1     0.9724    0.9507    0.9614       629

    accuracy                         0.9444       864
   macro avg     0.9239    0.9392    0.9311       864
weighted avg     0.9460    0.9444    0.9449       864

[2026-05-23 13:43:12] tflite export subprocess exit=0
[2026-05-23 13:43:12]   [tflite] [F-a65-kp7-w40-s0]
[2026-05-23 13:43:12]   [tflite]   Loading model.keras ...
[2026-05-23 13:43:12]   [tflite]     rebuilding with unroll=True for TFLite compatibility
[2026-05-23 13:43:12]   [tflite] Saved artifact at '/tmp/tmphz90k0cg'. The following endpoints are available:
[2026-05-23 13:43:12]   [tflite] 
[2026-05-23 13:43:12]   [tflite] * Endpoint 'serve'
[2026-05-23 13:43:12]   [tflite]   args_0 (POSITIONAL_ONLY): TensorSpec(shape=(None, 40, 27), dtype=tf.float32, name='pose_sequence')
[2026-05-23 13:43:12]   [tflite] Output Type:
[2026-05-23 13:43:12]   [tflite]   TensorSpec(shape=(None, 2), dtype=tf.float32, name=None)
[2026-05-23 13:43:12]   [tflite] Captures:
[2026-05-23 13:43:12]   [tflite]   132317600995024: TensorSpec(shape=(), dtype=tf.resource, name=None)
[2026-05-23 13:43:12]   [tflite]   132317600995792: TensorSpec(shape=(), dtype=tf.resource, name=None)
[2026-05-23 13:43:12]   [tflite]   132317600995600: TensorSpec(shape=(), dtype=tf.resource, name=None)
[2026-05-23 13:43:12]   [tflite]   132317600995984: TensorSpec(shape=(), dtype=tf.resource, name=None)
[2026-05-23 13:43:12]   [tflite]   132317600994064: TensorSpec(shape=(), dtype=tf.resource, name=None)
[2026-05-23 13:43:12]   [tflite]   132317600996176: TensorSpec(shape=(), dtype=tf.resource, name=None)
[2026-05-23 13:43:12]   [tflite]   132317600996560: TensorSpec(shape=(), dtype=tf.resource, name=None)
[2026-05-23 13:43:12]   [tflite]   132317600996368: TensorSpec(shape=(), dtype=tf.resource, name=None)
[2026-05-23 13:43:12]   [tflite]   132317600995216: TensorSpec(shape=(), dtype=tf.resource, name=None)
[2026-05-23 13:43:12]   [tflite]   132317600996752: TensorSpec(shape=(), dtype=tf.resource, name=None)
[2026-05-23 13:43:12]   [tflite]   132317600997520: TensorSpec(shape=(), dtype=tf.resource, name=None)
[2026-05-23 13:43:12]   [tflite]   132317600998864: TensorSpec(shape=(), dtype=tf.resource, name=None)
[2026-05-23 13:43:12]   [tflite]   132317600997904: TensorSpec(shape=(), dtype=tf.resource, name=None)
[2026-05-23 13:43:12]   [tflite]   132317600998288: TensorSpec(shape=(), dtype=tf.resource, name=None)
[2026-05-23 13:43:12]   [tflite]   132317600997712: TensorSpec(shape=(), dtype=tf.resource, name=None)
[2026-05-23 13:43:12]   [tflite]   132317600999248: TensorSpec(shape=(), dtype=tf.resource, name=None)
[2026-05-23 13:43:12]   [tflite]   132317600999056: TensorSpec(shape=(), dtype=tf.resource, name=None)
[2026-05-23 13:43:12]   [tflite]   132317601000016: TensorSpec(shape=(), dtype=tf.resource, name=None)
[2026-05-23 13:43:12]   [tflite]   132317600996944: TensorSpec(shape=(), dtype=tf.resource, name=None)
[2026-05-23 13:43:12]   [tflite]   132317600999440: TensorSpec(shape=(), dtype=tf.resource, name=None)
[2026-05-23 13:43:12]   [tflite]   132317601000400: TensorSpec(shape=(), dtype=tf.resource, name=None)
[2026-05-23 13:43:12]   [tflite]   132317601000592: TensorSpec(shape=(), dtype=tf.resource, name=None)
[2026-05-23 13:43:12]   [tflite]   132317600998672: TensorSpec(shape=(), dtype=tf.resource, name=None)
[2026-05-23 13:43:12]   [tflite]   132317601001168: TensorSpec(shape=(), dtype=tf.resource, name=None)
[2026-05-23 13:43:12]   [tflite]     fp32 OK (823 KB)
[2026-05-23 13:43:12]   [tflite] Saved artifact at '/tmp/tmptaber0sn'. The following endpoints are available:
[2026-05-23 13:43:12]   [tflite] 
[2026-05-23 13:43:12]   [tflite] * Endpoint 'serve'
[2026-05-23 13:43:12]   [tflite]   args_0 (POSITIONAL_ONLY): TensorSpec(shape=(None, 40, 27), dtype=tf.float32, name='pose_sequence')
[2026-05-23 13:43:12]   [tflite] Output Type:
[2026-05-23 13:43:12]   [tflite]   TensorSpec(shape=(None, 2), dtype=tf.float32, name=None)
[2026-05-23 13:43:12]   [tflite] Captures:
[2026-05-23 13:43:12]   [tflite]   132317600995024: TensorSpec(shape=(), dtype=tf.resource, name=None)
[2026-05-23 13:43:12]   [tflite]   132317600995792: TensorSpec(shape=(), dtype=tf.resource, name=None)
[2026-05-23 13:43:12]   [tflite]   132317600995600: TensorSpec(shape=(), dtype=tf.resource, name=None)
[2026-05-23 13:43:12]   [tflite]   132317600995984: TensorSpec(shape=(), dtype=tf.resource, name=None)
[2026-05-23 13:43:12]   [tflite]   132317600994064: TensorSpec(shape=(), dtype=tf.resource, name=None)
[2026-05-23 13:43:12]   [tflite]   132317600996176: TensorSpec(shape=(), dtype=tf.resource, name=None)
[2026-05-23 13:43:12]   [tflite]   132317600996560: TensorSpec(shape=(), dtype=tf.resource, name=None)
[2026-05-23 13:43:12]   [tflite]   132317600996368: TensorSpec(shape=(), dtype=tf.resource, name=None)
[2026-05-23 13:43:12]   [tflite]   132317600995216: TensorSpec(shape=(), dtype=tf.resource, name=None)
[2026-05-23 13:43:12]   [tflite]   132317600996752: TensorSpec(shape=(), dtype=tf.resource, name=None)
[2026-05-23 13:43:12]   [tflite]   132317600997520: TensorSpec(shape=(), dtype=tf.resource, name=None)
[2026-05-23 13:43:12]   [tflite]   132317600998864: TensorSpec(shape=(), dtype=tf.resource, name=None)
[2026-05-23 13:43:12]   [tflite]   132317600997904: TensorSpec(shape=(), dtype=tf.resource, name=None)
[2026-05-23 13:43:12]   [tflite]   132317600998288: TensorSpec(shape=(), dtype=tf.resource, name=None)
[2026-05-23 13:43:12]   [tflite]   132317600997712: TensorSpec(shape=(), dtype=tf.resource, name=None)
[2026-05-23 13:43:12]   [tflite]   132317600999248: TensorSpec(shape=(), dtype=tf.resource, name=None)
[2026-05-23 13:43:12]   [tflite]   132317600999056: TensorSpec(shape=(), dtype=tf.resource, name=None)
[2026-05-23 13:43:12]   [tflite]   132317601000016: TensorSpec(shape=(), dtype=tf.resource, name=None)
[2026-05-23 13:43:12]   [tflite]   132317600996944: TensorSpec(shape=(), dtype=tf.resource, name=None)
[2026-05-23 13:43:12]   [tflite]   132317600999440: TensorSpec(shape=(), dtype=tf.resource, name=None)
[2026-05-23 13:43:12]   [tflite]   132317601000400: TensorSpec(shape=(), dtype=tf.resource, name=None)
[2026-05-23 13:43:12]   [tflite]   132317601000592: TensorSpec(shape=(), dtype=tf.resource, name=None)
[2026-05-23 13:43:12]   [tflite]   132317600998672: TensorSpec(shape=(), dtype=tf.resource, name=None)
[2026-05-23 13:43:12]   [tflite]   132317601001168: TensorSpec(shape=(), dtype=tf.resource, name=None)
[2026-05-23 13:43:12]   [tflite]     int8 OK (1275 KB)
[2026-05-23 13:43:12]   [tflite] 
[2026-05-23 13:43:12]   [tflite] Done.
/home/min/Workspace/Graduate-Project/Falling-Model-Development/.venv/lib/python3.13/site-packages/tensorflow/lite/python/interpreter.py:457: UserWarning:     Warning: tf.lite.Interpreter is deprecated and is scheduled for deletion in
    TF 2.20. Please use the LiteRT interpreter from the ai_edge_litert package.
    See the [migration guide](https://ai.google.dev/edge/litert/migration)
    for details.
    
  warnings.warn(_INTERPRETER_DELETION_WARNING)
INFO: Created TensorFlow Lite XNNPACK delegate for CPU.
[2026-05-23 13:43:14] done F-a65-kp7-w40-s0 val_f1=0.8929 (video=0.9712) test_f1=0.8756 (video=0.9614) test_min_pr=0.8755 threshold=0.750 min_consecutive=3
