WARNING: All log messages before absl::InitializeLog() is called are written to STDERR
I0000 00:00:1778864597.833301    8602 cpu_feature_guard.cc:227] This TensorFlow binary is optimized to use available CPU instructions in performance-critical operations.
To enable the following instructions: AVX2 FMA, in other operations, rebuild TensorFlow with the appropriate compiler flags.
[2026-05-16 02:03:19] loading train split=/home/min/Workspace/Graduate-Project/Falling-Model-Development/dataset/splits_v2_class_balanced_filtered/train.csv
[2026-05-16 02:03:32] train rows=1,211,093 videos=6,039 features=27 data_scope=all
[2026-05-16 02:03:32] loading val split=/home/min/Workspace/Graduate-Project/Falling-Model-Development/dataset/splits_v2_class_balanced_filtered/val.csv
[2026-05-16 02:03:35] val rows=344,292 videos=1,714 features=27 data_scope=all
[2026-05-16 02:03:35] loading test split=/home/min/Workspace/Graduate-Project/Falling-Model-Development/dataset/splits_v2_class_balanced_filtered/test.csv
[2026-05-16 02:03:37] test rows=172,209 videos=853 features=27 data_scope=all
[2026-05-16 02:03:55] train windows=492,449 positive=213,662 videos=6,039
[2026-05-16 02:03:58] val windows=70,274 positive=30,106 videos=1,714
[2026-05-16 02:04:00] test windows=34,973 positive=15,069 videos=853
I0000 00:00:1778864645.665474    8602 gpu_device.cc:2043] Created device /job:localhost/replica:0/task:0/device:GPU:0 with 6623 MB memory:  -> device: 0, name: NVIDIA GeForce RTX 2060 SUPER, pci bus id: 0000:05:00.0, compute capability: 7.5
W0000 00:00:1778864646.950484    8602 cpu_allocator_impl.cc:82] Allocation of 2127379680 exceeds 10% of free system memory.
W0000 00:00:1778864648.734963    8602 cpu_allocator_impl.cc:82] Allocation of 2127379680 exceeds 10% of free system memory.
W0000 00:00:1778864650.932796    8602 cpu_allocator_impl.cc:82] Allocation of 2127379680 exceeds 10% of free system memory.
I0000 00:00:1778864653.741459    8686 cuda_dnn.cc:461] Loaded cuDNN version 92200
[2026-05-16 02:20:53] ValMinPR: restored best weights (val_event_min_pr=0.9218)
W0000 00:00:1778865654.766882    8602 cpu_allocator_impl.cc:82] Allocation of 2127379680 exceeds 10% of free system memory.
W0000 00:00:1778865656.516809    8602 cpu_allocator_impl.cc:82] Allocation of 2127379680 exceeds 10% of free system memory.
[2026-05-16 02:22:11] video-level val: videos=1714 f1=0.9702 fall_recall=0.9702 nfall_recall=0.9218 fall_prec=0.9702 nfall_prec=0.9218 min_pr=0.9218 min_consecutive=3
[2026-05-16 02:22:12] event-level val: videos=1714 f1=0.9702 fall_recall=0.9702 nfall_recall=0.9218 fall_prec=0.9702 nfall_prec=0.9218 min_pr=0.9218 tolerance_windows=2
[2026-05-16 02:22:12] video-level test: videos=853 f1=0.9621 fall_recall=0.9597 nfall_recall=0.9052 fall_prec=0.9644 nfall_prec=0.8936 min_pr=0.8936 min_consecutive=3
[2026-05-16 02:22:12] event-level test: videos=853 f1=0.9604 fall_recall=0.9565 nfall_recall=0.9052 fall_prec=0.9643 nfall_prec=0.8861 min_pr=0.8861 tolerance_windows=2
[2026-05-16 02:22:13] === VAL VIDEO-LEVEL REPORT ===
              precision    recall  f1-score   support

           0     0.9218    0.9218    0.9218       473
           1     0.9702    0.9702    0.9702      1241

    accuracy                         0.9568      1714
   macro avg     0.9460    0.9460    0.9460      1714
weighted avg     0.9568    0.9568    0.9568      1714

[2026-05-16 02:22:13] === TEST VIDEO-LEVEL REPORT ===
              precision    recall  f1-score   support

           0     0.8936    0.9052    0.8994       232
           1     0.9644    0.9597    0.9621       621

    accuracy                         0.9449       853
   macro avg     0.9290    0.9325    0.9307       853
weighted avg     0.9451    0.9449    0.9450       853

[2026-05-16 02:22:13] done P21-v02 val_f1=0.8796 (video=0.9702) test_f1=0.8755 (video=0.9621) test_min_pr=0.8936 threshold=0.475 min_consecutive=3
