WARNING: All log messages before absl::InitializeLog() is called are written to STDERR
I0000 00:00:1778862304.238135  400503 cpu_feature_guard.cc:227] This TensorFlow binary is optimized to use available CPU instructions in performance-critical operations.
To enable the following instructions: AVX2 FMA, in other operations, rebuild TensorFlow with the appropriate compiler flags.
[2026-05-16 01:25:05] loading train split=/home/min/Workspace/Graduate-Project/Falling-Model-Development/dataset/splits_v2_class_balanced_filtered/train.csv
[2026-05-16 01:25:17] train rows=1,211,093 videos=6,039 features=27 data_scope=all
[2026-05-16 01:25:17] loading val split=/home/min/Workspace/Graduate-Project/Falling-Model-Development/dataset/splits_v2_class_balanced_filtered/val.csv
[2026-05-16 01:25:21] val rows=344,292 videos=1,714 features=27 data_scope=all
[2026-05-16 01:25:21] loading test split=/home/min/Workspace/Graduate-Project/Falling-Model-Development/dataset/splits_v2_class_balanced_filtered/test.csv
[2026-05-16 01:25:22] test rows=172,209 videos=853 features=27 data_scope=all
[2026-05-16 01:25:36] train windows=353,150 positive=213,662 videos=6,039
[2026-05-16 01:25:39] val windows=70,274 positive=30,106 videos=1,714
[2026-05-16 01:25:40] test windows=34,973 positive=15,069 videos=853
I0000 00:00:1778862344.358156  400503 gpu_device.cc:2043] Created device /job:localhost/replica:0/task:0/device:GPU:0 with 6096 MB memory:  -> device: 0, name: NVIDIA GeForce RTX 2060 SUPER, pci bus id: 0000:05:00.0, compute capability: 7.5
W0000 00:00:1778862345.276517  400503 cpu_allocator_impl.cc:82] Allocation of 1525608000 exceeds 10% of free system memory.
W0000 00:00:1778862346.571282  400503 cpu_allocator_impl.cc:82] Allocation of 1525608000 exceeds 10% of free system memory.
W0000 00:00:1778862348.491806  400503 cpu_allocator_impl.cc:82] Allocation of 1525608000 exceeds 10% of free system memory.
I0000 00:00:1778862351.030104  401013 cuda_dnn.cc:461] Loaded cuDNN version 92200
[2026-05-16 01:47:11] ValMinPR: restored best weights (val_event_min_pr=0.9260)
W0000 00:00:1778863634.020645  400503 cpu_allocator_impl.cc:82] Allocation of 1525608000 exceeds 10% of free system memory.
W0000 00:00:1778863635.324754  400503 cpu_allocator_impl.cc:82] Allocation of 1525608000 exceeds 10% of free system memory.
[2026-05-16 01:48:30] video-level val: videos=1714 f1=0.9722 fall_recall=0.9726 nfall_recall=0.9260 fall_prec=0.9718 nfall_prec=0.9280 min_pr=0.9260 min_consecutive=3
[2026-05-16 01:48:31] event-level val: videos=1714 f1=0.9722 fall_recall=0.9726 nfall_recall=0.9260 fall_prec=0.9718 nfall_prec=0.9280 min_pr=0.9260 tolerance_windows=2
[2026-05-16 01:48:31] video-level test: videos=853 f1=0.9726 fall_recall=0.9726 nfall_recall=0.9267 fall_prec=0.9726 nfall_prec=0.9267 min_pr=0.9267 min_consecutive=3
[2026-05-16 01:48:32] event-level test: videos=853 f1=0.9718 fall_recall=0.9710 nfall_recall=0.9267 fall_prec=0.9726 nfall_prec=0.9227 min_pr=0.9227 tolerance_windows=2
[2026-05-16 01:48:32] === VAL VIDEO-LEVEL REPORT ===
              precision    recall  f1-score   support

           0     0.9280    0.9260    0.9270       473
           1     0.9718    0.9726    0.9722      1241

    accuracy                         0.9597      1714
   macro avg     0.9499    0.9493    0.9496      1714
weighted avg     0.9597    0.9597    0.9597      1714

[2026-05-16 01:48:32] === TEST VIDEO-LEVEL REPORT ===
              precision    recall  f1-score   support

           0     0.9267    0.9267    0.9267       232
           1     0.9726    0.9726    0.9726       621

    accuracy                         0.9601       853
   macro avg     0.9497    0.9497    0.9497       853
weighted avg     0.9601    0.9601    0.9601       853

[2026-05-16 01:48:32] done P21-v01 val_f1=0.8852 (video=0.9722) test_f1=0.8795 (video=0.9726) test_min_pr=0.9267 threshold=0.525 min_consecutive=3
