WARNING: All log messages before absl::InitializeLog() is called are written to STDERR
I0000 00:00:1778884005.783787   78973 cpu_feature_guard.cc:227] This TensorFlow binary is optimized to use available CPU instructions in performance-critical operations.
To enable the following instructions: AVX2 FMA, in other operations, rebuild TensorFlow with the appropriate compiler flags.
[2026-05-16 07:26:47] loading train split=/home/min/Workspace/Graduate-Project/Falling-Model-Development/dataset/splits_v2_class_balanced_filtered/train.csv
[2026-05-16 07:26:59] train rows=1,211,093 videos=6,039 features=27 data_scope=all
[2026-05-16 07:26:59] loading val split=/home/min/Workspace/Graduate-Project/Falling-Model-Development/dataset/splits_v2_class_balanced_filtered/val.csv
[2026-05-16 07:27:02] val rows=344,292 videos=1,714 features=27 data_scope=all
[2026-05-16 07:27:02] loading test split=/home/min/Workspace/Graduate-Project/Falling-Model-Development/dataset/splits_v2_class_balanced_filtered/test.csv
[2026-05-16 07:27:04] test rows=172,209 videos=853 features=27 data_scope=all
[2026-05-16 07:27:17] train windows=353,150 positive=213,662 videos=6,039
[2026-05-16 07:27:20] val windows=70,274 positive=30,106 videos=1,714
[2026-05-16 07:27:22] test windows=34,973 positive=15,069 videos=853
I0000 00:00:1778884045.100941   78973 gpu_device.cc:2043] Created device /job:localhost/replica:0/task:0/device:GPU:0 with 6623 MB memory:  -> device: 0, name: NVIDIA GeForce RTX 2060 SUPER, pci bus id: 0000:05:00.0, compute capability: 7.5
W0000 00:00:1778884046.026120   78973 cpu_allocator_impl.cc:82] Allocation of 1525608000 exceeds 10% of free system memory.
W0000 00:00:1778884047.368584   78973 cpu_allocator_impl.cc:82] Allocation of 1525608000 exceeds 10% of free system memory.
W0000 00:00:1778884049.306337   78973 cpu_allocator_impl.cc:82] Allocation of 1525608000 exceeds 10% of free system memory.
I0000 00:00:1778884051.808543   79162 cuda_dnn.cc:461] Loaded cuDNN version 92200
[2026-05-16 07:48:09] ValMinPR: restored best weights (val_video_min_pr=0.9281)
W0000 00:00:1778885289.899042   78973 cpu_allocator_impl.cc:82] Allocation of 1525608000 exceeds 10% of free system memory.
W0000 00:00:1778885291.211659   78973 cpu_allocator_impl.cc:82] Allocation of 1525608000 exceeds 10% of free system memory.
[2026-05-16 07:49:23] video-level val: videos=1714 f1=0.9730 fall_recall=0.9734 nfall_recall=0.9281 fall_prec=0.9726 nfall_prec=0.9301 min_pr=0.9281 min_consecutive=4
[2026-05-16 07:49:24] event-level val: videos=1714 f1=0.9730 fall_recall=0.9734 nfall_recall=0.9281 fall_prec=0.9726 nfall_prec=0.9301 min_pr=0.9281 tolerance_windows=2
[2026-05-16 07:49:24] video-level test: videos=853 f1=0.9683 fall_recall=0.9597 nfall_recall=0.9397 fall_prec=0.9770 nfall_prec=0.8971 min_pr=0.8971 min_consecutive=4
[2026-05-16 07:49:25] event-level test: videos=853 f1=0.9675 fall_recall=0.9581 nfall_recall=0.9397 fall_prec=0.9770 nfall_prec=0.8934 min_pr=0.8934 tolerance_windows=2
[2026-05-16 07:49:25] === VAL VIDEO-LEVEL REPORT ===
              precision    recall  f1-score   support

           0     0.9301    0.9281    0.9291       473
           1     0.9726    0.9734    0.9730      1241

    accuracy                         0.9609      1714
   macro avg     0.9514    0.9508    0.9511      1714
weighted avg     0.9609    0.9609    0.9609      1714

[2026-05-16 07:49:25] === TEST VIDEO-LEVEL REPORT ===
              precision    recall  f1-score   support

           0     0.8971    0.9397    0.9179       232
           1     0.9770    0.9597    0.9683       621

    accuracy                         0.9543       853
   macro avg     0.9371    0.9497    0.9431       853
weighted avg     0.9553    0.9543    0.9546       853

[2026-05-16 07:49:25] done P28-vm5 val_f1=0.8896 (video=0.9730) test_f1=0.8844 (video=0.9683) test_min_pr=0.8971 threshold=0.475 min_consecutive=4
