WARNING: All log messages before absl::InitializeLog() is called are written to STDERR
I0000 00:00:1778886420.686485   86780 cpu_feature_guard.cc:227] This TensorFlow binary is optimized to use available CPU instructions in performance-critical operations.
To enable the following instructions: AVX2 FMA, in other operations, rebuild TensorFlow with the appropriate compiler flags.
[2026-05-16 08:07:02] loading train split=/home/min/Workspace/Graduate-Project/Falling-Model-Development/dataset/splits_v2_class_balanced_filtered/train.csv
[2026-05-16 08:07:14] train rows=1,211,093 videos=6,039 features=27 data_scope=all
[2026-05-16 08:07:14] loading val split=/home/min/Workspace/Graduate-Project/Falling-Model-Development/dataset/splits_v2_class_balanced_filtered/val.csv
[2026-05-16 08:07:17] val rows=344,292 videos=1,714 features=27 data_scope=all
[2026-05-16 08:07:17] loading test split=/home/min/Workspace/Graduate-Project/Falling-Model-Development/dataset/splits_v2_class_balanced_filtered/test.csv
[2026-05-16 08:07:18] test rows=172,209 videos=853 features=27 data_scope=all
[2026-05-16 08:07:31] train windows=353,150 positive=213,662 videos=6,039
[2026-05-16 08:07:34] val windows=70,274 positive=30,106 videos=1,714
[2026-05-16 08:07:36] test windows=34,973 positive=15,069 videos=853
I0000 00:00:1778886459.332070   86780 gpu_device.cc:2043] Created device /job:localhost/replica:0/task:0/device:GPU:0 with 6623 MB memory:  -> device: 0, name: NVIDIA GeForce RTX 2060 SUPER, pci bus id: 0000:05:00.0, compute capability: 7.5
W0000 00:00:1778886460.262969   86780 cpu_allocator_impl.cc:82] Allocation of 1525608000 exceeds 10% of free system memory.
W0000 00:00:1778886461.585864   86780 cpu_allocator_impl.cc:82] Allocation of 1525608000 exceeds 10% of free system memory.
W0000 00:00:1778886463.537192   86780 cpu_allocator_impl.cc:82] Allocation of 1525608000 exceeds 10% of free system memory.
I0000 00:00:1778886466.032344   86846 cuda_dnn.cc:461] Loaded cuDNN version 92200
[2026-05-16 08:18:07] ValMinPR: restored best weights (val_video_min_pr=0.9049)
W0000 00:00:1778887087.801133   86780 cpu_allocator_impl.cc:82] Allocation of 1525608000 exceeds 10% of free system memory.
W0000 00:00:1778887089.113515   86780 cpu_allocator_impl.cc:82] Allocation of 1525608000 exceeds 10% of free system memory.
[2026-05-16 08:19:21] video-level val: videos=1714 f1=0.9654 fall_recall=0.9670 nfall_recall=0.9049 fall_prec=0.9639 nfall_prec=0.9126 min_pr=0.9049 min_consecutive=2
[2026-05-16 08:19:22] event-level val: videos=1714 f1=0.9654 fall_recall=0.9670 nfall_recall=0.9049 fall_prec=0.9639 nfall_prec=0.9126 min_pr=0.9049 tolerance_windows=2
[2026-05-16 08:19:22] video-level test: videos=853 f1=0.9596 fall_recall=0.9565 nfall_recall=0.9009 fall_prec=0.9627 nfall_prec=0.8856 min_pr=0.8856 min_consecutive=2
[2026-05-16 08:19:22] event-level test: videos=853 f1=0.9579 fall_recall=0.9533 nfall_recall=0.9009 fall_prec=0.9626 nfall_prec=0.8782 min_pr=0.8782 tolerance_windows=2
[2026-05-16 08:19:23] === VAL VIDEO-LEVEL REPORT ===
              precision    recall  f1-score   support

           0     0.9126    0.9049    0.9087       473
           1     0.9639    0.9670    0.9654      1241

    accuracy                         0.9498      1714
   macro avg     0.9382    0.9359    0.9371      1714
weighted avg     0.9497    0.9498    0.9498      1714

[2026-05-16 08:19:23] === TEST VIDEO-LEVEL REPORT ===
              precision    recall  f1-score   support

           0     0.8856    0.9009    0.8932       232
           1     0.9627    0.9565    0.9596       621

    accuracy                         0.9414       853
   macro avg     0.9242    0.9287    0.9264       853
weighted avg     0.9417    0.9414    0.9415       853

[2026-05-16 08:19:23] done P28-vm13 val_f1=0.8637 (video=0.9654) test_f1=0.8642 (video=0.9596) test_min_pr=0.8856 threshold=0.525 min_consecutive=2
