WARNING: All log messages before absl::InitializeLog() is called are written to STDERR
I0000 00:00:1778892725.399912  108609 cpu_feature_guard.cc:227] This TensorFlow binary is optimized to use available CPU instructions in performance-critical operations.
To enable the following instructions: AVX2 FMA, in other operations, rebuild TensorFlow with the appropriate compiler flags.
[2026-05-16 09:52:06] loading train split=/home/min/Workspace/Graduate-Project/Falling-Model-Development/dataset/splits_v2_class_balanced_filtered/train.csv
[2026-05-16 09:52:18] train rows=1,211,093 videos=6,039 features=27 data_scope=all
[2026-05-16 09:52:18] loading val split=/home/min/Workspace/Graduate-Project/Falling-Model-Development/dataset/splits_v2_class_balanced_filtered/val.csv
[2026-05-16 09:52:22] val rows=344,292 videos=1,714 features=27 data_scope=all
[2026-05-16 09:52:22] loading test split=/home/min/Workspace/Graduate-Project/Falling-Model-Development/dataset/splits_v2_class_balanced_filtered/test.csv
[2026-05-16 09:52:23] test rows=172,209 videos=853 features=27 data_scope=all
[2026-05-16 09:52:37] train windows=353,150 positive=213,662 videos=6,039
[2026-05-16 09:52:40] val windows=70,274 positive=30,106 videos=1,714
[2026-05-16 09:52:41] test windows=34,973 positive=15,069 videos=853
I0000 00:00:1778892764.981068  108609 gpu_device.cc:2043] Created device /job:localhost/replica:0/task:0/device:GPU:0 with 6623 MB memory:  -> device: 0, name: NVIDIA GeForce RTX 2060 SUPER, pci bus id: 0000:05:00.0, compute capability: 7.5
W0000 00:00:1778892765.904800  108609 cpu_allocator_impl.cc:82] Allocation of 1525608000 exceeds 10% of free system memory.
W0000 00:00:1778892767.208704  108609 cpu_allocator_impl.cc:82] Allocation of 1525608000 exceeds 10% of free system memory.
W0000 00:00:1778892769.151340  108609 cpu_allocator_impl.cc:82] Allocation of 1525608000 exceeds 10% of free system memory.
I0000 00:00:1778892771.658450  108772 cuda_dnn.cc:461] Loaded cuDNN version 92200
[2026-05-16 10:08:21] ValMinPR: restored best weights (val_event_min_pr=0.9011)
W0000 00:00:1778893702.351234  108609 cpu_allocator_impl.cc:82] Allocation of 1525608000 exceeds 10% of free system memory.
W0000 00:00:1778893703.687752  108609 cpu_allocator_impl.cc:82] Allocation of 1525608000 exceeds 10% of free system memory.
[2026-05-16 10:09:36] video-level val: videos=1714 f1=0.9633 fall_recall=0.9629 nfall_recall=0.9049 fall_prec=0.9637 nfall_prec=0.9030 min_pr=0.9030 min_consecutive=4
[2026-05-16 10:09:37] event-level val: videos=1714 f1=0.9629 fall_recall=0.9621 nfall_recall=0.9049 fall_prec=0.9637 nfall_prec=0.9011 min_pr=0.9011 tolerance_windows=2
[2026-05-16 10:09:37] video-level test: videos=853 f1=0.9555 fall_recall=0.9517 nfall_recall=0.8922 fall_prec=0.9594 nfall_prec=0.8734 min_pr=0.8734 min_consecutive=4
[2026-05-16 10:09:37] event-level test: videos=853 f1=0.9547 fall_recall=0.9501 nfall_recall=0.8922 fall_prec=0.9593 nfall_prec=0.8697 min_pr=0.8697 tolerance_windows=2
[2026-05-16 10:09:38] === VAL VIDEO-LEVEL REPORT ===
              precision    recall  f1-score   support

           0     0.9030    0.9049    0.9039       473
           1     0.9637    0.9629    0.9633      1241

    accuracy                         0.9469      1714
   macro avg     0.9333    0.9339    0.9336      1714
weighted avg     0.9469    0.9469    0.9469      1714

[2026-05-16 10:09:38] === TEST VIDEO-LEVEL REPORT ===
              precision    recall  f1-score   support

           0     0.8734    0.8922    0.8827       232
           1     0.9594    0.9517    0.9555       621

    accuracy                         0.9355       853
   macro avg     0.9164    0.9220    0.9191       853
weighted avg     0.9360    0.9355    0.9357       853

[2026-05-16 10:09:38] done P28-ev5 val_f1=0.8859 (video=0.9633) test_f1=0.8790 (video=0.9555) test_min_pr=0.8734 threshold=0.475 min_consecutive=4
