WARNING: All log messages before absl::InitializeLog() is called are written to STDERR
I0000 00:00:1778888760.910221   94289 cpu_feature_guard.cc:227] This TensorFlow binary is optimized to use available CPU instructions in performance-critical operations.
To enable the following instructions: AVX2 FMA, in other operations, rebuild TensorFlow with the appropriate compiler flags.
[2026-05-16 08:46:02] loading train split=/home/min/Workspace/Graduate-Project/Falling-Model-Development/dataset/splits_v2_class_balanced_filtered/train.csv
[2026-05-16 08:46:14] train rows=1,211,093 videos=6,039 features=27 data_scope=all
[2026-05-16 08:46:14] loading val split=/home/min/Workspace/Graduate-Project/Falling-Model-Development/dataset/splits_v2_class_balanced_filtered/val.csv
[2026-05-16 08:46:17] val rows=344,292 videos=1,714 features=27 data_scope=all
[2026-05-16 08:46:17] loading test split=/home/min/Workspace/Graduate-Project/Falling-Model-Development/dataset/splits_v2_class_balanced_filtered/test.csv
[2026-05-16 08:46:19] test rows=172,209 videos=853 features=27 data_scope=all
[2026-05-16 08:46:32] train windows=353,150 positive=213,662 videos=6,039
[2026-05-16 08:46:35] val windows=70,274 positive=30,106 videos=1,714
[2026-05-16 08:46:36] test windows=34,973 positive=15,069 videos=853
I0000 00:00:1778888799.723994   94289 gpu_device.cc:2043] Created device /job:localhost/replica:0/task:0/device:GPU:0 with 6623 MB memory:  -> device: 0, name: NVIDIA GeForce RTX 2060 SUPER, pci bus id: 0000:05:00.0, compute capability: 7.5
W0000 00:00:1778888800.650137   94289 cpu_allocator_impl.cc:82] Allocation of 1525608000 exceeds 10% of free system memory.
W0000 00:00:1778888801.942370   94289 cpu_allocator_impl.cc:82] Allocation of 1525608000 exceeds 10% of free system memory.
W0000 00:00:1778888803.882558   94289 cpu_allocator_impl.cc:82] Allocation of 1525608000 exceeds 10% of free system memory.
I0000 00:00:1778888806.394179   94461 cuda_dnn.cc:461] Loaded cuDNN version 92200
[2026-05-16 09:17:45] ValMinPR: restored best weights (val_video_min_pr=0.9197)
W0000 00:00:1778890666.453155   94289 cpu_allocator_impl.cc:82] Allocation of 1525608000 exceeds 10% of free system memory.
W0000 00:00:1778890667.770407   94289 cpu_allocator_impl.cc:82] Allocation of 1525608000 exceeds 10% of free system memory.
[2026-05-16 09:19:00] video-level val: videos=1714 f1=0.9702 fall_recall=0.9710 nfall_recall=0.9197 fall_prec=0.9694 nfall_prec=0.9236 min_pr=0.9197 min_consecutive=4
[2026-05-16 09:19:00] event-level val: videos=1714 f1=0.9702 fall_recall=0.9710 nfall_recall=0.9197 fall_prec=0.9694 nfall_prec=0.9236 min_pr=0.9197 tolerance_windows=2
[2026-05-16 09:19:01] video-level test: videos=853 f1=0.9628 fall_recall=0.9581 nfall_recall=0.9138 fall_prec=0.9675 nfall_prec=0.8908 min_pr=0.8908 min_consecutive=4
[2026-05-16 09:19:01] event-level test: videos=853 f1=0.9619 fall_recall=0.9565 nfall_recall=0.9138 fall_prec=0.9674 nfall_prec=0.8870 min_pr=0.8870 tolerance_windows=2
[2026-05-16 09:19:01] === VAL VIDEO-LEVEL REPORT ===
              precision    recall  f1-score   support

           0     0.9236    0.9197    0.9216       473
           1     0.9694    0.9710    0.9702      1241

    accuracy                         0.9568      1714
   macro avg     0.9465    0.9453    0.9459      1714
weighted avg     0.9568    0.9568    0.9568      1714

[2026-05-16 09:19:01] === TEST VIDEO-LEVEL REPORT ===
              precision    recall  f1-score   support

           0     0.8908    0.9138    0.9021       232
           1     0.9675    0.9581    0.9628       621

    accuracy                         0.9461       853
   macro avg     0.9291    0.9360    0.9325       853
weighted avg     0.9466    0.9461    0.9463       853

[2026-05-16 09:19:01] done P28-vm100 val_f1=0.8960 (video=0.9702) test_f1=0.8870 (video=0.9628) test_min_pr=0.8908 threshold=0.500 min_consecutive=4
