WARNING: All log messages before absl::InitializeLog() is called are written to STDERR
I0000 00:00:1778887164.894251   89298 cpu_feature_guard.cc:227] This TensorFlow binary is optimized to use available CPU instructions in performance-critical operations.
To enable the following instructions: AVX2 FMA, in other operations, rebuild TensorFlow with the appropriate compiler flags.
[2026-05-16 08:19:26] loading train split=/home/min/Workspace/Graduate-Project/Falling-Model-Development/dataset/splits_v2_class_balanced_filtered/train.csv
[2026-05-16 08:19:38] train rows=1,211,093 videos=6,039 features=27 data_scope=all
[2026-05-16 08:19:38] loading val split=/home/min/Workspace/Graduate-Project/Falling-Model-Development/dataset/splits_v2_class_balanced_filtered/val.csv
[2026-05-16 08:19:41] val rows=344,292 videos=1,714 features=27 data_scope=all
[2026-05-16 08:19:41] loading test split=/home/min/Workspace/Graduate-Project/Falling-Model-Development/dataset/splits_v2_class_balanced_filtered/test.csv
[2026-05-16 08:19:43] test rows=172,209 videos=853 features=27 data_scope=all
[2026-05-16 08:19:56] train windows=353,150 positive=213,662 videos=6,039
[2026-05-16 08:19:59] val windows=70,274 positive=30,106 videos=1,714
[2026-05-16 08:20:01] test windows=34,973 positive=15,069 videos=853
I0000 00:00:1778887203.974570   89298 gpu_device.cc:2043] Created device /job:localhost/replica:0/task:0/device:GPU:0 with 6623 MB memory:  -> device: 0, name: NVIDIA GeForce RTX 2060 SUPER, pci bus id: 0000:05:00.0, compute capability: 7.5
W0000 00:00:1778887204.902063   89298 cpu_allocator_impl.cc:82] Allocation of 1525608000 exceeds 10% of free system memory.
W0000 00:00:1778887206.199535   89298 cpu_allocator_impl.cc:82] Allocation of 1525608000 exceeds 10% of free system memory.
W0000 00:00:1778887208.130923   89298 cpu_allocator_impl.cc:82] Allocation of 1525608000 exceeds 10% of free system memory.
I0000 00:00:1778887210.647316   89366 cuda_dnn.cc:461] Loaded cuDNN version 92200
[2026-05-16 08:44:42] ValMinPR: restored best weights (val_video_min_pr=0.9302)
W0000 00:00:1778888683.501860   89298 cpu_allocator_impl.cc:82] Allocation of 1525608000 exceeds 10% of free system memory.
W0000 00:00:1778888684.856200   89298 cpu_allocator_impl.cc:82] Allocation of 1525608000 exceeds 10% of free system memory.
[2026-05-16 08:45:57] video-level val: videos=1714 f1=0.9746 fall_recall=0.9758 nfall_recall=0.9302 fall_prec=0.9735 nfall_prec=0.9362 min_pr=0.9302 min_consecutive=3
[2026-05-16 08:45:58] event-level val: videos=1714 f1=0.9746 fall_recall=0.9758 nfall_recall=0.9302 fall_prec=0.9735 nfall_prec=0.9362 min_pr=0.9302 tolerance_windows=2
[2026-05-16 08:45:58] video-level test: videos=853 f1=0.9692 fall_recall=0.9630 nfall_recall=0.9353 fall_prec=0.9755 nfall_prec=0.9042 min_pr=0.9042 min_consecutive=3
[2026-05-16 08:45:58] event-level test: videos=853 f1=0.9684 fall_recall=0.9614 nfall_recall=0.9353 fall_prec=0.9755 nfall_prec=0.9004 min_pr=0.9004 tolerance_windows=2
[2026-05-16 08:45:59] === VAL VIDEO-LEVEL REPORT ===
              precision    recall  f1-score   support

           0     0.9362    0.9302    0.9332       473
           1     0.9735    0.9758    0.9746      1241

    accuracy                         0.9632      1714
   macro avg     0.9548    0.9530    0.9539      1714
weighted avg     0.9632    0.9632    0.9632      1714

[2026-05-16 08:45:59] === TEST VIDEO-LEVEL REPORT ===
              precision    recall  f1-score   support

           0     0.9042    0.9353    0.9195       232
           1     0.9755    0.9630    0.9692       621

    accuracy                         0.9555       853
   macro avg     0.9398    0.9492    0.9443       853
weighted avg     0.9561    0.9555    0.9557       853

[2026-05-16 08:45:59] done P28-vm77 val_f1=0.8837 (video=0.9746) test_f1=0.8745 (video=0.9692) test_min_pr=0.9042 threshold=0.550 min_consecutive=3
