WARNING: All log messages before absl::InitializeLog() is called are written to STDERR
I0000 00:00:1778885366.980933   83344 cpu_feature_guard.cc:227] This TensorFlow binary is optimized to use available CPU instructions in performance-critical operations.
To enable the following instructions: AVX2 FMA, in other operations, rebuild TensorFlow with the appropriate compiler flags.
[2026-05-16 07:49:28] loading train split=/home/min/Workspace/Graduate-Project/Falling-Model-Development/dataset/splits_v2_class_balanced_filtered/train.csv
[2026-05-16 07:49:40] train rows=1,211,093 videos=6,039 features=27 data_scope=all
[2026-05-16 07:49:40] loading val split=/home/min/Workspace/Graduate-Project/Falling-Model-Development/dataset/splits_v2_class_balanced_filtered/val.csv
[2026-05-16 07:49:43] val rows=344,292 videos=1,714 features=27 data_scope=all
[2026-05-16 07:49:43] loading test split=/home/min/Workspace/Graduate-Project/Falling-Model-Development/dataset/splits_v2_class_balanced_filtered/test.csv
[2026-05-16 07:49:45] test rows=172,209 videos=853 features=27 data_scope=all
[2026-05-16 07:49:58] train windows=353,150 positive=213,662 videos=6,039
[2026-05-16 07:50:01] val windows=70,274 positive=30,106 videos=1,714
[2026-05-16 07:50:03] test windows=34,973 positive=15,069 videos=853
I0000 00:00:1778885406.486778   83344 gpu_device.cc:2043] Created device /job:localhost/replica:0/task:0/device:GPU:0 with 6623 MB memory:  -> device: 0, name: NVIDIA GeForce RTX 2060 SUPER, pci bus id: 0000:05:00.0, compute capability: 7.5
W0000 00:00:1778885407.462210   83344 cpu_allocator_impl.cc:82] Allocation of 1525608000 exceeds 10% of free system memory.
W0000 00:00:1778885408.782990   83344 cpu_allocator_impl.cc:82] Allocation of 1525608000 exceeds 10% of free system memory.
W0000 00:00:1778885410.728154   83344 cpu_allocator_impl.cc:82] Allocation of 1525608000 exceeds 10% of free system memory.
I0000 00:00:1778885413.240488   83488 cuda_dnn.cc:461] Loaded cuDNN version 92200
[2026-05-16 08:05:42] ValMinPR: restored best weights (val_video_min_pr=0.9114)
W0000 00:00:1778886343.058811   83344 cpu_allocator_impl.cc:82] Allocation of 1525608000 exceeds 10% of free system memory.
W0000 00:00:1778886344.418939   83344 cpu_allocator_impl.cc:82] Allocation of 1525608000 exceeds 10% of free system memory.
[2026-05-16 08:06:57] video-level val: videos=1714 f1=0.9665 fall_recall=0.9662 nfall_recall=0.9133 fall_prec=0.9669 nfall_prec=0.9114 min_pr=0.9114 min_consecutive=3
[2026-05-16 08:06:58] event-level val: videos=1714 f1=0.9661 fall_recall=0.9654 nfall_recall=0.9133 fall_prec=0.9669 nfall_prec=0.9095 min_pr=0.9095 tolerance_windows=2
[2026-05-16 08:06:58] video-level test: videos=853 f1=0.9662 fall_recall=0.9678 nfall_recall=0.9052 fall_prec=0.9647 nfall_prec=0.9130 min_pr=0.9052 min_consecutive=3
[2026-05-16 08:06:58] event-level test: videos=853 f1=0.9654 fall_recall=0.9662 nfall_recall=0.9052 fall_prec=0.9646 nfall_prec=0.9091 min_pr=0.9052 tolerance_windows=2
[2026-05-16 08:06:59] === VAL VIDEO-LEVEL REPORT ===
              precision    recall  f1-score   support

           0     0.9114    0.9133    0.9124       473
           1     0.9669    0.9662    0.9665      1241

    accuracy                         0.9516      1714
   macro avg     0.9392    0.9397    0.9395      1714
weighted avg     0.9516    0.9516    0.9516      1714

[2026-05-16 08:06:59] === TEST VIDEO-LEVEL REPORT ===
              precision    recall  f1-score   support

           0     0.9130    0.9052    0.9091       232
           1     0.9647    0.9678    0.9662       621

    accuracy                         0.9508       853
   macro avg     0.9389    0.9365    0.9377       853
weighted avg     0.9506    0.9508    0.9507       853

[2026-05-16 08:06:59] done P28-vm7 val_f1=0.8817 (video=0.9665) test_f1=0.8790 (video=0.9662) test_min_pr=0.9052 threshold=0.450 min_consecutive=3
