WARNING: All log messages before absl::InitializeLog() is called are written to STDERR
I0000 00:00:1778890743.524262  102039 cpu_feature_guard.cc:227] This TensorFlow binary is optimized to use available CPU instructions in performance-critical operations.
To enable the following instructions: AVX2 FMA, in other operations, rebuild TensorFlow with the appropriate compiler flags.
[2026-05-16 09:19:04] loading train split=/home/min/Workspace/Graduate-Project/Falling-Model-Development/dataset/splits_v2_class_balanced_filtered/train.csv
[2026-05-16 09:19:16] train rows=1,211,093 videos=6,039 features=27 data_scope=all
[2026-05-16 09:19:16] loading val split=/home/min/Workspace/Graduate-Project/Falling-Model-Development/dataset/splits_v2_class_balanced_filtered/val.csv
[2026-05-16 09:19:20] val rows=344,292 videos=1,714 features=27 data_scope=all
[2026-05-16 09:19:20] loading test split=/home/min/Workspace/Graduate-Project/Falling-Model-Development/dataset/splits_v2_class_balanced_filtered/test.csv
[2026-05-16 09:19:21] test rows=172,209 videos=853 features=27 data_scope=all
[2026-05-16 09:19:34] train windows=353,150 positive=213,662 videos=6,039
[2026-05-16 09:19:37] val windows=70,274 positive=30,106 videos=1,714
[2026-05-16 09:19:38] test windows=34,973 positive=15,069 videos=853
I0000 00:00:1778890782.051182  102039 gpu_device.cc:2043] Created device /job:localhost/replica:0/task:0/device:GPU:0 with 6623 MB memory:  -> device: 0, name: NVIDIA GeForce RTX 2060 SUPER, pci bus id: 0000:05:00.0, compute capability: 7.5
W0000 00:00:1778890782.973265  102039 cpu_allocator_impl.cc:82] Allocation of 1525608000 exceeds 10% of free system memory.
W0000 00:00:1778890784.297498  102039 cpu_allocator_impl.cc:82] Allocation of 1525608000 exceeds 10% of free system memory.
W0000 00:00:1778890786.261424  102039 cpu_allocator_impl.cc:82] Allocation of 1525608000 exceeds 10% of free system memory.
I0000 00:00:1778890788.778108  102106 cuda_dnn.cc:461] Loaded cuDNN version 92200
[2026-05-16 09:50:47] ValMinPR: restored best weights (val_video_min_pr=0.9281)
W0000 00:00:1778892648.330312  102039 cpu_allocator_impl.cc:82] Allocation of 1525608000 exceeds 10% of free system memory.
W0000 00:00:1778892649.650906  102039 cpu_allocator_impl.cc:82] Allocation of 1525608000 exceeds 10% of free system memory.
[2026-05-16 09:52:02] video-level val: videos=1714 f1=0.9726 fall_recall=0.9726 nfall_recall=0.9281 fall_prec=0.9726 nfall_prec=0.9281 min_pr=0.9281 min_consecutive=4
[2026-05-16 09:52:02] event-level val: videos=1714 f1=0.9726 fall_recall=0.9726 nfall_recall=0.9281 fall_prec=0.9726 nfall_prec=0.9281 min_pr=0.9281 tolerance_windows=2
[2026-05-16 09:52:03] video-level test: videos=853 f1=0.9684 fall_recall=0.9630 nfall_recall=0.9310 fall_prec=0.9739 nfall_prec=0.9038 min_pr=0.9038 min_consecutive=4
[2026-05-16 09:52:03] event-level test: videos=853 f1=0.9676 fall_recall=0.9614 nfall_recall=0.9310 fall_prec=0.9739 nfall_prec=0.9000 min_pr=0.9000 tolerance_windows=2
[2026-05-16 09:52:03] === VAL VIDEO-LEVEL REPORT ===
              precision    recall  f1-score   support

           0     0.9281    0.9281    0.9281       473
           1     0.9726    0.9726    0.9726      1241

    accuracy                         0.9603      1714
   macro avg     0.9504    0.9504    0.9504      1714
weighted avg     0.9603    0.9603    0.9603      1714

[2026-05-16 09:52:03] === TEST VIDEO-LEVEL REPORT ===
              precision    recall  f1-score   support

           0     0.9038    0.9310    0.9172       232
           1     0.9739    0.9630    0.9684       621

    accuracy                         0.9543       853
   macro avg     0.9389    0.9470    0.9428       853
weighted avg     0.9549    0.9543    0.9545       853

[2026-05-16 09:52:03] done P28-vm123 val_f1=0.8989 (video=0.9726) test_f1=0.8921 (video=0.9684) test_min_pr=0.9038 threshold=0.500 min_consecutive=4
