WARNING: All log messages before absl::InitializeLog() is called are written to STDERR
I0000 00:00:1778893779.680732  113030 cpu_feature_guard.cc:227] This TensorFlow binary is optimized to use available CPU instructions in performance-critical operations.
To enable the following instructions: AVX2 FMA, in other operations, rebuild TensorFlow with the appropriate compiler flags.
[2026-05-16 10:09:41] loading train split=/home/min/Workspace/Graduate-Project/Falling-Model-Development/dataset/splits_v2_class_balanced_filtered/train.csv
[2026-05-16 10:09:53] train rows=1,211,093 videos=6,039 features=27 data_scope=all
[2026-05-16 10:09:53] loading val split=/home/min/Workspace/Graduate-Project/Falling-Model-Development/dataset/splits_v2_class_balanced_filtered/val.csv
[2026-05-16 10:09:56] val rows=344,292 videos=1,714 features=27 data_scope=all
[2026-05-16 10:09:56] loading test split=/home/min/Workspace/Graduate-Project/Falling-Model-Development/dataset/splits_v2_class_balanced_filtered/test.csv
[2026-05-16 10:09:57] test rows=172,209 videos=853 features=27 data_scope=all
[2026-05-16 10:10:11] train windows=353,150 positive=213,662 videos=6,039
[2026-05-16 10:10:13] val windows=70,274 positive=30,106 videos=1,714
[2026-05-16 10:10:15] test windows=34,973 positive=15,069 videos=853
I0000 00:00:1778893818.366968  113030 gpu_device.cc:2043] Created device /job:localhost/replica:0/task:0/device:GPU:0 with 6623 MB memory:  -> device: 0, name: NVIDIA GeForce RTX 2060 SUPER, pci bus id: 0000:05:00.0, compute capability: 7.5
W0000 00:00:1778893819.292245  113030 cpu_allocator_impl.cc:82] Allocation of 1525608000 exceeds 10% of free system memory.
W0000 00:00:1778893820.585983  113030 cpu_allocator_impl.cc:82] Allocation of 1525608000 exceeds 10% of free system memory.
W0000 00:00:1778893822.506225  113030 cpu_allocator_impl.cc:82] Allocation of 1525608000 exceeds 10% of free system memory.
I0000 00:00:1778893824.978967  113297 cuda_dnn.cc:461] Loaded cuDNN version 92200
[2026-05-16 10:40:12] ValMinPR: restored best weights (val_event_min_pr=0.9218)
W0000 00:00:1778895613.356093  113030 cpu_allocator_impl.cc:82] Allocation of 1525608000 exceeds 10% of free system memory.
W0000 00:00:1778895614.675320  113030 cpu_allocator_impl.cc:82] Allocation of 1525608000 exceeds 10% of free system memory.
[2026-05-16 10:41:27] video-level val: videos=1714 f1=0.9723 fall_recall=0.9742 nfall_recall=0.9218 fall_prec=0.9703 nfall_prec=0.9316 min_pr=0.9218 min_consecutive=4
[2026-05-16 10:41:28] event-level val: videos=1714 f1=0.9718 fall_recall=0.9734 nfall_recall=0.9218 fall_prec=0.9703 nfall_prec=0.9296 min_pr=0.9218 tolerance_windows=2
[2026-05-16 10:41:28] video-level test: videos=853 f1=0.9646 fall_recall=0.9646 nfall_recall=0.9052 fall_prec=0.9646 nfall_prec=0.9052 min_pr=0.9052 min_consecutive=4
[2026-05-16 10:41:28] event-level test: videos=853 f1=0.9629 fall_recall=0.9614 nfall_recall=0.9052 fall_prec=0.9645 nfall_prec=0.8974 min_pr=0.8974 tolerance_windows=2
[2026-05-16 10:41:29] === VAL VIDEO-LEVEL REPORT ===
              precision    recall  f1-score   support

           0     0.9316    0.9218    0.9267       473
           1     0.9703    0.9742    0.9723      1241

    accuracy                         0.9597      1714
   macro avg     0.9510    0.9480    0.9495      1714
weighted avg     0.9596    0.9597    0.9597      1714

[2026-05-16 10:41:29] === TEST VIDEO-LEVEL REPORT ===
              precision    recall  f1-score   support

           0     0.9052    0.9052    0.9052       232
           1     0.9646    0.9646    0.9646       621

    accuracy                         0.9484       853
   macro avg     0.9349    0.9349    0.9349       853
weighted avg     0.9484    0.9484    0.9484       853

[2026-05-16 10:41:29] done P28-ev7 val_f1=0.8930 (video=0.9723) test_f1=0.8871 (video=0.9646) test_min_pr=0.9052 threshold=0.450 min_consecutive=4
