[2026-05-16 07:26:45] === Phase 28: seed probe (val_video_min_pr 확장 + val_event_min_pr 추가) ===
[2026-05-16 07:26:45] 목표: 0.9241(P27-vm0) 돌파 → ≥0.93 달성. 병목=NFallPrecision(FN 18→16 필요)
[2026-05-16 07:26:45] GPU ready: 17MiB
[2026-05-16 07:26:45] START P28-vm5
[OK] P28-vm5 event=0.8934 video=0.8971 thr=0.475 mc=4
  CM: TN=218 FP=14 FN=26 TP=595
[2026-05-16 07:49:26] GPU ready: 17MiB
[2026-05-16 07:49:26] START P28-vm7
[OK] P28-vm7 event=0.9052 video=0.9052 thr=0.450 mc=3
  CM: TN=210 FP=22 FN=21 TP=600
[2026-05-16 08:07:00] GPU ready: 17MiB
[2026-05-16 08:07:00] START P28-vm13
[OK] P28-vm13 event=0.8782 video=0.8856 thr=0.525 mc=2
  CM: TN=209 FP=23 FN=29 TP=592
[2026-05-16 08:19:24] GPU ready: 17MiB
[2026-05-16 08:19:24] START P28-vm77
[OK] P28-vm77 event=0.9004 video=0.9042 thr=0.550 mc=3
  CM: TN=217 FP=15 FN=24 TP=597
[2026-05-16 08:46:00] GPU ready: 17MiB
[2026-05-16 08:46:00] START P28-vm100
[OK] P28-vm100 event=0.8870 video=0.8908 thr=0.500 mc=4
  CM: TN=212 FP=20 FN=27 TP=594
[2026-05-16 09:19:02] GPU ready: 17MiB
[2026-05-16 09:19:02] START P28-vm123
[OK] P28-vm123 event=0.9000 video=0.9038 thr=0.500 mc=4
  CM: TN=216 FP=16 FN=24 TP=597
[2026-05-16 09:52:04] GPU ready: 17MiB
[2026-05-16 09:52:04] START P28-ev5
[OK] P28-ev5 event=0.8697 video=0.8734 thr=0.475 mc=4
  CM: TN=207 FP=25 FN=31 TP=590
[2026-05-16 10:09:39] GPU ready: 17MiB
[2026-05-16 10:09:39] START P28-ev7
[OK] P28-ev7 event=0.8974 video=0.9052 thr=0.450 mc=4
  CM: TN=210 FP=22 FN=24 TP=597
[2026-05-16 10:41:30] GPU ready: 17MiB
[2026-05-16 10:41:30] START P28-ev100
[OK] P28-ev100 event=0.8785 video=0.8821 thr=0.525 mc=4
  CM: TN=217 FP=15 FN=30 TP=591
[2026-05-16 11:18:28] === Phase 28 done ===
