[2026-05-15 21:30:34] === P13-v01: α=0.10 + hard-neg + neg_stride=1 ===
[2026-05-15 21:30:34] START P13-v01
WARNING: All log messages before absl::InitializeLog() is called are written to STDERR
I0000 00:00:1778848235.005517  205663 cpu_feature_guard.cc:227] This TensorFlow binary is optimized to use available CPU instructions in performance-critical operations.
To enable the following instructions: AVX2 FMA, in other operations, rebuild TensorFlow with the appropriate compiler flags.
[2026-05-15 21:30:36] loading train split=/home/min/Workspace/Graduate-Project/Falling-Model-Development/dataset/splits_v2_filtered/train.csv
[2026-05-15 21:30:49] train rows=1,274,014 videos=6,344 features=27 data_scope=all
[2026-05-15 21:30:49] loading val split=/home/min/Workspace/Graduate-Project/Falling-Model-Development/dataset/splits_v2_filtered/val.csv
[2026-05-15 21:30:53] val rows=363,918 videos=1,811 features=27 data_scope=all
[2026-05-15 21:30:53] loading test split=/home/min/Workspace/Graduate-Project/Falling-Model-Development/dataset/splits_v2_filtered/test.csv
[2026-05-15 21:30:55] test rows=182,782 videos=911 features=27 data_scope=all
[2026-05-15 21:30:55] hard_negative_ids loaded: 50 videos from /home/min/Workspace/Graduate-Project/Falling-Model-Development/results/phase10_error_analysis/P9O-v01/false_positive_videos.csv
[2026-05-15 21:31:15] train windows=517,979 positive=224,347 videos=6,344
[2026-05-15 21:31:18] val windows=74,251 positive=32,590 videos=1,811
[2026-05-15 21:31:20] test windows=37,351 positive=16,447 videos=911
I0000 00:00:1778848287.105380  205663 gpu_device.cc:2043] Created device /job:localhost/replica:0/task:0/device:GPU:0 with 6103 MB memory:  -> device: 0, name: NVIDIA GeForce RTX 2060 SUPER, pci bus id: 0000:05:00.0, compute capability: 7.5
W0000 00:00:1778848288.969780  205663 cpu_allocator_impl.cc:82] Allocation of 2237669280 exceeds 10% of free system memory.
W0000 00:00:1778848290.890679  205663 cpu_allocator_impl.cc:82] Allocation of 2237669280 exceeds 10% of free system memory.
W0000 00:00:1778848293.504300  205663 cpu_allocator_impl.cc:82] Allocation of 2237669280 exceeds 10% of free system memory.
I0000 00:00:1778848296.351094  206194 cuda_dnn.cc:461] Loaded cuDNN version 92200
W0000 00:00:1778848691.444620  205663 cpu_allocator_impl.cc:82] Allocation of 2237669280 exceeds 10% of free system memory.
W0000 00:00:1778848693.361537  205663 cpu_allocator_impl.cc:82] Allocation of 2237669280 exceeds 10% of free system memory.
[2026-05-15 21:39:38] video-level val: videos=1811 f1=0.9635 fall_recall=0.9609 nfall_recall=0.9062 fall_prec=0.9660 nfall_prec=0.8932 min_pr=0.8932 min_consecutive=3
[2026-05-15 21:39:39] video-level test: videos=911 f1=0.9660 fall_recall=0.9610 nfall_recall=0.9224 fall_prec=0.9712 nfall_prec=0.8968 min_pr=0.8968 min_consecutive=3
[2026-05-15 21:39:39] === VAL VIDEO-LEVEL REPORT ===
              precision    recall  f1-score   support

           0     0.8932    0.9062    0.8997       480
           1     0.9660    0.9609    0.9635      1331

    accuracy                         0.9464      1811
   macro avg     0.9296    0.9336    0.9316      1811
weighted avg     0.9467    0.9464    0.9466      1811

[2026-05-15 21:39:39] === TEST VIDEO-LEVEL REPORT ===
              precision    recall  f1-score   support

           0     0.8968    0.9224    0.9095       245
           1     0.9712    0.9610    0.9660       666

    accuracy                         0.9506       911
   macro avg     0.9340    0.9417    0.9377       911
weighted avg     0.9512    0.9506    0.9508       911

[2026-05-15 21:39:50] tflite export subprocess exit=0
[2026-05-15 21:39:50]   [tflite] [P13-v01]
[2026-05-15 21:39:50]   [tflite]   Loading model.keras ...
[2026-05-15 21:39:50]   [tflite]     rebuilding with unroll=True for TFLite compatibility
[2026-05-15 21:39:50]   [tflite] Saved artifact at '/tmp/tmpi5f30g63'. The following endpoints are available:
[2026-05-15 21:39:50]   [tflite] 
[2026-05-15 21:39:50]   [tflite] * Endpoint 'serve'
[2026-05-15 21:39:50]   [tflite]   args_0 (POSITIONAL_ONLY): TensorSpec(shape=(None, 40, 27), dtype=tf.float32, name='pose_sequence')
[2026-05-15 21:39:50]   [tflite] Output Type:
[2026-05-15 21:39:50]   [tflite]   TensorSpec(shape=(None, 2), dtype=tf.float32, name=None)
[2026-05-15 21:39:50]   [tflite] Captures:
[2026-05-15 21:39:50]   [tflite]   131977573668368: TensorSpec(shape=(), dtype=tf.resource, name=None)
[2026-05-15 21:39:50]   [tflite]   131977573669136: TensorSpec(shape=(), dtype=tf.resource, name=None)
[2026-05-15 21:39:50]   [tflite]   131977573668944: TensorSpec(shape=(), dtype=tf.resource, name=None)
[2026-05-15 21:39:50]   [tflite]   131977573669328: TensorSpec(shape=(), dtype=tf.resource, name=None)
[2026-05-15 21:39:50]   [tflite]   131977573667408: TensorSpec(shape=(), dtype=tf.resource, name=None)
[2026-05-15 21:39:50]   [tflite]   131977573669520: TensorSpec(shape=(), dtype=tf.resource, name=None)
[2026-05-15 21:39:50]   [tflite]   131977573669904: TensorSpec(shape=(), dtype=tf.resource, name=None)
[2026-05-15 21:39:50]   [tflite]   131977573669712: TensorSpec(shape=(), dtype=tf.resource, name=None)
[2026-05-15 21:39:50]   [tflite]   131977573668560: TensorSpec(shape=(), dtype=tf.resource, name=None)
[2026-05-15 21:39:50]   [tflite]   131977573670096: TensorSpec(shape=(), dtype=tf.resource, name=None)
[2026-05-15 21:39:50]   [tflite]   131977573670864: TensorSpec(shape=(), dtype=tf.resource, name=None)
[2026-05-15 21:39:50]   [tflite]   131977573672208: TensorSpec(shape=(), dtype=tf.resource, name=None)
[2026-05-15 21:39:50]   [tflite]   131977573671248: TensorSpec(shape=(), dtype=tf.resource, name=None)
[2026-05-15 21:39:50]   [tflite]   131977573671632: TensorSpec(shape=(), dtype=tf.resource, name=None)
[2026-05-15 21:39:50]   [tflite]   131977573671056: TensorSpec(shape=(), dtype=tf.resource, name=None)
[2026-05-15 21:39:50]   [tflite]   131977573672592: TensorSpec(shape=(), dtype=tf.resource, name=None)
[2026-05-15 21:39:50]   [tflite]   131977573672400: TensorSpec(shape=(), dtype=tf.resource, name=None)
[2026-05-15 21:39:50]   [tflite]   131977573673360: TensorSpec(shape=(), dtype=tf.resource, name=None)
[2026-05-15 21:39:50]   [tflite]   131977573670288: TensorSpec(shape=(), dtype=tf.resource, name=None)
[2026-05-15 21:39:50]   [tflite]   131977573672784: TensorSpec(shape=(), dtype=tf.resource, name=None)
[2026-05-15 21:39:50]   [tflite]   131977573673744: TensorSpec(shape=(), dtype=tf.resource, name=None)
[2026-05-15 21:39:50]   [tflite]   131977573673936: TensorSpec(shape=(), dtype=tf.resource, name=None)
[2026-05-15 21:39:50]   [tflite]   131977573672016: TensorSpec(shape=(), dtype=tf.resource, name=None)
[2026-05-15 21:39:50]   [tflite]   131977573674512: TensorSpec(shape=(), dtype=tf.resource, name=None)
[2026-05-15 21:39:50]   [tflite]     fp32 OK (806 KB)
[2026-05-15 21:39:50]   [tflite] Saved artifact at '/tmp/tmpnr8cqg1g'. The following endpoints are available:
[2026-05-15 21:39:50]   [tflite] 
[2026-05-15 21:39:50]   [tflite] * Endpoint 'serve'
[2026-05-15 21:39:50]   [tflite]   args_0 (POSITIONAL_ONLY): TensorSpec(shape=(None, 40, 27), dtype=tf.float32, name='pose_sequence')
[2026-05-15 21:39:50]   [tflite] Output Type:
[2026-05-15 21:39:50]   [tflite]   TensorSpec(shape=(None, 2), dtype=tf.float32, name=None)
[2026-05-15 21:39:50]   [tflite] Captures:
[2026-05-15 21:39:50]   [tflite]   131977573668368: TensorSpec(shape=(), dtype=tf.resource, name=None)
[2026-05-15 21:39:50]   [tflite]   131977573669136: TensorSpec(shape=(), dtype=tf.resource, name=None)
[2026-05-15 21:39:50]   [tflite]   131977573668944: TensorSpec(shape=(), dtype=tf.resource, name=None)
[2026-05-15 21:39:50]   [tflite]   131977573669328: TensorSpec(shape=(), dtype=tf.resource, name=None)
[2026-05-15 21:39:50]   [tflite]   131977573667408: TensorSpec(shape=(), dtype=tf.resource, name=None)
[2026-05-15 21:39:50]   [tflite]   131977573669520: TensorSpec(shape=(), dtype=tf.resource, name=None)
[2026-05-15 21:39:50]   [tflite]   131977573669904: TensorSpec(shape=(), dtype=tf.resource, name=None)
[2026-05-15 21:39:50]   [tflite]   131977573669712: TensorSpec(shape=(), dtype=tf.resource, name=None)
[2026-05-15 21:39:50]   [tflite]   131977573668560: TensorSpec(shape=(), dtype=tf.resource, name=None)
[2026-05-15 21:39:50]   [tflite]   131977573670096: TensorSpec(shape=(), dtype=tf.resource, name=None)
[2026-05-15 21:39:50]   [tflite]   131977573670864: TensorSpec(shape=(), dtype=tf.resource, name=None)
[2026-05-15 21:39:50]   [tflite]   131977573672208: TensorSpec(shape=(), dtype=tf.resource, name=None)
[2026-05-15 21:39:50]   [tflite]   131977573671248: TensorSpec(shape=(), dtype=tf.resource, name=None)
[2026-05-15 21:39:50]   [tflite]   131977573671632: TensorSpec(shape=(), dtype=tf.resource, name=None)
[2026-05-15 21:39:50]   [tflite]   131977573671056: TensorSpec(shape=(), dtype=tf.resource, name=None)
[2026-05-15 21:39:50]   [tflite]   131977573672592: TensorSpec(shape=(), dtype=tf.resource, name=None)
[2026-05-15 21:39:50]   [tflite]   131977573672400: TensorSpec(shape=(), dtype=tf.resource, name=None)
[2026-05-15 21:39:50]   [tflite]   131977573673360: TensorSpec(shape=(), dtype=tf.resource, name=None)
[2026-05-15 21:39:50]   [tflite]   131977573670288: TensorSpec(shape=(), dtype=tf.resource, name=None)
[2026-05-15 21:39:50]   [tflite]   131977573672784: TensorSpec(shape=(), dtype=tf.resource, name=None)
[2026-05-15 21:39:50]   [tflite]   131977573673744: TensorSpec(shape=(), dtype=tf.resource, name=None)
[2026-05-15 21:39:50]   [tflite]   131977573673936: TensorSpec(shape=(), dtype=tf.resource, name=None)
[2026-05-15 21:39:50]   [tflite]   131977573672016: TensorSpec(shape=(), dtype=tf.resource, name=None)
[2026-05-15 21:39:50]   [tflite]   131977573674512: TensorSpec(shape=(), dtype=tf.resource, name=None)
[2026-05-15 21:39:50]   [tflite]     int8 OK (1229 KB)
[2026-05-15 21:39:50]   [tflite] 
[2026-05-15 21:39:50]   [tflite] Done.
/home/min/Workspace/Graduate-Project/Falling-Model-Development/.venv/lib/python3.13/site-packages/tensorflow/lite/python/interpreter.py:457: UserWarning:     Warning: tf.lite.Interpreter is deprecated and is scheduled for deletion in
    TF 2.20. Please use the LiteRT interpreter from the ai_edge_litert package.
    See the [migration guide](https://ai.google.dev/edge/litert/migration)
    for details.
    
  warnings.warn(_INTERPRETER_DELETION_WARNING)
INFO: Created TensorFlow Lite XNNPACK delegate for CPU.
[2026-05-15 21:39:51] done P13-v01 val_f1=0.8733 (video=0.9635) test_f1=0.8772 (video=0.9660) test_min_pr=0.8968 threshold=0.425 min_consecutive=3
[2026-05-15 21:39:52] OK    P13-v01  test_min_pr=0.8968
[2026-05-15 21:39:52] === P13-v02: α=0.05 + hard-neg ===
[2026-05-15 21:39:52] START P13-v02
WARNING: All log messages before absl::InitializeLog() is called are written to STDERR
I0000 00:00:1778848793.510356  213841 cpu_feature_guard.cc:227] This TensorFlow binary is optimized to use available CPU instructions in performance-critical operations.
To enable the following instructions: AVX2 FMA, in other operations, rebuild TensorFlow with the appropriate compiler flags.
[2026-05-15 21:39:54] loading train split=/home/min/Workspace/Graduate-Project/Falling-Model-Development/dataset/splits_v2_filtered/train.csv
[2026-05-15 21:40:08] train rows=1,274,014 videos=6,344 features=27 data_scope=all
[2026-05-15 21:40:08] loading val split=/home/min/Workspace/Graduate-Project/Falling-Model-Development/dataset/splits_v2_filtered/val.csv
[2026-05-15 21:40:11] val rows=363,918 videos=1,811 features=27 data_scope=all
[2026-05-15 21:40:11] loading test split=/home/min/Workspace/Graduate-Project/Falling-Model-Development/dataset/splits_v2_filtered/test.csv
[2026-05-15 21:40:13] test rows=182,782 videos=911 features=27 data_scope=all
[2026-05-15 21:40:13] hard_negative_ids loaded: 50 videos from /home/min/Workspace/Graduate-Project/Falling-Model-Development/results/phase10_error_analysis/P9O-v01/false_positive_videos.csv
[2026-05-15 21:40:29] train windows=370,921 positive=224,347 videos=6,344
[2026-05-15 21:40:33] val windows=74,251 positive=32,590 videos=1,811
[2026-05-15 21:40:35] test windows=37,351 positive=16,447 videos=911
I0000 00:00:1778848840.643057  213841 gpu_device.cc:2043] Created device /job:localhost/replica:0/task:0/device:GPU:0 with 6096 MB memory:  -> device: 0, name: NVIDIA GeForce RTX 2060 SUPER, pci bus id: 0000:05:00.0, compute capability: 7.5
W0000 00:00:1778848842.104804  213841 cpu_allocator_impl.cc:82] Allocation of 1602378720 exceeds 10% of free system memory.
W0000 00:00:1778848843.477754  213841 cpu_allocator_impl.cc:82] Allocation of 1602378720 exceeds 10% of free system memory.
W0000 00:00:1778848845.747308  213841 cpu_allocator_impl.cc:82] Allocation of 1602378720 exceeds 10% of free system memory.
I0000 00:00:1778848848.345615  214338 cuda_dnn.cc:461] Loaded cuDNN version 92200
W0000 00:00:1778849108.187397  213841 cpu_allocator_impl.cc:82] Allocation of 1602378720 exceeds 10% of free system memory.
W0000 00:00:1778849109.540072  213841 cpu_allocator_impl.cc:82] Allocation of 1602378720 exceeds 10% of free system memory.
[2026-05-15 21:46:32] video-level val: videos=1811 f1=0.9568 fall_recall=0.9557 nfall_recall=0.8833 fall_prec=0.9578 nfall_prec=0.8778 min_pr=0.8778 min_consecutive=3
[2026-05-15 21:46:33] video-level test: videos=911 f1=0.9589 fall_recall=0.9625 nfall_recall=0.8776 fall_prec=0.9553 nfall_prec=0.8958 min_pr=0.8776 min_consecutive=3
[2026-05-15 21:46:33] === VAL VIDEO-LEVEL REPORT ===
              precision    recall  f1-score   support

           0     0.8778    0.8833    0.8806       480
           1     0.9578    0.9557    0.9568      1331

    accuracy                         0.9365      1811
   macro avg     0.9178    0.9195    0.9187      1811
weighted avg     0.9366    0.9365    0.9366      1811

[2026-05-15 21:46:33] === TEST VIDEO-LEVEL REPORT ===
              precision    recall  f1-score   support

           0     0.8958    0.8776    0.8866       245
           1     0.9553    0.9625    0.9589       666

    accuracy                         0.9396       911
   macro avg     0.9256    0.9200    0.9227       911
weighted avg     0.9393    0.9396    0.9394       911

[2026-05-15 21:46:44] tflite export subprocess exit=0
[2026-05-15 21:46:44]   [tflite] [P13-v02]
[2026-05-15 21:46:44]   [tflite]   Loading model.keras ...
[2026-05-15 21:46:44]   [tflite]     rebuilding with unroll=True for TFLite compatibility
[2026-05-15 21:46:44]   [tflite] Saved artifact at '/tmp/tmpb5it7vrh'. The following endpoints are available:
[2026-05-15 21:46:44]   [tflite] 
[2026-05-15 21:46:44]   [tflite] * Endpoint 'serve'
[2026-05-15 21:46:44]   [tflite]   args_0 (POSITIONAL_ONLY): TensorSpec(shape=(None, 40, 27), dtype=tf.float32, name='pose_sequence')
[2026-05-15 21:46:44]   [tflite] Output Type:
[2026-05-15 21:46:44]   [tflite]   TensorSpec(shape=(None, 2), dtype=tf.float32, name=None)
[2026-05-15 21:46:44]   [tflite] Captures:
[2026-05-15 21:46:44]   [tflite]   131890392503824: TensorSpec(shape=(), dtype=tf.resource, name=None)
[2026-05-15 21:46:44]   [tflite]   131890392504592: TensorSpec(shape=(), dtype=tf.resource, name=None)
[2026-05-15 21:46:44]   [tflite]   131890392504400: TensorSpec(shape=(), dtype=tf.resource, name=None)
[2026-05-15 21:46:44]   [tflite]   131890392504784: TensorSpec(shape=(), dtype=tf.resource, name=None)
[2026-05-15 21:46:44]   [tflite]   131890392502864: TensorSpec(shape=(), dtype=tf.resource, name=None)
[2026-05-15 21:46:44]   [tflite]   131890392504976: TensorSpec(shape=(), dtype=tf.resource, name=None)
[2026-05-15 21:46:44]   [tflite]   131890392505360: TensorSpec(shape=(), dtype=tf.resource, name=None)
[2026-05-15 21:46:44]   [tflite]   131890392505168: TensorSpec(shape=(), dtype=tf.resource, name=None)
[2026-05-15 21:46:44]   [tflite]   131890392504016: TensorSpec(shape=(), dtype=tf.resource, name=None)
[2026-05-15 21:46:44]   [tflite]   131890392505552: TensorSpec(shape=(), dtype=tf.resource, name=None)
[2026-05-15 21:46:44]   [tflite]   131890392506320: TensorSpec(shape=(), dtype=tf.resource, name=None)
[2026-05-15 21:46:44]   [tflite]   131890392507664: TensorSpec(shape=(), dtype=tf.resource, name=None)
[2026-05-15 21:46:44]   [tflite]   131890392506704: TensorSpec(shape=(), dtype=tf.resource, name=None)
[2026-05-15 21:46:44]   [tflite]   131890392507088: TensorSpec(shape=(), dtype=tf.resource, name=None)
[2026-05-15 21:46:44]   [tflite]   131890392506512: TensorSpec(shape=(), dtype=tf.resource, name=None)
[2026-05-15 21:46:44]   [tflite]   131890392508048: TensorSpec(shape=(), dtype=tf.resource, name=None)
[2026-05-15 21:46:44]   [tflite]   131890392507856: TensorSpec(shape=(), dtype=tf.resource, name=None)
[2026-05-15 21:46:44]   [tflite]   131890392508816: TensorSpec(shape=(), dtype=tf.resource, name=None)
[2026-05-15 21:46:44]   [tflite]   131890392505744: TensorSpec(shape=(), dtype=tf.resource, name=None)
[2026-05-15 21:46:44]   [tflite]   131890392508240: TensorSpec(shape=(), dtype=tf.resource, name=None)
[2026-05-15 21:46:44]   [tflite]   131890392509200: TensorSpec(shape=(), dtype=tf.resource, name=None)
[2026-05-15 21:46:44]   [tflite]   131890392509392: TensorSpec(shape=(), dtype=tf.resource, name=None)
[2026-05-15 21:46:44]   [tflite]   131890392507472: TensorSpec(shape=(), dtype=tf.resource, name=None)
[2026-05-15 21:46:44]   [tflite]   131890392509968: TensorSpec(shape=(), dtype=tf.resource, name=None)
[2026-05-15 21:46:44]   [tflite]     fp32 OK (806 KB)
[2026-05-15 21:46:44]   [tflite] Saved artifact at '/tmp/tmp6wvihu9u'. The following endpoints are available:
[2026-05-15 21:46:44]   [tflite] 
[2026-05-15 21:46:44]   [tflite] * Endpoint 'serve'
[2026-05-15 21:46:44]   [tflite]   args_0 (POSITIONAL_ONLY): TensorSpec(shape=(None, 40, 27), dtype=tf.float32, name='pose_sequence')
[2026-05-15 21:46:44]   [tflite] Output Type:
[2026-05-15 21:46:44]   [tflite]   TensorSpec(shape=(None, 2), dtype=tf.float32, name=None)
[2026-05-15 21:46:44]   [tflite] Captures:
[2026-05-15 21:46:44]   [tflite]   131890392503824: TensorSpec(shape=(), dtype=tf.resource, name=None)
[2026-05-15 21:46:44]   [tflite]   131890392504592: TensorSpec(shape=(), dtype=tf.resource, name=None)
[2026-05-15 21:46:44]   [tflite]   131890392504400: TensorSpec(shape=(), dtype=tf.resource, name=None)
[2026-05-15 21:46:44]   [tflite]   131890392504784: TensorSpec(shape=(), dtype=tf.resource, name=None)
[2026-05-15 21:46:44]   [tflite]   131890392502864: TensorSpec(shape=(), dtype=tf.resource, name=None)
[2026-05-15 21:46:44]   [tflite]   131890392504976: TensorSpec(shape=(), dtype=tf.resource, name=None)
[2026-05-15 21:46:44]   [tflite]   131890392505360: TensorSpec(shape=(), dtype=tf.resource, name=None)
[2026-05-15 21:46:44]   [tflite]   131890392505168: TensorSpec(shape=(), dtype=tf.resource, name=None)
[2026-05-15 21:46:44]   [tflite]   131890392504016: TensorSpec(shape=(), dtype=tf.resource, name=None)
[2026-05-15 21:46:44]   [tflite]   131890392505552: TensorSpec(shape=(), dtype=tf.resource, name=None)
[2026-05-15 21:46:44]   [tflite]   131890392506320: TensorSpec(shape=(), dtype=tf.resource, name=None)
[2026-05-15 21:46:44]   [tflite]   131890392507664: TensorSpec(shape=(), dtype=tf.resource, name=None)
[2026-05-15 21:46:44]   [tflite]   131890392506704: TensorSpec(shape=(), dtype=tf.resource, name=None)
[2026-05-15 21:46:44]   [tflite]   131890392507088: TensorSpec(shape=(), dtype=tf.resource, name=None)
[2026-05-15 21:46:44]   [tflite]   131890392506512: TensorSpec(shape=(), dtype=tf.resource, name=None)
[2026-05-15 21:46:44]   [tflite]   131890392508048: TensorSpec(shape=(), dtype=tf.resource, name=None)
[2026-05-15 21:46:44]   [tflite]   131890392507856: TensorSpec(shape=(), dtype=tf.resource, name=None)
[2026-05-15 21:46:44]   [tflite]   131890392508816: TensorSpec(shape=(), dtype=tf.resource, name=None)
[2026-05-15 21:46:44]   [tflite]   131890392505744: TensorSpec(shape=(), dtype=tf.resource, name=None)
[2026-05-15 21:46:44]   [tflite]   131890392508240: TensorSpec(shape=(), dtype=tf.resource, name=None)
[2026-05-15 21:46:44]   [tflite]   131890392509200: TensorSpec(shape=(), dtype=tf.resource, name=None)
[2026-05-15 21:46:44]   [tflite]   131890392509392: TensorSpec(shape=(), dtype=tf.resource, name=None)
[2026-05-15 21:46:44]   [tflite]   131890392507472: TensorSpec(shape=(), dtype=tf.resource, name=None)
[2026-05-15 21:46:44]   [tflite]   131890392509968: TensorSpec(shape=(), dtype=tf.resource, name=None)
[2026-05-15 21:46:44]   [tflite]     int8 OK (1236 KB)
[2026-05-15 21:46:44]   [tflite] 
[2026-05-15 21:46:44]   [tflite] Done.
/home/min/Workspace/Graduate-Project/Falling-Model-Development/.venv/lib/python3.13/site-packages/tensorflow/lite/python/interpreter.py:457: UserWarning:     Warning: tf.lite.Interpreter is deprecated and is scheduled for deletion in
    TF 2.20. Please use the LiteRT interpreter from the ai_edge_litert package.
    See the [migration guide](https://ai.google.dev/edge/litert/migration)
    for details.
    
  warnings.warn(_INTERPRETER_DELETION_WARNING)
INFO: Created TensorFlow Lite XNNPACK delegate for CPU.
[2026-05-15 21:46:45] done P13-v02 val_f1=0.8660 (video=0.9568) test_f1=0.8736 (video=0.9589) test_min_pr=0.8776 threshold=0.325 min_consecutive=3
[2026-05-15 21:46:46] OK    P13-v02  test_min_pr=0.8776
[2026-05-15 21:46:46] === P13-v03: α=0.05 + hard-neg + neg_stride=1 ===
[2026-05-15 21:46:46] START P13-v03
WARNING: All log messages before absl::InitializeLog() is called are written to STDERR
I0000 00:00:1778849207.334811  219116 cpu_feature_guard.cc:227] This TensorFlow binary is optimized to use available CPU instructions in performance-critical operations.
To enable the following instructions: AVX2 FMA, in other operations, rebuild TensorFlow with the appropriate compiler flags.
[2026-05-15 21:46:48] loading train split=/home/min/Workspace/Graduate-Project/Falling-Model-Development/dataset/splits_v2_filtered/train.csv
[2026-05-15 21:47:01] train rows=1,274,014 videos=6,344 features=27 data_scope=all
[2026-05-15 21:47:01] loading val split=/home/min/Workspace/Graduate-Project/Falling-Model-Development/dataset/splits_v2_filtered/val.csv
[2026-05-15 21:47:05] val rows=363,918 videos=1,811 features=27 data_scope=all
[2026-05-15 21:47:05] loading test split=/home/min/Workspace/Graduate-Project/Falling-Model-Development/dataset/splits_v2_filtered/test.csv
[2026-05-15 21:47:07] test rows=182,782 videos=911 features=27 data_scope=all
[2026-05-15 21:47:07] hard_negative_ids loaded: 50 videos from /home/min/Workspace/Graduate-Project/Falling-Model-Development/results/phase10_error_analysis/P9O-v01/false_positive_videos.csv
[2026-05-15 21:47:26] train windows=517,979 positive=224,347 videos=6,344
[2026-05-15 21:47:29] val windows=74,251 positive=32,590 videos=1,811
[2026-05-15 21:47:31] test windows=37,351 positive=16,447 videos=911
I0000 00:00:1778849258.057948  219116 gpu_device.cc:2043] Created device /job:localhost/replica:0/task:0/device:GPU:0 with 6103 MB memory:  -> device: 0, name: NVIDIA GeForce RTX 2060 SUPER, pci bus id: 0000:05:00.0, compute capability: 7.5
W0000 00:00:1778849259.838993  219116 cpu_allocator_impl.cc:82] Allocation of 2237669280 exceeds 10% of free system memory.
W0000 00:00:1778849261.736834  219116 cpu_allocator_impl.cc:82] Allocation of 2237669280 exceeds 10% of free system memory.
W0000 00:00:1778849264.360474  219116 cpu_allocator_impl.cc:82] Allocation of 2237669280 exceeds 10% of free system memory.
I0000 00:00:1778849267.341176  219510 cuda_dnn.cc:461] Loaded cuDNN version 92200
W0000 00:00:1778849607.038308  219116 cpu_allocator_impl.cc:82] Allocation of 2237669280 exceeds 10% of free system memory.
W0000 00:00:1778849608.907664  219116 cpu_allocator_impl.cc:82] Allocation of 2237669280 exceeds 10% of free system memory.
[2026-05-15 21:54:52] video-level val: videos=1811 f1=0.9637 fall_recall=0.9669 nfall_recall=0.8896 fall_prec=0.9604 nfall_prec=0.9066 min_pr=0.8896 min_consecutive=2
[2026-05-15 21:54:52] video-level test: videos=911 f1=0.9589 fall_recall=0.9625 nfall_recall=0.8776 fall_prec=0.9553 nfall_prec=0.8958 min_pr=0.8776 min_consecutive=2
[2026-05-15 21:54:53] === VAL VIDEO-LEVEL REPORT ===
              precision    recall  f1-score   support

           0     0.9066    0.8896    0.8980       480
           1     0.9604    0.9669    0.9637      1331

    accuracy                         0.9464      1811
   macro avg     0.9335    0.9283    0.9308      1811
weighted avg     0.9462    0.9464    0.9463      1811

[2026-05-15 21:54:53] === TEST VIDEO-LEVEL REPORT ===
              precision    recall  f1-score   support

           0     0.8958    0.8776    0.8866       245
           1     0.9553    0.9625    0.9589       666

    accuracy                         0.9396       911
   macro avg     0.9256    0.9200    0.9227       911
weighted avg     0.9393    0.9396    0.9394       911

[2026-05-15 21:55:03] tflite export subprocess exit=0
[2026-05-15 21:55:03]   [tflite] [P13-v03]
[2026-05-15 21:55:03]   [tflite]   Loading model.keras ...
[2026-05-15 21:55:03]   [tflite]     rebuilding with unroll=True for TFLite compatibility
[2026-05-15 21:55:03]   [tflite] Saved artifact at '/tmp/tmp8fdgukgc'. The following endpoints are available:
[2026-05-15 21:55:03]   [tflite] 
[2026-05-15 21:55:03]   [tflite] * Endpoint 'serve'
[2026-05-15 21:55:03]   [tflite]   args_0 (POSITIONAL_ONLY): TensorSpec(shape=(None, 40, 27), dtype=tf.float32, name='pose_sequence')
[2026-05-15 21:55:03]   [tflite] Output Type:
[2026-05-15 21:55:03]   [tflite]   TensorSpec(shape=(None, 2), dtype=tf.float32, name=None)
[2026-05-15 21:55:03]   [tflite] Captures:
[2026-05-15 21:55:03]   [tflite]   126589597521424: TensorSpec(shape=(), dtype=tf.resource, name=None)
[2026-05-15 21:55:03]   [tflite]   126589597522192: TensorSpec(shape=(), dtype=tf.resource, name=None)
[2026-05-15 21:55:03]   [tflite]   126589597522000: TensorSpec(shape=(), dtype=tf.resource, name=None)
[2026-05-15 21:55:03]   [tflite]   126589597522384: TensorSpec(shape=(), dtype=tf.resource, name=None)
[2026-05-15 21:55:03]   [tflite]   126589597520464: TensorSpec(shape=(), dtype=tf.resource, name=None)
[2026-05-15 21:55:03]   [tflite]   126589597522576: TensorSpec(shape=(), dtype=tf.resource, name=None)
[2026-05-15 21:55:03]   [tflite]   126589597522960: TensorSpec(shape=(), dtype=tf.resource, name=None)
[2026-05-15 21:55:03]   [tflite]   126589597522768: TensorSpec(shape=(), dtype=tf.resource, name=None)
[2026-05-15 21:55:03]   [tflite]   126589597521616: TensorSpec(shape=(), dtype=tf.resource, name=None)
[2026-05-15 21:55:03]   [tflite]   126589597523152: TensorSpec(shape=(), dtype=tf.resource, name=None)
[2026-05-15 21:55:03]   [tflite]   126589597523920: TensorSpec(shape=(), dtype=tf.resource, name=None)
[2026-05-15 21:55:03]   [tflite]   126589597525264: TensorSpec(shape=(), dtype=tf.resource, name=None)
[2026-05-15 21:55:03]   [tflite]   126589597524304: TensorSpec(shape=(), dtype=tf.resource, name=None)
[2026-05-15 21:55:03]   [tflite]   126589597524688: TensorSpec(shape=(), dtype=tf.resource, name=None)
[2026-05-15 21:55:03]   [tflite]   126589597524112: TensorSpec(shape=(), dtype=tf.resource, name=None)
[2026-05-15 21:55:03]   [tflite]   126589597525648: TensorSpec(shape=(), dtype=tf.resource, name=None)
[2026-05-15 21:55:03]   [tflite]   126589597525456: TensorSpec(shape=(), dtype=tf.resource, name=None)
[2026-05-15 21:55:03]   [tflite]   126589597526416: TensorSpec(shape=(), dtype=tf.resource, name=None)
[2026-05-15 21:55:03]   [tflite]   126589597523344: TensorSpec(shape=(), dtype=tf.resource, name=None)
[2026-05-15 21:55:03]   [tflite]   126589597525840: TensorSpec(shape=(), dtype=tf.resource, name=None)
[2026-05-15 21:55:03]   [tflite]   126589597526800: TensorSpec(shape=(), dtype=tf.resource, name=None)
[2026-05-15 21:55:03]   [tflite]   126589597526992: TensorSpec(shape=(), dtype=tf.resource, name=None)
[2026-05-15 21:55:03]   [tflite]   126589597525072: TensorSpec(shape=(), dtype=tf.resource, name=None)
[2026-05-15 21:55:03]   [tflite]   126589597527568: TensorSpec(shape=(), dtype=tf.resource, name=None)
[2026-05-15 21:55:03]   [tflite]     fp32 OK (806 KB)
[2026-05-15 21:55:03]   [tflite] Saved artifact at '/tmp/tmph1_ydlhu'. The following endpoints are available:
[2026-05-15 21:55:03]   [tflite] 
[2026-05-15 21:55:03]   [tflite] * Endpoint 'serve'
[2026-05-15 21:55:03]   [tflite]   args_0 (POSITIONAL_ONLY): TensorSpec(shape=(None, 40, 27), dtype=tf.float32, name='pose_sequence')
[2026-05-15 21:55:03]   [tflite] Output Type:
[2026-05-15 21:55:03]   [tflite]   TensorSpec(shape=(None, 2), dtype=tf.float32, name=None)
[2026-05-15 21:55:03]   [tflite] Captures:
[2026-05-15 21:55:03]   [tflite]   126589597521424: TensorSpec(shape=(), dtype=tf.resource, name=None)
[2026-05-15 21:55:03]   [tflite]   126589597522192: TensorSpec(shape=(), dtype=tf.resource, name=None)
[2026-05-15 21:55:03]   [tflite]   126589597522000: TensorSpec(shape=(), dtype=tf.resource, name=None)
[2026-05-15 21:55:03]   [tflite]   126589597522384: TensorSpec(shape=(), dtype=tf.resource, name=None)
[2026-05-15 21:55:03]   [tflite]   126589597520464: TensorSpec(shape=(), dtype=tf.resource, name=None)
[2026-05-15 21:55:03]   [tflite]   126589597522576: TensorSpec(shape=(), dtype=tf.resource, name=None)
[2026-05-15 21:55:03]   [tflite]   126589597522960: TensorSpec(shape=(), dtype=tf.resource, name=None)
[2026-05-15 21:55:03]   [tflite]   126589597522768: TensorSpec(shape=(), dtype=tf.resource, name=None)
[2026-05-15 21:55:03]   [tflite]   126589597521616: TensorSpec(shape=(), dtype=tf.resource, name=None)
[2026-05-15 21:55:03]   [tflite]   126589597523152: TensorSpec(shape=(), dtype=tf.resource, name=None)
[2026-05-15 21:55:03]   [tflite]   126589597523920: TensorSpec(shape=(), dtype=tf.resource, name=None)
[2026-05-15 21:55:03]   [tflite]   126589597525264: TensorSpec(shape=(), dtype=tf.resource, name=None)
[2026-05-15 21:55:03]   [tflite]   126589597524304: TensorSpec(shape=(), dtype=tf.resource, name=None)
[2026-05-15 21:55:03]   [tflite]   126589597524688: TensorSpec(shape=(), dtype=tf.resource, name=None)
[2026-05-15 21:55:03]   [tflite]   126589597524112: TensorSpec(shape=(), dtype=tf.resource, name=None)
[2026-05-15 21:55:03]   [tflite]   126589597525648: TensorSpec(shape=(), dtype=tf.resource, name=None)
[2026-05-15 21:55:03]   [tflite]   126589597525456: TensorSpec(shape=(), dtype=tf.resource, name=None)
[2026-05-15 21:55:03]   [tflite]   126589597526416: TensorSpec(shape=(), dtype=tf.resource, name=None)
[2026-05-15 21:55:03]   [tflite]   126589597523344: TensorSpec(shape=(), dtype=tf.resource, name=None)
[2026-05-15 21:55:03]   [tflite]   126589597525840: TensorSpec(shape=(), dtype=tf.resource, name=None)
[2026-05-15 21:55:03]   [tflite]   126589597526800: TensorSpec(shape=(), dtype=tf.resource, name=None)
[2026-05-15 21:55:03]   [tflite]   126589597526992: TensorSpec(shape=(), dtype=tf.resource, name=None)
[2026-05-15 21:55:03]   [tflite]   126589597525072: TensorSpec(shape=(), dtype=tf.resource, name=None)
[2026-05-15 21:55:03]   [tflite]   126589597527568: TensorSpec(shape=(), dtype=tf.resource, name=None)
[2026-05-15 21:55:03]   [tflite]     int8 OK (1229 KB)
[2026-05-15 21:55:03]   [tflite] 
[2026-05-15 21:55:03]   [tflite] Done.
/home/min/Workspace/Graduate-Project/Falling-Model-Development/.venv/lib/python3.13/site-packages/tensorflow/lite/python/interpreter.py:457: UserWarning:     Warning: tf.lite.Interpreter is deprecated and is scheduled for deletion in
    TF 2.20. Please use the LiteRT interpreter from the ai_edge_litert package.
    See the [migration guide](https://ai.google.dev/edge/litert/migration)
    for details.
    
  warnings.warn(_INTERPRETER_DELETION_WARNING)
INFO: Created TensorFlow Lite XNNPACK delegate for CPU.
[2026-05-15 21:55:05] done P13-v03 val_f1=0.8594 (video=0.9637) test_f1=0.8651 (video=0.9589) test_min_pr=0.8776 threshold=0.350 min_consecutive=2
[2026-05-15 21:55:06] OK    P13-v03  test_min_pr=0.8776
[2026-05-15 21:55:06] === P13-v04: α=0.10 + hard-neg + noise_std=0.05 ===
[2026-05-15 21:55:06] START P13-v04
WARNING: All log messages before absl::InitializeLog() is called are written to STDERR
I0000 00:00:1778849707.298636  225046 cpu_feature_guard.cc:227] This TensorFlow binary is optimized to use available CPU instructions in performance-critical operations.
To enable the following instructions: AVX2 FMA, in other operations, rebuild TensorFlow with the appropriate compiler flags.
[2026-05-15 21:55:08] loading train split=/home/min/Workspace/Graduate-Project/Falling-Model-Development/dataset/splits_v2_filtered/train.csv
[2026-05-15 21:55:21] train rows=1,274,014 videos=6,344 features=27 data_scope=all
[2026-05-15 21:55:21] loading val split=/home/min/Workspace/Graduate-Project/Falling-Model-Development/dataset/splits_v2_filtered/val.csv
[2026-05-15 21:55:25] val rows=363,918 videos=1,811 features=27 data_scope=all
[2026-05-15 21:55:25] loading test split=/home/min/Workspace/Graduate-Project/Falling-Model-Development/dataset/splits_v2_filtered/test.csv
[2026-05-15 21:55:27] test rows=182,782 videos=911 features=27 data_scope=all
[2026-05-15 21:55:27] hard_negative_ids loaded: 50 videos from /home/min/Workspace/Graduate-Project/Falling-Model-Development/results/phase10_error_analysis/P9O-v01/false_positive_videos.csv
[2026-05-15 21:55:42] train windows=370,921 positive=224,347 videos=6,344
[2026-05-15 21:55:45] val windows=74,251 positive=32,590 videos=1,811
[2026-05-15 21:55:47] test windows=37,351 positive=16,447 videos=911
I0000 00:00:1778849752.954412  225046 gpu_device.cc:2043] Created device /job:localhost/replica:0/task:0/device:GPU:0 with 6103 MB memory:  -> device: 0, name: NVIDIA GeForce RTX 2060 SUPER, pci bus id: 0000:05:00.0, compute capability: 7.5
W0000 00:00:1778849754.384606  225046 cpu_allocator_impl.cc:82] Allocation of 1602378720 exceeds 10% of free system memory.
W0000 00:00:1778849755.761636  225046 cpu_allocator_impl.cc:82] Allocation of 1602378720 exceeds 10% of free system memory.
W0000 00:00:1778849758.047954  225046 cpu_allocator_impl.cc:82] Allocation of 1602378720 exceeds 10% of free system memory.
I0000 00:00:1778849760.634220  225437 cuda_dnn.cc:461] Loaded cuDNN version 92200
W0000 00:00:1778850103.054702  225046 cpu_allocator_impl.cc:82] Allocation of 1602378720 exceeds 10% of free system memory.
W0000 00:00:1778850104.438492  225046 cpu_allocator_impl.cc:82] Allocation of 1602378720 exceeds 10% of free system memory.
[2026-05-15 22:03:06] video-level val: videos=1811 f1=0.9605 fall_recall=0.9587 nfall_recall=0.8958 fall_prec=0.9623 nfall_prec=0.8866 min_pr=0.8866 min_consecutive=3
[2026-05-15 22:03:06] video-level test: videos=911 f1=0.9603 fall_recall=0.9625 nfall_recall=0.8857 fall_prec=0.9581 nfall_prec=0.8967 min_pr=0.8857 min_consecutive=3
[2026-05-15 22:03:07] === VAL VIDEO-LEVEL REPORT ===
              precision    recall  f1-score   support

           0     0.8866    0.8958    0.8912       480
           1     0.9623    0.9587    0.9605      1331

    accuracy                         0.9420      1811
   macro avg     0.9244    0.9273    0.9258      1811
weighted avg     0.9422    0.9420    0.9421      1811

[2026-05-15 22:03:07] === TEST VIDEO-LEVEL REPORT ===
              precision    recall  f1-score   support

           0     0.8967    0.8857    0.8912       245
           1     0.9581    0.9625    0.9603       666

    accuracy                         0.9418       911
   macro avg     0.9274    0.9241    0.9257       911
weighted avg     0.9416    0.9418    0.9417       911

[2026-05-15 22:03:17] tflite export subprocess exit=0
[2026-05-15 22:03:17]   [tflite] [P13-v04]
[2026-05-15 22:03:17]   [tflite]   Loading model.keras ...
[2026-05-15 22:03:17]   [tflite]     rebuilding with unroll=True for TFLite compatibility
[2026-05-15 22:03:17]   [tflite] Saved artifact at '/tmp/tmp22b0mef4'. The following endpoints are available:
[2026-05-15 22:03:17]   [tflite] 
[2026-05-15 22:03:17]   [tflite] * Endpoint 'serve'
[2026-05-15 22:03:17]   [tflite]   args_0 (POSITIONAL_ONLY): TensorSpec(shape=(None, 40, 27), dtype=tf.float32, name='pose_sequence')
[2026-05-15 22:03:17]   [tflite] Output Type:
[2026-05-15 22:03:17]   [tflite]   TensorSpec(shape=(None, 2), dtype=tf.float32, name=None)
[2026-05-15 22:03:17]   [tflite] Captures:
[2026-05-15 22:03:17]   [tflite]   128131782350352: TensorSpec(shape=(), dtype=tf.resource, name=None)
[2026-05-15 22:03:17]   [tflite]   128131782351120: TensorSpec(shape=(), dtype=tf.resource, name=None)
[2026-05-15 22:03:17]   [tflite]   128131782350928: TensorSpec(shape=(), dtype=tf.resource, name=None)
[2026-05-15 22:03:17]   [tflite]   128131782351312: TensorSpec(shape=(), dtype=tf.resource, name=None)
[2026-05-15 22:03:17]   [tflite]   128131782349392: TensorSpec(shape=(), dtype=tf.resource, name=None)
[2026-05-15 22:03:17]   [tflite]   128131782351504: TensorSpec(shape=(), dtype=tf.resource, name=None)
[2026-05-15 22:03:17]   [tflite]   128131782351888: TensorSpec(shape=(), dtype=tf.resource, name=None)
[2026-05-15 22:03:17]   [tflite]   128131782351696: TensorSpec(shape=(), dtype=tf.resource, name=None)
[2026-05-15 22:03:17]   [tflite]   128131782350544: TensorSpec(shape=(), dtype=tf.resource, name=None)
[2026-05-15 22:03:17]   [tflite]   128131782352080: TensorSpec(shape=(), dtype=tf.resource, name=None)
[2026-05-15 22:03:17]   [tflite]   128131782352848: TensorSpec(shape=(), dtype=tf.resource, name=None)
[2026-05-15 22:03:17]   [tflite]   128131782354192: TensorSpec(shape=(), dtype=tf.resource, name=None)
[2026-05-15 22:03:17]   [tflite]   128131782353232: TensorSpec(shape=(), dtype=tf.resource, name=None)
[2026-05-15 22:03:17]   [tflite]   128131782353616: TensorSpec(shape=(), dtype=tf.resource, name=None)
[2026-05-15 22:03:17]   [tflite]   128131782353040: TensorSpec(shape=(), dtype=tf.resource, name=None)
[2026-05-15 22:03:17]   [tflite]   128131782354576: TensorSpec(shape=(), dtype=tf.resource, name=None)
[2026-05-15 22:03:17]   [tflite]   128131782354384: TensorSpec(shape=(), dtype=tf.resource, name=None)
[2026-05-15 22:03:17]   [tflite]   128131782355344: TensorSpec(shape=(), dtype=tf.resource, name=None)
[2026-05-15 22:03:17]   [tflite]   128131782352272: TensorSpec(shape=(), dtype=tf.resource, name=None)
[2026-05-15 22:03:17]   [tflite]   128131782354768: TensorSpec(shape=(), dtype=tf.resource, name=None)
[2026-05-15 22:03:17]   [tflite]   128131782355728: TensorSpec(shape=(), dtype=tf.resource, name=None)
[2026-05-15 22:03:17]   [tflite]   128131782355920: TensorSpec(shape=(), dtype=tf.resource, name=None)
[2026-05-15 22:03:17]   [tflite]   128131782354000: TensorSpec(shape=(), dtype=tf.resource, name=None)
[2026-05-15 22:03:17]   [tflite]   128131782356496: TensorSpec(shape=(), dtype=tf.resource, name=None)
[2026-05-15 22:03:17]   [tflite]     fp32 OK (806 KB)
[2026-05-15 22:03:17]   [tflite] Saved artifact at '/tmp/tmpvd2moof8'. The following endpoints are available:
[2026-05-15 22:03:17]   [tflite] 
[2026-05-15 22:03:17]   [tflite] * Endpoint 'serve'
[2026-05-15 22:03:17]   [tflite]   args_0 (POSITIONAL_ONLY): TensorSpec(shape=(None, 40, 27), dtype=tf.float32, name='pose_sequence')
[2026-05-15 22:03:17]   [tflite] Output Type:
[2026-05-15 22:03:17]   [tflite]   TensorSpec(shape=(None, 2), dtype=tf.float32, name=None)
[2026-05-15 22:03:17]   [tflite] Captures:
[2026-05-15 22:03:17]   [tflite]   128131782350352: TensorSpec(shape=(), dtype=tf.resource, name=None)
[2026-05-15 22:03:17]   [tflite]   128131782351120: TensorSpec(shape=(), dtype=tf.resource, name=None)
[2026-05-15 22:03:17]   [tflite]   128131782350928: TensorSpec(shape=(), dtype=tf.resource, name=None)
[2026-05-15 22:03:17]   [tflite]   128131782351312: TensorSpec(shape=(), dtype=tf.resource, name=None)
[2026-05-15 22:03:17]   [tflite]   128131782349392: TensorSpec(shape=(), dtype=tf.resource, name=None)
[2026-05-15 22:03:17]   [tflite]   128131782351504: TensorSpec(shape=(), dtype=tf.resource, name=None)
[2026-05-15 22:03:17]   [tflite]   128131782351888: TensorSpec(shape=(), dtype=tf.resource, name=None)
[2026-05-15 22:03:17]   [tflite]   128131782351696: TensorSpec(shape=(), dtype=tf.resource, name=None)
[2026-05-15 22:03:17]   [tflite]   128131782350544: TensorSpec(shape=(), dtype=tf.resource, name=None)
[2026-05-15 22:03:17]   [tflite]   128131782352080: TensorSpec(shape=(), dtype=tf.resource, name=None)
[2026-05-15 22:03:17]   [tflite]   128131782352848: TensorSpec(shape=(), dtype=tf.resource, name=None)
[2026-05-15 22:03:17]   [tflite]   128131782354192: TensorSpec(shape=(), dtype=tf.resource, name=None)
[2026-05-15 22:03:17]   [tflite]   128131782353232: TensorSpec(shape=(), dtype=tf.resource, name=None)
[2026-05-15 22:03:17]   [tflite]   128131782353616: TensorSpec(shape=(), dtype=tf.resource, name=None)
[2026-05-15 22:03:17]   [tflite]   128131782353040: TensorSpec(shape=(), dtype=tf.resource, name=None)
[2026-05-15 22:03:17]   [tflite]   128131782354576: TensorSpec(shape=(), dtype=tf.resource, name=None)
[2026-05-15 22:03:17]   [tflite]   128131782354384: TensorSpec(shape=(), dtype=tf.resource, name=None)
[2026-05-15 22:03:17]   [tflite]   128131782355344: TensorSpec(shape=(), dtype=tf.resource, name=None)
[2026-05-15 22:03:17]   [tflite]   128131782352272: TensorSpec(shape=(), dtype=tf.resource, name=None)
[2026-05-15 22:03:17]   [tflite]   128131782354768: TensorSpec(shape=(), dtype=tf.resource, name=None)
[2026-05-15 22:03:17]   [tflite]   128131782355728: TensorSpec(shape=(), dtype=tf.resource, name=None)
[2026-05-15 22:03:17]   [tflite]   128131782355920: TensorSpec(shape=(), dtype=tf.resource, name=None)
[2026-05-15 22:03:17]   [tflite]   128131782354000: TensorSpec(shape=(), dtype=tf.resource, name=None)
[2026-05-15 22:03:17]   [tflite]   128131782356496: TensorSpec(shape=(), dtype=tf.resource, name=None)
[2026-05-15 22:03:17]   [tflite]     int8 OK (1232 KB)
[2026-05-15 22:03:17]   [tflite] 
[2026-05-15 22:03:17]   [tflite] Done.
/home/min/Workspace/Graduate-Project/Falling-Model-Development/.venv/lib/python3.13/site-packages/tensorflow/lite/python/interpreter.py:457: UserWarning:     Warning: tf.lite.Interpreter is deprecated and is scheduled for deletion in
    TF 2.20. Please use the LiteRT interpreter from the ai_edge_litert package.
    See the [migration guide](https://ai.google.dev/edge/litert/migration)
    for details.
    
  warnings.warn(_INTERPRETER_DELETION_WARNING)
INFO: Created TensorFlow Lite XNNPACK delegate for CPU.
[2026-05-15 22:03:19] done P13-v04 val_f1=0.8562 (video=0.9605) test_f1=0.8613 (video=0.9603) test_min_pr=0.8857 threshold=0.425 min_consecutive=3
[2026-05-15 22:03:20] OK    P13-v04  test_min_pr=0.8857
[2026-05-15 22:03:20] === Phase 13 summary ===
ID           test_MinPR   NFallP   NFallR    FallP    FallR    thr  mc  PASS?
P13-v01          0.8968   0.8968   0.9224   0.9712   0.9610  0.425   3       
  CM: TN=226 FP=19 FN=26 TP=640
P13-v02          0.8776   0.8958   0.8776   0.9553   0.9625  0.325   3       
  CM: TN=215 FP=30 FN=25 TP=641
P13-v03          0.8776   0.8958   0.8776   0.9553   0.9625  0.350   2       
  CM: TN=215 FP=30 FN=25 TP=641
P13-v04          0.8857   0.8967   0.8857   0.9581   0.9625  0.425   3       
  CM: TN=217 FP=28 FN=25 TP=641
=== DONE at 2026. 05. 15. (금) 22:03:20 KST ===
