WARNING: All log messages before absl::InitializeLog() is called are written to STDERR
I0000 00:00:1778849207.334811  219116 cpu_feature_guard.cc:227] This TensorFlow binary is optimized to use available CPU instructions in performance-critical operations.
To enable the following instructions: AVX2 FMA, in other operations, rebuild TensorFlow with the appropriate compiler flags.
[2026-05-15 21:46:48] loading train split=/home/min/Workspace/Graduate-Project/Falling-Model-Development/dataset/splits_v2_filtered/train.csv
[2026-05-15 21:47:01] train rows=1,274,014 videos=6,344 features=27 data_scope=all
[2026-05-15 21:47:01] loading val split=/home/min/Workspace/Graduate-Project/Falling-Model-Development/dataset/splits_v2_filtered/val.csv
[2026-05-15 21:47:05] val rows=363,918 videos=1,811 features=27 data_scope=all
[2026-05-15 21:47:05] loading test split=/home/min/Workspace/Graduate-Project/Falling-Model-Development/dataset/splits_v2_filtered/test.csv
[2026-05-15 21:47:07] test rows=182,782 videos=911 features=27 data_scope=all
[2026-05-15 21:47:07] hard_negative_ids loaded: 50 videos from /home/min/Workspace/Graduate-Project/Falling-Model-Development/results/phase10_error_analysis/P9O-v01/false_positive_videos.csv
[2026-05-15 21:47:26] train windows=517,979 positive=224,347 videos=6,344
[2026-05-15 21:47:29] val windows=74,251 positive=32,590 videos=1,811
[2026-05-15 21:47:31] test windows=37,351 positive=16,447 videos=911
I0000 00:00:1778849258.057948  219116 gpu_device.cc:2043] Created device /job:localhost/replica:0/task:0/device:GPU:0 with 6103 MB memory:  -> device: 0, name: NVIDIA GeForce RTX 2060 SUPER, pci bus id: 0000:05:00.0, compute capability: 7.5
W0000 00:00:1778849259.838993  219116 cpu_allocator_impl.cc:82] Allocation of 2237669280 exceeds 10% of free system memory.
W0000 00:00:1778849261.736834  219116 cpu_allocator_impl.cc:82] Allocation of 2237669280 exceeds 10% of free system memory.
W0000 00:00:1778849264.360474  219116 cpu_allocator_impl.cc:82] Allocation of 2237669280 exceeds 10% of free system memory.
I0000 00:00:1778849267.341176  219510 cuda_dnn.cc:461] Loaded cuDNN version 92200
W0000 00:00:1778849607.038308  219116 cpu_allocator_impl.cc:82] Allocation of 2237669280 exceeds 10% of free system memory.
W0000 00:00:1778849608.907664  219116 cpu_allocator_impl.cc:82] Allocation of 2237669280 exceeds 10% of free system memory.
[2026-05-15 21:54:52] video-level val: videos=1811 f1=0.9637 fall_recall=0.9669 nfall_recall=0.8896 fall_prec=0.9604 nfall_prec=0.9066 min_pr=0.8896 min_consecutive=2
[2026-05-15 21:54:52] video-level test: videos=911 f1=0.9589 fall_recall=0.9625 nfall_recall=0.8776 fall_prec=0.9553 nfall_prec=0.8958 min_pr=0.8776 min_consecutive=2
[2026-05-15 21:54:53] === VAL VIDEO-LEVEL REPORT ===
              precision    recall  f1-score   support

           0     0.9066    0.8896    0.8980       480
           1     0.9604    0.9669    0.9637      1331

    accuracy                         0.9464      1811
   macro avg     0.9335    0.9283    0.9308      1811
weighted avg     0.9462    0.9464    0.9463      1811

[2026-05-15 21:54:53] === TEST VIDEO-LEVEL REPORT ===
              precision    recall  f1-score   support

           0     0.8958    0.8776    0.8866       245
           1     0.9553    0.9625    0.9589       666

    accuracy                         0.9396       911
   macro avg     0.9256    0.9200    0.9227       911
weighted avg     0.9393    0.9396    0.9394       911

[2026-05-15 21:55:03] tflite export subprocess exit=0
[2026-05-15 21:55:03]   [tflite] [P13-v03]
[2026-05-15 21:55:03]   [tflite]   Loading model.keras ...
[2026-05-15 21:55:03]   [tflite]     rebuilding with unroll=True for TFLite compatibility
[2026-05-15 21:55:03]   [tflite] Saved artifact at '/tmp/tmp8fdgukgc'. The following endpoints are available:
[2026-05-15 21:55:03]   [tflite] 
[2026-05-15 21:55:03]   [tflite] * Endpoint 'serve'
[2026-05-15 21:55:03]   [tflite]   args_0 (POSITIONAL_ONLY): TensorSpec(shape=(None, 40, 27), dtype=tf.float32, name='pose_sequence')
[2026-05-15 21:55:03]   [tflite] Output Type:
[2026-05-15 21:55:03]   [tflite]   TensorSpec(shape=(None, 2), dtype=tf.float32, name=None)
[2026-05-15 21:55:03]   [tflite] Captures:
[2026-05-15 21:55:03]   [tflite]   126589597521424: TensorSpec(shape=(), dtype=tf.resource, name=None)
[2026-05-15 21:55:03]   [tflite]   126589597522192: TensorSpec(shape=(), dtype=tf.resource, name=None)
[2026-05-15 21:55:03]   [tflite]   126589597522000: TensorSpec(shape=(), dtype=tf.resource, name=None)
[2026-05-15 21:55:03]   [tflite]   126589597522384: TensorSpec(shape=(), dtype=tf.resource, name=None)
[2026-05-15 21:55:03]   [tflite]   126589597520464: TensorSpec(shape=(), dtype=tf.resource, name=None)
[2026-05-15 21:55:03]   [tflite]   126589597522576: TensorSpec(shape=(), dtype=tf.resource, name=None)
[2026-05-15 21:55:03]   [tflite]   126589597522960: TensorSpec(shape=(), dtype=tf.resource, name=None)
[2026-05-15 21:55:03]   [tflite]   126589597522768: TensorSpec(shape=(), dtype=tf.resource, name=None)
[2026-05-15 21:55:03]   [tflite]   126589597521616: TensorSpec(shape=(), dtype=tf.resource, name=None)
[2026-05-15 21:55:03]   [tflite]   126589597523152: TensorSpec(shape=(), dtype=tf.resource, name=None)
[2026-05-15 21:55:03]   [tflite]   126589597523920: TensorSpec(shape=(), dtype=tf.resource, name=None)
[2026-05-15 21:55:03]   [tflite]   126589597525264: TensorSpec(shape=(), dtype=tf.resource, name=None)
[2026-05-15 21:55:03]   [tflite]   126589597524304: TensorSpec(shape=(), dtype=tf.resource, name=None)
[2026-05-15 21:55:03]   [tflite]   126589597524688: TensorSpec(shape=(), dtype=tf.resource, name=None)
[2026-05-15 21:55:03]   [tflite]   126589597524112: TensorSpec(shape=(), dtype=tf.resource, name=None)
[2026-05-15 21:55:03]   [tflite]   126589597525648: TensorSpec(shape=(), dtype=tf.resource, name=None)
[2026-05-15 21:55:03]   [tflite]   126589597525456: TensorSpec(shape=(), dtype=tf.resource, name=None)
[2026-05-15 21:55:03]   [tflite]   126589597526416: TensorSpec(shape=(), dtype=tf.resource, name=None)
[2026-05-15 21:55:03]   [tflite]   126589597523344: TensorSpec(shape=(), dtype=tf.resource, name=None)
[2026-05-15 21:55:03]   [tflite]   126589597525840: TensorSpec(shape=(), dtype=tf.resource, name=None)
[2026-05-15 21:55:03]   [tflite]   126589597526800: TensorSpec(shape=(), dtype=tf.resource, name=None)
[2026-05-15 21:55:03]   [tflite]   126589597526992: TensorSpec(shape=(), dtype=tf.resource, name=None)
[2026-05-15 21:55:03]   [tflite]   126589597525072: TensorSpec(shape=(), dtype=tf.resource, name=None)
[2026-05-15 21:55:03]   [tflite]   126589597527568: TensorSpec(shape=(), dtype=tf.resource, name=None)
[2026-05-15 21:55:03]   [tflite]     fp32 OK (806 KB)
[2026-05-15 21:55:03]   [tflite] Saved artifact at '/tmp/tmph1_ydlhu'. The following endpoints are available:
[2026-05-15 21:55:03]   [tflite] 
[2026-05-15 21:55:03]   [tflite] * Endpoint 'serve'
[2026-05-15 21:55:03]   [tflite]   args_0 (POSITIONAL_ONLY): TensorSpec(shape=(None, 40, 27), dtype=tf.float32, name='pose_sequence')
[2026-05-15 21:55:03]   [tflite] Output Type:
[2026-05-15 21:55:03]   [tflite]   TensorSpec(shape=(None, 2), dtype=tf.float32, name=None)
[2026-05-15 21:55:03]   [tflite] Captures:
[2026-05-15 21:55:03]   [tflite]   126589597521424: TensorSpec(shape=(), dtype=tf.resource, name=None)
[2026-05-15 21:55:03]   [tflite]   126589597522192: TensorSpec(shape=(), dtype=tf.resource, name=None)
[2026-05-15 21:55:03]   [tflite]   126589597522000: TensorSpec(shape=(), dtype=tf.resource, name=None)
[2026-05-15 21:55:03]   [tflite]   126589597522384: TensorSpec(shape=(), dtype=tf.resource, name=None)
[2026-05-15 21:55:03]   [tflite]   126589597520464: TensorSpec(shape=(), dtype=tf.resource, name=None)
[2026-05-15 21:55:03]   [tflite]   126589597522576: TensorSpec(shape=(), dtype=tf.resource, name=None)
[2026-05-15 21:55:03]   [tflite]   126589597522960: TensorSpec(shape=(), dtype=tf.resource, name=None)
[2026-05-15 21:55:03]   [tflite]   126589597522768: TensorSpec(shape=(), dtype=tf.resource, name=None)
[2026-05-15 21:55:03]   [tflite]   126589597521616: TensorSpec(shape=(), dtype=tf.resource, name=None)
[2026-05-15 21:55:03]   [tflite]   126589597523152: TensorSpec(shape=(), dtype=tf.resource, name=None)
[2026-05-15 21:55:03]   [tflite]   126589597523920: TensorSpec(shape=(), dtype=tf.resource, name=None)
[2026-05-15 21:55:03]   [tflite]   126589597525264: TensorSpec(shape=(), dtype=tf.resource, name=None)
[2026-05-15 21:55:03]   [tflite]   126589597524304: TensorSpec(shape=(), dtype=tf.resource, name=None)
[2026-05-15 21:55:03]   [tflite]   126589597524688: TensorSpec(shape=(), dtype=tf.resource, name=None)
[2026-05-15 21:55:03]   [tflite]   126589597524112: TensorSpec(shape=(), dtype=tf.resource, name=None)
[2026-05-15 21:55:03]   [tflite]   126589597525648: TensorSpec(shape=(), dtype=tf.resource, name=None)
[2026-05-15 21:55:03]   [tflite]   126589597525456: TensorSpec(shape=(), dtype=tf.resource, name=None)
[2026-05-15 21:55:03]   [tflite]   126589597526416: TensorSpec(shape=(), dtype=tf.resource, name=None)
[2026-05-15 21:55:03]   [tflite]   126589597523344: TensorSpec(shape=(), dtype=tf.resource, name=None)
[2026-05-15 21:55:03]   [tflite]   126589597525840: TensorSpec(shape=(), dtype=tf.resource, name=None)
[2026-05-15 21:55:03]   [tflite]   126589597526800: TensorSpec(shape=(), dtype=tf.resource, name=None)
[2026-05-15 21:55:03]   [tflite]   126589597526992: TensorSpec(shape=(), dtype=tf.resource, name=None)
[2026-05-15 21:55:03]   [tflite]   126589597525072: TensorSpec(shape=(), dtype=tf.resource, name=None)
[2026-05-15 21:55:03]   [tflite]   126589597527568: TensorSpec(shape=(), dtype=tf.resource, name=None)
[2026-05-15 21:55:03]   [tflite]     int8 OK (1229 KB)
[2026-05-15 21:55:03]   [tflite] 
[2026-05-15 21:55:03]   [tflite] Done.
/home/min/Workspace/Graduate-Project/Falling-Model-Development/.venv/lib/python3.13/site-packages/tensorflow/lite/python/interpreter.py:457: UserWarning:     Warning: tf.lite.Interpreter is deprecated and is scheduled for deletion in
    TF 2.20. Please use the LiteRT interpreter from the ai_edge_litert package.
    See the [migration guide](https://ai.google.dev/edge/litert/migration)
    for details.
    
  warnings.warn(_INTERPRETER_DELETION_WARNING)
INFO: Created TensorFlow Lite XNNPACK delegate for CPU.
[2026-05-15 21:55:05] done P13-v03 val_f1=0.8594 (video=0.9637) test_f1=0.8651 (video=0.9589) test_min_pr=0.8776 threshold=0.350 min_consecutive=2
