WARNING: All log messages before absl::InitializeLog() is called are written to STDERR
I0000 00:00:1778848235.005517  205663 cpu_feature_guard.cc:227] This TensorFlow binary is optimized to use available CPU instructions in performance-critical operations.
To enable the following instructions: AVX2 FMA, in other operations, rebuild TensorFlow with the appropriate compiler flags.
[2026-05-15 21:30:36] loading train split=/home/min/Workspace/Graduate-Project/Falling-Model-Development/dataset/splits_v2_filtered/train.csv
[2026-05-15 21:30:49] train rows=1,274,014 videos=6,344 features=27 data_scope=all
[2026-05-15 21:30:49] loading val split=/home/min/Workspace/Graduate-Project/Falling-Model-Development/dataset/splits_v2_filtered/val.csv
[2026-05-15 21:30:53] val rows=363,918 videos=1,811 features=27 data_scope=all
[2026-05-15 21:30:53] loading test split=/home/min/Workspace/Graduate-Project/Falling-Model-Development/dataset/splits_v2_filtered/test.csv
[2026-05-15 21:30:55] test rows=182,782 videos=911 features=27 data_scope=all
[2026-05-15 21:30:55] hard_negative_ids loaded: 50 videos from /home/min/Workspace/Graduate-Project/Falling-Model-Development/results/phase10_error_analysis/P9O-v01/false_positive_videos.csv
[2026-05-15 21:31:15] train windows=517,979 positive=224,347 videos=6,344
[2026-05-15 21:31:18] val windows=74,251 positive=32,590 videos=1,811
[2026-05-15 21:31:20] test windows=37,351 positive=16,447 videos=911
I0000 00:00:1778848287.105380  205663 gpu_device.cc:2043] Created device /job:localhost/replica:0/task:0/device:GPU:0 with 6103 MB memory:  -> device: 0, name: NVIDIA GeForce RTX 2060 SUPER, pci bus id: 0000:05:00.0, compute capability: 7.5
W0000 00:00:1778848288.969780  205663 cpu_allocator_impl.cc:82] Allocation of 2237669280 exceeds 10% of free system memory.
W0000 00:00:1778848290.890679  205663 cpu_allocator_impl.cc:82] Allocation of 2237669280 exceeds 10% of free system memory.
W0000 00:00:1778848293.504300  205663 cpu_allocator_impl.cc:82] Allocation of 2237669280 exceeds 10% of free system memory.
I0000 00:00:1778848296.351094  206194 cuda_dnn.cc:461] Loaded cuDNN version 92200
W0000 00:00:1778848691.444620  205663 cpu_allocator_impl.cc:82] Allocation of 2237669280 exceeds 10% of free system memory.
W0000 00:00:1778848693.361537  205663 cpu_allocator_impl.cc:82] Allocation of 2237669280 exceeds 10% of free system memory.
[2026-05-15 21:39:38] video-level val: videos=1811 f1=0.9635 fall_recall=0.9609 nfall_recall=0.9062 fall_prec=0.9660 nfall_prec=0.8932 min_pr=0.8932 min_consecutive=3
[2026-05-15 21:39:39] video-level test: videos=911 f1=0.9660 fall_recall=0.9610 nfall_recall=0.9224 fall_prec=0.9712 nfall_prec=0.8968 min_pr=0.8968 min_consecutive=3
[2026-05-15 21:39:39] === VAL VIDEO-LEVEL REPORT ===
              precision    recall  f1-score   support

           0     0.8932    0.9062    0.8997       480
           1     0.9660    0.9609    0.9635      1331

    accuracy                         0.9464      1811
   macro avg     0.9296    0.9336    0.9316      1811
weighted avg     0.9467    0.9464    0.9466      1811

[2026-05-15 21:39:39] === TEST VIDEO-LEVEL REPORT ===
              precision    recall  f1-score   support

           0     0.8968    0.9224    0.9095       245
           1     0.9712    0.9610    0.9660       666

    accuracy                         0.9506       911
   macro avg     0.9340    0.9417    0.9377       911
weighted avg     0.9512    0.9506    0.9508       911

[2026-05-15 21:39:50] tflite export subprocess exit=0
[2026-05-15 21:39:50]   [tflite] [P13-v01]
[2026-05-15 21:39:50]   [tflite]   Loading model.keras ...
[2026-05-15 21:39:50]   [tflite]     rebuilding with unroll=True for TFLite compatibility
[2026-05-15 21:39:50]   [tflite] Saved artifact at '/tmp/tmpi5f30g63'. The following endpoints are available:
[2026-05-15 21:39:50]   [tflite] 
[2026-05-15 21:39:50]   [tflite] * Endpoint 'serve'
[2026-05-15 21:39:50]   [tflite]   args_0 (POSITIONAL_ONLY): TensorSpec(shape=(None, 40, 27), dtype=tf.float32, name='pose_sequence')
[2026-05-15 21:39:50]   [tflite] Output Type:
[2026-05-15 21:39:50]   [tflite]   TensorSpec(shape=(None, 2), dtype=tf.float32, name=None)
[2026-05-15 21:39:50]   [tflite] Captures:
[2026-05-15 21:39:50]   [tflite]   131977573668368: TensorSpec(shape=(), dtype=tf.resource, name=None)
[2026-05-15 21:39:50]   [tflite]   131977573669136: TensorSpec(shape=(), dtype=tf.resource, name=None)
[2026-05-15 21:39:50]   [tflite]   131977573668944: TensorSpec(shape=(), dtype=tf.resource, name=None)
[2026-05-15 21:39:50]   [tflite]   131977573669328: TensorSpec(shape=(), dtype=tf.resource, name=None)
[2026-05-15 21:39:50]   [tflite]   131977573667408: TensorSpec(shape=(), dtype=tf.resource, name=None)
[2026-05-15 21:39:50]   [tflite]   131977573669520: TensorSpec(shape=(), dtype=tf.resource, name=None)
[2026-05-15 21:39:50]   [tflite]   131977573669904: TensorSpec(shape=(), dtype=tf.resource, name=None)
[2026-05-15 21:39:50]   [tflite]   131977573669712: TensorSpec(shape=(), dtype=tf.resource, name=None)
[2026-05-15 21:39:50]   [tflite]   131977573668560: TensorSpec(shape=(), dtype=tf.resource, name=None)
[2026-05-15 21:39:50]   [tflite]   131977573670096: TensorSpec(shape=(), dtype=tf.resource, name=None)
[2026-05-15 21:39:50]   [tflite]   131977573670864: TensorSpec(shape=(), dtype=tf.resource, name=None)
[2026-05-15 21:39:50]   [tflite]   131977573672208: TensorSpec(shape=(), dtype=tf.resource, name=None)
[2026-05-15 21:39:50]   [tflite]   131977573671248: TensorSpec(shape=(), dtype=tf.resource, name=None)
[2026-05-15 21:39:50]   [tflite]   131977573671632: TensorSpec(shape=(), dtype=tf.resource, name=None)
[2026-05-15 21:39:50]   [tflite]   131977573671056: TensorSpec(shape=(), dtype=tf.resource, name=None)
[2026-05-15 21:39:50]   [tflite]   131977573672592: TensorSpec(shape=(), dtype=tf.resource, name=None)
[2026-05-15 21:39:50]   [tflite]   131977573672400: TensorSpec(shape=(), dtype=tf.resource, name=None)
[2026-05-15 21:39:50]   [tflite]   131977573673360: TensorSpec(shape=(), dtype=tf.resource, name=None)
[2026-05-15 21:39:50]   [tflite]   131977573670288: TensorSpec(shape=(), dtype=tf.resource, name=None)
[2026-05-15 21:39:50]   [tflite]   131977573672784: TensorSpec(shape=(), dtype=tf.resource, name=None)
[2026-05-15 21:39:50]   [tflite]   131977573673744: TensorSpec(shape=(), dtype=tf.resource, name=None)
[2026-05-15 21:39:50]   [tflite]   131977573673936: TensorSpec(shape=(), dtype=tf.resource, name=None)
[2026-05-15 21:39:50]   [tflite]   131977573672016: TensorSpec(shape=(), dtype=tf.resource, name=None)
[2026-05-15 21:39:50]   [tflite]   131977573674512: TensorSpec(shape=(), dtype=tf.resource, name=None)
[2026-05-15 21:39:50]   [tflite]     fp32 OK (806 KB)
[2026-05-15 21:39:50]   [tflite] Saved artifact at '/tmp/tmpnr8cqg1g'. The following endpoints are available:
[2026-05-15 21:39:50]   [tflite] 
[2026-05-15 21:39:50]   [tflite] * Endpoint 'serve'
[2026-05-15 21:39:50]   [tflite]   args_0 (POSITIONAL_ONLY): TensorSpec(shape=(None, 40, 27), dtype=tf.float32, name='pose_sequence')
[2026-05-15 21:39:50]   [tflite] Output Type:
[2026-05-15 21:39:50]   [tflite]   TensorSpec(shape=(None, 2), dtype=tf.float32, name=None)
[2026-05-15 21:39:50]   [tflite] Captures:
[2026-05-15 21:39:50]   [tflite]   131977573668368: TensorSpec(shape=(), dtype=tf.resource, name=None)
[2026-05-15 21:39:50]   [tflite]   131977573669136: TensorSpec(shape=(), dtype=tf.resource, name=None)
[2026-05-15 21:39:50]   [tflite]   131977573668944: TensorSpec(shape=(), dtype=tf.resource, name=None)
[2026-05-15 21:39:50]   [tflite]   131977573669328: TensorSpec(shape=(), dtype=tf.resource, name=None)
[2026-05-15 21:39:50]   [tflite]   131977573667408: TensorSpec(shape=(), dtype=tf.resource, name=None)
[2026-05-15 21:39:50]   [tflite]   131977573669520: TensorSpec(shape=(), dtype=tf.resource, name=None)
[2026-05-15 21:39:50]   [tflite]   131977573669904: TensorSpec(shape=(), dtype=tf.resource, name=None)
[2026-05-15 21:39:50]   [tflite]   131977573669712: TensorSpec(shape=(), dtype=tf.resource, name=None)
[2026-05-15 21:39:50]   [tflite]   131977573668560: TensorSpec(shape=(), dtype=tf.resource, name=None)
[2026-05-15 21:39:50]   [tflite]   131977573670096: TensorSpec(shape=(), dtype=tf.resource, name=None)
[2026-05-15 21:39:50]   [tflite]   131977573670864: TensorSpec(shape=(), dtype=tf.resource, name=None)
[2026-05-15 21:39:50]   [tflite]   131977573672208: TensorSpec(shape=(), dtype=tf.resource, name=None)
[2026-05-15 21:39:50]   [tflite]   131977573671248: TensorSpec(shape=(), dtype=tf.resource, name=None)
[2026-05-15 21:39:50]   [tflite]   131977573671632: TensorSpec(shape=(), dtype=tf.resource, name=None)
[2026-05-15 21:39:50]   [tflite]   131977573671056: TensorSpec(shape=(), dtype=tf.resource, name=None)
[2026-05-15 21:39:50]   [tflite]   131977573672592: TensorSpec(shape=(), dtype=tf.resource, name=None)
[2026-05-15 21:39:50]   [tflite]   131977573672400: TensorSpec(shape=(), dtype=tf.resource, name=None)
[2026-05-15 21:39:50]   [tflite]   131977573673360: TensorSpec(shape=(), dtype=tf.resource, name=None)
[2026-05-15 21:39:50]   [tflite]   131977573670288: TensorSpec(shape=(), dtype=tf.resource, name=None)
[2026-05-15 21:39:50]   [tflite]   131977573672784: TensorSpec(shape=(), dtype=tf.resource, name=None)
[2026-05-15 21:39:50]   [tflite]   131977573673744: TensorSpec(shape=(), dtype=tf.resource, name=None)
[2026-05-15 21:39:50]   [tflite]   131977573673936: TensorSpec(shape=(), dtype=tf.resource, name=None)
[2026-05-15 21:39:50]   [tflite]   131977573672016: TensorSpec(shape=(), dtype=tf.resource, name=None)
[2026-05-15 21:39:50]   [tflite]   131977573674512: TensorSpec(shape=(), dtype=tf.resource, name=None)
[2026-05-15 21:39:50]   [tflite]     int8 OK (1229 KB)
[2026-05-15 21:39:50]   [tflite] 
[2026-05-15 21:39:50]   [tflite] Done.
/home/min/Workspace/Graduate-Project/Falling-Model-Development/.venv/lib/python3.13/site-packages/tensorflow/lite/python/interpreter.py:457: UserWarning:     Warning: tf.lite.Interpreter is deprecated and is scheduled for deletion in
    TF 2.20. Please use the LiteRT interpreter from the ai_edge_litert package.
    See the [migration guide](https://ai.google.dev/edge/litert/migration)
    for details.
    
  warnings.warn(_INTERPRETER_DELETION_WARNING)
INFO: Created TensorFlow Lite XNNPACK delegate for CPU.
[2026-05-15 21:39:51] done P13-v01 val_f1=0.8733 (video=0.9635) test_f1=0.8772 (video=0.9660) test_min_pr=0.8968 threshold=0.425 min_consecutive=3
