[2026-05-15 21:30:34] === P13-v01: α=0.10 + hard-neg + neg_stride=1 ===
[2026-05-15 21:30:34] START P13-v01
[2026-05-15 21:39:52] OK    P13-v01  test_min_pr=0.8968
[2026-05-15 21:39:52] === P13-v02: α=0.05 + hard-neg ===
[2026-05-15 21:39:52] START P13-v02
[2026-05-15 21:46:46] OK    P13-v02  test_min_pr=0.8776
[2026-05-15 21:46:46] === P13-v03: α=0.05 + hard-neg + neg_stride=1 ===
[2026-05-15 21:46:46] START P13-v03
[2026-05-15 21:55:06] OK    P13-v03  test_min_pr=0.8776
[2026-05-15 21:55:06] === P13-v04: α=0.10 + hard-neg + noise_std=0.05 ===
[2026-05-15 21:55:06] START P13-v04
[2026-05-15 22:03:20] OK    P13-v04  test_min_pr=0.8857
[2026-05-15 22:03:20] === Phase 13 summary ===
[2026-05-15 22:03:20] === Phase 13 summary ===
ID           test_MinPR   NFallP   NFallR    FallP    FallR    thr  mc  PASS?
P13-v01          0.8968   0.8968   0.9224   0.9712   0.9610  0.425   3       
  CM: TN=226 FP=19 FN=26 TP=640
P13-v02          0.8776   0.8958   0.8776   0.9553   0.9625  0.325   3       
  CM: TN=215 FP=30 FN=25 TP=641
P13-v03          0.8776   0.8958   0.8776   0.9553   0.9625  0.350   2       
  CM: TN=215 FP=30 FN=25 TP=641
P13-v04          0.8857   0.8967   0.8857   0.9581   0.9625  0.425   3       
  CM: TN=217 FP=28 FN=25 TP=641
