WARNING: All log messages before absl::InitializeLog() is called are written to STDERR
I0000 00:00:1778870513.818970   34044 cpu_feature_guard.cc:227] This TensorFlow binary is optimized to use available CPU instructions in performance-critical operations.
To enable the following instructions: AVX2 FMA, in other operations, rebuild TensorFlow with the appropriate compiler flags.
[2026-05-16 03:41:55] loading train split=/home/min/Workspace/Graduate-Project/Falling-Model-Development/dataset/splits_v2_class_balanced_filtered/train.csv
[2026-05-16 03:42:07] train rows=1,211,093 videos=6,039 features=27 data_scope=all
[2026-05-16 03:42:07] loading val split=/home/min/Workspace/Graduate-Project/Falling-Model-Development/dataset/splits_v2_class_balanced_filtered/val.csv
[2026-05-16 03:42:10] val rows=344,292 videos=1,714 features=27 data_scope=all
[2026-05-16 03:42:10] loading test split=/home/min/Workspace/Graduate-Project/Falling-Model-Development/dataset/splits_v2_class_balanced_filtered/test.csv
[2026-05-16 03:42:12] test rows=172,209 videos=853 features=27 data_scope=all
[2026-05-16 03:42:25] train windows=353,150 positive=213,662 videos=6,039
[2026-05-16 03:42:28] val windows=70,274 positive=30,106 videos=1,714
[2026-05-16 03:42:29] test windows=34,973 positive=15,069 videos=853
I0000 00:00:1778870552.657456   34044 gpu_device.cc:2043] Created device /job:localhost/replica:0/task:0/device:GPU:0 with 6623 MB memory:  -> device: 0, name: NVIDIA GeForce RTX 2060 SUPER, pci bus id: 0000:05:00.0, compute capability: 7.5
W0000 00:00:1778870553.663083   34044 cpu_allocator_impl.cc:82] Allocation of 1525608000 exceeds 10% of free system memory.
W0000 00:00:1778870554.915382   34044 cpu_allocator_impl.cc:82] Allocation of 1525608000 exceeds 10% of free system memory.
W0000 00:00:1778870556.882989   34044 cpu_allocator_impl.cc:82] Allocation of 1525608000 exceeds 10% of free system memory.
I0000 00:00:1778870559.406818   34213 cuda_dnn.cc:461] Loaded cuDNN version 92200
[2026-05-16 04:32:56] ValMinPR: restored best weights (val_event_min_pr=0.9281)
W0000 00:00:1778873577.172864   34044 cpu_allocator_impl.cc:82] Allocation of 1525608000 exceeds 10% of free system memory.
W0000 00:00:1778873578.490975   34044 cpu_allocator_impl.cc:82] Allocation of 1525608000 exceeds 10% of free system memory.
[2026-05-16 04:34:10] video-level val: videos=1714 f1=0.9730 fall_recall=0.9734 nfall_recall=0.9281 fall_prec=0.9726 nfall_prec=0.9301 min_pr=0.9281 min_consecutive=3
[2026-05-16 04:34:11] event-level val: videos=1714 f1=0.9730 fall_recall=0.9734 nfall_recall=0.9281 fall_prec=0.9726 nfall_prec=0.9301 min_pr=0.9281 tolerance_windows=2
[2026-05-16 04:34:11] video-level test: videos=853 f1=0.9686 fall_recall=0.9678 nfall_recall=0.9181 fall_prec=0.9694 nfall_prec=0.9142 min_pr=0.9142 min_consecutive=3
[2026-05-16 04:34:12] event-level test: videos=853 f1=0.9677 fall_recall=0.9662 nfall_recall=0.9181 fall_prec=0.9693 nfall_prec=0.9103 min_pr=0.9103 tolerance_windows=2
[2026-05-16 04:34:12] === VAL VIDEO-LEVEL REPORT ===
              precision    recall  f1-score   support

           0     0.9301    0.9281    0.9291       473
           1     0.9726    0.9734    0.9730      1241

    accuracy                         0.9609      1714
   macro avg     0.9514    0.9508    0.9511      1714
weighted avg     0.9609    0.9609    0.9609      1714

[2026-05-16 04:34:12] === TEST VIDEO-LEVEL REPORT ===
              precision    recall  f1-score   support

           0     0.9142    0.9181    0.9161       232
           1     0.9694    0.9678    0.9686       621

    accuracy                         0.9543       853
   macro avg     0.9418    0.9429    0.9424       853
weighted avg     0.9543    0.9543    0.9543       853

[2026-05-16 04:34:12] done P26-v01 val_f1=0.8888 (video=0.9730) test_f1=0.8792 (video=0.9686) test_min_pr=0.9142 threshold=0.550 min_consecutive=3
