WARNING: All log messages before absl::InitializeLog() is called are written to STDERR
I0000 00:00:1778873654.138211   44299 cpu_feature_guard.cc:227] This TensorFlow binary is optimized to use available CPU instructions in performance-critical operations.
To enable the following instructions: AVX2 FMA, in other operations, rebuild TensorFlow with the appropriate compiler flags.
[2026-05-16 04:34:15] loading train split=/home/min/Workspace/Graduate-Project/Falling-Model-Development/dataset/splits_v2_class_balanced_filtered/train.csv
[2026-05-16 04:34:27] train rows=1,211,093 videos=6,039 features=27 data_scope=all
[2026-05-16 04:34:27] loading val split=/home/min/Workspace/Graduate-Project/Falling-Model-Development/dataset/splits_v2_class_balanced_filtered/val.csv
[2026-05-16 04:34:30] val rows=344,292 videos=1,714 features=27 data_scope=all
[2026-05-16 04:34:30] loading test split=/home/min/Workspace/Graduate-Project/Falling-Model-Development/dataset/splits_v2_class_balanced_filtered/test.csv
[2026-05-16 04:34:32] test rows=172,209 videos=853 features=27 data_scope=all
[2026-05-16 04:34:45] train windows=353,150 positive=213,662 videos=6,039
[2026-05-16 04:34:48] val windows=70,274 positive=30,106 videos=1,714
[2026-05-16 04:34:50] test windows=34,973 positive=15,069 videos=853
I0000 00:00:1778873693.146649   44299 gpu_device.cc:2043] Created device /job:localhost/replica:0/task:0/device:GPU:0 with 6623 MB memory:  -> device: 0, name: NVIDIA GeForce RTX 2060 SUPER, pci bus id: 0000:05:00.0, compute capability: 7.5
W0000 00:00:1778873694.083161   44299 cpu_allocator_impl.cc:82] Allocation of 1525608000 exceeds 10% of free system memory.
W0000 00:00:1778873695.378413   44299 cpu_allocator_impl.cc:82] Allocation of 1525608000 exceeds 10% of free system memory.
W0000 00:00:1778873697.307186   44299 cpu_allocator_impl.cc:82] Allocation of 1525608000 exceeds 10% of free system memory.
I0000 00:00:1778873699.858302   44499 cuda_dnn.cc:461] Loaded cuDNN version 92200
[2026-05-16 05:20:05] ValMinPR: restored best weights (val_event_min_pr=0.9139)
W0000 00:00:1778876406.270887   44299 cpu_allocator_impl.cc:82] Allocation of 1525608000 exceeds 10% of free system memory.
W0000 00:00:1778876407.590153   44299 cpu_allocator_impl.cc:82] Allocation of 1525608000 exceeds 10% of free system memory.
[2026-05-16 05:21:22] video-level val: videos=1714 f1=0.9681 fall_recall=0.9670 nfall_recall=0.9197 fall_prec=0.9693 nfall_prec=0.9139 min_pr=0.9139 min_consecutive=2
[2026-05-16 05:21:23] event-level val: videos=1714 f1=0.9681 fall_recall=0.9670 nfall_recall=0.9197 fall_prec=0.9693 nfall_prec=0.9139 min_pr=0.9139 tolerance_windows=2
[2026-05-16 05:21:23] video-level test: videos=853 f1=0.9636 fall_recall=0.9597 nfall_recall=0.9138 fall_prec=0.9675 nfall_prec=0.8945 min_pr=0.8945 min_consecutive=2
[2026-05-16 05:21:24] event-level test: videos=853 f1=0.9628 fall_recall=0.9581 nfall_recall=0.9138 fall_prec=0.9675 nfall_prec=0.8908 min_pr=0.8908 tolerance_windows=2
[2026-05-16 05:21:24] === VAL VIDEO-LEVEL REPORT ===
              precision    recall  f1-score   support

           0     0.9139    0.9197    0.9168       473
           1     0.9693    0.9670    0.9681      1241

    accuracy                         0.9539      1714
   macro avg     0.9416    0.9433    0.9424      1714
weighted avg     0.9540    0.9539    0.9540      1714

[2026-05-16 05:21:24] === TEST VIDEO-LEVEL REPORT ===
              precision    recall  f1-score   support

           0     0.8945    0.9138    0.9041       232
           1     0.9675    0.9597    0.9636       621

    accuracy                         0.9472       853
   macro avg     0.9310    0.9368    0.9338       853
weighted avg     0.9477    0.9472    0.9474       853

[2026-05-16 05:21:24] done P26-v02 val_f1=0.8715 (video=0.9681) test_f1=0.8618 (video=0.9636) test_min_pr=0.8945 threshold=0.625 min_consecutive=2
