WARNING: All log messages before absl::InitializeLog() is called are written to STDERR
I0000 00:00:1779486132.573014  294250 cpu_feature_guard.cc:227] This TensorFlow binary is optimized to use available CPU instructions in performance-critical operations.
To enable the following instructions: AVX2 FMA, in other operations, rebuild TensorFlow with the appropriate compiler flags.
[2026-05-23 06:42:13] loading train split=/home/min/Workspace/Graduate-Project/Falling-Model-Development/dataset/splits_v2_filtered/train.csv
[2026-05-23 06:42:26] train rows=1,208,593 videos=6,022 features=27 data_scope=all
[2026-05-23 06:42:26] loading val split=/home/min/Workspace/Graduate-Project/Falling-Model-Development/dataset/splits_v2_filtered/val.csv
[2026-05-23 06:42:29] val rows=345,348 videos=1,720 features=27 data_scope=all
[2026-05-23 06:42:29] loading test split=/home/min/Workspace/Graduate-Project/Falling-Model-Development/dataset/splits_v2_filtered/test.csv
[2026-05-23 06:42:31] test rows=173,653 videos=864 features=27 data_scope=all
[2026-05-23 06:42:45] train windows=351,795 positive=212,231 videos=6,022
[2026-05-23 06:42:48] val windows=70,520 positive=30,662 videos=1,720
[2026-05-23 06:42:49] test windows=35,424 positive=15,286 videos=864
I0000 00:00:1779486175.044137  294250 gpu_device.cc:2043] Created device /job:localhost/replica:0/task:0/device:GPU:0 with 6623 MB memory:  -> device: 0, name: NVIDIA GeForce RTX 2060 SUPER, pci bus id: 0000:05:00.0, compute capability: 7.5
W0000 00:00:1779486176.471400  294250 cpu_allocator_impl.cc:82] Allocation of 1519754400 exceeds 10% of free system memory.
W0000 00:00:1779486177.782381  294250 cpu_allocator_impl.cc:82] Allocation of 1519754400 exceeds 10% of free system memory.
W0000 00:00:1779486179.935600  294250 cpu_allocator_impl.cc:82] Allocation of 1519754400 exceeds 10% of free system memory.
I0000 00:00:1779486182.390478  294453 cuda_dnn.cc:461] Loaded cuDNN version 92200
[2026-05-23 07:03:26] ValMinPR: restored best weights (val_video_min_pr=0.9254)
W0000 00:00:1779487407.136745  294250 cpu_allocator_impl.cc:82] Allocation of 1519754400 exceeds 10% of free system memory.
W0000 00:00:1779487408.451421  294250 cpu_allocator_impl.cc:82] Allocation of 1519754400 exceeds 10% of free system memory.
[2026-05-23 07:03:50] video-level val: videos=1720 f1=0.9728 fall_recall=0.9736 nfall_recall=0.9254 fall_prec=0.9721 nfall_prec=0.9293 min_pr=0.9254 min_consecutive=3
[2026-05-23 07:03:50] event-level val: videos=1720 f1=0.9728 fall_recall=0.9736 nfall_recall=0.9254 fall_prec=0.9721 nfall_prec=0.9293 min_pr=0.9254 tolerance_windows=2
[2026-05-23 07:03:50] video-level test: videos=864 f1=0.9681 fall_recall=0.9650 nfall_recall=0.9234 fall_prec=0.9712 nfall_prec=0.9079 min_pr=0.9079 min_consecutive=3
[2026-05-23 07:03:51] event-level test: videos=864 f1=0.9681 fall_recall=0.9650 nfall_recall=0.9234 fall_prec=0.9712 nfall_prec=0.9079 min_pr=0.9079 tolerance_windows=2
[2026-05-23 07:03:51] === VAL VIDEO-LEVEL REPORT ===
              precision    recall  f1-score   support

           0     0.9293    0.9254    0.9274       469
           1     0.9721    0.9736    0.9728      1251

    accuracy                         0.9605      1720
   macro avg     0.9507    0.9495    0.9501      1720
weighted avg     0.9604    0.9605    0.9604      1720

[2026-05-23 07:03:51] === TEST VIDEO-LEVEL REPORT ===
              precision    recall  f1-score   support

           0     0.9079    0.9234    0.9156       235
           1     0.9712    0.9650    0.9681       629

    accuracy                         0.9537       864
   macro avg     0.9396    0.9442    0.9419       864
weighted avg     0.9540    0.9537    0.9538       864

[2026-05-23 07:04:01] tflite export subprocess exit=0
[2026-05-23 07:04:01]   [tflite] [E-kp7-w40-s0]
[2026-05-23 07:04:01]   [tflite]   Loading model.keras ...
[2026-05-23 07:04:01]   [tflite]     rebuilding with unroll=True for TFLite compatibility
[2026-05-23 07:04:01]   [tflite] Saved artifact at '/tmp/tmpv71jacu6'. The following endpoints are available:
[2026-05-23 07:04:01]   [tflite] 
[2026-05-23 07:04:01]   [tflite] * Endpoint 'serve'
[2026-05-23 07:04:01]   [tflite]   args_0 (POSITIONAL_ONLY): TensorSpec(shape=(None, 40, 27), dtype=tf.float32, name='pose_sequence')
[2026-05-23 07:04:01]   [tflite] Output Type:
[2026-05-23 07:04:01]   [tflite]   TensorSpec(shape=(None, 2), dtype=tf.float32, name=None)
[2026-05-23 07:04:01]   [tflite] Captures:
[2026-05-23 07:04:01]   [tflite]   128205297276624: TensorSpec(shape=(), dtype=tf.resource, name=None)
[2026-05-23 07:04:01]   [tflite]   128205297277392: TensorSpec(shape=(), dtype=tf.resource, name=None)
[2026-05-23 07:04:01]   [tflite]   128205297277200: TensorSpec(shape=(), dtype=tf.resource, name=None)
[2026-05-23 07:04:01]   [tflite]   128205297277584: TensorSpec(shape=(), dtype=tf.resource, name=None)
[2026-05-23 07:04:01]   [tflite]   128205297275664: TensorSpec(shape=(), dtype=tf.resource, name=None)
[2026-05-23 07:04:01]   [tflite]   128205297277776: TensorSpec(shape=(), dtype=tf.resource, name=None)
[2026-05-23 07:04:01]   [tflite]   128205297278160: TensorSpec(shape=(), dtype=tf.resource, name=None)
[2026-05-23 07:04:01]   [tflite]   128205297277968: TensorSpec(shape=(), dtype=tf.resource, name=None)
[2026-05-23 07:04:01]   [tflite]   128205297276816: TensorSpec(shape=(), dtype=tf.resource, name=None)
[2026-05-23 07:04:01]   [tflite]   128205297278352: TensorSpec(shape=(), dtype=tf.resource, name=None)
[2026-05-23 07:04:01]   [tflite]   128205297279120: TensorSpec(shape=(), dtype=tf.resource, name=None)
[2026-05-23 07:04:01]   [tflite]   128205297280464: TensorSpec(shape=(), dtype=tf.resource, name=None)
[2026-05-23 07:04:01]   [tflite]   128205297279504: TensorSpec(shape=(), dtype=tf.resource, name=None)
[2026-05-23 07:04:01]   [tflite]   128205297279888: TensorSpec(shape=(), dtype=tf.resource, name=None)
[2026-05-23 07:04:01]   [tflite]   128205297279312: TensorSpec(shape=(), dtype=tf.resource, name=None)
[2026-05-23 07:04:01]   [tflite]   128205297280848: TensorSpec(shape=(), dtype=tf.resource, name=None)
[2026-05-23 07:04:01]   [tflite]   128205297280656: TensorSpec(shape=(), dtype=tf.resource, name=None)
[2026-05-23 07:04:01]   [tflite]   128205297281616: TensorSpec(shape=(), dtype=tf.resource, name=None)
[2026-05-23 07:04:01]   [tflite]   128205297278544: TensorSpec(shape=(), dtype=tf.resource, name=None)
[2026-05-23 07:04:01]   [tflite]   128205297281040: TensorSpec(shape=(), dtype=tf.resource, name=None)
[2026-05-23 07:04:01]   [tflite]   128205297282000: TensorSpec(shape=(), dtype=tf.resource, name=None)
[2026-05-23 07:04:01]   [tflite]   128205297282192: TensorSpec(shape=(), dtype=tf.resource, name=None)
[2026-05-23 07:04:01]   [tflite]   128205297280272: TensorSpec(shape=(), dtype=tf.resource, name=None)
[2026-05-23 07:04:01]   [tflite]   128205297282768: TensorSpec(shape=(), dtype=tf.resource, name=None)
[2026-05-23 07:04:01]   [tflite]     fp32 OK (816 KB)
[2026-05-23 07:04:01]   [tflite] Saved artifact at '/tmp/tmpxyqwg70g'. The following endpoints are available:
[2026-05-23 07:04:01]   [tflite] 
[2026-05-23 07:04:01]   [tflite] * Endpoint 'serve'
[2026-05-23 07:04:01]   [tflite]   args_0 (POSITIONAL_ONLY): TensorSpec(shape=(None, 40, 27), dtype=tf.float32, name='pose_sequence')
[2026-05-23 07:04:01]   [tflite] Output Type:
[2026-05-23 07:04:01]   [tflite]   TensorSpec(shape=(None, 2), dtype=tf.float32, name=None)
[2026-05-23 07:04:01]   [tflite] Captures:
[2026-05-23 07:04:01]   [tflite]   128205297276624: TensorSpec(shape=(), dtype=tf.resource, name=None)
[2026-05-23 07:04:01]   [tflite]   128205297277392: TensorSpec(shape=(), dtype=tf.resource, name=None)
[2026-05-23 07:04:01]   [tflite]   128205297277200: TensorSpec(shape=(), dtype=tf.resource, name=None)
[2026-05-23 07:04:01]   [tflite]   128205297277584: TensorSpec(shape=(), dtype=tf.resource, name=None)
[2026-05-23 07:04:01]   [tflite]   128205297275664: TensorSpec(shape=(), dtype=tf.resource, name=None)
[2026-05-23 07:04:01]   [tflite]   128205297277776: TensorSpec(shape=(), dtype=tf.resource, name=None)
[2026-05-23 07:04:01]   [tflite]   128205297278160: TensorSpec(shape=(), dtype=tf.resource, name=None)
[2026-05-23 07:04:01]   [tflite]   128205297277968: TensorSpec(shape=(), dtype=tf.resource, name=None)
[2026-05-23 07:04:01]   [tflite]   128205297276816: TensorSpec(shape=(), dtype=tf.resource, name=None)
[2026-05-23 07:04:01]   [tflite]   128205297278352: TensorSpec(shape=(), dtype=tf.resource, name=None)
[2026-05-23 07:04:01]   [tflite]   128205297279120: TensorSpec(shape=(), dtype=tf.resource, name=None)
[2026-05-23 07:04:01]   [tflite]   128205297280464: TensorSpec(shape=(), dtype=tf.resource, name=None)
[2026-05-23 07:04:01]   [tflite]   128205297279504: TensorSpec(shape=(), dtype=tf.resource, name=None)
[2026-05-23 07:04:01]   [tflite]   128205297279888: TensorSpec(shape=(), dtype=tf.resource, name=None)
[2026-05-23 07:04:01]   [tflite]   128205297279312: TensorSpec(shape=(), dtype=tf.resource, name=None)
[2026-05-23 07:04:01]   [tflite]   128205297280848: TensorSpec(shape=(), dtype=tf.resource, name=None)
[2026-05-23 07:04:01]   [tflite]   128205297280656: TensorSpec(shape=(), dtype=tf.resource, name=None)
[2026-05-23 07:04:01]   [tflite]   128205297281616: TensorSpec(shape=(), dtype=tf.resource, name=None)
[2026-05-23 07:04:01]   [tflite]   128205297278544: TensorSpec(shape=(), dtype=tf.resource, name=None)
[2026-05-23 07:04:01]   [tflite]   128205297281040: TensorSpec(shape=(), dtype=tf.resource, name=None)
[2026-05-23 07:04:01]   [tflite]   128205297282000: TensorSpec(shape=(), dtype=tf.resource, name=None)
[2026-05-23 07:04:01]   [tflite]   128205297282192: TensorSpec(shape=(), dtype=tf.resource, name=None)
[2026-05-23 07:04:01]   [tflite]   128205297280272: TensorSpec(shape=(), dtype=tf.resource, name=None)
[2026-05-23 07:04:01]   [tflite]   128205297282768: TensorSpec(shape=(), dtype=tf.resource, name=None)
[2026-05-23 07:04:01]   [tflite]     int8 OK (1260 KB)
[2026-05-23 07:04:01]   [tflite] 
[2026-05-23 07:04:01]   [tflite] Done.
/home/min/Workspace/Graduate-Project/Falling-Model-Development/.venv/lib/python3.13/site-packages/tensorflow/lite/python/interpreter.py:457: UserWarning:     Warning: tf.lite.Interpreter is deprecated and is scheduled for deletion in
    TF 2.20. Please use the LiteRT interpreter from the ai_edge_litert package.
    See the [migration guide](https://ai.google.dev/edge/litert/migration)
    for details.
    
  warnings.warn(_INTERPRETER_DELETION_WARNING)
INFO: Created TensorFlow Lite XNNPACK delegate for CPU.
[2026-05-23 07:04:03] done E-kp7-w40-s0 val_f1=0.8986 (video=0.9728) test_f1=0.8818 (video=0.9681) test_min_pr=0.9079 threshold=0.600 min_consecutive=3
