WARNING: All log messages before absl::InitializeLog() is called are written to STDERR
I0000 00:00:1779490277.795563  318471 cpu_feature_guard.cc:227] This TensorFlow binary is optimized to use available CPU instructions in performance-critical operations.
To enable the following instructions: AVX2 FMA, in other operations, rebuild TensorFlow with the appropriate compiler flags.
[2026-05-23 07:51:19] loading train split=/home/min/Workspace/Graduate-Project/Falling-Model-Development/dataset/splits_v2_filtered/train.csv
[2026-05-23 07:51:31] train rows=1,208,593 videos=6,022 features=45 data_scope=all
[2026-05-23 07:51:31] loading val split=/home/min/Workspace/Graduate-Project/Falling-Model-Development/dataset/splits_v2_filtered/val.csv
[2026-05-23 07:51:34] val rows=345,348 videos=1,720 features=45 data_scope=all
[2026-05-23 07:51:34] loading test split=/home/min/Workspace/Graduate-Project/Falling-Model-Development/dataset/splits_v2_filtered/test.csv
[2026-05-23 07:51:36] test rows=173,653 videos=864 features=45 data_scope=all
[2026-05-23 07:51:52] train windows=376,936 positive=200,254 videos=6,022
[2026-05-23 07:51:55] val windows=79,120 positive=28,736 videos=1,720
[2026-05-23 07:51:57] test windows=39,744 positive=14,270 videos=864
I0000 00:00:1779490324.263886  318471 gpu_device.cc:2043] Created device /job:localhost/replica:0/task:0/device:GPU:0 with 6623 MB memory:  -> device: 0, name: NVIDIA GeForce RTX 2060 SUPER, pci bus id: 0000:05:00.0, compute capability: 7.5
W0000 00:00:1779490325.911505  318471 cpu_allocator_impl.cc:82] Allocation of 2035454400 exceeds 10% of free system memory.
W0000 00:00:1779490327.670803  318471 cpu_allocator_impl.cc:82] Allocation of 2035454400 exceeds 10% of free system memory.
W0000 00:00:1779490330.325309  318471 cpu_allocator_impl.cc:82] Allocation of 2035454400 exceeds 10% of free system memory.
I0000 00:00:1779490333.301257  318670 cuda_dnn.cc:461] Loaded cuDNN version 92200
[2026-05-23 08:07:35] ValMinPR: restored best weights (val_video_min_pr=0.9062)
W0000 00:00:1779491256.503020  318471 cpu_allocator_impl.cc:82] Allocation of 2035454400 exceeds 10% of free system memory.
W0000 00:00:1779491258.193971  318471 cpu_allocator_impl.cc:82] Allocation of 2035454400 exceeds 10% of free system memory.
[2026-05-23 08:08:01] video-level val: videos=1720 f1=0.9648 fall_recall=0.9648 nfall_recall=0.9062 fall_prec=0.9648 nfall_prec=0.9062 min_pr=0.9062 min_consecutive=3
[2026-05-23 08:08:02] event-level val: videos=1720 f1=0.9644 fall_recall=0.9640 nfall_recall=0.9062 fall_prec=0.9648 nfall_prec=0.9043 min_pr=0.9043 tolerance_windows=2
[2026-05-23 08:08:02] video-level test: videos=864 f1=0.9583 fall_recall=0.9507 nfall_recall=0.9106 fall_prec=0.9661 nfall_prec=0.8735 min_pr=0.8735 min_consecutive=3
[2026-05-23 08:08:03] event-level test: videos=864 f1=0.9583 fall_recall=0.9507 nfall_recall=0.9106 fall_prec=0.9661 nfall_prec=0.8735 min_pr=0.8735 tolerance_windows=2
[2026-05-23 08:08:03] === VAL VIDEO-LEVEL REPORT ===
              precision    recall  f1-score   support

           0     0.9062    0.9062    0.9062       469
           1     0.9648    0.9648    0.9648      1251

    accuracy                         0.9488      1720
   macro avg     0.9355    0.9355    0.9355      1720
weighted avg     0.9488    0.9488    0.9488      1720

[2026-05-23 08:08:03] === TEST VIDEO-LEVEL REPORT ===
              precision    recall  f1-score   support

           0     0.8735    0.9106    0.8917       235
           1     0.9661    0.9507    0.9583       629

    accuracy                         0.9398       864
   macro avg     0.9198    0.9307    0.9250       864
weighted avg     0.9409    0.9398    0.9402       864

[2026-05-23 08:08:11] tflite export subprocess exit=0
[2026-05-23 08:08:11]   [tflite] [E-kp12-w30-s42]
[2026-05-23 08:08:11]   [tflite]   Loading model.keras ...
[2026-05-23 08:08:11]   [tflite]     rebuilding with unroll=True for TFLite compatibility
[2026-05-23 08:08:11]   [tflite] Saved artifact at '/tmp/tmpu4sa7imz'. The following endpoints are available:
[2026-05-23 08:08:11]   [tflite] 
[2026-05-23 08:08:11]   [tflite] * Endpoint 'serve'
[2026-05-23 08:08:11]   [tflite]   args_0 (POSITIONAL_ONLY): TensorSpec(shape=(None, 30, 45), dtype=tf.float32, name='pose_sequence')
[2026-05-23 08:08:11]   [tflite] Output Type:
[2026-05-23 08:08:11]   [tflite]   TensorSpec(shape=(None, 2), dtype=tf.float32, name=None)
[2026-05-23 08:08:11]   [tflite] Captures:
[2026-05-23 08:08:11]   [tflite]   130138148460240: TensorSpec(shape=(), dtype=tf.resource, name=None)
[2026-05-23 08:08:11]   [tflite]   130138148461008: TensorSpec(shape=(), dtype=tf.resource, name=None)
[2026-05-23 08:08:11]   [tflite]   130138148460816: TensorSpec(shape=(), dtype=tf.resource, name=None)
[2026-05-23 08:08:11]   [tflite]   130138148461200: TensorSpec(shape=(), dtype=tf.resource, name=None)
[2026-05-23 08:08:11]   [tflite]   130138148459280: TensorSpec(shape=(), dtype=tf.resource, name=None)
[2026-05-23 08:08:11]   [tflite]   130138148461392: TensorSpec(shape=(), dtype=tf.resource, name=None)
[2026-05-23 08:08:11]   [tflite]   130138148461776: TensorSpec(shape=(), dtype=tf.resource, name=None)
[2026-05-23 08:08:11]   [tflite]   130138148461584: TensorSpec(shape=(), dtype=tf.resource, name=None)
[2026-05-23 08:08:11]   [tflite]   130138148460432: TensorSpec(shape=(), dtype=tf.resource, name=None)
[2026-05-23 08:08:11]   [tflite]   130138148461968: TensorSpec(shape=(), dtype=tf.resource, name=None)
[2026-05-23 08:08:11]   [tflite]   130138148462736: TensorSpec(shape=(), dtype=tf.resource, name=None)
[2026-05-23 08:08:11]   [tflite]   130138148464080: TensorSpec(shape=(), dtype=tf.resource, name=None)
[2026-05-23 08:08:11]   [tflite]   130138148463120: TensorSpec(shape=(), dtype=tf.resource, name=None)
[2026-05-23 08:08:11]   [tflite]   130138148463504: TensorSpec(shape=(), dtype=tf.resource, name=None)
[2026-05-23 08:08:11]   [tflite]   130138148462928: TensorSpec(shape=(), dtype=tf.resource, name=None)
[2026-05-23 08:08:11]   [tflite]   130138148464464: TensorSpec(shape=(), dtype=tf.resource, name=None)
[2026-05-23 08:08:11]   [tflite]   130138148464272: TensorSpec(shape=(), dtype=tf.resource, name=None)
[2026-05-23 08:08:11]   [tflite]   130138148465232: TensorSpec(shape=(), dtype=tf.resource, name=None)
[2026-05-23 08:08:11]   [tflite]   130138148462160: TensorSpec(shape=(), dtype=tf.resource, name=None)
[2026-05-23 08:08:11]   [tflite]   130138148464656: TensorSpec(shape=(), dtype=tf.resource, name=None)
[2026-05-23 08:08:11]   [tflite]   130138148465616: TensorSpec(shape=(), dtype=tf.resource, name=None)
[2026-05-23 08:08:11]   [tflite]   130138148465808: TensorSpec(shape=(), dtype=tf.resource, name=None)
[2026-05-23 08:08:11]   [tflite]   130138148463888: TensorSpec(shape=(), dtype=tf.resource, name=None)
[2026-05-23 08:08:11]   [tflite]   130138148466384: TensorSpec(shape=(), dtype=tf.resource, name=None)
[2026-05-23 08:08:11]   [tflite]     fp32 OK (775 KB)
[2026-05-23 08:08:11]   [tflite] Saved artifact at '/tmp/tmp50fz8n0b'. The following endpoints are available:
[2026-05-23 08:08:11]   [tflite] 
[2026-05-23 08:08:11]   [tflite] * Endpoint 'serve'
[2026-05-23 08:08:11]   [tflite]   args_0 (POSITIONAL_ONLY): TensorSpec(shape=(None, 30, 45), dtype=tf.float32, name='pose_sequence')
[2026-05-23 08:08:11]   [tflite] Output Type:
[2026-05-23 08:08:11]   [tflite]   TensorSpec(shape=(None, 2), dtype=tf.float32, name=None)
[2026-05-23 08:08:11]   [tflite] Captures:
[2026-05-23 08:08:11]   [tflite]   130138148460240: TensorSpec(shape=(), dtype=tf.resource, name=None)
[2026-05-23 08:08:11]   [tflite]   130138148461008: TensorSpec(shape=(), dtype=tf.resource, name=None)
[2026-05-23 08:08:11]   [tflite]   130138148460816: TensorSpec(shape=(), dtype=tf.resource, name=None)
[2026-05-23 08:08:11]   [tflite]   130138148461200: TensorSpec(shape=(), dtype=tf.resource, name=None)
[2026-05-23 08:08:11]   [tflite]   130138148459280: TensorSpec(shape=(), dtype=tf.resource, name=None)
[2026-05-23 08:08:11]   [tflite]   130138148461392: TensorSpec(shape=(), dtype=tf.resource, name=None)
[2026-05-23 08:08:11]   [tflite]   130138148461776: TensorSpec(shape=(), dtype=tf.resource, name=None)
[2026-05-23 08:08:11]   [tflite]   130138148461584: TensorSpec(shape=(), dtype=tf.resource, name=None)
[2026-05-23 08:08:11]   [tflite]   130138148460432: TensorSpec(shape=(), dtype=tf.resource, name=None)
[2026-05-23 08:08:11]   [tflite]   130138148461968: TensorSpec(shape=(), dtype=tf.resource, name=None)
[2026-05-23 08:08:11]   [tflite]   130138148462736: TensorSpec(shape=(), dtype=tf.resource, name=None)
[2026-05-23 08:08:11]   [tflite]   130138148464080: TensorSpec(shape=(), dtype=tf.resource, name=None)
[2026-05-23 08:08:11]   [tflite]   130138148463120: TensorSpec(shape=(), dtype=tf.resource, name=None)
[2026-05-23 08:08:11]   [tflite]   130138148463504: TensorSpec(shape=(), dtype=tf.resource, name=None)
[2026-05-23 08:08:11]   [tflite]   130138148462928: TensorSpec(shape=(), dtype=tf.resource, name=None)
[2026-05-23 08:08:11]   [tflite]   130138148464464: TensorSpec(shape=(), dtype=tf.resource, name=None)
[2026-05-23 08:08:11]   [tflite]   130138148464272: TensorSpec(shape=(), dtype=tf.resource, name=None)
[2026-05-23 08:08:11]   [tflite]   130138148465232: TensorSpec(shape=(), dtype=tf.resource, name=None)
[2026-05-23 08:08:11]   [tflite]   130138148462160: TensorSpec(shape=(), dtype=tf.resource, name=None)
[2026-05-23 08:08:11]   [tflite]   130138148464656: TensorSpec(shape=(), dtype=tf.resource, name=None)
[2026-05-23 08:08:11]   [tflite]   130138148465616: TensorSpec(shape=(), dtype=tf.resource, name=None)
[2026-05-23 08:08:11]   [tflite]   130138148465808: TensorSpec(shape=(), dtype=tf.resource, name=None)
[2026-05-23 08:08:11]   [tflite]   130138148463888: TensorSpec(shape=(), dtype=tf.resource, name=None)
[2026-05-23 08:08:11]   [tflite]   130138148466384: TensorSpec(shape=(), dtype=tf.resource, name=None)
[2026-05-23 08:08:11]   [tflite]     int8 OK (1001 KB)
[2026-05-23 08:08:11]   [tflite] 
[2026-05-23 08:08:11]   [tflite] Done.
/home/min/Workspace/Graduate-Project/Falling-Model-Development/.venv/lib/python3.13/site-packages/tensorflow/lite/python/interpreter.py:457: UserWarning:     Warning: tf.lite.Interpreter is deprecated and is scheduled for deletion in
    TF 2.20. Please use the LiteRT interpreter from the ai_edge_litert package.
    See the [migration guide](https://ai.google.dev/edge/litert/migration)
    for details.
    
  warnings.warn(_INTERPRETER_DELETION_WARNING)
INFO: Created TensorFlow Lite XNNPACK delegate for CPU.
[2026-05-23 08:08:13] done E-kp12-w30-s42 val_f1=0.8474 (video=0.9648) test_f1=0.8348 (video=0.9583) test_min_pr=0.8735 threshold=0.600 min_consecutive=3
