WARNING: All log messages before absl::InitializeLog() is called are written to STDERR
I0000 00:00:1779485364.804377  289661 cpu_feature_guard.cc:227] This TensorFlow binary is optimized to use available CPU instructions in performance-critical operations.
To enable the following instructions: AVX2 FMA, in other operations, rebuild TensorFlow with the appropriate compiler flags.
[2026-05-23 06:29:26] loading train split=/home/min/Workspace/Graduate-Project/Falling-Model-Development/dataset/splits_v2_filtered/train.csv
[2026-05-23 06:29:38] train rows=1,208,593 videos=6,022 features=27 data_scope=all
[2026-05-23 06:29:38] loading val split=/home/min/Workspace/Graduate-Project/Falling-Model-Development/dataset/splits_v2_filtered/val.csv
[2026-05-23 06:29:41] val rows=345,348 videos=1,720 features=27 data_scope=all
[2026-05-23 06:29:41] loading test split=/home/min/Workspace/Graduate-Project/Falling-Model-Development/dataset/splits_v2_filtered/test.csv
[2026-05-23 06:29:43] test rows=173,653 videos=864 features=27 data_scope=all
[2026-05-23 06:29:57] train windows=351,795 positive=212,231 videos=6,022
[2026-05-23 06:30:00] val windows=70,520 positive=30,662 videos=1,720
[2026-05-23 06:30:02] test windows=35,424 positive=15,286 videos=864
I0000 00:00:1779485407.268460  289661 gpu_device.cc:2043] Created device /job:localhost/replica:0/task:0/device:GPU:0 with 6623 MB memory:  -> device: 0, name: NVIDIA GeForce RTX 2060 SUPER, pci bus id: 0000:05:00.0, compute capability: 7.5
W0000 00:00:1779485408.694225  289661 cpu_allocator_impl.cc:82] Allocation of 1519754400 exceeds 10% of free system memory.
W0000 00:00:1779485410.001618  289661 cpu_allocator_impl.cc:82] Allocation of 1519754400 exceeds 10% of free system memory.
W0000 00:00:1779485412.169563  289661 cpu_allocator_impl.cc:82] Allocation of 1519754400 exceeds 10% of free system memory.
I0000 00:00:1779485414.629832  289866 cuda_dnn.cc:461] Loaded cuDNN version 92200
[2026-05-23 06:41:33] ValMinPR: restored best weights (val_video_min_pr=0.9232)
W0000 00:00:1779486094.866259  289661 cpu_allocator_impl.cc:82] Allocation of 1519754400 exceeds 10% of free system memory.
W0000 00:00:1779486096.161000  289661 cpu_allocator_impl.cc:82] Allocation of 1519754400 exceeds 10% of free system memory.
[2026-05-23 06:41:57] video-level val: videos=1720 f1=0.9716 fall_recall=0.9720 nfall_recall=0.9232 fall_prec=0.9712 nfall_prec=0.9252 min_pr=0.9232 min_consecutive=3
[2026-05-23 06:41:58] event-level val: videos=1720 f1=0.9716 fall_recall=0.9720 nfall_recall=0.9232 fall_prec=0.9712 nfall_prec=0.9252 min_pr=0.9232 tolerance_windows=2
[2026-05-23 06:41:58] video-level test: videos=864 f1=0.9649 fall_recall=0.9618 nfall_recall=0.9149 fall_prec=0.9680 nfall_prec=0.8996 min_pr=0.8996 min_consecutive=3
[2026-05-23 06:41:58] event-level test: videos=864 f1=0.9649 fall_recall=0.9618 nfall_recall=0.9149 fall_prec=0.9680 nfall_prec=0.8996 min_pr=0.8996 tolerance_windows=2
[2026-05-23 06:41:58] === VAL VIDEO-LEVEL REPORT ===
              precision    recall  f1-score   support

           0     0.9252    0.9232    0.9242       469
           1     0.9712    0.9720    0.9716      1251

    accuracy                         0.9587      1720
   macro avg     0.9482    0.9476    0.9479      1720
weighted avg     0.9587    0.9587    0.9587      1720

[2026-05-23 06:41:58] === TEST VIDEO-LEVEL REPORT ===
              precision    recall  f1-score   support

           0     0.8996    0.9149    0.9072       235
           1     0.9680    0.9618    0.9649       629

    accuracy                         0.9491       864
   macro avg     0.9338    0.9384    0.9360       864
weighted avg     0.9494    0.9491    0.9492       864

[2026-05-23 06:42:09] tflite export subprocess exit=0
[2026-05-23 06:42:09]   [tflite] [E-kp7-w40-s42]
[2026-05-23 06:42:09]   [tflite]   Loading model.keras ...
[2026-05-23 06:42:09]   [tflite]     rebuilding with unroll=True for TFLite compatibility
[2026-05-23 06:42:09]   [tflite] Saved artifact at '/tmp/tmpw_uv2v32'. The following endpoints are available:
[2026-05-23 06:42:09]   [tflite] 
[2026-05-23 06:42:09]   [tflite] * Endpoint 'serve'
[2026-05-23 06:42:09]   [tflite]   args_0 (POSITIONAL_ONLY): TensorSpec(shape=(None, 40, 27), dtype=tf.float32, name='pose_sequence')
[2026-05-23 06:42:09]   [tflite] Output Type:
[2026-05-23 06:42:09]   [tflite]   TensorSpec(shape=(None, 2), dtype=tf.float32, name=None)
[2026-05-23 06:42:09]   [tflite] Captures:
[2026-05-23 06:42:09]   [tflite]   139206061528784: TensorSpec(shape=(), dtype=tf.resource, name=None)
[2026-05-23 06:42:09]   [tflite]   139206061529552: TensorSpec(shape=(), dtype=tf.resource, name=None)
[2026-05-23 06:42:09]   [tflite]   139206061529360: TensorSpec(shape=(), dtype=tf.resource, name=None)
[2026-05-23 06:42:09]   [tflite]   139206061529744: TensorSpec(shape=(), dtype=tf.resource, name=None)
[2026-05-23 06:42:09]   [tflite]   139206061527824: TensorSpec(shape=(), dtype=tf.resource, name=None)
[2026-05-23 06:42:09]   [tflite]   139206061529936: TensorSpec(shape=(), dtype=tf.resource, name=None)
[2026-05-23 06:42:09]   [tflite]   139206061530320: TensorSpec(shape=(), dtype=tf.resource, name=None)
[2026-05-23 06:42:09]   [tflite]   139206061530128: TensorSpec(shape=(), dtype=tf.resource, name=None)
[2026-05-23 06:42:09]   [tflite]   139206061528976: TensorSpec(shape=(), dtype=tf.resource, name=None)
[2026-05-23 06:42:09]   [tflite]   139206061530512: TensorSpec(shape=(), dtype=tf.resource, name=None)
[2026-05-23 06:42:09]   [tflite]   139206061531280: TensorSpec(shape=(), dtype=tf.resource, name=None)
[2026-05-23 06:42:09]   [tflite]   139206061532624: TensorSpec(shape=(), dtype=tf.resource, name=None)
[2026-05-23 06:42:09]   [tflite]   139206061531664: TensorSpec(shape=(), dtype=tf.resource, name=None)
[2026-05-23 06:42:09]   [tflite]   139206061532048: TensorSpec(shape=(), dtype=tf.resource, name=None)
[2026-05-23 06:42:09]   [tflite]   139206061531472: TensorSpec(shape=(), dtype=tf.resource, name=None)
[2026-05-23 06:42:09]   [tflite]   139206061533008: TensorSpec(shape=(), dtype=tf.resource, name=None)
[2026-05-23 06:42:09]   [tflite]   139206061532816: TensorSpec(shape=(), dtype=tf.resource, name=None)
[2026-05-23 06:42:09]   [tflite]   139206061533776: TensorSpec(shape=(), dtype=tf.resource, name=None)
[2026-05-23 06:42:09]   [tflite]   139206061530704: TensorSpec(shape=(), dtype=tf.resource, name=None)
[2026-05-23 06:42:09]   [tflite]   139206061533200: TensorSpec(shape=(), dtype=tf.resource, name=None)
[2026-05-23 06:42:09]   [tflite]   139206061534160: TensorSpec(shape=(), dtype=tf.resource, name=None)
[2026-05-23 06:42:09]   [tflite]   139206061534352: TensorSpec(shape=(), dtype=tf.resource, name=None)
[2026-05-23 06:42:09]   [tflite]   139206061532432: TensorSpec(shape=(), dtype=tf.resource, name=None)
[2026-05-23 06:42:09]   [tflite]   139206061534928: TensorSpec(shape=(), dtype=tf.resource, name=None)
[2026-05-23 06:42:09]   [tflite]     fp32 OK (818 KB)
[2026-05-23 06:42:09]   [tflite] Saved artifact at '/tmp/tmp05an356a'. The following endpoints are available:
[2026-05-23 06:42:09]   [tflite] 
[2026-05-23 06:42:09]   [tflite] * Endpoint 'serve'
[2026-05-23 06:42:09]   [tflite]   args_0 (POSITIONAL_ONLY): TensorSpec(shape=(None, 40, 27), dtype=tf.float32, name='pose_sequence')
[2026-05-23 06:42:09]   [tflite] Output Type:
[2026-05-23 06:42:09]   [tflite]   TensorSpec(shape=(None, 2), dtype=tf.float32, name=None)
[2026-05-23 06:42:09]   [tflite] Captures:
[2026-05-23 06:42:09]   [tflite]   139206061528784: TensorSpec(shape=(), dtype=tf.resource, name=None)
[2026-05-23 06:42:09]   [tflite]   139206061529552: TensorSpec(shape=(), dtype=tf.resource, name=None)
[2026-05-23 06:42:09]   [tflite]   139206061529360: TensorSpec(shape=(), dtype=tf.resource, name=None)
[2026-05-23 06:42:09]   [tflite]   139206061529744: TensorSpec(shape=(), dtype=tf.resource, name=None)
[2026-05-23 06:42:09]   [tflite]   139206061527824: TensorSpec(shape=(), dtype=tf.resource, name=None)
[2026-05-23 06:42:09]   [tflite]   139206061529936: TensorSpec(shape=(), dtype=tf.resource, name=None)
[2026-05-23 06:42:09]   [tflite]   139206061530320: TensorSpec(shape=(), dtype=tf.resource, name=None)
[2026-05-23 06:42:09]   [tflite]   139206061530128: TensorSpec(shape=(), dtype=tf.resource, name=None)
[2026-05-23 06:42:09]   [tflite]   139206061528976: TensorSpec(shape=(), dtype=tf.resource, name=None)
[2026-05-23 06:42:09]   [tflite]   139206061530512: TensorSpec(shape=(), dtype=tf.resource, name=None)
[2026-05-23 06:42:09]   [tflite]   139206061531280: TensorSpec(shape=(), dtype=tf.resource, name=None)
[2026-05-23 06:42:09]   [tflite]   139206061532624: TensorSpec(shape=(), dtype=tf.resource, name=None)
[2026-05-23 06:42:09]   [tflite]   139206061531664: TensorSpec(shape=(), dtype=tf.resource, name=None)
[2026-05-23 06:42:09]   [tflite]   139206061532048: TensorSpec(shape=(), dtype=tf.resource, name=None)
[2026-05-23 06:42:09]   [tflite]   139206061531472: TensorSpec(shape=(), dtype=tf.resource, name=None)
[2026-05-23 06:42:09]   [tflite]   139206061533008: TensorSpec(shape=(), dtype=tf.resource, name=None)
[2026-05-23 06:42:09]   [tflite]   139206061532816: TensorSpec(shape=(), dtype=tf.resource, name=None)
[2026-05-23 06:42:09]   [tflite]   139206061533776: TensorSpec(shape=(), dtype=tf.resource, name=None)
[2026-05-23 06:42:09]   [tflite]   139206061530704: TensorSpec(shape=(), dtype=tf.resource, name=None)
[2026-05-23 06:42:09]   [tflite]   139206061533200: TensorSpec(shape=(), dtype=tf.resource, name=None)
[2026-05-23 06:42:09]   [tflite]   139206061534160: TensorSpec(shape=(), dtype=tf.resource, name=None)
[2026-05-23 06:42:09]   [tflite]   139206061534352: TensorSpec(shape=(), dtype=tf.resource, name=None)
[2026-05-23 06:42:09]   [tflite]   139206061532432: TensorSpec(shape=(), dtype=tf.resource, name=None)
[2026-05-23 06:42:09]   [tflite]   139206061534928: TensorSpec(shape=(), dtype=tf.resource, name=None)
[2026-05-23 06:42:09]   [tflite]     int8 OK (1260 KB)
[2026-05-23 06:42:09]   [tflite] 
[2026-05-23 06:42:09]   [tflite] Done.
/home/min/Workspace/Graduate-Project/Falling-Model-Development/.venv/lib/python3.13/site-packages/tensorflow/lite/python/interpreter.py:457: UserWarning:     Warning: tf.lite.Interpreter is deprecated and is scheduled for deletion in
    TF 2.20. Please use the LiteRT interpreter from the ai_edge_litert package.
    See the [migration guide](https://ai.google.dev/edge/litert/migration)
    for details.
    
  warnings.warn(_INTERPRETER_DELETION_WARNING)
INFO: Created TensorFlow Lite XNNPACK delegate for CPU.
[2026-05-23 06:42:10] done E-kp7-w40-s42 val_f1=0.8888 (video=0.9716) test_f1=0.8720 (video=0.9649) test_min_pr=0.8996 threshold=0.650 min_consecutive=3
