WARNING: All log messages before absl::InitializeLog() is called are written to STDERR
I0000 00:00:1779488587.512472  308680 cpu_feature_guard.cc:227] This TensorFlow binary is optimized to use available CPU instructions in performance-critical operations.
To enable the following instructions: AVX2 FMA, in other operations, rebuild TensorFlow with the appropriate compiler flags.
[2026-05-23 07:23:08] loading train split=/home/min/Workspace/Graduate-Project/Falling-Model-Development/dataset/splits_v2_filtered/train.csv
[2026-05-23 07:23:21] train rows=1,208,593 videos=6,022 features=27 data_scope=all
[2026-05-23 07:23:21] loading val split=/home/min/Workspace/Graduate-Project/Falling-Model-Development/dataset/splits_v2_filtered/val.csv
[2026-05-23 07:23:24] val rows=345,348 videos=1,720 features=27 data_scope=all
[2026-05-23 07:23:24] loading test split=/home/min/Workspace/Graduate-Project/Falling-Model-Development/dataset/splits_v2_filtered/test.csv
[2026-05-23 07:23:26] test rows=173,653 videos=864 features=27 data_scope=all
[2026-05-23 07:23:40] train windows=376,936 positive=200,254 videos=6,022
[2026-05-23 07:23:44] val windows=79,120 positive=28,736 videos=1,720
[2026-05-23 07:23:45] test windows=39,744 positive=14,270 videos=864
I0000 00:00:1779488630.481273  308680 gpu_device.cc:2043] Created device /job:localhost/replica:0/task:0/device:GPU:0 with 6623 MB memory:  -> device: 0, name: NVIDIA GeForce RTX 2060 SUPER, pci bus id: 0000:05:00.0, compute capability: 7.5
W0000 00:00:1779488631.736334  308680 cpu_allocator_impl.cc:82] Allocation of 1221272640 exceeds 10% of free system memory.
W0000 00:00:1779488632.780190  308680 cpu_allocator_impl.cc:82] Allocation of 1221272640 exceeds 10% of free system memory.
W0000 00:00:1779488634.691323  308680 cpu_allocator_impl.cc:82] Allocation of 1221272640 exceeds 10% of free system memory.
I0000 00:00:1779488637.178127  308870 cuda_dnn.cc:461] Loaded cuDNN version 92200
[2026-05-23 07:50:40] ValMinPR: restored best weights (val_video_min_pr=0.9211)
W0000 00:00:1779490241.353067  308680 cpu_allocator_impl.cc:82] Allocation of 1221272640 exceeds 10% of free system memory.
W0000 00:00:1779490242.384120  308680 cpu_allocator_impl.cc:82] Allocation of 1221272640 exceeds 10% of free system memory.
[2026-05-23 07:51:04] video-level val: videos=1720 f1=0.9704 fall_recall=0.9704 nfall_recall=0.9211 fall_prec=0.9704 nfall_prec=0.9211 min_pr=0.9211 min_consecutive=5
[2026-05-23 07:51:05] event-level val: videos=1720 f1=0.9700 fall_recall=0.9696 nfall_recall=0.9211 fall_prec=0.9704 nfall_prec=0.9191 min_pr=0.9191 tolerance_windows=2
[2026-05-23 07:51:05] video-level test: videos=864 f1=0.9617 fall_recall=0.9571 nfall_recall=0.9106 fall_prec=0.9663 nfall_prec=0.8880 min_pr=0.8880 min_consecutive=5
[2026-05-23 07:51:05] event-level test: videos=864 f1=0.9617 fall_recall=0.9571 nfall_recall=0.9106 fall_prec=0.9663 nfall_prec=0.8880 min_pr=0.8880 tolerance_windows=2
[2026-05-23 07:51:06] === VAL VIDEO-LEVEL REPORT ===
              precision    recall  f1-score   support

           0     0.9211    0.9211    0.9211       469
           1     0.9704    0.9704    0.9704      1251

    accuracy                         0.9570      1720
   macro avg     0.9458    0.9458    0.9458      1720
weighted avg     0.9570    0.9570    0.9570      1720

[2026-05-23 07:51:06] === TEST VIDEO-LEVEL REPORT ===
              precision    recall  f1-score   support

           0     0.8880    0.9106    0.8992       235
           1     0.9663    0.9571    0.9617       629

    accuracy                         0.9444       864
   macro avg     0.9271    0.9339    0.9304       864
weighted avg     0.9450    0.9444    0.9447       864

[2026-05-23 07:51:14] tflite export subprocess exit=0
[2026-05-23 07:51:14]   [tflite] [E-kp7-w30-s42]
[2026-05-23 07:51:14]   [tflite]   Loading model.keras ...
[2026-05-23 07:51:14]   [tflite]     rebuilding with unroll=True for TFLite compatibility
[2026-05-23 07:51:14]   [tflite] Saved artifact at '/tmp/tmp7612a4h7'. The following endpoints are available:
[2026-05-23 07:51:14]   [tflite] 
[2026-05-23 07:51:14]   [tflite] * Endpoint 'serve'
[2026-05-23 07:51:14]   [tflite]   args_0 (POSITIONAL_ONLY): TensorSpec(shape=(None, 30, 27), dtype=tf.float32, name='pose_sequence')
[2026-05-23 07:51:14]   [tflite] Output Type:
[2026-05-23 07:51:14]   [tflite]   TensorSpec(shape=(None, 2), dtype=tf.float32, name=None)
[2026-05-23 07:51:14]   [tflite] Captures:
[2026-05-23 07:51:14]   [tflite]   134202858936016: TensorSpec(shape=(), dtype=tf.resource, name=None)
[2026-05-23 07:51:14]   [tflite]   134202858936784: TensorSpec(shape=(), dtype=tf.resource, name=None)
[2026-05-23 07:51:14]   [tflite]   134202858936592: TensorSpec(shape=(), dtype=tf.resource, name=None)
[2026-05-23 07:51:14]   [tflite]   134202858936976: TensorSpec(shape=(), dtype=tf.resource, name=None)
[2026-05-23 07:51:14]   [tflite]   134202858935056: TensorSpec(shape=(), dtype=tf.resource, name=None)
[2026-05-23 07:51:14]   [tflite]   134202858937168: TensorSpec(shape=(), dtype=tf.resource, name=None)
[2026-05-23 07:51:14]   [tflite]   134202858937552: TensorSpec(shape=(), dtype=tf.resource, name=None)
[2026-05-23 07:51:14]   [tflite]   134202858937360: TensorSpec(shape=(), dtype=tf.resource, name=None)
[2026-05-23 07:51:14]   [tflite]   134202858936208: TensorSpec(shape=(), dtype=tf.resource, name=None)
[2026-05-23 07:51:14]   [tflite]   134202858937744: TensorSpec(shape=(), dtype=tf.resource, name=None)
[2026-05-23 07:51:14]   [tflite]   134202858938512: TensorSpec(shape=(), dtype=tf.resource, name=None)
[2026-05-23 07:51:14]   [tflite]   134202858939856: TensorSpec(shape=(), dtype=tf.resource, name=None)
[2026-05-23 07:51:14]   [tflite]   134202858938896: TensorSpec(shape=(), dtype=tf.resource, name=None)
[2026-05-23 07:51:14]   [tflite]   134202858939280: TensorSpec(shape=(), dtype=tf.resource, name=None)
[2026-05-23 07:51:14]   [tflite]   134202858938704: TensorSpec(shape=(), dtype=tf.resource, name=None)
[2026-05-23 07:51:14]   [tflite]   134202858940240: TensorSpec(shape=(), dtype=tf.resource, name=None)
[2026-05-23 07:51:14]   [tflite]   134202858940048: TensorSpec(shape=(), dtype=tf.resource, name=None)
[2026-05-23 07:51:14]   [tflite]   134202858941008: TensorSpec(shape=(), dtype=tf.resource, name=None)
[2026-05-23 07:51:14]   [tflite]   134202858937936: TensorSpec(shape=(), dtype=tf.resource, name=None)
[2026-05-23 07:51:14]   [tflite]   134202858940432: TensorSpec(shape=(), dtype=tf.resource, name=None)
[2026-05-23 07:51:14]   [tflite]   134202858941392: TensorSpec(shape=(), dtype=tf.resource, name=None)
[2026-05-23 07:51:14]   [tflite]   134202858941584: TensorSpec(shape=(), dtype=tf.resource, name=None)
[2026-05-23 07:51:14]   [tflite]   134202858939664: TensorSpec(shape=(), dtype=tf.resource, name=None)
[2026-05-23 07:51:14]   [tflite]   134202858942160: TensorSpec(shape=(), dtype=tf.resource, name=None)
[2026-05-23 07:51:14]   [tflite]     fp32 OK (751 KB)
[2026-05-23 07:51:14]   [tflite] Saved artifact at '/tmp/tmpj8hssd0z'. The following endpoints are available:
[2026-05-23 07:51:14]   [tflite] 
[2026-05-23 07:51:14]   [tflite] * Endpoint 'serve'
[2026-05-23 07:51:14]   [tflite]   args_0 (POSITIONAL_ONLY): TensorSpec(shape=(None, 30, 27), dtype=tf.float32, name='pose_sequence')
[2026-05-23 07:51:14]   [tflite] Output Type:
[2026-05-23 07:51:14]   [tflite]   TensorSpec(shape=(None, 2), dtype=tf.float32, name=None)
[2026-05-23 07:51:14]   [tflite] Captures:
[2026-05-23 07:51:14]   [tflite]   134202858936016: TensorSpec(shape=(), dtype=tf.resource, name=None)
[2026-05-23 07:51:14]   [tflite]   134202858936784: TensorSpec(shape=(), dtype=tf.resource, name=None)
[2026-05-23 07:51:14]   [tflite]   134202858936592: TensorSpec(shape=(), dtype=tf.resource, name=None)
[2026-05-23 07:51:14]   [tflite]   134202858936976: TensorSpec(shape=(), dtype=tf.resource, name=None)
[2026-05-23 07:51:14]   [tflite]   134202858935056: TensorSpec(shape=(), dtype=tf.resource, name=None)
[2026-05-23 07:51:14]   [tflite]   134202858937168: TensorSpec(shape=(), dtype=tf.resource, name=None)
[2026-05-23 07:51:14]   [tflite]   134202858937552: TensorSpec(shape=(), dtype=tf.resource, name=None)
[2026-05-23 07:51:14]   [tflite]   134202858937360: TensorSpec(shape=(), dtype=tf.resource, name=None)
[2026-05-23 07:51:14]   [tflite]   134202858936208: TensorSpec(shape=(), dtype=tf.resource, name=None)
[2026-05-23 07:51:14]   [tflite]   134202858937744: TensorSpec(shape=(), dtype=tf.resource, name=None)
[2026-05-23 07:51:14]   [tflite]   134202858938512: TensorSpec(shape=(), dtype=tf.resource, name=None)
[2026-05-23 07:51:14]   [tflite]   134202858939856: TensorSpec(shape=(), dtype=tf.resource, name=None)
[2026-05-23 07:51:14]   [tflite]   134202858938896: TensorSpec(shape=(), dtype=tf.resource, name=None)
[2026-05-23 07:51:14]   [tflite]   134202858939280: TensorSpec(shape=(), dtype=tf.resource, name=None)
[2026-05-23 07:51:14]   [tflite]   134202858938704: TensorSpec(shape=(), dtype=tf.resource, name=None)
[2026-05-23 07:51:14]   [tflite]   134202858940240: TensorSpec(shape=(), dtype=tf.resource, name=None)
[2026-05-23 07:51:14]   [tflite]   134202858940048: TensorSpec(shape=(), dtype=tf.resource, name=None)
[2026-05-23 07:51:14]   [tflite]   134202858941008: TensorSpec(shape=(), dtype=tf.resource, name=None)
[2026-05-23 07:51:14]   [tflite]   134202858937936: TensorSpec(shape=(), dtype=tf.resource, name=None)
[2026-05-23 07:51:14]   [tflite]   134202858940432: TensorSpec(shape=(), dtype=tf.resource, name=None)
[2026-05-23 07:51:14]   [tflite]   134202858941392: TensorSpec(shape=(), dtype=tf.resource, name=None)
[2026-05-23 07:51:14]   [tflite]   134202858941584: TensorSpec(shape=(), dtype=tf.resource, name=None)
[2026-05-23 07:51:14]   [tflite]   134202858939664: TensorSpec(shape=(), dtype=tf.resource, name=None)
[2026-05-23 07:51:14]   [tflite]   134202858942160: TensorSpec(shape=(), dtype=tf.resource, name=None)
[2026-05-23 07:51:14]   [tflite]     int8 OK (986 KB)
[2026-05-23 07:51:14]   [tflite] 
[2026-05-23 07:51:14]   [tflite] Done.
/home/min/Workspace/Graduate-Project/Falling-Model-Development/.venv/lib/python3.13/site-packages/tensorflow/lite/python/interpreter.py:457: UserWarning:     Warning: tf.lite.Interpreter is deprecated and is scheduled for deletion in
    TF 2.20. Please use the LiteRT interpreter from the ai_edge_litert package.
    See the [migration guide](https://ai.google.dev/edge/litert/migration)
    for details.
    
  warnings.warn(_INTERPRETER_DELETION_WARNING)
INFO: Created TensorFlow Lite XNNPACK delegate for CPU.
[2026-05-23 07:51:16] done E-kp7-w30-s42 val_f1=0.8680 (video=0.9704) test_f1=0.8573 (video=0.9617) test_min_pr=0.8880 threshold=0.550 min_consecutive=5
