WARNING: All log messages before absl::InitializeLog() is called are written to STDERR
I0000 00:00:1778858163.173577  342317 cpu_feature_guard.cc:227] This TensorFlow binary is optimized to use available CPU instructions in performance-critical operations.
To enable the following instructions: AVX2 FMA, in other operations, rebuild TensorFlow with the appropriate compiler flags.
[2026-05-16 00:16:04] loading train split=/home/min/Workspace/Graduate-Project/Falling-Model-Development/dataset/splits_v2_filtered/train.csv
[2026-05-16 00:16:18] train rows=1,274,014 videos=6,344 features=27 data_scope=all
[2026-05-16 00:16:18] loading val split=/home/min/Workspace/Graduate-Project/Falling-Model-Development/dataset/splits_v2_filtered/val.csv
[2026-05-16 00:16:22] val rows=363,918 videos=1,811 features=27 data_scope=all
[2026-05-16 00:16:22] loading test split=/home/min/Workspace/Graduate-Project/Falling-Model-Development/dataset/splits_v2_filtered/test.csv
[2026-05-16 00:16:24] test rows=182,782 videos=911 features=27 data_scope=all
[2026-05-16 00:16:40] train windows=370,921 positive=224,347 videos=6,344
[2026-05-16 00:16:43] val windows=74,251 positive=32,590 videos=1,811
[2026-05-16 00:16:45] test windows=37,351 positive=16,447 videos=911
I0000 00:00:1778858211.324417  342317 gpu_device.cc:2043] Created device /job:localhost/replica:0/task:0/device:GPU:0 with 708 MB memory:  -> device: 0, name: NVIDIA GeForce RTX 2060 SUPER, pci bus id: 0000:05:00.0, compute capability: 7.5
W0000 00:00:1778858212.943698  342317 cpu_allocator_impl.cc:82] Allocation of 1602378720 exceeds 10% of free system memory.
W0000 00:00:1778858224.087253  342317 bfc_allocator.cc:502] Allocator (GPU_0_bfc) ran out of memory trying to allocate 1.49GiB (rounded to 1602378752)requested by op _EagerConst
If the cause is memory fragmentation maybe the environment variable 'TF_GPU_ALLOCATOR=cuda_malloc_async' will improve the situation. 
Current allocation summary follows.
Current allocation summary follows.
I0000 00:00:1778858224.087292  342317 bfc_allocator.cc:1049] BFCAllocator dump for GPU_0_bfc
I0000 00:00:1778858224.087296  342317 bfc_allocator.cc:1056] Bin (256): 	Total Chunks: 50, Chunks in use: 50. 12.5KiB allocated for chunks. 12.5KiB in use in bin. 5.2KiB client-requested in use in bin.
I0000 00:00:1778858224.087301  342317 bfc_allocator.cc:1056] Bin (512): 	Total Chunks: 21, Chunks in use: 21. 10.5KiB allocated for chunks. 10.5KiB in use in bin. 10.5KiB client-requested in use in bin.
I0000 00:00:1778858224.087305  342317 bfc_allocator.cc:1056] Bin (1024): 	Total Chunks: 3, Chunks in use: 2. 3.2KiB allocated for chunks. 2.2KiB in use in bin. 2.0KiB client-requested in use in bin.
I0000 00:00:1778858224.087309  342317 bfc_allocator.cc:1056] Bin (2048): 	Total Chunks: 0, Chunks in use: 0. 0B allocated for chunks. 0B in use in bin. 0B client-requested in use in bin.
I0000 00:00:1778858224.087313  342317 bfc_allocator.cc:1056] Bin (4096): 	Total Chunks: 1, Chunks in use: 1. 6.8KiB allocated for chunks. 6.8KiB in use in bin. 6.8KiB client-requested in use in bin.
I0000 00:00:1778858224.087317  342317 bfc_allocator.cc:1056] Bin (8192): 	Total Chunks: 1, Chunks in use: 0. 10.5KiB allocated for chunks. 0B in use in bin. 0B client-requested in use in bin.
I0000 00:00:1778858224.087321  342317 bfc_allocator.cc:1056] Bin (16384): 	Total Chunks: 1, Chunks in use: 1. 20.2KiB allocated for chunks. 20.2KiB in use in bin. 20.2KiB client-requested in use in bin.
I0000 00:00:1778858224.087325  342317 bfc_allocator.cc:1056] Bin (32768): 	Total Chunks: 4, Chunks in use: 4. 176.0KiB allocated for chunks. 176.0KiB in use in bin. 176.0KiB client-requested in use in bin.
I0000 00:00:1778858224.087329  342317 bfc_allocator.cc:1056] Bin (65536): 	Total Chunks: 3, Chunks in use: 1. 256.0KiB allocated for chunks. 96.0KiB in use in bin. 96.0KiB client-requested in use in bin.
I0000 00:00:1778858224.087333  342317 bfc_allocator.cc:1056] Bin (131072): 	Total Chunks: 4, Chunks in use: 4. 704.0KiB allocated for chunks. 704.0KiB in use in bin. 704.0KiB client-requested in use in bin.
I0000 00:00:1778858224.087337  342317 bfc_allocator.cc:1056] Bin (262144): 	Total Chunks: 1, Chunks in use: 0. 256.0KiB allocated for chunks. 0B in use in bin. 0B client-requested in use in bin.
I0000 00:00:1778858224.087341  342317 bfc_allocator.cc:1056] Bin (524288): 	Total Chunks: 0, Chunks in use: 0. 0B allocated for chunks. 0B in use in bin. 0B client-requested in use in bin.
I0000 00:00:1778858224.087345  342317 bfc_allocator.cc:1056] Bin (1048576): 	Total Chunks: 0, Chunks in use: 0. 0B allocated for chunks. 0B in use in bin. 0B client-requested in use in bin.
I0000 00:00:1778858224.087348  342317 bfc_allocator.cc:1056] Bin (2097152): 	Total Chunks: 0, Chunks in use: 0. 0B allocated for chunks. 0B in use in bin. 0B client-requested in use in bin.
I0000 00:00:1778858224.087352  342317 bfc_allocator.cc:1056] Bin (4194304): 	Total Chunks: 0, Chunks in use: 0. 0B allocated for chunks. 0B in use in bin. 0B client-requested in use in bin.
I0000 00:00:1778858224.087355  342317 bfc_allocator.cc:1056] Bin (8388608): 	Total Chunks: 0, Chunks in use: 0. 0B allocated for chunks. 0B in use in bin. 0B client-requested in use in bin.
I0000 00:00:1778858224.087359  342317 bfc_allocator.cc:1056] Bin (16777216): 	Total Chunks: 0, Chunks in use: 0. 0B allocated for chunks. 0B in use in bin. 0B client-requested in use in bin.
I0000 00:00:1778858224.087362  342317 bfc_allocator.cc:1056] Bin (33554432): 	Total Chunks: 0, Chunks in use: 0. 0B allocated for chunks. 0B in use in bin. 0B client-requested in use in bin.
I0000 00:00:1778858224.087365  342317 bfc_allocator.cc:1056] Bin (67108864): 	Total Chunks: 0, Chunks in use: 0. 0B allocated for chunks. 0B in use in bin. 0B client-requested in use in bin.
I0000 00:00:1778858224.087369  342317 bfc_allocator.cc:1056] Bin (134217728): 	Total Chunks: 0, Chunks in use: 0. 0B allocated for chunks. 0B in use in bin. 0B client-requested in use in bin.
I0000 00:00:1778858224.087372  342317 bfc_allocator.cc:1056] Bin (268435456): 	Total Chunks: 1, Chunks in use: 0. 706.83MiB allocated for chunks. 0B in use in bin. 0B client-requested in use in bin.
I0000 00:00:1778858224.087376  342317 bfc_allocator.cc:1072] Bin for 1.49GiB was 256.00MiB, Chunk State: 
I0000 00:00:1778858224.087379  342317 bfc_allocator.cc:1078]   Size: 706.83MiB | Requested Size: 0B | in_use: 0 | bin_num: 20, prev:   Size: 192.0KiB | Requested Size: 192.0KiB | in_use: 1 | bin_num: -1
I0000 00:00:1778858224.087385  342317 bfc_allocator.cc:1085] Next region of size 742653952
I0000 00:00:1778858224.087389  342317 bfc_allocator.cc:1105] InUse at 7940f6000000 of size 1280 next 1
I0000 00:00:1778858224.087392  342317 bfc_allocator.cc:1105] InUse at 7940f6000500 of size 256 next 2
I0000 00:00:1778858224.087395  342317 bfc_allocator.cc:1105] InUse at 7940f6000600 of size 256 next 3
I0000 00:00:1778858224.087397  342317 bfc_allocator.cc:1105] InUse at 7940f6000700 of size 256 next 4
I0000 00:00:1778858224.087400  342317 bfc_allocator.cc:1105] InUse at 7940f6000800 of size 256 next 5
I0000 00:00:1778858224.087402  342317 bfc_allocator.cc:1105] InUse at 7940f6000900 of size 256 next 7
I0000 00:00:1778858224.087405  342317 bfc_allocator.cc:1105] InUse at 7940f6000a00 of size 256 next 8
I0000 00:00:1778858224.087407  342317 bfc_allocator.cc:1105] InUse at 7940f6000b00 of size 256 next 6
I0000 00:00:1778858224.087410  342317 bfc_allocator.cc:1105] InUse at 7940f6000c00 of size 256 next 9
I0000 00:00:1778858224.087412  342317 bfc_allocator.cc:1105] InUse at 7940f6000d00 of size 256 next 12
I0000 00:00:1778858224.087415  342317 bfc_allocator.cc:1105] InUse at 7940f6000e00 of size 256 next 13
I0000 00:00:1778858224.087417  342317 bfc_allocator.cc:1105] InUse at 7940f6000f00 of size 256 next 14
I0000 00:00:1778858224.087420  342317 bfc_allocator.cc:1105] InUse at 7940f6001000 of size 256 next 15
I0000 00:00:1778858224.087422  342317 bfc_allocator.cc:1105] InUse at 7940f6001100 of size 256 next 16
I0000 00:00:1778858224.087424  342317 bfc_allocator.cc:1105] InUse at 7940f6001200 of size 256 next 19
I0000 00:00:1778858224.087427  342317 bfc_allocator.cc:1105] InUse at 7940f6001300 of size 256 next 17
I0000 00:00:1778858224.087429  342317 bfc_allocator.cc:1105] InUse at 7940f6001400 of size 256 next 18
I0000 00:00:1778858224.087431  342317 bfc_allocator.cc:1105] InUse at 7940f6001500 of size 256 next 22
I0000 00:00:1778858224.087434  342317 bfc_allocator.cc:1105] InUse at 7940f6001600 of size 256 next 23
I0000 00:00:1778858224.087436  342317 bfc_allocator.cc:1105] InUse at 7940f6001700 of size 256 next 24
I0000 00:00:1778858224.087439  342317 bfc_allocator.cc:1105] InUse at 7940f6001800 of size 256 next 26
I0000 00:00:1778858224.087441  342317 bfc_allocator.cc:1105] InUse at 7940f6001900 of size 256 next 27
I0000 00:00:1778858224.087444  342317 bfc_allocator.cc:1105] InUse at 7940f6001a00 of size 256 next 25
I0000 00:00:1778858224.087446  342317 bfc_allocator.cc:1105] InUse at 7940f6001b00 of size 256 next 31
I0000 00:00:1778858224.087449  342317 bfc_allocator.cc:1105] InUse at 7940f6001c00 of size 256 next 32
I0000 00:00:1778858224.087451  342317 bfc_allocator.cc:1105] InUse at 7940f6001d00 of size 256 next 33
I0000 00:00:1778858224.087453  342317 bfc_allocator.cc:1105] InUse at 7940f6001e00 of size 256 next 28
I0000 00:00:1778858224.087456  342317 bfc_allocator.cc:1105] InUse at 7940f6001f00 of size 256 next 35
I0000 00:00:1778858224.087458  342317 bfc_allocator.cc:1105] InUse at 7940f6002000 of size 256 next 36
I0000 00:00:1778858224.087460  342317 bfc_allocator.cc:1105] InUse at 7940f6002100 of size 256 next 37
I0000 00:00:1778858224.087463  342317 bfc_allocator.cc:1105] InUse at 7940f6002200 of size 256 next 38
I0000 00:00:1778858224.087465  342317 bfc_allocator.cc:1105] InUse at 7940f6002300 of size 256 next 39
I0000 00:00:1778858224.087467  342317 bfc_allocator.cc:1105] InUse at 7940f6002400 of size 256 next 41
I0000 00:00:1778858224.087470  342317 bfc_allocator.cc:1105] InUse at 7940f6002500 of size 256 next 42
I0000 00:00:1778858224.087472  342317 bfc_allocator.cc:1105] InUse at 7940f6002600 of size 512 next 43
I0000 00:00:1778858224.087475  342317 bfc_allocator.cc:1105] InUse at 7940f6002800 of size 512 next 44
I0000 00:00:1778858224.087477  342317 bfc_allocator.cc:1105] InUse at 7940f6002a00 of size 512 next 45
I0000 00:00:1778858224.087480  342317 bfc_allocator.cc:1105] InUse at 7940f6002c00 of size 512 next 48
I0000 00:00:1778858224.087482  342317 bfc_allocator.cc:1105] InUse at 7940f6002e00 of size 256 next 49
I0000 00:00:1778858224.087484  342317 bfc_allocator.cc:1105] InUse at 7940f6002f00 of size 256 next 50
I0000 00:00:1778858224.087487  342317 bfc_allocator.cc:1105] InUse at 7940f6003000 of size 256 next 51
I0000 00:00:1778858224.087489  342317 bfc_allocator.cc:1105] InUse at 7940f6003100 of size 512 next 52
I0000 00:00:1778858224.087491  342317 bfc_allocator.cc:1105] InUse at 7940f6003300 of size 512 next 55
I0000 00:00:1778858224.087494  342317 bfc_allocator.cc:1105] InUse at 7940f6003500 of size 512 next 53
I0000 00:00:1778858224.087496  342317 bfc_allocator.cc:1105] InUse at 7940f6003700 of size 512 next 54
I0000 00:00:1778858224.087499  342317 bfc_allocator.cc:1105] InUse at 7940f6003900 of size 256 next 58
I0000 00:00:1778858224.087501  342317 bfc_allocator.cc:1105] InUse at 7940f6003a00 of size 256 next 59
I0000 00:00:1778858224.087503  342317 bfc_allocator.cc:1105] InUse at 7940f6003b00 of size 512 next 60
I0000 00:00:1778858224.087506  342317 bfc_allocator.cc:1105] InUse at 7940f6003d00 of size 512 next 63
I0000 00:00:1778858224.087508  342317 bfc_allocator.cc:1105] InUse at 7940f6003f00 of size 512 next 61
I0000 00:00:1778858224.087510  342317 bfc_allocator.cc:1105] InUse at 7940f6004100 of size 512 next 62
I0000 00:00:1778858224.087513  342317 bfc_allocator.cc:1105] InUse at 7940f6004300 of size 512 next 66
I0000 00:00:1778858224.087515  342317 bfc_allocator.cc:1105] InUse at 7940f6004500 of size 512 next 67
I0000 00:00:1778858224.087517  342317 bfc_allocator.cc:1105] InUse at 7940f6004700 of size 512 next 68
I0000 00:00:1778858224.087520  342317 bfc_allocator.cc:1105] InUse at 7940f6004900 of size 512 next 64
I0000 00:00:1778858224.087522  342317 bfc_allocator.cc:1105] InUse at 7940f6004b00 of size 256 next 70
I0000 00:00:1778858224.087524  342317 bfc_allocator.cc:1105] InUse at 7940f6004c00 of size 256 next 71
I0000 00:00:1778858224.087527  342317 bfc_allocator.cc:1105] InUse at 7940f6004d00 of size 512 next 72
I0000 00:00:1778858224.087529  342317 bfc_allocator.cc:1105] InUse at 7940f6004f00 of size 512 next 29
I0000 00:00:1778858224.087532  342317 bfc_allocator.cc:1105] InUse at 7940f6005100 of size 6912 next 30
I0000 00:00:1778858224.087535  342317 bfc_allocator.cc:1105] InUse at 7940f6006c00 of size 512 next 73
I0000 00:00:1778858224.087537  342317 bfc_allocator.cc:1105] InUse at 7940f6006e00 of size 512 next 74
I0000 00:00:1778858224.087539  342317 bfc_allocator.cc:1105] InUse at 7940f6007000 of size 512 next 76
I0000 00:00:1778858224.087542  342317 bfc_allocator.cc:1105] InUse at 7940f6007200 of size 256 next 77
I0000 00:00:1778858224.087544  342317 bfc_allocator.cc:1105] InUse at 7940f6007300 of size 256 next 78
I0000 00:00:1778858224.087547  342317 bfc_allocator.cc:1105] InUse at 7940f6007400 of size 256 next 79
I0000 00:00:1778858224.087549  342317 bfc_allocator.cc:1105] InUse at 7940f6007500 of size 256 next 82
I0000 00:00:1778858224.087551  342317 bfc_allocator.cc:1105] InUse at 7940f6007600 of size 256 next 83
I0000 00:00:1778858224.087554  342317 bfc_allocator.cc:1105] InUse at 7940f6007700 of size 256 next 81
I0000 00:00:1778858224.087556  342317 bfc_allocator.cc:1105] InUse at 7940f6007800 of size 256 next 84
I0000 00:00:1778858224.087559  342317 bfc_allocator.cc:1105] InUse at 7940f6007900 of size 256 next 87
I0000 00:00:1778858224.087561  342317 bfc_allocator.cc:1105] InUse at 7940f6007a00 of size 256 next 88
I0000 00:00:1778858224.087564  342317 bfc_allocator.cc:1105] InUse at 7940f6007b00 of size 256 next 89
I0000 00:00:1778858224.087566  342317 bfc_allocator.cc:1105] Free  at 7940f6007c00 of size 1024 next 85
I0000 00:00:1778858224.087569  342317 bfc_allocator.cc:1105] InUse at 7940f6008000 of size 1024 next 86
I0000 00:00:1778858224.087571  342317 bfc_allocator.cc:1105] Free  at 7940f6008400 of size 10752 next 10
I0000 00:00:1778858224.087574  342317 bfc_allocator.cc:1105] InUse at 7940f600ae00 of size 20736 next 11
I0000 00:00:1778858224.087576  342317 bfc_allocator.cc:1105] Free  at 7940f600ff00 of size 65536 next 65
I0000 00:00:1778858224.087579  342317 bfc_allocator.cc:1105] InUse at 7940f601ff00 of size 32768 next 21
I0000 00:00:1778858224.087581  342317 bfc_allocator.cc:1105] InUse at 7940f6027f00 of size 49152 next 20
I0000 00:00:1778858224.087584  342317 bfc_allocator.cc:1105] InUse at 7940f6033f00 of size 49152 next 34
I0000 00:00:1778858224.087586  342317 bfc_allocator.cc:1105] InUse at 7940f603ff00 of size 49152 next 40
I0000 00:00:1778858224.087589  342317 bfc_allocator.cc:1105] Free  at 7940f604bf00 of size 98304 next 47
I0000 00:00:1778858224.087591  342317 bfc_allocator.cc:1105] InUse at 7940f6063f00 of size 98304 next 46
I0000 00:00:1778858224.087594  342317 bfc_allocator.cc:1105] Free  at 7940f607bf00 of size 262144 next 80
I0000 00:00:1778858224.087596  342317 bfc_allocator.cc:1105] InUse at 7940f60bbf00 of size 131072 next 57
I0000 00:00:1778858224.087599  342317 bfc_allocator.cc:1105] InUse at 7940f60dbf00 of size 196608 next 56
I0000 00:00:1778858224.087601  342317 bfc_allocator.cc:1105] InUse at 7940f610bf00 of size 196608 next 69
I0000 00:00:1778858224.087603  342317 bfc_allocator.cc:1105] InUse at 7940f613bf00 of size 196608 next 75
I0000 00:00:1778858224.087606  342317 bfc_allocator.cc:1105] Free  at 7940f616bf00 of size 741163264 next 18446744073709551615
I0000 00:00:1778858224.087608  342317 bfc_allocator.cc:1110]      Summary of in-use Chunks by size: 
I0000 00:00:1778858224.087611  342317 bfc_allocator.cc:1113] 50 Chunks of size 256 totalling 12.5KiB
I0000 00:00:1778858224.087615  342317 bfc_allocator.cc:1113] 21 Chunks of size 512 totalling 10.5KiB
I0000 00:00:1778858224.087618  342317 bfc_allocator.cc:1113] 1 Chunks of size 1024 totalling 1.0KiB
I0000 00:00:1778858224.087621  342317 bfc_allocator.cc:1113] 1 Chunks of size 1280 totalling 1.2KiB
I0000 00:00:1778858224.087624  342317 bfc_allocator.cc:1113] 1 Chunks of size 6912 totalling 6.8KiB
I0000 00:00:1778858224.087627  342317 bfc_allocator.cc:1113] 1 Chunks of size 20736 totalling 20.2KiB
I0000 00:00:1778858224.087630  342317 bfc_allocator.cc:1113] 1 Chunks of size 32768 totalling 32.0KiB
I0000 00:00:1778858224.087633  342317 bfc_allocator.cc:1113] 3 Chunks of size 49152 totalling 144.0KiB
I0000 00:00:1778858224.087636  342317 bfc_allocator.cc:1113] 1 Chunks of size 98304 totalling 96.0KiB
I0000 00:00:1778858224.087639  342317 bfc_allocator.cc:1113] 1 Chunks of size 131072 totalling 128.0KiB
I0000 00:00:1778858224.087642  342317 bfc_allocator.cc:1113] 3 Chunks of size 196608 totalling 576.0KiB
I0000 00:00:1778858224.087646  342317 bfc_allocator.cc:1117] Sum Total of in-use chunks: 1.00MiB
I0000 00:00:1778858224.087648  342317 bfc_allocator.cc:1119] Total size in pool: 708.25MiB memory_limit_: 708.25MiB available size: 0B curr_region_allocation_bytes_: 1.38GiB
I0000 00:00:1778858224.087652  342317 bfc_allocator.cc:1128] Stats: 
Limit:                       708.25MiB
InUse:                         1.00MiB
MaxInUse:                      1.25MiB
NumAllocs:                         197
MaxAllocSize:                 192.0KiB
Reserved:                           0B
PeakReserved:                       0B
LargestFreeBlock:                   0B

W0000 00:00:1778858224.087668  342317 bfc_allocator.cc:513] *___________________________________________________________________________________________________
Traceback (most recent call last):
  File "/home/min/Workspace/Graduate-Project/Falling-Model-Development/scripts/train_baseline.py", line 1519, in <module>
    main()
    ~~~~^^
  File "/home/min/Workspace/Graduate-Project/Falling-Model-Development/scripts/train_baseline.py", line 1390, in main
    history = train_model(model, x, y, y_eval, groups, config)
  File "/home/min/Workspace/Graduate-Project/Falling-Model-Development/scripts/train_baseline.py", line 899, in train_model
    make_tf_dataset(x["train"], y["train"], config.batch_size, True, config.noise_std),
    ~~~~~~~~~~~~~~~^^^^^^^^^^^^^^^^^^^^^^^^^^^^^^^^^^^^^^^^^^^^^^^^^^^^^^^^^^^^^^^^^^^
  File "/home/min/Workspace/Graduate-Project/Falling-Model-Development/scripts/train_baseline.py", line 648, in make_tf_dataset
    ds = tf.data.Dataset.from_tensor_slices((x, y))
  File "/home/min/Workspace/Graduate-Project/Falling-Model-Development/.venv/lib/python3.13/site-packages/tensorflow/python/data/ops/dataset_ops.py", line 827, in from_tensor_slices
    return from_tensor_slices_op._from_tensor_slices(tensors, name)
           ~~~~~~~~~~~~~~~~~~~~~~~~~~~~~~~~~~~~~~~~~^^^^^^^^^^^^^^^
  File "/home/min/Workspace/Graduate-Project/Falling-Model-Development/.venv/lib/python3.13/site-packages/tensorflow/python/data/ops/from_tensor_slices_op.py", line 25, in _from_tensor_slices
    return _TensorSliceDataset(tensors, name=name)
  File "/home/min/Workspace/Graduate-Project/Falling-Model-Development/.venv/lib/python3.13/site-packages/tensorflow/python/data/ops/from_tensor_slices_op.py", line 33, in __init__
    element = structure.normalize_element(element)
  File "/home/min/Workspace/Graduate-Project/Falling-Model-Development/.venv/lib/python3.13/site-packages/tensorflow/python/data/util/structure.py", line 134, in normalize_element
    ops.convert_to_tensor(t, name="component_%d" % i, dtype=dtype))
    ~~~~~~~~~~~~~~~~~~~~~^^^^^^^^^^^^^^^^^^^^^^^^^^^^^^^^^^^^^^^^^
  File "/home/min/Workspace/Graduate-Project/Falling-Model-Development/.venv/lib/python3.13/site-packages/tensorflow/python/profiler/trace.py", line 183, in wrapped
    return func(*args, **kwargs)
  File "/home/min/Workspace/Graduate-Project/Falling-Model-Development/.venv/lib/python3.13/site-packages/tensorflow/python/framework/ops.py", line 757, in convert_to_tensor
    return tensor_conversion_registry.convert(
           ~~~~~~~~~~~~~~~~~~~~~~~~~~~~~~~~~~^
        value, dtype, name, as_ref, preferred_dtype, accepted_result_types
        ^^^^^^^^^^^^^^^^^^^^^^^^^^^^^^^^^^^^^^^^^^^^^^^^^^^^^^^^^^^^^^^^^^
    )
    ^
  File "/home/min/Workspace/Graduate-Project/Falling-Model-Development/.venv/lib/python3.13/site-packages/tensorflow/python/framework/tensor_conversion_registry.py", line 234, in convert
    ret = conversion_func(value, dtype=dtype, name=name, as_ref=as_ref)
  File "/home/min/Workspace/Graduate-Project/Falling-Model-Development/.venv/lib/python3.13/site-packages/tensorflow/python/framework/constant_tensor_conversion.py", line 29, in _constant_tensor_conversion_function
    return constant_op.constant(v, dtype=dtype, name=name)
           ~~~~~~~~~~~~~~~~~~~~^^^^^^^^^^^^^^^^^^^^^^^^^^^
  File "/home/min/Workspace/Graduate-Project/Falling-Model-Development/.venv/lib/python3.13/site-packages/tensorflow/python/ops/weak_tensor_ops.py", line 142, in wrapper
    return op(*args, **kwargs)
  File "/home/min/Workspace/Graduate-Project/Falling-Model-Development/.venv/lib/python3.13/site-packages/tensorflow/python/framework/constant_op.py", line 276, in constant
    return _constant_impl(value, dtype, shape, name, verify_shape=False,
                          allow_broadcast=True)
  File "/home/min/Workspace/Graduate-Project/Falling-Model-Development/.venv/lib/python3.13/site-packages/tensorflow/python/framework/constant_op.py", line 288, in _constant_impl
    return _constant_eager_impl(ctx, value, dtype, shape, verify_shape)
  File "/home/min/Workspace/Graduate-Project/Falling-Model-Development/.venv/lib/python3.13/site-packages/tensorflow/python/framework/constant_op.py", line 301, in _constant_eager_impl
    t = convert_to_eager_tensor(value, ctx, dtype)
  File "/home/min/Workspace/Graduate-Project/Falling-Model-Development/.venv/lib/python3.13/site-packages/tensorflow/python/framework/constant_op.py", line 108, in convert_to_eager_tensor
    return ops.EagerTensor(value, ctx.device_name, dtype)
           ~~~~~~~~~~~~~~~^^^^^^^^^^^^^^^^^^^^^^^^^^^^^^^
tensorflow.python.framework.errors_impl.InternalError: Failed copying input tensor from /job:localhost/replica:0/task:0/device:CPU:0 to /job:localhost/replica:0/task:0/device:GPU:0 in order to run _EagerConst: Dst tensor is not initialized.
