[2026-05-15 08:25:21] === Phase 5: Compact Quantizable GRU (STM32 배포 최적화) ===
[2026-05-15 08:25:21] START P5-v01
WARNING: All log messages before absl::InitializeLog() is called are written to STDERR
I0000 00:00:1778801122.215040 3204086 cpu_feature_guard.cc:227] This TensorFlow binary is optimized to use available CPU instructions in performance-critical operations.
To enable the following instructions: AVX2 FMA, in other operations, rebuild TensorFlow with the appropriate compiler flags.
[2026-05-15 08:25:23] loading train split=/home/min/Workspace/Graduate-Project/Falling-Model-Development/dataset/splits_v2_filtered/train.csv
[2026-05-15 08:25:36] train rows=1,274,014 videos=6,344 features=27 data_scope=all
[2026-05-15 08:25:36] loading val split=/home/min/Workspace/Graduate-Project/Falling-Model-Development/dataset/splits_v2_filtered/val.csv
[2026-05-15 08:25:40] val rows=363,918 videos=1,811 features=27 data_scope=all
[2026-05-15 08:25:40] loading test split=/home/min/Workspace/Graduate-Project/Falling-Model-Development/dataset/splits_v2_filtered/test.csv
[2026-05-15 08:25:42] test rows=182,782 videos=911 features=27 data_scope=all
[2026-05-15 08:25:57] train windows=370,921 positive=224,347 videos=6,344
[2026-05-15 08:26:02] val windows=147,859 positive=64,446 videos=1,811
[2026-05-15 08:26:05] test windows=74,372 positive=32,532 videos=911
I0000 00:00:1778801171.859312 3204086 gpu_device.cc:2043] Created device /job:localhost/replica:0/task:0/device:GPU:0 with 6068 MB memory:  -> device: 0, name: NVIDIA GeForce RTX 2060 SUPER, pci bus id: 0000:05:00.0, compute capability: 7.5
W0000 00:00:1778801173.309132 3204086 cpu_allocator_impl.cc:82] Allocation of 1602378720 exceeds 10% of free system memory.
W0000 00:00:1778801174.737999 3204086 cpu_allocator_impl.cc:82] Allocation of 1602378720 exceeds 10% of free system memory.
W0000 00:00:1778801177.692000 3204086 cpu_allocator_impl.cc:82] Allocation of 1602378720 exceeds 10% of free system memory.
I0000 00:00:1778801180.215374 3204637 cuda_dnn.cc:461] Loaded cuDNN version 92200
W0000 00:00:1778802472.982057 3204086 cpu_allocator_impl.cc:82] Allocation of 1602378720 exceeds 10% of free system memory.
W0000 00:00:1778802474.395829 3204086 cpu_allocator_impl.cc:82] Allocation of 1602378720 exceeds 10% of free system memory.
[2026-05-15 08:48:51] video-level val: videos=1811 f1=0.9651 recall=0.9752 fall_prec=0.9551 nfall_prec=0.9270 min_prec=0.9270 min_consecutive=5
[2026-05-15 08:48:52] video-level test: videos=911 f1=0.9680 recall=0.9775 fall_prec=0.9588 nfall_prec=0.9353 min_prec=0.9353 min_consecutive=5
[2026-05-15 08:48:52] === VAL VIDEO-LEVEL REPORT ===
              precision    recall  f1-score   support

           0     0.9270    0.8729    0.8991       480
           1     0.9551    0.9752    0.9651      1331

    accuracy                         0.9481      1811
   macro avg     0.9411    0.9241    0.9321      1811
weighted avg     0.9477    0.9481    0.9476      1811

[2026-05-15 08:48:52] === TEST VIDEO-LEVEL REPORT ===
              precision    recall  f1-score   support

           0     0.9353    0.8857    0.9099       245
           1     0.9588    0.9775    0.9680       666

    accuracy                         0.9528       911
   macro avg     0.9471    0.9316    0.9389       911
weighted avg     0.9525    0.9528    0.9524       911

[2026-05-15 08:48:52] tflite export subprocess exit=0
[2026-05-15 08:48:52]   [tflite] P5-v01: no metrics.json, skip
[2026-05-15 08:48:52]   [tflite] 
[2026-05-15 08:48:52]   [tflite] Done.
[2026-05-15 08:48:52] done P5-v01 val_f1=0.8951 (video=0.9651) test_f1=0.8994 (video=0.9680) test_min_prec=0.9353 threshold=0.750 min_consecutive=5
[2026-05-15 08:48:53] OK    P5-v01
[2026-05-15 08:48:53] START P5-v02
WARNING: All log messages before absl::InitializeLog() is called are written to STDERR
I0000 00:00:1778802534.350820 3218259 cpu_feature_guard.cc:227] This TensorFlow binary is optimized to use available CPU instructions in performance-critical operations.
To enable the following instructions: AVX2 FMA, in other operations, rebuild TensorFlow with the appropriate compiler flags.
[2026-05-15 08:48:55] loading train split=/home/min/Workspace/Graduate-Project/Falling-Model-Development/dataset/splits_v2_filtered/train.csv
[2026-05-15 08:49:08] train rows=1,274,014 videos=6,344 features=27 data_scope=all
[2026-05-15 08:49:08] loading val split=/home/min/Workspace/Graduate-Project/Falling-Model-Development/dataset/splits_v2_filtered/val.csv
[2026-05-15 08:49:12] val rows=363,918 videos=1,811 features=27 data_scope=all
[2026-05-15 08:49:12] loading test split=/home/min/Workspace/Graduate-Project/Falling-Model-Development/dataset/splits_v2_filtered/test.csv
[2026-05-15 08:49:14] test rows=182,782 videos=911 features=27 data_scope=all
[2026-05-15 08:49:29] train windows=370,921 positive=224,347 videos=6,344
[2026-05-15 08:49:34] val windows=147,859 positive=64,446 videos=1,811
[2026-05-15 08:49:37] test windows=74,372 positive=32,532 videos=911
I0000 00:00:1778802583.514661 3218259 gpu_device.cc:2043] Created device /job:localhost/replica:0/task:0/device:GPU:0 with 6068 MB memory:  -> device: 0, name: NVIDIA GeForce RTX 2060 SUPER, pci bus id: 0000:05:00.0, compute capability: 7.5
W0000 00:00:1778802584.997872 3218259 cpu_allocator_impl.cc:82] Allocation of 1602378720 exceeds 10% of free system memory.
W0000 00:00:1778802586.411389 3218259 cpu_allocator_impl.cc:82] Allocation of 1602378720 exceeds 10% of free system memory.
W0000 00:00:1778802589.376145 3218259 cpu_allocator_impl.cc:82] Allocation of 1602378720 exceeds 10% of free system memory.
I0000 00:00:1778802591.962896 3218782 cuda_dnn.cc:461] Loaded cuDNN version 92200
W0000 00:00:1778803795.072566 3218259 cpu_allocator_impl.cc:82] Allocation of 1602378720 exceeds 10% of free system memory.
W0000 00:00:1778803796.483103 3218259 cpu_allocator_impl.cc:82] Allocation of 1602378720 exceeds 10% of free system memory.
[2026-05-15 09:10:53] video-level val: videos=1811 f1=0.9656 recall=0.9812 fall_prec=0.9505 nfall_prec=0.9428 min_prec=0.9428 min_consecutive=5
[2026-05-15 09:10:53] video-level test: videos=911 f1=0.9684 recall=0.9880 fall_prec=0.9495 nfall_prec=0.9633 min_prec=0.9495 min_consecutive=5
[2026-05-15 09:10:54] === VAL VIDEO-LEVEL REPORT ===
              precision    recall  f1-score   support

           0     0.9428    0.8583    0.8986       480
           1     0.9505    0.9812    0.9656      1331

    accuracy                         0.9486      1811
   macro avg     0.9467    0.9198    0.9321      1811
weighted avg     0.9485    0.9486    0.9479      1811

[2026-05-15 09:10:54] === TEST VIDEO-LEVEL REPORT ===
              precision    recall  f1-score   support

           0     0.9633    0.8571    0.9071       245
           1     0.9495    0.9880    0.9684       666

    accuracy                         0.9528       911
   macro avg     0.9564    0.9226    0.9377       911
weighted avg     0.9532    0.9528    0.9519       911

[2026-05-15 09:10:54] tflite export subprocess exit=0
[2026-05-15 09:10:54]   [tflite] P5-v02: no metrics.json, skip
[2026-05-15 09:10:54]   [tflite] 
[2026-05-15 09:10:54]   [tflite] Done.
[2026-05-15 09:10:54] done P5-v02 val_f1=0.8985 (video=0.9656) test_f1=0.9046 (video=0.9684) test_min_prec=0.9495 threshold=0.450 min_consecutive=5
[2026-05-15 09:10:55] OK    P5-v02
[2026-05-15 09:10:55] START P5-v03
WARNING: All log messages before absl::InitializeLog() is called are written to STDERR
I0000 00:00:1778803856.123494 3231546 cpu_feature_guard.cc:227] This TensorFlow binary is optimized to use available CPU instructions in performance-critical operations.
To enable the following instructions: AVX2 FMA, in other operations, rebuild TensorFlow with the appropriate compiler flags.
[2026-05-15 09:10:57] loading train split=/home/min/Workspace/Graduate-Project/Falling-Model-Development/dataset/splits_v2_filtered/train.csv
[2026-05-15 09:11:10] train rows=1,274,014 videos=6,344 features=21 data_scope=all
[2026-05-15 09:11:10] loading val split=/home/min/Workspace/Graduate-Project/Falling-Model-Development/dataset/splits_v2_filtered/val.csv
[2026-05-15 09:11:14] val rows=363,918 videos=1,811 features=21 data_scope=all
[2026-05-15 09:11:14] loading test split=/home/min/Workspace/Graduate-Project/Falling-Model-Development/dataset/splits_v2_filtered/test.csv
[2026-05-15 09:11:15] test rows=182,782 videos=911 features=21 data_scope=all
[2026-05-15 09:11:30] train windows=370,921 positive=224,347 videos=6,344
[2026-05-15 09:11:35] val windows=147,859 positive=64,446 videos=1,811
[2026-05-15 09:11:38] test windows=74,372 positive=32,532 videos=911
I0000 00:00:1778803903.424227 3231546 gpu_device.cc:2043] Created device /job:localhost/replica:0/task:0/device:GPU:0 with 6068 MB memory:  -> device: 0, name: NVIDIA GeForce RTX 2060 SUPER, pci bus id: 0000:05:00.0, compute capability: 7.5
W0000 00:00:1778803904.755391 3231546 cpu_allocator_impl.cc:82] Allocation of 1246294560 exceeds 10% of free system memory.
W0000 00:00:1778803905.868993 3231546 cpu_allocator_impl.cc:82] Allocation of 1246294560 exceeds 10% of free system memory.
W0000 00:00:1778803908.381032 3231546 cpu_allocator_impl.cc:82] Allocation of 1246294560 exceeds 10% of free system memory.
I0000 00:00:1778803910.693417 3232025 cuda_dnn.cc:461] Loaded cuDNN version 92200
W0000 00:00:1778805400.307424 3231546 cpu_allocator_impl.cc:82] Allocation of 1246294560 exceeds 10% of free system memory.
W0000 00:00:1778805401.407487 3231546 cpu_allocator_impl.cc:82] Allocation of 1246294560 exceeds 10% of free system memory.
[2026-05-15 09:37:38] video-level val: videos=1811 f1=0.9585 recall=0.9715 fall_prec=0.9459 nfall_prec=0.9144 min_prec=0.9144 min_consecutive=1
[2026-05-15 09:37:38] video-level test: videos=911 f1=0.9615 recall=0.9760 fall_prec=0.9475 nfall_prec=0.9289 min_prec=0.9289 min_consecutive=1
[2026-05-15 09:37:39] === VAL VIDEO-LEVEL REPORT ===
              precision    recall  f1-score   support

           0     0.9144    0.8458    0.8788       480
           1     0.9459    0.9715    0.9585      1331

    accuracy                         0.9382      1811
   macro avg     0.9301    0.9086    0.9186      1811
weighted avg     0.9375    0.9382    0.9374      1811

[2026-05-15 09:37:39] === TEST VIDEO-LEVEL REPORT ===
              precision    recall  f1-score   support

           0     0.9289    0.8531    0.8894       245
           1     0.9475    0.9760    0.9615       666

    accuracy                         0.9429       911
   macro avg     0.9382    0.9145    0.9255       911
weighted avg     0.9425    0.9429    0.9421       911

[2026-05-15 09:37:39] tflite export subprocess exit=0
[2026-05-15 09:37:39]   [tflite] P5-v03: no metrics.json, skip
[2026-05-15 09:37:39]   [tflite] 
[2026-05-15 09:37:39]   [tflite] Done.
[2026-05-15 09:37:39] done P5-v03 val_f1=0.8814 (video=0.9585) test_f1=0.8881 (video=0.9615) test_min_prec=0.9289 threshold=0.850 min_consecutive=1
[2026-05-15 09:37:40] OK    P5-v03
[2026-05-15 09:37:40] START P5-v04
WARNING: All log messages before absl::InitializeLog() is called are written to STDERR
I0000 00:00:1778805461.216227 3248428 cpu_feature_guard.cc:227] This TensorFlow binary is optimized to use available CPU instructions in performance-critical operations.
To enable the following instructions: AVX2 FMA, in other operations, rebuild TensorFlow with the appropriate compiler flags.
[2026-05-15 09:37:42] loading train split=/home/min/Workspace/Graduate-Project/Falling-Model-Development/dataset/splits_v2_filtered/train.csv
[2026-05-15 09:37:55] train rows=1,274,014 videos=6,344 features=21 data_scope=all
[2026-05-15 09:37:55] loading val split=/home/min/Workspace/Graduate-Project/Falling-Model-Development/dataset/splits_v2_filtered/val.csv
[2026-05-15 09:37:59] val rows=363,918 videos=1,811 features=21 data_scope=all
[2026-05-15 09:37:59] loading test split=/home/min/Workspace/Graduate-Project/Falling-Model-Development/dataset/splits_v2_filtered/test.csv
[2026-05-15 09:38:01] test rows=182,782 videos=911 features=21 data_scope=all
[2026-05-15 09:38:15] train windows=370,921 positive=224,347 videos=6,344
[2026-05-15 09:38:20] val windows=147,859 positive=64,446 videos=1,811
[2026-05-15 09:38:23] test windows=74,372 positive=32,532 videos=911
I0000 00:00:1778805508.476652 3248428 gpu_device.cc:2043] Created device /job:localhost/replica:0/task:0/device:GPU:0 with 6068 MB memory:  -> device: 0, name: NVIDIA GeForce RTX 2060 SUPER, pci bus id: 0000:05:00.0, compute capability: 7.5
W0000 00:00:1778805509.817155 3248428 cpu_allocator_impl.cc:82] Allocation of 1246294560 exceeds 10% of free system memory.
W0000 00:00:1778805510.948886 3248428 cpu_allocator_impl.cc:82] Allocation of 1246294560 exceeds 10% of free system memory.
W0000 00:00:1778805513.432069 3248428 cpu_allocator_impl.cc:82] Allocation of 1246294560 exceeds 10% of free system memory.
I0000 00:00:1778805515.809708 3248927 cuda_dnn.cc:461] Loaded cuDNN version 92200
W0000 00:00:1778806496.144213 3248428 cpu_allocator_impl.cc:82] Allocation of 1246294560 exceeds 10% of free system memory.
W0000 00:00:1778806497.259165 3248428 cpu_allocator_impl.cc:82] Allocation of 1246294560 exceeds 10% of free system memory.
[2026-05-15 09:55:53] video-level val: videos=1811 f1=0.9678 recall=0.9715 fall_prec=0.9642 nfall_prec=0.9191 min_prec=0.9191 min_consecutive=5
[2026-05-15 09:55:54] video-level test: videos=911 f1=0.9679 recall=0.9745 fall_prec=0.9615 nfall_prec=0.9280 min_prec=0.9280 min_consecutive=5
[2026-05-15 09:55:54] === VAL VIDEO-LEVEL REPORT ===
              precision    recall  f1-score   support

           0     0.9191    0.9000    0.9095       480
           1     0.9642    0.9715    0.9678      1331

    accuracy                         0.9525      1811
   macro avg     0.9417    0.9357    0.9386      1811
weighted avg     0.9523    0.9525    0.9524      1811

[2026-05-15 09:55:54] === TEST VIDEO-LEVEL REPORT ===
              precision    recall  f1-score   support

           0     0.9280    0.8939    0.9106       245
           1     0.9615    0.9745    0.9679       666

    accuracy                         0.9528       911
   macro avg     0.9447    0.9342    0.9393       911
weighted avg     0.9525    0.9528    0.9525       911

[2026-05-15 09:55:54] tflite export subprocess exit=0
[2026-05-15 09:55:54]   [tflite] P5-v04: no metrics.json, skip
[2026-05-15 09:55:54]   [tflite] 
[2026-05-15 09:55:54]   [tflite] Done.
[2026-05-15 09:55:54] done P5-v04 val_f1=0.8840 (video=0.9678) test_f1=0.8865 (video=0.9679) test_min_prec=0.9280 threshold=0.500 min_consecutive=5
[2026-05-15 09:55:55] OK    P5-v04
[2026-05-15 09:55:55] START P5-v05
WARNING: All log messages before absl::InitializeLog() is called are written to STDERR
I0000 00:00:1778806556.409323 3259497 cpu_feature_guard.cc:227] This TensorFlow binary is optimized to use available CPU instructions in performance-critical operations.
To enable the following instructions: AVX2 FMA, in other operations, rebuild TensorFlow with the appropriate compiler flags.
[2026-05-15 09:55:57] loading train split=/home/min/Workspace/Graduate-Project/Falling-Model-Development/dataset/splits_v2_filtered/train.csv
[2026-05-15 09:56:11] train rows=1,274,014 videos=6,344 features=27 data_scope=all
[2026-05-15 09:56:11] loading val split=/home/min/Workspace/Graduate-Project/Falling-Model-Development/dataset/splits_v2_filtered/val.csv
[2026-05-15 09:56:14] val rows=363,918 videos=1,811 features=27 data_scope=all
[2026-05-15 09:56:14] loading test split=/home/min/Workspace/Graduate-Project/Falling-Model-Development/dataset/splits_v2_filtered/test.csv
[2026-05-15 09:56:16] test rows=182,782 videos=911 features=27 data_scope=all
[2026-05-15 09:56:31] train windows=370,921 positive=224,347 videos=6,344
[2026-05-15 09:56:36] val windows=147,859 positive=64,446 videos=1,811
[2026-05-15 09:56:39] test windows=74,372 positive=32,532 videos=911
I0000 00:00:1778806606.261453 3259497 gpu_device.cc:2043] Created device /job:localhost/replica:0/task:0/device:GPU:0 with 6061 MB memory:  -> device: 0, name: NVIDIA GeForce RTX 2060 SUPER, pci bus id: 0000:05:00.0, compute capability: 7.5
W0000 00:00:1778806607.757754 3259497 cpu_allocator_impl.cc:82] Allocation of 1602378720 exceeds 10% of free system memory.
W0000 00:00:1778806609.193879 3259497 cpu_allocator_impl.cc:82] Allocation of 1602378720 exceeds 10% of free system memory.
W0000 00:00:1778806612.146119 3259497 cpu_allocator_impl.cc:82] Allocation of 1602378720 exceeds 10% of free system memory.
I0000 00:00:1778806614.683820 3259975 cuda_dnn.cc:461] Loaded cuDNN version 92200
W0000 00:00:1778807822.198050 3259497 cpu_allocator_impl.cc:82] Allocation of 1602378720 exceeds 10% of free system memory.
W0000 00:00:1778807823.599443 3259497 cpu_allocator_impl.cc:82] Allocation of 1602378720 exceeds 10% of free system memory.
[2026-05-15 10:17:58] video-level val: videos=1811 f1=0.9629 recall=0.9647 fall_prec=0.9611 nfall_prec=0.9011 min_prec=0.9011 min_consecutive=5
[2026-05-15 10:17:58] video-level test: videos=911 f1=0.9650 recall=0.9730 fall_prec=0.9572 nfall_prec=0.9231 min_prec=0.9231 min_consecutive=5
[2026-05-15 10:17:59] === VAL VIDEO-LEVEL REPORT ===
              precision    recall  f1-score   support

           0     0.9011    0.8917    0.8963       480
           1     0.9611    0.9647    0.9629      1331

    accuracy                         0.9453      1811
   macro avg     0.9311    0.9282    0.9296      1811
weighted avg     0.9452    0.9453    0.9452      1811

[2026-05-15 10:17:59] === TEST VIDEO-LEVEL REPORT ===
              precision    recall  f1-score   support

           0     0.9231    0.8816    0.9019       245
           1     0.9572    0.9730    0.9650       666

    accuracy                         0.9484       911
   macro avg     0.9401    0.9273    0.9334       911
weighted avg     0.9480    0.9484    0.9480       911

[2026-05-15 10:17:59] tflite export subprocess exit=0
[2026-05-15 10:17:59]   [tflite] P5-v05: no metrics.json, skip
[2026-05-15 10:17:59]   [tflite] 
[2026-05-15 10:17:59]   [tflite] Done.
[2026-05-15 10:17:59] done P5-v05 val_f1=0.8874 (video=0.9629) test_f1=0.8971 (video=0.9650) test_min_prec=0.9231 threshold=0.500 min_consecutive=5
[2026-05-15 10:18:00] OK    P5-v05
[2026-05-15 10:18:00] START P5-v06
WARNING: All log messages before absl::InitializeLog() is called are written to STDERR
I0000 00:00:1778807881.062519 3275093 cpu_feature_guard.cc:227] This TensorFlow binary is optimized to use available CPU instructions in performance-critical operations.
To enable the following instructions: AVX2 FMA, in other operations, rebuild TensorFlow with the appropriate compiler flags.
[2026-05-15 10:18:02] loading train split=/home/min/Workspace/Graduate-Project/Falling-Model-Development/dataset/splits_v2_filtered/train.csv
[2026-05-15 10:18:15] train rows=1,274,014 videos=6,344 features=21 data_scope=all
[2026-05-15 10:18:15] loading val split=/home/min/Workspace/Graduate-Project/Falling-Model-Development/dataset/splits_v2_filtered/val.csv
[2026-05-15 10:18:19] val rows=363,918 videos=1,811 features=21 data_scope=all
[2026-05-15 10:18:19] loading test split=/home/min/Workspace/Graduate-Project/Falling-Model-Development/dataset/splits_v2_filtered/test.csv
[2026-05-15 10:18:21] test rows=182,782 videos=911 features=21 data_scope=all
[2026-05-15 10:18:35] train windows=370,921 positive=224,347 videos=6,344
[2026-05-15 10:18:41] val windows=147,859 positive=64,446 videos=1,811
[2026-05-15 10:18:43] test windows=74,372 positive=32,532 videos=911
I0000 00:00:1778807929.026742 3275093 gpu_device.cc:2043] Created device /job:localhost/replica:0/task:0/device:GPU:0 with 6061 MB memory:  -> device: 0, name: NVIDIA GeForce RTX 2060 SUPER, pci bus id: 0000:05:00.0, compute capability: 7.5
W0000 00:00:1778807930.354331 3275093 cpu_allocator_impl.cc:82] Allocation of 1246294560 exceeds 10% of free system memory.
W0000 00:00:1778807931.467481 3275093 cpu_allocator_impl.cc:82] Allocation of 1246294560 exceeds 10% of free system memory.
W0000 00:00:1778807933.975020 3275093 cpu_allocator_impl.cc:82] Allocation of 1246294560 exceeds 10% of free system memory.
I0000 00:00:1778807936.342888 3275583 cuda_dnn.cc:461] Loaded cuDNN version 92200
W0000 00:00:1778809266.237048 3275093 cpu_allocator_impl.cc:82] Allocation of 1246294560 exceeds 10% of free system memory.
W0000 00:00:1778809267.394291 3275093 cpu_allocator_impl.cc:82] Allocation of 1246294560 exceeds 10% of free system memory.
[2026-05-15 10:42:01] video-level val: videos=1811 f1=0.9628 recall=0.9715 fall_prec=0.9542 nfall_prec=0.9167 min_prec=0.9167 min_consecutive=5
[2026-05-15 10:42:02] video-level test: videos=911 f1=0.9629 recall=0.9745 fall_prec=0.9516 nfall_prec=0.9258 min_prec=0.9258 min_consecutive=5
[2026-05-15 10:42:02] === VAL VIDEO-LEVEL REPORT ===
              precision    recall  f1-score   support

           0     0.9167    0.8708    0.8932       480
           1     0.9542    0.9715    0.9628      1331

    accuracy                         0.9448      1811
   macro avg     0.9355    0.9211    0.9280      1811
weighted avg     0.9443    0.9448    0.9443      1811

[2026-05-15 10:42:02] === TEST VIDEO-LEVEL REPORT ===
              precision    recall  f1-score   support

           0     0.9258    0.8653    0.8945       245
           1     0.9516    0.9745    0.9629       666

    accuracy                         0.9451       911
   macro avg     0.9387    0.9199    0.9287       911
weighted avg     0.9447    0.9451    0.9445       911

[2026-05-15 10:42:06] tflite export subprocess exit=0
[2026-05-15 10:42:06]   [tflite] [P5-v06]
[2026-05-15 10:42:06]   [tflite]   Loading model.keras ...
[2026-05-15 10:42:06]   [tflite]     unidirectional → converting without unroll (compact graph)
[2026-05-15 10:42:06]   [tflite] Saved artifact at '/tmp/tmp6ufber93'. The following endpoints are available:
[2026-05-15 10:42:06]   [tflite] 
[2026-05-15 10:42:06]   [tflite] * Endpoint 'serve'
[2026-05-15 10:42:06]   [tflite]   args_0 (POSITIONAL_ONLY): TensorSpec(shape=(None, 40, 21), dtype=tf.float32, name='pose_sequence')
[2026-05-15 10:42:06]   [tflite] Output Type:
[2026-05-15 10:42:06]   [tflite]   TensorSpec(shape=(None, 2), dtype=tf.float32, name=None)
[2026-05-15 10:42:06]   [tflite] Captures:
[2026-05-15 10:42:06]   [tflite]   135171812056848: TensorSpec(shape=(), dtype=tf.resource, name=None)
[2026-05-15 10:42:06]   [tflite]   135171812057424: TensorSpec(shape=(), dtype=tf.resource, name=None)
[2026-05-15 10:42:06]   [tflite]   135171812057232: TensorSpec(shape=(), dtype=tf.resource, name=None)
[2026-05-15 10:42:06]   [tflite]   135171812057808: TensorSpec(shape=(), dtype=tf.resource, name=None)
[2026-05-15 10:42:06]   [tflite]   135171812056656: TensorSpec(shape=(), dtype=tf.resource, name=None)
[2026-05-15 10:42:06]   [tflite]   135171812057040: TensorSpec(shape=(), dtype=tf.resource, name=None)
[2026-05-15 10:42:06]   [tflite]   135171812058576: TensorSpec(shape=(), dtype=tf.resource, name=None)
[2026-05-15 10:42:06]   [tflite]   135171812058384: TensorSpec(shape=(), dtype=tf.resource, name=None)
[2026-05-15 10:42:06]   [tflite]   135171812057616: TensorSpec(shape=(), dtype=tf.resource, name=None)
[2026-05-15 10:42:06]   [tflite]   135171812055504: TensorSpec(shape=(), dtype=tf.resource, name=None)
[2026-05-15 10:42:06]   [tflite]   135171812059152: TensorSpec(shape=(), dtype=tf.resource, name=None)
[2026-05-15 10:42:06]   [tflite]   135171812060688: TensorSpec(shape=(), dtype=tf.resource, name=None)
[2026-05-15 10:42:06]   [tflite]   135171812059728: TensorSpec(shape=(), dtype=tf.resource, name=None)
[2026-05-15 10:42:06]   [tflite]   135171812060112: TensorSpec(shape=(), dtype=tf.resource, name=None)
[2026-05-15 10:42:06]   [tflite]   135171812058960: TensorSpec(shape=(), dtype=tf.resource, name=None)
[2026-05-15 10:42:06]   [tflite]   135171812060880: TensorSpec(shape=(), dtype=tf.resource, name=None)
[2026-05-15 10:42:06]   [tflite]   135171812059536: TensorSpec(shape=(), dtype=tf.resource, name=None)
[2026-05-15 10:42:06]   [tflite]   135171812061648: TensorSpec(shape=(), dtype=tf.resource, name=None)
[2026-05-15 10:42:06]   [tflite]   135171812060304: TensorSpec(shape=(), dtype=tf.resource, name=None)
[2026-05-15 10:42:06]   [tflite]   135171812059920: TensorSpec(shape=(), dtype=tf.resource, name=None)
[2026-05-15 10:42:06]   [tflite]   135171812062032: TensorSpec(shape=(), dtype=tf.resource, name=None)
[2026-05-15 10:42:06]   [tflite]   135171812062224: TensorSpec(shape=(), dtype=tf.resource, name=None)
[2026-05-15 10:42:06]   [tflite]   135171812061456: TensorSpec(shape=(), dtype=tf.resource, name=None)
[2026-05-15 10:42:06]   [tflite]   135171812063184: TensorSpec(shape=(), dtype=tf.resource, name=None)
[2026-05-15 10:42:06]   [tflite]     fp32 FAIL: <unknown>:0: error: loc(callsite(fused["TensorListReserve:", "P5-v06_gru_1/gru_1_1/TensorArrayV2_1@__inference_function_1268"] at callsite(fused["StatefulPartitionedCall:", "StatefulPartitionedCall@__inference_signature_wrapper_1375"] at fused["StatefulPartitionedCall:", "StatefulPartitionedCall_1"]))): 'tf.TensorListReserve' op requires element_shape to be static during TF Lite transformation pass
[2026-05-15 10:42:06]   [tflite] <unknown>:0: note: loc(callsite(fused["StatefulPartitionedCall:", "StatefulPartitionedCall@__inference_signature_wrapper_1375"] at fused["StatefulPartitionedCall:", "StatefulPartitionedCall_1"])): called from
[2026-05-15 10:42:06]   [tflite] <unknown>:0: note: loc(fused["StatefulPartitionedCall:", "StatefulPartitionedCall_1"]): called from
[2026-05-15 10:42:06]   [tflite] <unknown>:0: error: loc(callsite(fused["TensorListReserve:", "P5-v06_gru_1/gru_1_1/TensorArrayV2_1@__inference_function_1268"] at callsite(fused["StatefulPartitionedCall:", "StatefulPartitionedCall@__inference_signature_wrapper_1375"] at fused["StatefulPartitionedCall:", "StatefulPartitionedCall_1"]))): failed to legalize operation 'tf.TensorListReserve' that was explicitly marked illegal
[2026-05-15 10:42:06]   [tflite] <unknown>:0: note: loc(callsite(fused["StatefulPartitionedCall:", "StatefulPartitionedCall@__inference_signature_wrapper_1375"] at fused["StatefulPartitionedCall:", "StatefulPartitionedCall_1"])): called from
[2026-05-15 10:42:06]   [tflite] <unknown>:0: note: loc(fused["StatefulPartitionedCall:", "StatefulPartitionedCall_1"]): called from
[2026-05-15 10:42:06]   [tflite] <unknown>:0: error: Lowering tensor list ops is failed. Please consider using Select TF ops and disabling `_experimental_lower_tensor_list_ops` flag in the TFLite converter object. For example, converter.target_spec.supported_ops = [tf.lite.OpsSet.TFLITE_BUILTINS, tf.lite.OpsSet.SELECT_TF_OPS]\n converter._experimental_lower_tensor_list_ops = False
[2026-05-15 10:42:06]   [tflite] 
[2026-05-15 10:42:06]   [tflite] Saved artifact at '/tmp/tmp0xcip9kx'. The following endpoints are available:
[2026-05-15 10:42:06]   [tflite] 
[2026-05-15 10:42:06]   [tflite] * Endpoint 'serve'
[2026-05-15 10:42:06]   [tflite]   args_0 (POSITIONAL_ONLY): TensorSpec(shape=(None, 40, 21), dtype=tf.float32, name='pose_sequence')
[2026-05-15 10:42:06]   [tflite] Output Type:
[2026-05-15 10:42:06]   [tflite]   TensorSpec(shape=(None, 2), dtype=tf.float32, name=None)
[2026-05-15 10:42:06]   [tflite] Captures:
[2026-05-15 10:42:06]   [tflite]   135171812056848: TensorSpec(shape=(), dtype=tf.resource, name=None)
[2026-05-15 10:42:06]   [tflite]   135171812057424: TensorSpec(shape=(), dtype=tf.resource, name=None)
[2026-05-15 10:42:06]   [tflite]   135171812057232: TensorSpec(shape=(), dtype=tf.resource, name=None)
[2026-05-15 10:42:06]   [tflite]   135171812057808: TensorSpec(shape=(), dtype=tf.resource, name=None)
[2026-05-15 10:42:06]   [tflite]   135171812056656: TensorSpec(shape=(), dtype=tf.resource, name=None)
[2026-05-15 10:42:06]   [tflite]   135171812057040: TensorSpec(shape=(), dtype=tf.resource, name=None)
[2026-05-15 10:42:06]   [tflite]   135171812058576: TensorSpec(shape=(), dtype=tf.resource, name=None)
[2026-05-15 10:42:06]   [tflite]   135171812058384: TensorSpec(shape=(), dtype=tf.resource, name=None)
[2026-05-15 10:42:06]   [tflite]   135171812057616: TensorSpec(shape=(), dtype=tf.resource, name=None)
[2026-05-15 10:42:06]   [tflite]   135171812055504: TensorSpec(shape=(), dtype=tf.resource, name=None)
[2026-05-15 10:42:06]   [tflite]   135171812059152: TensorSpec(shape=(), dtype=tf.resource, name=None)
[2026-05-15 10:42:06]   [tflite]   135171812060688: TensorSpec(shape=(), dtype=tf.resource, name=None)
[2026-05-15 10:42:06]   [tflite]   135171812059728: TensorSpec(shape=(), dtype=tf.resource, name=None)
[2026-05-15 10:42:06]   [tflite]   135171812060112: TensorSpec(shape=(), dtype=tf.resource, name=None)
[2026-05-15 10:42:06]   [tflite]   135171812058960: TensorSpec(shape=(), dtype=tf.resource, name=None)
[2026-05-15 10:42:06]   [tflite]   135171812060880: TensorSpec(shape=(), dtype=tf.resource, name=None)
[2026-05-15 10:42:06]   [tflite]   135171812059536: TensorSpec(shape=(), dtype=tf.resource, name=None)
[2026-05-15 10:42:06]   [tflite]   135171812061648: TensorSpec(shape=(), dtype=tf.resource, name=None)
[2026-05-15 10:42:06]   [tflite]   135171812060304: TensorSpec(shape=(), dtype=tf.resource, name=None)
[2026-05-15 10:42:06]   [tflite]   135171812059920: TensorSpec(shape=(), dtype=tf.resource, name=None)
[2026-05-15 10:42:06]   [tflite]   135171812062032: TensorSpec(shape=(), dtype=tf.resource, name=None)
[2026-05-15 10:42:06]   [tflite]   135171812062224: TensorSpec(shape=(), dtype=tf.resource, name=None)
[2026-05-15 10:42:06]   [tflite]   135171812061456: TensorSpec(shape=(), dtype=tf.resource, name=None)
[2026-05-15 10:42:06]   [tflite]   135171812063184: TensorSpec(shape=(), dtype=tf.resource, name=None)
[2026-05-15 10:42:06]   [tflite]     int8 FAIL: <unknown>:0: error: loc(callsite(fused["TensorListReserve:", "P5-v06_gru_1/gru_1_1/TensorArrayV2_1@__inference_function_4602"] at callsite(fused["StatefulPartitionedCall:", "StatefulPartitionedCall@__inference_signature_wrapper_4709"] at fused["StatefulPartitionedCall:", "StatefulPartitionedCall_1"]))): 'tf.TensorListReserve' op requires element_shape to be static during TF Lite transformation pass
[2026-05-15 10:42:06]   [tflite] <unknown>:0: note: loc(callsite(fused["StatefulPartitionedCall:", "StatefulPartitionedCall@__inference_signature_wrapper_4709"] at fused["StatefulPartitionedCall:", "StatefulPartitionedCall_1"])): called from
[2026-05-15 10:42:06]   [tflite] <unknown>:0: note: loc(fused["StatefulPartitionedCall:", "StatefulPartitionedCall_1"]): called from
[2026-05-15 10:42:06]   [tflite] <unknown>:0: error: loc(callsite(fused["TensorListReserve:", "P5-v06_gru_1/gru_1_1/TensorArrayV2_1@__inference_function_4602"] at callsite(fused["StatefulPartitionedCall:", "StatefulPartitionedCall@__inference_signature_wrapper_4709"] at fused["StatefulPartitionedCall:", "StatefulPartitionedCall_1"]))): failed to legalize operation 'tf.TensorListReserve' that was explicitly marked illegal
[2026-05-15 10:42:06]   [tflite] <unknown>:0: note: loc(callsite(fused["StatefulPartitionedCall:", "StatefulPartitionedCall@__inference_signature_wrapper_4709"] at fused["StatefulPartitionedCall:", "StatefulPartitionedCall_1"])): called from
[2026-05-15 10:42:06]   [tflite] <unknown>:0: note: loc(fused["StatefulPartitionedCall:", "StatefulPartitionedCall_1"]): called from
[2026-05-15 10:42:06]   [tflite] <unknown>:0: error: Lowering tensor list ops is failed. Please consider using Select TF ops and disabling `_experimental_lower_tensor_list_ops` flag in the TFLite converter object. For example, converter.target_spec.supported_ops = [tf.lite.OpsSet.TFLITE_BUILTINS, tf.lite.OpsSet.SELECT_TF_OPS]\n converter._experimental_lower_tensor_list_ops = False
[2026-05-15 10:42:06]   [tflite] 
[2026-05-15 10:42:06]   [tflite] 
[2026-05-15 10:42:06]   [tflite] Done.
[2026-05-15 10:42:06] done P5-v06 val_f1=0.8932 (video=0.9628) test_f1=0.9007 (video=0.9629) test_min_prec=0.9258 threshold=0.500 min_consecutive=5
[2026-05-15 10:42:07] OK    P5-v06
[2026-05-15 10:42:07] All Phase 5 experiments complete.

=== PHASE 5 RESULTS (Compact Unidirectional GRU) ===
ID       Units      KP       Focal   testF1   NFallP   MinP    INT8_KB
----------------------------------------------------------------------
P5-v01   (128,64)   kp7      no      0.9680   0.9353 0.9353   1219.6 ★ ⚠
P5-v02   (128,64)   kp7      yes     0.9684   0.9633 0.9495      0.0 ★ ?
P5-v03   (128,64)   minimal  no      0.9615   0.9289 0.9289      0.0 ?
P5-v04   (128,64)   minimal  yes     0.9679   0.9280 0.9280      0.0 ?
P5-v05   (64,32)    kp7      yes     0.9650   0.9231 0.9231      0.0 ?
P5-v06   (64,32)    minimal  yes     0.9629   0.9258 0.9258      0.0 ?
[2026-05-15 10:42:08] Phase 5 summary written to results/gru_phase5_compact/summary.log
