WARNING: All log messages before absl::InitializeLog() is called are written to STDERR
I0000 00:00:1778803856.123494 3231546 cpu_feature_guard.cc:227] This TensorFlow binary is optimized to use available CPU instructions in performance-critical operations.
To enable the following instructions: AVX2 FMA, in other operations, rebuild TensorFlow with the appropriate compiler flags.
[2026-05-15 09:10:57] loading train split=/home/min/Workspace/Graduate-Project/Falling-Model-Development/dataset/splits_v2_filtered/train.csv
[2026-05-15 09:11:10] train rows=1,274,014 videos=6,344 features=21 data_scope=all
[2026-05-15 09:11:10] loading val split=/home/min/Workspace/Graduate-Project/Falling-Model-Development/dataset/splits_v2_filtered/val.csv
[2026-05-15 09:11:14] val rows=363,918 videos=1,811 features=21 data_scope=all
[2026-05-15 09:11:14] loading test split=/home/min/Workspace/Graduate-Project/Falling-Model-Development/dataset/splits_v2_filtered/test.csv
[2026-05-15 09:11:15] test rows=182,782 videos=911 features=21 data_scope=all
[2026-05-15 09:11:30] train windows=370,921 positive=224,347 videos=6,344
[2026-05-15 09:11:35] val windows=147,859 positive=64,446 videos=1,811
[2026-05-15 09:11:38] test windows=74,372 positive=32,532 videos=911
I0000 00:00:1778803903.424227 3231546 gpu_device.cc:2043] Created device /job:localhost/replica:0/task:0/device:GPU:0 with 6068 MB memory:  -> device: 0, name: NVIDIA GeForce RTX 2060 SUPER, pci bus id: 0000:05:00.0, compute capability: 7.5
W0000 00:00:1778803904.755391 3231546 cpu_allocator_impl.cc:82] Allocation of 1246294560 exceeds 10% of free system memory.
W0000 00:00:1778803905.868993 3231546 cpu_allocator_impl.cc:82] Allocation of 1246294560 exceeds 10% of free system memory.
W0000 00:00:1778803908.381032 3231546 cpu_allocator_impl.cc:82] Allocation of 1246294560 exceeds 10% of free system memory.
I0000 00:00:1778803910.693417 3232025 cuda_dnn.cc:461] Loaded cuDNN version 92200
W0000 00:00:1778805400.307424 3231546 cpu_allocator_impl.cc:82] Allocation of 1246294560 exceeds 10% of free system memory.
W0000 00:00:1778805401.407487 3231546 cpu_allocator_impl.cc:82] Allocation of 1246294560 exceeds 10% of free system memory.
[2026-05-15 09:37:38] video-level val: videos=1811 f1=0.9585 recall=0.9715 fall_prec=0.9459 nfall_prec=0.9144 min_prec=0.9144 min_consecutive=1
[2026-05-15 09:37:38] video-level test: videos=911 f1=0.9615 recall=0.9760 fall_prec=0.9475 nfall_prec=0.9289 min_prec=0.9289 min_consecutive=1
[2026-05-15 09:37:39] === VAL VIDEO-LEVEL REPORT ===
              precision    recall  f1-score   support

           0     0.9144    0.8458    0.8788       480
           1     0.9459    0.9715    0.9585      1331

    accuracy                         0.9382      1811
   macro avg     0.9301    0.9086    0.9186      1811
weighted avg     0.9375    0.9382    0.9374      1811

[2026-05-15 09:37:39] === TEST VIDEO-LEVEL REPORT ===
              precision    recall  f1-score   support

           0     0.9289    0.8531    0.8894       245
           1     0.9475    0.9760    0.9615       666

    accuracy                         0.9429       911
   macro avg     0.9382    0.9145    0.9255       911
weighted avg     0.9425    0.9429    0.9421       911

[2026-05-15 09:37:39] tflite export subprocess exit=0
[2026-05-15 09:37:39]   [tflite] P5-v03: no metrics.json, skip
[2026-05-15 09:37:39]   [tflite] 
[2026-05-15 09:37:39]   [tflite] Done.
[2026-05-15 09:37:39] done P5-v03 val_f1=0.8814 (video=0.9585) test_f1=0.8881 (video=0.9615) test_min_prec=0.9289 threshold=0.850 min_consecutive=1
