WARNING: All log messages before absl::InitializeLog() is called are written to STDERR
I0000 00:00:1778802534.350820 3218259 cpu_feature_guard.cc:227] This TensorFlow binary is optimized to use available CPU instructions in performance-critical operations.
To enable the following instructions: AVX2 FMA, in other operations, rebuild TensorFlow with the appropriate compiler flags.
[2026-05-15 08:48:55] loading train split=/home/min/Workspace/Graduate-Project/Falling-Model-Development/dataset/splits_v2_filtered/train.csv
[2026-05-15 08:49:08] train rows=1,274,014 videos=6,344 features=27 data_scope=all
[2026-05-15 08:49:08] loading val split=/home/min/Workspace/Graduate-Project/Falling-Model-Development/dataset/splits_v2_filtered/val.csv
[2026-05-15 08:49:12] val rows=363,918 videos=1,811 features=27 data_scope=all
[2026-05-15 08:49:12] loading test split=/home/min/Workspace/Graduate-Project/Falling-Model-Development/dataset/splits_v2_filtered/test.csv
[2026-05-15 08:49:14] test rows=182,782 videos=911 features=27 data_scope=all
[2026-05-15 08:49:29] train windows=370,921 positive=224,347 videos=6,344
[2026-05-15 08:49:34] val windows=147,859 positive=64,446 videos=1,811
[2026-05-15 08:49:37] test windows=74,372 positive=32,532 videos=911
I0000 00:00:1778802583.514661 3218259 gpu_device.cc:2043] Created device /job:localhost/replica:0/task:0/device:GPU:0 with 6068 MB memory:  -> device: 0, name: NVIDIA GeForce RTX 2060 SUPER, pci bus id: 0000:05:00.0, compute capability: 7.5
W0000 00:00:1778802584.997872 3218259 cpu_allocator_impl.cc:82] Allocation of 1602378720 exceeds 10% of free system memory.
W0000 00:00:1778802586.411389 3218259 cpu_allocator_impl.cc:82] Allocation of 1602378720 exceeds 10% of free system memory.
W0000 00:00:1778802589.376145 3218259 cpu_allocator_impl.cc:82] Allocation of 1602378720 exceeds 10% of free system memory.
I0000 00:00:1778802591.962896 3218782 cuda_dnn.cc:461] Loaded cuDNN version 92200
W0000 00:00:1778803795.072566 3218259 cpu_allocator_impl.cc:82] Allocation of 1602378720 exceeds 10% of free system memory.
W0000 00:00:1778803796.483103 3218259 cpu_allocator_impl.cc:82] Allocation of 1602378720 exceeds 10% of free system memory.
[2026-05-15 09:10:53] video-level val: videos=1811 f1=0.9656 recall=0.9812 fall_prec=0.9505 nfall_prec=0.9428 min_prec=0.9428 min_consecutive=5
[2026-05-15 09:10:53] video-level test: videos=911 f1=0.9684 recall=0.9880 fall_prec=0.9495 nfall_prec=0.9633 min_prec=0.9495 min_consecutive=5
[2026-05-15 09:10:54] === VAL VIDEO-LEVEL REPORT ===
              precision    recall  f1-score   support

           0     0.9428    0.8583    0.8986       480
           1     0.9505    0.9812    0.9656      1331

    accuracy                         0.9486      1811
   macro avg     0.9467    0.9198    0.9321      1811
weighted avg     0.9485    0.9486    0.9479      1811

[2026-05-15 09:10:54] === TEST VIDEO-LEVEL REPORT ===
              precision    recall  f1-score   support

           0     0.9633    0.8571    0.9071       245
           1     0.9495    0.9880    0.9684       666

    accuracy                         0.9528       911
   macro avg     0.9564    0.9226    0.9377       911
weighted avg     0.9532    0.9528    0.9519       911

[2026-05-15 09:10:54] tflite export subprocess exit=0
[2026-05-15 09:10:54]   [tflite] P5-v02: no metrics.json, skip
[2026-05-15 09:10:54]   [tflite] 
[2026-05-15 09:10:54]   [tflite] Done.
[2026-05-15 09:10:54] done P5-v02 val_f1=0.8985 (video=0.9656) test_f1=0.9046 (video=0.9684) test_min_prec=0.9495 threshold=0.450 min_consecutive=5
