WARNING: All log messages before absl::InitializeLog() is called are written to STDERR
I0000 00:00:1778801122.215040 3204086 cpu_feature_guard.cc:227] This TensorFlow binary is optimized to use available CPU instructions in performance-critical operations.
To enable the following instructions: AVX2 FMA, in other operations, rebuild TensorFlow with the appropriate compiler flags.
[2026-05-15 08:25:23] loading train split=/home/min/Workspace/Graduate-Project/Falling-Model-Development/dataset/splits_v2_filtered/train.csv
[2026-05-15 08:25:36] train rows=1,274,014 videos=6,344 features=27 data_scope=all
[2026-05-15 08:25:36] loading val split=/home/min/Workspace/Graduate-Project/Falling-Model-Development/dataset/splits_v2_filtered/val.csv
[2026-05-15 08:25:40] val rows=363,918 videos=1,811 features=27 data_scope=all
[2026-05-15 08:25:40] loading test split=/home/min/Workspace/Graduate-Project/Falling-Model-Development/dataset/splits_v2_filtered/test.csv
[2026-05-15 08:25:42] test rows=182,782 videos=911 features=27 data_scope=all
[2026-05-15 08:25:57] train windows=370,921 positive=224,347 videos=6,344
[2026-05-15 08:26:02] val windows=147,859 positive=64,446 videos=1,811
[2026-05-15 08:26:05] test windows=74,372 positive=32,532 videos=911
I0000 00:00:1778801171.859312 3204086 gpu_device.cc:2043] Created device /job:localhost/replica:0/task:0/device:GPU:0 with 6068 MB memory:  -> device: 0, name: NVIDIA GeForce RTX 2060 SUPER, pci bus id: 0000:05:00.0, compute capability: 7.5
W0000 00:00:1778801173.309132 3204086 cpu_allocator_impl.cc:82] Allocation of 1602378720 exceeds 10% of free system memory.
W0000 00:00:1778801174.737999 3204086 cpu_allocator_impl.cc:82] Allocation of 1602378720 exceeds 10% of free system memory.
W0000 00:00:1778801177.692000 3204086 cpu_allocator_impl.cc:82] Allocation of 1602378720 exceeds 10% of free system memory.
I0000 00:00:1778801180.215374 3204637 cuda_dnn.cc:461] Loaded cuDNN version 92200
W0000 00:00:1778802472.982057 3204086 cpu_allocator_impl.cc:82] Allocation of 1602378720 exceeds 10% of free system memory.
W0000 00:00:1778802474.395829 3204086 cpu_allocator_impl.cc:82] Allocation of 1602378720 exceeds 10% of free system memory.
[2026-05-15 08:48:51] video-level val: videos=1811 f1=0.9651 recall=0.9752 fall_prec=0.9551 nfall_prec=0.9270 min_prec=0.9270 min_consecutive=5
[2026-05-15 08:48:52] video-level test: videos=911 f1=0.9680 recall=0.9775 fall_prec=0.9588 nfall_prec=0.9353 min_prec=0.9353 min_consecutive=5
[2026-05-15 08:48:52] === VAL VIDEO-LEVEL REPORT ===
              precision    recall  f1-score   support

           0     0.9270    0.8729    0.8991       480
           1     0.9551    0.9752    0.9651      1331

    accuracy                         0.9481      1811
   macro avg     0.9411    0.9241    0.9321      1811
weighted avg     0.9477    0.9481    0.9476      1811

[2026-05-15 08:48:52] === TEST VIDEO-LEVEL REPORT ===
              precision    recall  f1-score   support

           0     0.9353    0.8857    0.9099       245
           1     0.9588    0.9775    0.9680       666

    accuracy                         0.9528       911
   macro avg     0.9471    0.9316    0.9389       911
weighted avg     0.9525    0.9528    0.9524       911

[2026-05-15 08:48:52] tflite export subprocess exit=0
[2026-05-15 08:48:52]   [tflite] P5-v01: no metrics.json, skip
[2026-05-15 08:48:52]   [tflite] 
[2026-05-15 08:48:52]   [tflite] Done.
[2026-05-15 08:48:52] done P5-v01 val_f1=0.8951 (video=0.9651) test_f1=0.8994 (video=0.9680) test_min_prec=0.9353 threshold=0.750 min_consecutive=5
