[2026-05-15 08:25:21] === Phase 5: Compact Quantizable GRU (STM32 배포 최적화) ===
[2026-05-15 08:25:21] START P5-v01
[2026-05-15 08:48:53] OK    P5-v01
[2026-05-15 08:48:53] START P5-v02
[2026-05-15 09:10:55] OK    P5-v02
[2026-05-15 09:10:55] START P5-v03
[2026-05-15 09:37:40] OK    P5-v03
[2026-05-15 09:37:40] START P5-v04
[2026-05-15 09:55:55] OK    P5-v04
[2026-05-15 09:55:55] START P5-v05
[2026-05-15 10:18:00] OK    P5-v05
[2026-05-15 10:18:00] START P5-v06
[2026-05-15 10:42:07] OK    P5-v06
[2026-05-15 10:42:07] All Phase 5 experiments complete.
=== PHASE 5 RESULTS (Compact Unidirectional GRU) ===
ID       Units      KP       Focal   testF1   NFallP   MinP    INT8_KB
----------------------------------------------------------------------
P5-v01   (128,64)   kp7      no      0.9680   0.9353 0.9353   1219.6 ★ ⚠
P5-v02   (128,64)   kp7      yes     0.9684   0.9633 0.9495      0.0 ★ ?
P5-v03   (128,64)   minimal  no      0.9615   0.9289 0.9289      0.0 ?
P5-v04   (128,64)   minimal  yes     0.9679   0.9280 0.9280      0.0 ?
P5-v05   (64,32)    kp7      yes     0.9650   0.9231 0.9231      0.0 ?
P5-v06   (64,32)    minimal  yes     0.9629   0.9258 0.9258      0.0 ?
[2026-05-15 10:42:08] Phase 5 summary written to results/gru_phase5_compact/summary.log
