WARNING: All log messages before absl::InitializeLog() is called are written to STDERR
I0000 00:00:1778855603.868795  306521 cpu_feature_guard.cc:227] This TensorFlow binary is optimized to use available CPU instructions in performance-critical operations.
To enable the following instructions: AVX2 FMA, in other operations, rebuild TensorFlow with the appropriate compiler flags.
[2026-05-15 23:33:25] loading train split=/home/min/Workspace/Graduate-Project/Falling-Model-Development/dataset/splits_v2_filtered/train.csv
[2026-05-15 23:33:37] train rows=1,274,014 videos=6,344 features=27 data_scope=all
[2026-05-15 23:33:37] loading val split=/home/min/Workspace/Graduate-Project/Falling-Model-Development/dataset/splits_v2_filtered/val.csv
[2026-05-15 23:33:41] val rows=363,918 videos=1,811 features=27 data_scope=all
[2026-05-15 23:33:41] loading test split=/home/min/Workspace/Graduate-Project/Falling-Model-Development/dataset/splits_v2_filtered/test.csv
[2026-05-15 23:33:43] test rows=182,782 videos=911 features=27 data_scope=all
[2026-05-15 23:33:58] train windows=370,921 positive=224,347 videos=6,344
[2026-05-15 23:34:02] val windows=74,251 positive=32,590 videos=1,811
[2026-05-15 23:34:04] test windows=37,351 positive=16,447 videos=911
I0000 00:00:1778855649.435314  306521 gpu_device.cc:2043] Created device /job:localhost/replica:0/task:0/device:GPU:0 with 6096 MB memory:  -> device: 0, name: NVIDIA GeForce RTX 2060 SUPER, pci bus id: 0000:05:00.0, compute capability: 7.5
W0000 00:00:1778855650.944141  306521 cpu_allocator_impl.cc:82] Allocation of 1602378720 exceeds 10% of free system memory.
W0000 00:00:1778855652.344756  306521 cpu_allocator_impl.cc:82] Allocation of 1602378720 exceeds 10% of free system memory.
W0000 00:00:1778855654.617933  306521 cpu_allocator_impl.cc:82] Allocation of 1602378720 exceeds 10% of free system memory.
I0000 00:00:1778855657.194046  307097 cuda_dnn.cc:461] Loaded cuDNN version 92200
W0000 00:00:1778855805.021060  306521 cpu_allocator_impl.cc:82] Allocation of 1602378720 exceeds 10% of free system memory.
W0000 00:00:1778855806.409264  306521 cpu_allocator_impl.cc:82] Allocation of 1602378720 exceeds 10% of free system memory.
[2026-05-15 23:38:08] video-level val: videos=1811 f1=0.9598 fall_recall=0.9587 nfall_recall=0.8917 fall_prec=0.9608 nfall_prec=0.8861 min_pr=0.8861 min_consecutive=7
[2026-05-15 23:38:08] video-level test: videos=911 f1=0.9615 fall_recall=0.9760 nfall_recall=0.8531 fall_prec=0.9475 nfall_prec=0.9289 min_pr=0.8531 min_consecutive=7
[2026-05-15 23:38:09] === VAL VIDEO-LEVEL REPORT ===
              precision    recall  f1-score   support

           0     0.8861    0.8917    0.8889       480
           1     0.9608    0.9587    0.9598      1331

    accuracy                         0.9409      1811
   macro avg     0.9235    0.9252    0.9243      1811
weighted avg     0.9410    0.9409    0.9410      1811

[2026-05-15 23:38:09] === TEST VIDEO-LEVEL REPORT ===
              precision    recall  f1-score   support

           0     0.9289    0.8531    0.8894       245
           1     0.9475    0.9760    0.9615       666

    accuracy                         0.9429       911
   macro avg     0.9382    0.9145    0.9255       911
weighted avg     0.9425    0.9429    0.9421       911

[2026-05-15 23:38:19] tflite export subprocess exit=0
[2026-05-15 23:38:19]   [tflite] [P16-v05]
[2026-05-15 23:38:19]   [tflite]   Loading model.keras ...
[2026-05-15 23:38:19]   [tflite]     rebuilding with unroll=True for TFLite compatibility
[2026-05-15 23:38:19]   [tflite] Saved artifact at '/tmp/tmpfj0nvlnv'. The following endpoints are available:
[2026-05-15 23:38:19]   [tflite] 
[2026-05-15 23:38:19]   [tflite] * Endpoint 'serve'
[2026-05-15 23:38:19]   [tflite]   args_0 (POSITIONAL_ONLY): TensorSpec(shape=(None, 40, 27), dtype=tf.float32, name='pose_sequence')
[2026-05-15 23:38:19]   [tflite] Output Type:
[2026-05-15 23:38:19]   [tflite]   TensorSpec(shape=(None, 2), dtype=tf.float32, name=None)
[2026-05-15 23:38:19]   [tflite] Captures:
[2026-05-15 23:38:19]   [tflite]   137955299497488: TensorSpec(shape=(), dtype=tf.resource, name=None)
[2026-05-15 23:38:19]   [tflite]   137955299498256: TensorSpec(shape=(), dtype=tf.resource, name=None)
[2026-05-15 23:38:19]   [tflite]   137955299498064: TensorSpec(shape=(), dtype=tf.resource, name=None)
[2026-05-15 23:38:19]   [tflite]   137955299498448: TensorSpec(shape=(), dtype=tf.resource, name=None)
[2026-05-15 23:38:19]   [tflite]   137955299496528: TensorSpec(shape=(), dtype=tf.resource, name=None)
[2026-05-15 23:38:19]   [tflite]   137955299498640: TensorSpec(shape=(), dtype=tf.resource, name=None)
[2026-05-15 23:38:19]   [tflite]   137955299499024: TensorSpec(shape=(), dtype=tf.resource, name=None)
[2026-05-15 23:38:19]   [tflite]   137955299498832: TensorSpec(shape=(), dtype=tf.resource, name=None)
[2026-05-15 23:38:19]   [tflite]   137955299497680: TensorSpec(shape=(), dtype=tf.resource, name=None)
[2026-05-15 23:38:19]   [tflite]   137955299499216: TensorSpec(shape=(), dtype=tf.resource, name=None)
[2026-05-15 23:38:19]   [tflite]   137955299499984: TensorSpec(shape=(), dtype=tf.resource, name=None)
[2026-05-15 23:38:19]   [tflite]   137955299501328: TensorSpec(shape=(), dtype=tf.resource, name=None)
[2026-05-15 23:38:19]   [tflite]   137955299500368: TensorSpec(shape=(), dtype=tf.resource, name=None)
[2026-05-15 23:38:19]   [tflite]   137955299500752: TensorSpec(shape=(), dtype=tf.resource, name=None)
[2026-05-15 23:38:19]   [tflite]   137955299500176: TensorSpec(shape=(), dtype=tf.resource, name=None)
[2026-05-15 23:38:19]   [tflite]   137955299501712: TensorSpec(shape=(), dtype=tf.resource, name=None)
[2026-05-15 23:38:19]   [tflite]   137955299501520: TensorSpec(shape=(), dtype=tf.resource, name=None)
[2026-05-15 23:38:19]   [tflite]   137955299502480: TensorSpec(shape=(), dtype=tf.resource, name=None)
[2026-05-15 23:38:19]   [tflite]   137955299499408: TensorSpec(shape=(), dtype=tf.resource, name=None)
[2026-05-15 23:38:19]   [tflite]   137955299501904: TensorSpec(shape=(), dtype=tf.resource, name=None)
[2026-05-15 23:38:19]   [tflite]   137955299502864: TensorSpec(shape=(), dtype=tf.resource, name=None)
[2026-05-15 23:38:19]   [tflite]   137955299503056: TensorSpec(shape=(), dtype=tf.resource, name=None)
[2026-05-15 23:38:19]   [tflite]   137955299501136: TensorSpec(shape=(), dtype=tf.resource, name=None)
[2026-05-15 23:38:19]   [tflite]   137955299503632: TensorSpec(shape=(), dtype=tf.resource, name=None)
[2026-05-15 23:38:19]   [tflite]     fp32 OK (806 KB)
[2026-05-15 23:38:19]   [tflite] Saved artifact at '/tmp/tmpser63m3k'. The following endpoints are available:
[2026-05-15 23:38:19]   [tflite] 
[2026-05-15 23:38:19]   [tflite] * Endpoint 'serve'
[2026-05-15 23:38:19]   [tflite]   args_0 (POSITIONAL_ONLY): TensorSpec(shape=(None, 40, 27), dtype=tf.float32, name='pose_sequence')
[2026-05-15 23:38:19]   [tflite] Output Type:
[2026-05-15 23:38:19]   [tflite]   TensorSpec(shape=(None, 2), dtype=tf.float32, name=None)
[2026-05-15 23:38:19]   [tflite] Captures:
[2026-05-15 23:38:19]   [tflite]   137955299497488: TensorSpec(shape=(), dtype=tf.resource, name=None)
[2026-05-15 23:38:19]   [tflite]   137955299498256: TensorSpec(shape=(), dtype=tf.resource, name=None)
[2026-05-15 23:38:19]   [tflite]   137955299498064: TensorSpec(shape=(), dtype=tf.resource, name=None)
[2026-05-15 23:38:19]   [tflite]   137955299498448: TensorSpec(shape=(), dtype=tf.resource, name=None)
[2026-05-15 23:38:19]   [tflite]   137955299496528: TensorSpec(shape=(), dtype=tf.resource, name=None)
[2026-05-15 23:38:19]   [tflite]   137955299498640: TensorSpec(shape=(), dtype=tf.resource, name=None)
[2026-05-15 23:38:19]   [tflite]   137955299499024: TensorSpec(shape=(), dtype=tf.resource, name=None)
[2026-05-15 23:38:19]   [tflite]   137955299498832: TensorSpec(shape=(), dtype=tf.resource, name=None)
[2026-05-15 23:38:19]   [tflite]   137955299497680: TensorSpec(shape=(), dtype=tf.resource, name=None)
[2026-05-15 23:38:19]   [tflite]   137955299499216: TensorSpec(shape=(), dtype=tf.resource, name=None)
[2026-05-15 23:38:19]   [tflite]   137955299499984: TensorSpec(shape=(), dtype=tf.resource, name=None)
[2026-05-15 23:38:19]   [tflite]   137955299501328: TensorSpec(shape=(), dtype=tf.resource, name=None)
[2026-05-15 23:38:19]   [tflite]   137955299500368: TensorSpec(shape=(), dtype=tf.resource, name=None)
[2026-05-15 23:38:19]   [tflite]   137955299500752: TensorSpec(shape=(), dtype=tf.resource, name=None)
[2026-05-15 23:38:19]   [tflite]   137955299500176: TensorSpec(shape=(), dtype=tf.resource, name=None)
[2026-05-15 23:38:19]   [tflite]   137955299501712: TensorSpec(shape=(), dtype=tf.resource, name=None)
[2026-05-15 23:38:19]   [tflite]   137955299501520: TensorSpec(shape=(), dtype=tf.resource, name=None)
[2026-05-15 23:38:19]   [tflite]   137955299502480: TensorSpec(shape=(), dtype=tf.resource, name=None)
[2026-05-15 23:38:19]   [tflite]   137955299499408: TensorSpec(shape=(), dtype=tf.resource, name=None)
[2026-05-15 23:38:19]   [tflite]   137955299501904: TensorSpec(shape=(), dtype=tf.resource, name=None)
[2026-05-15 23:38:19]   [tflite]   137955299502864: TensorSpec(shape=(), dtype=tf.resource, name=None)
[2026-05-15 23:38:19]   [tflite]   137955299503056: TensorSpec(shape=(), dtype=tf.resource, name=None)
[2026-05-15 23:38:19]   [tflite]   137955299501136: TensorSpec(shape=(), dtype=tf.resource, name=None)
[2026-05-15 23:38:19]   [tflite]   137955299503632: TensorSpec(shape=(), dtype=tf.resource, name=None)
[2026-05-15 23:38:19]   [tflite]     int8 OK (1231 KB)
[2026-05-15 23:38:19]   [tflite] 
[2026-05-15 23:38:19]   [tflite] Done.
/home/min/Workspace/Graduate-Project/Falling-Model-Development/.venv/lib/python3.13/site-packages/tensorflow/lite/python/interpreter.py:457: UserWarning:     Warning: tf.lite.Interpreter is deprecated and is scheduled for deletion in
    TF 2.20. Please use the LiteRT interpreter from the ai_edge_litert package.
    See the [migration guide](https://ai.google.dev/edge/litert/migration)
    for details.
    
  warnings.warn(_INTERPRETER_DELETION_WARNING)
INFO: Created TensorFlow Lite XNNPACK delegate for CPU.
[2026-05-15 23:38:21] done P16-v05 val_f1=0.9011 (video=0.9598) test_f1=0.9025 (video=0.9615) test_min_pr=0.8531 threshold=0.400 min_consecutive=7
