WARNING: All log messages before absl::InitializeLog() is called are written to STDERR
I0000 00:00:1778854292.022333  284343 cpu_feature_guard.cc:227] This TensorFlow binary is optimized to use available CPU instructions in performance-critical operations.
To enable the following instructions: AVX2 FMA, in other operations, rebuild TensorFlow with the appropriate compiler flags.
[2026-05-15 23:11:33] loading train split=/home/min/Workspace/Graduate-Project/Falling-Model-Development/dataset/splits_v2_filtered/train.csv
[2026-05-15 23:11:46] train rows=1,274,014 videos=6,344 features=27 data_scope=all
[2026-05-15 23:11:46] loading val split=/home/min/Workspace/Graduate-Project/Falling-Model-Development/dataset/splits_v2_filtered/val.csv
[2026-05-15 23:11:50] val rows=363,918 videos=1,811 features=27 data_scope=all
[2026-05-15 23:11:50] loading test split=/home/min/Workspace/Graduate-Project/Falling-Model-Development/dataset/splits_v2_filtered/test.csv
[2026-05-15 23:11:51] test rows=182,782 videos=911 features=27 data_scope=all
[2026-05-15 23:12:07] train windows=370,921 positive=224,347 videos=6,344
[2026-05-15 23:12:10] val windows=74,251 positive=32,590 videos=1,811
[2026-05-15 23:12:12] test windows=37,351 positive=16,447 videos=911
I0000 00:00:1778854337.801081  284343 gpu_device.cc:2043] Created device /job:localhost/replica:0/task:0/device:GPU:0 with 6102 MB memory:  -> device: 0, name: NVIDIA GeForce RTX 2060 SUPER, pci bus id: 0000:05:00.0, compute capability: 7.5
W0000 00:00:1778854339.282535  284343 cpu_allocator_impl.cc:82] Allocation of 1602378720 exceeds 10% of free system memory.
W0000 00:00:1778854340.665407  284343 cpu_allocator_impl.cc:82] Allocation of 1602378720 exceeds 10% of free system memory.
W0000 00:00:1778854342.968330  284343 cpu_allocator_impl.cc:82] Allocation of 1602378720 exceeds 10% of free system memory.
I0000 00:00:1778854345.513783  284821 cuda_dnn.cc:461] Loaded cuDNN version 92200
W0000 00:00:1778854542.244044  284343 cpu_allocator_impl.cc:82] Allocation of 1602378720 exceeds 10% of free system memory.
W0000 00:00:1778854543.614826  284343 cpu_allocator_impl.cc:82] Allocation of 1602378720 exceeds 10% of free system memory.
[2026-05-15 23:17:06] video-level val: videos=1811 f1=0.9639 fall_recall=0.9639 nfall_recall=0.9000 fall_prec=0.9639 nfall_prec=0.9000 min_pr=0.9000 min_consecutive=5
[2026-05-15 23:17:06] video-level test: videos=911 f1=0.9671 fall_recall=0.9715 nfall_recall=0.8980 fall_prec=0.9628 nfall_prec=0.9205 min_pr=0.8980 min_consecutive=5
[2026-05-15 23:17:06] === VAL VIDEO-LEVEL REPORT ===
              precision    recall  f1-score   support

           0     0.9000    0.9000    0.9000       480
           1     0.9639    0.9639    0.9639      1331

    accuracy                         0.9470      1811
   macro avg     0.9320    0.9320    0.9320      1811
weighted avg     0.9470    0.9470    0.9470      1811

[2026-05-15 23:17:06] === TEST VIDEO-LEVEL REPORT ===
              precision    recall  f1-score   support

           0     0.9205    0.8980    0.9091       245
           1     0.9628    0.9715    0.9671       666

    accuracy                         0.9517       911
   macro avg     0.9416    0.9347    0.9381       911
weighted avg     0.9514    0.9517    0.9515       911

[2026-05-15 23:17:17] tflite export subprocess exit=0
[2026-05-15 23:17:17]   [tflite] [P16-v01]
[2026-05-15 23:17:17]   [tflite]   Loading model.keras ...
[2026-05-15 23:17:17]   [tflite]     rebuilding with unroll=True for TFLite compatibility
[2026-05-15 23:17:17]   [tflite] Saved artifact at '/tmp/tmpyvabmsl1'. The following endpoints are available:
[2026-05-15 23:17:17]   [tflite] 
[2026-05-15 23:17:17]   [tflite] * Endpoint 'serve'
[2026-05-15 23:17:17]   [tflite]   args_0 (POSITIONAL_ONLY): TensorSpec(shape=(None, 40, 27), dtype=tf.float32, name='pose_sequence')
[2026-05-15 23:17:17]   [tflite] Output Type:
[2026-05-15 23:17:17]   [tflite]   TensorSpec(shape=(None, 2), dtype=tf.float32, name=None)
[2026-05-15 23:17:17]   [tflite] Captures:
[2026-05-15 23:17:17]   [tflite]   125874399598480: TensorSpec(shape=(), dtype=tf.resource, name=None)
[2026-05-15 23:17:17]   [tflite]   125874399599248: TensorSpec(shape=(), dtype=tf.resource, name=None)
[2026-05-15 23:17:17]   [tflite]   125874399599056: TensorSpec(shape=(), dtype=tf.resource, name=None)
[2026-05-15 23:17:17]   [tflite]   125874399599440: TensorSpec(shape=(), dtype=tf.resource, name=None)
[2026-05-15 23:17:17]   [tflite]   125874399597520: TensorSpec(shape=(), dtype=tf.resource, name=None)
[2026-05-15 23:17:17]   [tflite]   125874399599632: TensorSpec(shape=(), dtype=tf.resource, name=None)
[2026-05-15 23:17:17]   [tflite]   125874399600016: TensorSpec(shape=(), dtype=tf.resource, name=None)
[2026-05-15 23:17:17]   [tflite]   125874399599824: TensorSpec(shape=(), dtype=tf.resource, name=None)
[2026-05-15 23:17:17]   [tflite]   125874399598672: TensorSpec(shape=(), dtype=tf.resource, name=None)
[2026-05-15 23:17:17]   [tflite]   125874399600208: TensorSpec(shape=(), dtype=tf.resource, name=None)
[2026-05-15 23:17:17]   [tflite]   125874399600976: TensorSpec(shape=(), dtype=tf.resource, name=None)
[2026-05-15 23:17:17]   [tflite]   125874399602320: TensorSpec(shape=(), dtype=tf.resource, name=None)
[2026-05-15 23:17:17]   [tflite]   125874399601360: TensorSpec(shape=(), dtype=tf.resource, name=None)
[2026-05-15 23:17:17]   [tflite]   125874399601744: TensorSpec(shape=(), dtype=tf.resource, name=None)
[2026-05-15 23:17:17]   [tflite]   125874399601168: TensorSpec(shape=(), dtype=tf.resource, name=None)
[2026-05-15 23:17:17]   [tflite]   125874399602704: TensorSpec(shape=(), dtype=tf.resource, name=None)
[2026-05-15 23:17:17]   [tflite]   125874399602512: TensorSpec(shape=(), dtype=tf.resource, name=None)
[2026-05-15 23:17:17]   [tflite]   125874399603472: TensorSpec(shape=(), dtype=tf.resource, name=None)
[2026-05-15 23:17:17]   [tflite]   125874399600400: TensorSpec(shape=(), dtype=tf.resource, name=None)
[2026-05-15 23:17:17]   [tflite]   125874399602896: TensorSpec(shape=(), dtype=tf.resource, name=None)
[2026-05-15 23:17:17]   [tflite]   125874399603856: TensorSpec(shape=(), dtype=tf.resource, name=None)
[2026-05-15 23:17:17]   [tflite]   125874399604048: TensorSpec(shape=(), dtype=tf.resource, name=None)
[2026-05-15 23:17:17]   [tflite]   125874399602128: TensorSpec(shape=(), dtype=tf.resource, name=None)
[2026-05-15 23:17:17]   [tflite]   125874399604624: TensorSpec(shape=(), dtype=tf.resource, name=None)
[2026-05-15 23:17:17]   [tflite]     fp32 OK (806 KB)
[2026-05-15 23:17:17]   [tflite] Saved artifact at '/tmp/tmpjnmse2ry'. The following endpoints are available:
[2026-05-15 23:17:17]   [tflite] 
[2026-05-15 23:17:17]   [tflite] * Endpoint 'serve'
[2026-05-15 23:17:17]   [tflite]   args_0 (POSITIONAL_ONLY): TensorSpec(shape=(None, 40, 27), dtype=tf.float32, name='pose_sequence')
[2026-05-15 23:17:17]   [tflite] Output Type:
[2026-05-15 23:17:17]   [tflite]   TensorSpec(shape=(None, 2), dtype=tf.float32, name=None)
[2026-05-15 23:17:17]   [tflite] Captures:
[2026-05-15 23:17:17]   [tflite]   125874399598480: TensorSpec(shape=(), dtype=tf.resource, name=None)
[2026-05-15 23:17:17]   [tflite]   125874399599248: TensorSpec(shape=(), dtype=tf.resource, name=None)
[2026-05-15 23:17:17]   [tflite]   125874399599056: TensorSpec(shape=(), dtype=tf.resource, name=None)
[2026-05-15 23:17:17]   [tflite]   125874399599440: TensorSpec(shape=(), dtype=tf.resource, name=None)
[2026-05-15 23:17:17]   [tflite]   125874399597520: TensorSpec(shape=(), dtype=tf.resource, name=None)
[2026-05-15 23:17:17]   [tflite]   125874399599632: TensorSpec(shape=(), dtype=tf.resource, name=None)
[2026-05-15 23:17:17]   [tflite]   125874399600016: TensorSpec(shape=(), dtype=tf.resource, name=None)
[2026-05-15 23:17:17]   [tflite]   125874399599824: TensorSpec(shape=(), dtype=tf.resource, name=None)
[2026-05-15 23:17:17]   [tflite]   125874399598672: TensorSpec(shape=(), dtype=tf.resource, name=None)
[2026-05-15 23:17:17]   [tflite]   125874399600208: TensorSpec(shape=(), dtype=tf.resource, name=None)
[2026-05-15 23:17:17]   [tflite]   125874399600976: TensorSpec(shape=(), dtype=tf.resource, name=None)
[2026-05-15 23:17:17]   [tflite]   125874399602320: TensorSpec(shape=(), dtype=tf.resource, name=None)
[2026-05-15 23:17:17]   [tflite]   125874399601360: TensorSpec(shape=(), dtype=tf.resource, name=None)
[2026-05-15 23:17:17]   [tflite]   125874399601744: TensorSpec(shape=(), dtype=tf.resource, name=None)
[2026-05-15 23:17:17]   [tflite]   125874399601168: TensorSpec(shape=(), dtype=tf.resource, name=None)
[2026-05-15 23:17:17]   [tflite]   125874399602704: TensorSpec(shape=(), dtype=tf.resource, name=None)
[2026-05-15 23:17:17]   [tflite]   125874399602512: TensorSpec(shape=(), dtype=tf.resource, name=None)
[2026-05-15 23:17:17]   [tflite]   125874399603472: TensorSpec(shape=(), dtype=tf.resource, name=None)
[2026-05-15 23:17:17]   [tflite]   125874399600400: TensorSpec(shape=(), dtype=tf.resource, name=None)
[2026-05-15 23:17:17]   [tflite]   125874399602896: TensorSpec(shape=(), dtype=tf.resource, name=None)
[2026-05-15 23:17:17]   [tflite]   125874399603856: TensorSpec(shape=(), dtype=tf.resource, name=None)
[2026-05-15 23:17:17]   [tflite]   125874399604048: TensorSpec(shape=(), dtype=tf.resource, name=None)
[2026-05-15 23:17:17]   [tflite]   125874399602128: TensorSpec(shape=(), dtype=tf.resource, name=None)
[2026-05-15 23:17:17]   [tflite]   125874399604624: TensorSpec(shape=(), dtype=tf.resource, name=None)
[2026-05-15 23:17:17]   [tflite]     int8 OK (1236 KB)
[2026-05-15 23:17:17]   [tflite] 
[2026-05-15 23:17:17]   [tflite] Done.
/home/min/Workspace/Graduate-Project/Falling-Model-Development/.venv/lib/python3.13/site-packages/tensorflow/lite/python/interpreter.py:457: UserWarning:     Warning: tf.lite.Interpreter is deprecated and is scheduled for deletion in
    TF 2.20. Please use the LiteRT interpreter from the ai_edge_litert package.
    See the [migration guide](https://ai.google.dev/edge/litert/migration)
    for details.
    
  warnings.warn(_INTERPRETER_DELETION_WARNING)
INFO: Created TensorFlow Lite XNNPACK delegate for CPU.
[2026-05-15 23:17:18] done P16-v01 val_f1=0.8918 (video=0.9639) test_f1=0.8984 (video=0.9671) test_min_pr=0.8980 threshold=0.450 min_consecutive=5
