WARNING: All log messages before absl::InitializeLog() is called are written to STDERR
I0000 00:00:1778855902.866432  310814 cpu_feature_guard.cc:227] This TensorFlow binary is optimized to use available CPU instructions in performance-critical operations.
To enable the following instructions: AVX2 FMA, in other operations, rebuild TensorFlow with the appropriate compiler flags.
[2026-05-15 23:38:24] loading train split=/home/min/Workspace/Graduate-Project/Falling-Model-Development/dataset/splits_v2_filtered/train.csv
[2026-05-15 23:38:37] train rows=1,274,014 videos=6,344 features=27 data_scope=all
[2026-05-15 23:38:37] loading val split=/home/min/Workspace/Graduate-Project/Falling-Model-Development/dataset/splits_v2_filtered/val.csv
[2026-05-15 23:38:40] val rows=363,918 videos=1,811 features=27 data_scope=all
[2026-05-15 23:38:40] loading test split=/home/min/Workspace/Graduate-Project/Falling-Model-Development/dataset/splits_v2_filtered/test.csv
[2026-05-15 23:38:42] test rows=182,782 videos=911 features=27 data_scope=all
[2026-05-15 23:38:57] train windows=370,921 positive=224,347 videos=6,344
[2026-05-15 23:39:01] val windows=74,251 positive=32,590 videos=1,811
[2026-05-15 23:39:03] test windows=37,351 positive=16,447 videos=911
I0000 00:00:1778855948.443098  310814 gpu_device.cc:2043] Created device /job:localhost/replica:0/task:0/device:GPU:0 with 6096 MB memory:  -> device: 0, name: NVIDIA GeForce RTX 2060 SUPER, pci bus id: 0000:05:00.0, compute capability: 7.5
W0000 00:00:1778855949.957141  310814 cpu_allocator_impl.cc:82] Allocation of 1602378720 exceeds 10% of free system memory.
W0000 00:00:1778855951.353765  310814 cpu_allocator_impl.cc:82] Allocation of 1602378720 exceeds 10% of free system memory.
W0000 00:00:1778855953.666976  310814 cpu_allocator_impl.cc:82] Allocation of 1602378720 exceeds 10% of free system memory.
I0000 00:00:1778855956.249167  311340 cuda_dnn.cc:461] Loaded cuDNN version 92200
W0000 00:00:1778856148.434062  310814 cpu_allocator_impl.cc:82] Allocation of 1602378720 exceeds 10% of free system memory.
W0000 00:00:1778856149.813207  310814 cpu_allocator_impl.cc:82] Allocation of 1602378720 exceeds 10% of free system memory.
[2026-05-15 23:43:51] video-level val: videos=1811 f1=0.9594 fall_recall=0.9587 nfall_recall=0.8896 fall_prec=0.9601 nfall_prec=0.8859 min_pr=0.8859 min_consecutive=3
[2026-05-15 23:43:52] video-level test: videos=911 f1=0.9649 fall_recall=0.9700 nfall_recall=0.8898 fall_prec=0.9599 nfall_prec=0.9160 min_pr=0.8898 min_consecutive=3
[2026-05-15 23:43:52] === VAL VIDEO-LEVEL REPORT ===
              precision    recall  f1-score   support

           0     0.8859    0.8896    0.8877       480
           1     0.9601    0.9587    0.9594      1331

    accuracy                         0.9404      1811
   macro avg     0.9230    0.9241    0.9236      1811
weighted avg     0.9404    0.9404    0.9404      1811

[2026-05-15 23:43:52] === TEST VIDEO-LEVEL REPORT ===
              precision    recall  f1-score   support

           0     0.9160    0.8898    0.9027       245
           1     0.9599    0.9700    0.9649       666

    accuracy                         0.9484       911
   macro avg     0.9379    0.9299    0.9338       911
weighted avg     0.9481    0.9484    0.9482       911

[2026-05-15 23:44:02] tflite export subprocess exit=0
[2026-05-15 23:44:02]   [tflite] [P16-v06]
[2026-05-15 23:44:02]   [tflite]   Loading model.keras ...
[2026-05-15 23:44:02]   [tflite]     rebuilding with unroll=True for TFLite compatibility
[2026-05-15 23:44:02]   [tflite] Saved artifact at '/tmp/tmpvnkwah0q'. The following endpoints are available:
[2026-05-15 23:44:02]   [tflite] 
[2026-05-15 23:44:02]   [tflite] * Endpoint 'serve'
[2026-05-15 23:44:02]   [tflite]   args_0 (POSITIONAL_ONLY): TensorSpec(shape=(None, 40, 27), dtype=tf.float32, name='pose_sequence')
[2026-05-15 23:44:02]   [tflite] Output Type:
[2026-05-15 23:44:02]   [tflite]   TensorSpec(shape=(None, 2), dtype=tf.float32, name=None)
[2026-05-15 23:44:02]   [tflite] Captures:
[2026-05-15 23:44:02]   [tflite]   139594917844496: TensorSpec(shape=(), dtype=tf.resource, name=None)
[2026-05-15 23:44:02]   [tflite]   139594917845264: TensorSpec(shape=(), dtype=tf.resource, name=None)
[2026-05-15 23:44:02]   [tflite]   139594917845072: TensorSpec(shape=(), dtype=tf.resource, name=None)
[2026-05-15 23:44:02]   [tflite]   139594917845456: TensorSpec(shape=(), dtype=tf.resource, name=None)
[2026-05-15 23:44:02]   [tflite]   139594917843536: TensorSpec(shape=(), dtype=tf.resource, name=None)
[2026-05-15 23:44:02]   [tflite]   139594917845648: TensorSpec(shape=(), dtype=tf.resource, name=None)
[2026-05-15 23:44:02]   [tflite]   139594917846032: TensorSpec(shape=(), dtype=tf.resource, name=None)
[2026-05-15 23:44:02]   [tflite]   139594917845840: TensorSpec(shape=(), dtype=tf.resource, name=None)
[2026-05-15 23:44:02]   [tflite]   139594917844688: TensorSpec(shape=(), dtype=tf.resource, name=None)
[2026-05-15 23:44:02]   [tflite]   139594917846224: TensorSpec(shape=(), dtype=tf.resource, name=None)
[2026-05-15 23:44:02]   [tflite]   139594917846992: TensorSpec(shape=(), dtype=tf.resource, name=None)
[2026-05-15 23:44:02]   [tflite]   139594917848336: TensorSpec(shape=(), dtype=tf.resource, name=None)
[2026-05-15 23:44:02]   [tflite]   139594917847376: TensorSpec(shape=(), dtype=tf.resource, name=None)
[2026-05-15 23:44:02]   [tflite]   139594917847760: TensorSpec(shape=(), dtype=tf.resource, name=None)
[2026-05-15 23:44:02]   [tflite]   139594917847184: TensorSpec(shape=(), dtype=tf.resource, name=None)
[2026-05-15 23:44:02]   [tflite]   139594917848720: TensorSpec(shape=(), dtype=tf.resource, name=None)
[2026-05-15 23:44:02]   [tflite]   139594917848528: TensorSpec(shape=(), dtype=tf.resource, name=None)
[2026-05-15 23:44:02]   [tflite]   139594917849488: TensorSpec(shape=(), dtype=tf.resource, name=None)
[2026-05-15 23:44:02]   [tflite]   139594917846416: TensorSpec(shape=(), dtype=tf.resource, name=None)
[2026-05-15 23:44:02]   [tflite]   139594917848912: TensorSpec(shape=(), dtype=tf.resource, name=None)
[2026-05-15 23:44:02]   [tflite]   139594917849872: TensorSpec(shape=(), dtype=tf.resource, name=None)
[2026-05-15 23:44:02]   [tflite]   139594917850064: TensorSpec(shape=(), dtype=tf.resource, name=None)
[2026-05-15 23:44:02]   [tflite]   139594917848144: TensorSpec(shape=(), dtype=tf.resource, name=None)
[2026-05-15 23:44:02]   [tflite]   139594917850640: TensorSpec(shape=(), dtype=tf.resource, name=None)
[2026-05-15 23:44:02]   [tflite]     fp32 OK (806 KB)
[2026-05-15 23:44:02]   [tflite] Saved artifact at '/tmp/tmpty0bamm9'. The following endpoints are available:
[2026-05-15 23:44:02]   [tflite] 
[2026-05-15 23:44:02]   [tflite] * Endpoint 'serve'
[2026-05-15 23:44:02]   [tflite]   args_0 (POSITIONAL_ONLY): TensorSpec(shape=(None, 40, 27), dtype=tf.float32, name='pose_sequence')
[2026-05-15 23:44:02]   [tflite] Output Type:
[2026-05-15 23:44:02]   [tflite]   TensorSpec(shape=(None, 2), dtype=tf.float32, name=None)
[2026-05-15 23:44:02]   [tflite] Captures:
[2026-05-15 23:44:02]   [tflite]   139594917844496: TensorSpec(shape=(), dtype=tf.resource, name=None)
[2026-05-15 23:44:02]   [tflite]   139594917845264: TensorSpec(shape=(), dtype=tf.resource, name=None)
[2026-05-15 23:44:02]   [tflite]   139594917845072: TensorSpec(shape=(), dtype=tf.resource, name=None)
[2026-05-15 23:44:02]   [tflite]   139594917845456: TensorSpec(shape=(), dtype=tf.resource, name=None)
[2026-05-15 23:44:02]   [tflite]   139594917843536: TensorSpec(shape=(), dtype=tf.resource, name=None)
[2026-05-15 23:44:02]   [tflite]   139594917845648: TensorSpec(shape=(), dtype=tf.resource, name=None)
[2026-05-15 23:44:02]   [tflite]   139594917846032: TensorSpec(shape=(), dtype=tf.resource, name=None)
[2026-05-15 23:44:02]   [tflite]   139594917845840: TensorSpec(shape=(), dtype=tf.resource, name=None)
[2026-05-15 23:44:02]   [tflite]   139594917844688: TensorSpec(shape=(), dtype=tf.resource, name=None)
[2026-05-15 23:44:02]   [tflite]   139594917846224: TensorSpec(shape=(), dtype=tf.resource, name=None)
[2026-05-15 23:44:02]   [tflite]   139594917846992: TensorSpec(shape=(), dtype=tf.resource, name=None)
[2026-05-15 23:44:02]   [tflite]   139594917848336: TensorSpec(shape=(), dtype=tf.resource, name=None)
[2026-05-15 23:44:02]   [tflite]   139594917847376: TensorSpec(shape=(), dtype=tf.resource, name=None)
[2026-05-15 23:44:02]   [tflite]   139594917847760: TensorSpec(shape=(), dtype=tf.resource, name=None)
[2026-05-15 23:44:02]   [tflite]   139594917847184: TensorSpec(shape=(), dtype=tf.resource, name=None)
[2026-05-15 23:44:02]   [tflite]   139594917848720: TensorSpec(shape=(), dtype=tf.resource, name=None)
[2026-05-15 23:44:02]   [tflite]   139594917848528: TensorSpec(shape=(), dtype=tf.resource, name=None)
[2026-05-15 23:44:02]   [tflite]   139594917849488: TensorSpec(shape=(), dtype=tf.resource, name=None)
[2026-05-15 23:44:02]   [tflite]   139594917846416: TensorSpec(shape=(), dtype=tf.resource, name=None)
[2026-05-15 23:44:02]   [tflite]   139594917848912: TensorSpec(shape=(), dtype=tf.resource, name=None)
[2026-05-15 23:44:02]   [tflite]   139594917849872: TensorSpec(shape=(), dtype=tf.resource, name=None)
[2026-05-15 23:44:02]   [tflite]   139594917850064: TensorSpec(shape=(), dtype=tf.resource, name=None)
[2026-05-15 23:44:02]   [tflite]   139594917848144: TensorSpec(shape=(), dtype=tf.resource, name=None)
[2026-05-15 23:44:02]   [tflite]   139594917850640: TensorSpec(shape=(), dtype=tf.resource, name=None)
[2026-05-15 23:44:02]   [tflite]     int8 OK (1230 KB)
[2026-05-15 23:44:02]   [tflite] 
[2026-05-15 23:44:02]   [tflite] Done.
/home/min/Workspace/Graduate-Project/Falling-Model-Development/.venv/lib/python3.13/site-packages/tensorflow/lite/python/interpreter.py:457: UserWarning:     Warning: tf.lite.Interpreter is deprecated and is scheduled for deletion in
    TF 2.20. Please use the LiteRT interpreter from the ai_edge_litert package.
    See the [migration guide](https://ai.google.dev/edge/litert/migration)
    for details.
    
  warnings.warn(_INTERPRETER_DELETION_WARNING)
INFO: Created TensorFlow Lite XNNPACK delegate for CPU.
[2026-05-15 23:44:04] done P16-v06 val_f1=0.8698 (video=0.9594) test_f1=0.8797 (video=0.9649) test_min_pr=0.8898 threshold=0.500 min_consecutive=3
