WARNING: All log messages before absl::InitializeLog() is called are written to STDERR
I0000 00:00:1778855324.966255  301638 cpu_feature_guard.cc:227] This TensorFlow binary is optimized to use available CPU instructions in performance-critical operations.
To enable the following instructions: AVX2 FMA, in other operations, rebuild TensorFlow with the appropriate compiler flags.
[2026-05-15 23:28:46] loading train split=/home/min/Workspace/Graduate-Project/Falling-Model-Development/dataset/splits_v2_filtered/train.csv
[2026-05-15 23:28:59] train rows=1,274,014 videos=6,344 features=27 data_scope=all
[2026-05-15 23:28:59] loading val split=/home/min/Workspace/Graduate-Project/Falling-Model-Development/dataset/splits_v2_filtered/val.csv
[2026-05-15 23:29:02] val rows=363,918 videos=1,811 features=27 data_scope=all
[2026-05-15 23:29:02] loading test split=/home/min/Workspace/Graduate-Project/Falling-Model-Development/dataset/splits_v2_filtered/test.csv
[2026-05-15 23:29:04] test rows=182,782 videos=911 features=27 data_scope=all
[2026-05-15 23:29:19] train windows=370,921 positive=224,347 videos=6,344
[2026-05-15 23:29:23] val windows=74,251 positive=32,590 videos=1,811
[2026-05-15 23:29:24] test windows=37,351 positive=16,447 videos=911
I0000 00:00:1778855370.370136  301638 gpu_device.cc:2043] Created device /job:localhost/replica:0/task:0/device:GPU:0 with 6103 MB memory:  -> device: 0, name: NVIDIA GeForce RTX 2060 SUPER, pci bus id: 0000:05:00.0, compute capability: 7.5
W0000 00:00:1778855371.979154  301638 cpu_allocator_impl.cc:82] Allocation of 1602378720 exceeds 10% of free system memory.
W0000 00:00:1778855373.417952  301638 cpu_allocator_impl.cc:82] Allocation of 1602378720 exceeds 10% of free system memory.
W0000 00:00:1778855375.822917  301638 cpu_allocator_impl.cc:82] Allocation of 1602378720 exceeds 10% of free system memory.
I0000 00:00:1778855378.592030  302094 cuda_dnn.cc:461] Loaded cuDNN version 92200
W0000 00:00:1778855505.235731  301638 cpu_allocator_impl.cc:82] Allocation of 1602378720 exceeds 10% of free system memory.
W0000 00:00:1778855506.635706  301638 cpu_allocator_impl.cc:82] Allocation of 1602378720 exceeds 10% of free system memory.
[2026-05-15 23:33:09] video-level val: videos=1811 f1=0.9590 fall_recall=0.9579 nfall_recall=0.8896 fall_prec=0.9601 nfall_prec=0.8841 min_pr=0.8841 min_consecutive=2
[2026-05-15 23:33:09] video-level test: videos=911 f1=0.9650 fall_recall=0.9730 nfall_recall=0.8816 fall_prec=0.9572 nfall_prec=0.9231 min_pr=0.8816 min_consecutive=2
[2026-05-15 23:33:09] === VAL VIDEO-LEVEL REPORT ===
              precision    recall  f1-score   support

           0     0.8841    0.8896    0.8868       480
           1     0.9601    0.9579    0.9590      1331

    accuracy                         0.9398      1811
   macro avg     0.9221    0.9238    0.9229      1811
weighted avg     0.9399    0.9398    0.9399      1811

[2026-05-15 23:33:09] === TEST VIDEO-LEVEL REPORT ===
              precision    recall  f1-score   support

           0     0.9231    0.8816    0.9019       245
           1     0.9572    0.9730    0.9650       666

    accuracy                         0.9484       911
   macro avg     0.9401    0.9273    0.9334       911
weighted avg     0.9480    0.9484    0.9480       911

[2026-05-15 23:33:20] tflite export subprocess exit=0
[2026-05-15 23:33:20]   [tflite] [P16-v04]
[2026-05-15 23:33:20]   [tflite]   Loading model.keras ...
[2026-05-15 23:33:20]   [tflite]     rebuilding with unroll=True for TFLite compatibility
[2026-05-15 23:33:20]   [tflite] Saved artifact at '/tmp/tmp1v1flr3a'. The following endpoints are available:
[2026-05-15 23:33:20]   [tflite] 
[2026-05-15 23:33:20]   [tflite] * Endpoint 'serve'
[2026-05-15 23:33:20]   [tflite]   args_0 (POSITIONAL_ONLY): TensorSpec(shape=(None, 40, 27), dtype=tf.float32, name='pose_sequence')
[2026-05-15 23:33:20]   [tflite] Output Type:
[2026-05-15 23:33:20]   [tflite]   TensorSpec(shape=(None, 2), dtype=tf.float32, name=None)
[2026-05-15 23:33:20]   [tflite] Captures:
[2026-05-15 23:33:20]   [tflite]   133971771807248: TensorSpec(shape=(), dtype=tf.resource, name=None)
[2026-05-15 23:33:20]   [tflite]   133971771808016: TensorSpec(shape=(), dtype=tf.resource, name=None)
[2026-05-15 23:33:20]   [tflite]   133971771807824: TensorSpec(shape=(), dtype=tf.resource, name=None)
[2026-05-15 23:33:20]   [tflite]   133971771808208: TensorSpec(shape=(), dtype=tf.resource, name=None)
[2026-05-15 23:33:20]   [tflite]   133971771806288: TensorSpec(shape=(), dtype=tf.resource, name=None)
[2026-05-15 23:33:20]   [tflite]   133971771808400: TensorSpec(shape=(), dtype=tf.resource, name=None)
[2026-05-15 23:33:20]   [tflite]   133971771808784: TensorSpec(shape=(), dtype=tf.resource, name=None)
[2026-05-15 23:33:20]   [tflite]   133971771808592: TensorSpec(shape=(), dtype=tf.resource, name=None)
[2026-05-15 23:33:20]   [tflite]   133971771807440: TensorSpec(shape=(), dtype=tf.resource, name=None)
[2026-05-15 23:33:20]   [tflite]   133971771808976: TensorSpec(shape=(), dtype=tf.resource, name=None)
[2026-05-15 23:33:20]   [tflite]   133971771809744: TensorSpec(shape=(), dtype=tf.resource, name=None)
[2026-05-15 23:33:20]   [tflite]   133971771811088: TensorSpec(shape=(), dtype=tf.resource, name=None)
[2026-05-15 23:33:20]   [tflite]   133971771810128: TensorSpec(shape=(), dtype=tf.resource, name=None)
[2026-05-15 23:33:20]   [tflite]   133971771810512: TensorSpec(shape=(), dtype=tf.resource, name=None)
[2026-05-15 23:33:20]   [tflite]   133971771809936: TensorSpec(shape=(), dtype=tf.resource, name=None)
[2026-05-15 23:33:20]   [tflite]   133971771811472: TensorSpec(shape=(), dtype=tf.resource, name=None)
[2026-05-15 23:33:20]   [tflite]   133971771811280: TensorSpec(shape=(), dtype=tf.resource, name=None)
[2026-05-15 23:33:20]   [tflite]   133971771812240: TensorSpec(shape=(), dtype=tf.resource, name=None)
[2026-05-15 23:33:20]   [tflite]   133971771809168: TensorSpec(shape=(), dtype=tf.resource, name=None)
[2026-05-15 23:33:20]   [tflite]   133971771811664: TensorSpec(shape=(), dtype=tf.resource, name=None)
[2026-05-15 23:33:20]   [tflite]   133971771812624: TensorSpec(shape=(), dtype=tf.resource, name=None)
[2026-05-15 23:33:20]   [tflite]   133971771812816: TensorSpec(shape=(), dtype=tf.resource, name=None)
[2026-05-15 23:33:20]   [tflite]   133971771810896: TensorSpec(shape=(), dtype=tf.resource, name=None)
[2026-05-15 23:33:20]   [tflite]   133971771813392: TensorSpec(shape=(), dtype=tf.resource, name=None)
[2026-05-15 23:33:20]   [tflite]     fp32 OK (806 KB)
[2026-05-15 23:33:20]   [tflite] Saved artifact at '/tmp/tmpmsykgehj'. The following endpoints are available:
[2026-05-15 23:33:20]   [tflite] 
[2026-05-15 23:33:20]   [tflite] * Endpoint 'serve'
[2026-05-15 23:33:20]   [tflite]   args_0 (POSITIONAL_ONLY): TensorSpec(shape=(None, 40, 27), dtype=tf.float32, name='pose_sequence')
[2026-05-15 23:33:20]   [tflite] Output Type:
[2026-05-15 23:33:20]   [tflite]   TensorSpec(shape=(None, 2), dtype=tf.float32, name=None)
[2026-05-15 23:33:20]   [tflite] Captures:
[2026-05-15 23:33:20]   [tflite]   133971771807248: TensorSpec(shape=(), dtype=tf.resource, name=None)
[2026-05-15 23:33:20]   [tflite]   133971771808016: TensorSpec(shape=(), dtype=tf.resource, name=None)
[2026-05-15 23:33:20]   [tflite]   133971771807824: TensorSpec(shape=(), dtype=tf.resource, name=None)
[2026-05-15 23:33:20]   [tflite]   133971771808208: TensorSpec(shape=(), dtype=tf.resource, name=None)
[2026-05-15 23:33:20]   [tflite]   133971771806288: TensorSpec(shape=(), dtype=tf.resource, name=None)
[2026-05-15 23:33:20]   [tflite]   133971771808400: TensorSpec(shape=(), dtype=tf.resource, name=None)
[2026-05-15 23:33:20]   [tflite]   133971771808784: TensorSpec(shape=(), dtype=tf.resource, name=None)
[2026-05-15 23:33:20]   [tflite]   133971771808592: TensorSpec(shape=(), dtype=tf.resource, name=None)
[2026-05-15 23:33:20]   [tflite]   133971771807440: TensorSpec(shape=(), dtype=tf.resource, name=None)
[2026-05-15 23:33:20]   [tflite]   133971771808976: TensorSpec(shape=(), dtype=tf.resource, name=None)
[2026-05-15 23:33:20]   [tflite]   133971771809744: TensorSpec(shape=(), dtype=tf.resource, name=None)
[2026-05-15 23:33:20]   [tflite]   133971771811088: TensorSpec(shape=(), dtype=tf.resource, name=None)
[2026-05-15 23:33:20]   [tflite]   133971771810128: TensorSpec(shape=(), dtype=tf.resource, name=None)
[2026-05-15 23:33:20]   [tflite]   133971771810512: TensorSpec(shape=(), dtype=tf.resource, name=None)
[2026-05-15 23:33:20]   [tflite]   133971771809936: TensorSpec(shape=(), dtype=tf.resource, name=None)
[2026-05-15 23:33:20]   [tflite]   133971771811472: TensorSpec(shape=(), dtype=tf.resource, name=None)
[2026-05-15 23:33:20]   [tflite]   133971771811280: TensorSpec(shape=(), dtype=tf.resource, name=None)
[2026-05-15 23:33:20]   [tflite]   133971771812240: TensorSpec(shape=(), dtype=tf.resource, name=None)
[2026-05-15 23:33:20]   [tflite]   133971771809168: TensorSpec(shape=(), dtype=tf.resource, name=None)
[2026-05-15 23:33:20]   [tflite]   133971771811664: TensorSpec(shape=(), dtype=tf.resource, name=None)
[2026-05-15 23:33:20]   [tflite]   133971771812624: TensorSpec(shape=(), dtype=tf.resource, name=None)
[2026-05-15 23:33:20]   [tflite]   133971771812816: TensorSpec(shape=(), dtype=tf.resource, name=None)
[2026-05-15 23:33:20]   [tflite]   133971771810896: TensorSpec(shape=(), dtype=tf.resource, name=None)
[2026-05-15 23:33:20]   [tflite]   133971771813392: TensorSpec(shape=(), dtype=tf.resource, name=None)
[2026-05-15 23:33:20]   [tflite]     int8 OK (1227 KB)
[2026-05-15 23:33:20]   [tflite] 
[2026-05-15 23:33:20]   [tflite] Done.
/home/min/Workspace/Graduate-Project/Falling-Model-Development/.venv/lib/python3.13/site-packages/tensorflow/lite/python/interpreter.py:457: UserWarning:     Warning: tf.lite.Interpreter is deprecated and is scheduled for deletion in
    TF 2.20. Please use the LiteRT interpreter from the ai_edge_litert package.
    See the [migration guide](https://ai.google.dev/edge/litert/migration)
    for details.
    
  warnings.warn(_INTERPRETER_DELETION_WARNING)
INFO: Created TensorFlow Lite XNNPACK delegate for CPU.
[2026-05-15 23:33:22] done P16-v04 val_f1=0.8614 (video=0.9590) test_f1=0.8735 (video=0.9650) test_min_pr=0.8816 threshold=0.525 min_consecutive=2
