WARNING: All log messages before absl::InitializeLog() is called are written to STDERR
I0000 00:00:1778856246.201050  315390 cpu_feature_guard.cc:227] This TensorFlow binary is optimized to use available CPU instructions in performance-critical operations.
To enable the following instructions: AVX2 FMA, in other operations, rebuild TensorFlow with the appropriate compiler flags.
[2026-05-15 23:44:07] loading train split=/home/min/Workspace/Graduate-Project/Falling-Model-Development/dataset/splits_v2_filtered/train.csv
[2026-05-15 23:44:20] train rows=1,274,014 videos=6,344 features=27 data_scope=all
[2026-05-15 23:44:20] loading val split=/home/min/Workspace/Graduate-Project/Falling-Model-Development/dataset/splits_v2_filtered/val.csv
[2026-05-15 23:44:24] val rows=363,918 videos=1,811 features=27 data_scope=all
[2026-05-15 23:44:24] loading test split=/home/min/Workspace/Graduate-Project/Falling-Model-Development/dataset/splits_v2_filtered/test.csv
[2026-05-15 23:44:25] test rows=182,782 videos=911 features=27 data_scope=all
[2026-05-15 23:44:41] train windows=370,921 positive=224,347 videos=6,344
[2026-05-15 23:44:44] val windows=74,251 positive=32,590 videos=1,811
[2026-05-15 23:44:46] test windows=37,351 positive=16,447 videos=911
I0000 00:00:1778856291.853085  315390 gpu_device.cc:2043] Created device /job:localhost/replica:0/task:0/device:GPU:0 with 6102 MB memory:  -> device: 0, name: NVIDIA GeForce RTX 2060 SUPER, pci bus id: 0000:05:00.0, compute capability: 7.5
W0000 00:00:1778856293.332012  315390 cpu_allocator_impl.cc:82] Allocation of 1602378720 exceeds 10% of free system memory.
W0000 00:00:1778856294.717986  315390 cpu_allocator_impl.cc:82] Allocation of 1602378720 exceeds 10% of free system memory.
W0000 00:00:1778856297.007911  315390 cpu_allocator_impl.cc:82] Allocation of 1602378720 exceeds 10% of free system memory.
I0000 00:00:1778856299.597303  315907 cuda_dnn.cc:461] Loaded cuDNN version 92200
W0000 00:00:1778856422.707504  315390 cpu_allocator_impl.cc:82] Allocation of 1602378720 exceeds 10% of free system memory.
W0000 00:00:1778856424.086143  315390 cpu_allocator_impl.cc:82] Allocation of 1602378720 exceeds 10% of free system memory.
[2026-05-15 23:48:26] video-level val: videos=1811 f1=0.9614 fall_recall=0.9624 nfall_recall=0.8896 fall_prec=0.9603 nfall_prec=0.8952 min_pr=0.8896 min_consecutive=4
[2026-05-15 23:48:26] video-level test: videos=911 f1=0.9614 fall_recall=0.9715 nfall_recall=0.8653 fall_prec=0.9515 nfall_prec=0.9177 min_pr=0.8653 min_consecutive=4
[2026-05-15 23:48:26] === VAL VIDEO-LEVEL REPORT ===
              precision    recall  f1-score   support

           0     0.8952    0.8896    0.8924       480
           1     0.9603    0.9624    0.9614      1331

    accuracy                         0.9431      1811
   macro avg     0.9277    0.9260    0.9269      1811
weighted avg     0.9430    0.9431    0.9431      1811

[2026-05-15 23:48:26] === TEST VIDEO-LEVEL REPORT ===
              precision    recall  f1-score   support

           0     0.9177    0.8653    0.8908       245
           1     0.9515    0.9715    0.9614       666

    accuracy                         0.9429       911
   macro avg     0.9346    0.9184    0.9261       911
weighted avg     0.9424    0.9429    0.9424       911

[2026-05-15 23:48:37] tflite export subprocess exit=0
[2026-05-15 23:48:37]   [tflite] [P16-v07]
[2026-05-15 23:48:37]   [tflite]   Loading model.keras ...
[2026-05-15 23:48:37]   [tflite]     rebuilding with unroll=True for TFLite compatibility
[2026-05-15 23:48:37]   [tflite] Saved artifact at '/tmp/tmp4rfz0119'. The following endpoints are available:
[2026-05-15 23:48:37]   [tflite] 
[2026-05-15 23:48:37]   [tflite] * Endpoint 'serve'
[2026-05-15 23:48:37]   [tflite]   args_0 (POSITIONAL_ONLY): TensorSpec(shape=(None, 40, 27), dtype=tf.float32, name='pose_sequence')
[2026-05-15 23:48:37]   [tflite] Output Type:
[2026-05-15 23:48:37]   [tflite]   TensorSpec(shape=(None, 2), dtype=tf.float32, name=None)
[2026-05-15 23:48:37]   [tflite] Captures:
[2026-05-15 23:48:37]   [tflite]   125583983318544: TensorSpec(shape=(), dtype=tf.resource, name=None)
[2026-05-15 23:48:37]   [tflite]   125583983319312: TensorSpec(shape=(), dtype=tf.resource, name=None)
[2026-05-15 23:48:37]   [tflite]   125583983319120: TensorSpec(shape=(), dtype=tf.resource, name=None)
[2026-05-15 23:48:37]   [tflite]   125583983319504: TensorSpec(shape=(), dtype=tf.resource, name=None)
[2026-05-15 23:48:37]   [tflite]   125583983317584: TensorSpec(shape=(), dtype=tf.resource, name=None)
[2026-05-15 23:48:37]   [tflite]   125583983319696: TensorSpec(shape=(), dtype=tf.resource, name=None)
[2026-05-15 23:48:37]   [tflite]   125583983320080: TensorSpec(shape=(), dtype=tf.resource, name=None)
[2026-05-15 23:48:37]   [tflite]   125583983319888: TensorSpec(shape=(), dtype=tf.resource, name=None)
[2026-05-15 23:48:37]   [tflite]   125583983318736: TensorSpec(shape=(), dtype=tf.resource, name=None)
[2026-05-15 23:48:37]   [tflite]   125583983320272: TensorSpec(shape=(), dtype=tf.resource, name=None)
[2026-05-15 23:48:37]   [tflite]   125583983321040: TensorSpec(shape=(), dtype=tf.resource, name=None)
[2026-05-15 23:48:37]   [tflite]   125583983322384: TensorSpec(shape=(), dtype=tf.resource, name=None)
[2026-05-15 23:48:37]   [tflite]   125583983321424: TensorSpec(shape=(), dtype=tf.resource, name=None)
[2026-05-15 23:48:37]   [tflite]   125583983321808: TensorSpec(shape=(), dtype=tf.resource, name=None)
[2026-05-15 23:48:37]   [tflite]   125583983321232: TensorSpec(shape=(), dtype=tf.resource, name=None)
[2026-05-15 23:48:37]   [tflite]   125583983322768: TensorSpec(shape=(), dtype=tf.resource, name=None)
[2026-05-15 23:48:37]   [tflite]   125583983322576: TensorSpec(shape=(), dtype=tf.resource, name=None)
[2026-05-15 23:48:37]   [tflite]   125583983323536: TensorSpec(shape=(), dtype=tf.resource, name=None)
[2026-05-15 23:48:37]   [tflite]   125583983320464: TensorSpec(shape=(), dtype=tf.resource, name=None)
[2026-05-15 23:48:37]   [tflite]   125583983322960: TensorSpec(shape=(), dtype=tf.resource, name=None)
[2026-05-15 23:48:37]   [tflite]   125583983323920: TensorSpec(shape=(), dtype=tf.resource, name=None)
[2026-05-15 23:48:37]   [tflite]   125583983324112: TensorSpec(shape=(), dtype=tf.resource, name=None)
[2026-05-15 23:48:37]   [tflite]   125583983322192: TensorSpec(shape=(), dtype=tf.resource, name=None)
[2026-05-15 23:48:37]   [tflite]   125583983324688: TensorSpec(shape=(), dtype=tf.resource, name=None)
[2026-05-15 23:48:37]   [tflite]     fp32 OK (806 KB)
[2026-05-15 23:48:37]   [tflite] Saved artifact at '/tmp/tmp7ypm870x'. The following endpoints are available:
[2026-05-15 23:48:37]   [tflite] 
[2026-05-15 23:48:37]   [tflite] * Endpoint 'serve'
[2026-05-15 23:48:37]   [tflite]   args_0 (POSITIONAL_ONLY): TensorSpec(shape=(None, 40, 27), dtype=tf.float32, name='pose_sequence')
[2026-05-15 23:48:37]   [tflite] Output Type:
[2026-05-15 23:48:37]   [tflite]   TensorSpec(shape=(None, 2), dtype=tf.float32, name=None)
[2026-05-15 23:48:37]   [tflite] Captures:
[2026-05-15 23:48:37]   [tflite]   125583983318544: TensorSpec(shape=(), dtype=tf.resource, name=None)
[2026-05-15 23:48:37]   [tflite]   125583983319312: TensorSpec(shape=(), dtype=tf.resource, name=None)
[2026-05-15 23:48:37]   [tflite]   125583983319120: TensorSpec(shape=(), dtype=tf.resource, name=None)
[2026-05-15 23:48:37]   [tflite]   125583983319504: TensorSpec(shape=(), dtype=tf.resource, name=None)
[2026-05-15 23:48:37]   [tflite]   125583983317584: TensorSpec(shape=(), dtype=tf.resource, name=None)
[2026-05-15 23:48:37]   [tflite]   125583983319696: TensorSpec(shape=(), dtype=tf.resource, name=None)
[2026-05-15 23:48:37]   [tflite]   125583983320080: TensorSpec(shape=(), dtype=tf.resource, name=None)
[2026-05-15 23:48:37]   [tflite]   125583983319888: TensorSpec(shape=(), dtype=tf.resource, name=None)
[2026-05-15 23:48:37]   [tflite]   125583983318736: TensorSpec(shape=(), dtype=tf.resource, name=None)
[2026-05-15 23:48:37]   [tflite]   125583983320272: TensorSpec(shape=(), dtype=tf.resource, name=None)
[2026-05-15 23:48:37]   [tflite]   125583983321040: TensorSpec(shape=(), dtype=tf.resource, name=None)
[2026-05-15 23:48:37]   [tflite]   125583983322384: TensorSpec(shape=(), dtype=tf.resource, name=None)
[2026-05-15 23:48:37]   [tflite]   125583983321424: TensorSpec(shape=(), dtype=tf.resource, name=None)
[2026-05-15 23:48:37]   [tflite]   125583983321808: TensorSpec(shape=(), dtype=tf.resource, name=None)
[2026-05-15 23:48:37]   [tflite]   125583983321232: TensorSpec(shape=(), dtype=tf.resource, name=None)
[2026-05-15 23:48:37]   [tflite]   125583983322768: TensorSpec(shape=(), dtype=tf.resource, name=None)
[2026-05-15 23:48:37]   [tflite]   125583983322576: TensorSpec(shape=(), dtype=tf.resource, name=None)
[2026-05-15 23:48:37]   [tflite]   125583983323536: TensorSpec(shape=(), dtype=tf.resource, name=None)
[2026-05-15 23:48:37]   [tflite]   125583983320464: TensorSpec(shape=(), dtype=tf.resource, name=None)
[2026-05-15 23:48:37]   [tflite]   125583983322960: TensorSpec(shape=(), dtype=tf.resource, name=None)
[2026-05-15 23:48:37]   [tflite]   125583983323920: TensorSpec(shape=(), dtype=tf.resource, name=None)
[2026-05-15 23:48:37]   [tflite]   125583983324112: TensorSpec(shape=(), dtype=tf.resource, name=None)
[2026-05-15 23:48:37]   [tflite]   125583983322192: TensorSpec(shape=(), dtype=tf.resource, name=None)
[2026-05-15 23:48:37]   [tflite]   125583983324688: TensorSpec(shape=(), dtype=tf.resource, name=None)
[2026-05-15 23:48:37]   [tflite]     int8 OK (1236 KB)
[2026-05-15 23:48:37]   [tflite] 
[2026-05-15 23:48:37]   [tflite] Done.
/home/min/Workspace/Graduate-Project/Falling-Model-Development/.venv/lib/python3.13/site-packages/tensorflow/lite/python/interpreter.py:457: UserWarning:     Warning: tf.lite.Interpreter is deprecated and is scheduled for deletion in
    TF 2.20. Please use the LiteRT interpreter from the ai_edge_litert package.
    See the [migration guide](https://ai.google.dev/edge/litert/migration)
    for details.
    
  warnings.warn(_INTERPRETER_DELETION_WARNING)
INFO: Created TensorFlow Lite XNNPACK delegate for CPU.
[2026-05-15 23:48:38] done P16-v07 val_f1=0.8777 (video=0.9614) test_f1=0.8845 (video=0.9614) test_min_pr=0.8653 threshold=0.500 min_consecutive=4
