WARNING: All log messages before absl::InitializeLog() is called are written to STDERR
I0000 00:00:1778854640.678652  292577 cpu_feature_guard.cc:227] This TensorFlow binary is optimized to use available CPU instructions in performance-critical operations.
To enable the following instructions: AVX2 FMA, in other operations, rebuild TensorFlow with the appropriate compiler flags.
[2026-05-15 23:17:22] loading train split=/home/min/Workspace/Graduate-Project/Falling-Model-Development/dataset/splits_v2_filtered/train.csv
[2026-05-15 23:17:34] train rows=1,274,014 videos=6,344 features=27 data_scope=all
[2026-05-15 23:17:34] loading val split=/home/min/Workspace/Graduate-Project/Falling-Model-Development/dataset/splits_v2_filtered/val.csv
[2026-05-15 23:17:38] val rows=363,918 videos=1,811 features=27 data_scope=all
[2026-05-15 23:17:38] loading test split=/home/min/Workspace/Graduate-Project/Falling-Model-Development/dataset/splits_v2_filtered/test.csv
[2026-05-15 23:17:40] test rows=182,782 videos=911 features=27 data_scope=all
[2026-05-15 23:17:56] train windows=370,921 positive=224,347 videos=6,344
[2026-05-15 23:17:59] val windows=74,251 positive=32,590 videos=1,811
[2026-05-15 23:18:01] test windows=37,351 positive=16,447 videos=911
I0000 00:00:1778854686.906819  292577 gpu_device.cc:2043] Created device /job:localhost/replica:0/task:0/device:GPU:0 with 6096 MB memory:  -> device: 0, name: NVIDIA GeForce RTX 2060 SUPER, pci bus id: 0000:05:00.0, compute capability: 7.5
W0000 00:00:1778854688.337514  292577 cpu_allocator_impl.cc:82] Allocation of 1602378720 exceeds 10% of free system memory.
W0000 00:00:1778854689.728452  292577 cpu_allocator_impl.cc:82] Allocation of 1602378720 exceeds 10% of free system memory.
W0000 00:00:1778854692.023296  292577 cpu_allocator_impl.cc:82] Allocation of 1602378720 exceeds 10% of free system memory.
I0000 00:00:1778854694.644975  293064 cuda_dnn.cc:461] Loaded cuDNN version 92200
W0000 00:00:1778854897.431990  292577 cpu_allocator_impl.cc:82] Allocation of 1602378720 exceeds 10% of free system memory.
W0000 00:00:1778854898.811406  292577 cpu_allocator_impl.cc:82] Allocation of 1602378720 exceeds 10% of free system memory.
[2026-05-15 23:23:01] video-level val: videos=1811 f1=0.9624 fall_recall=0.9624 nfall_recall=0.8958 fall_prec=0.9624 nfall_prec=0.8958 min_pr=0.8958 min_consecutive=4
[2026-05-15 23:23:01] video-level test: videos=911 f1=0.9663 fall_recall=0.9700 nfall_recall=0.8980 fall_prec=0.9627 nfall_prec=0.9167 min_pr=0.8980 min_consecutive=4
[2026-05-15 23:23:02] === VAL VIDEO-LEVEL REPORT ===
              precision    recall  f1-score   support

           0     0.8958    0.8958    0.8958       480
           1     0.9624    0.9624    0.9624      1331

    accuracy                         0.9448      1811
   macro avg     0.9291    0.9291    0.9291      1811
weighted avg     0.9448    0.9448    0.9448      1811

[2026-05-15 23:23:02] === TEST VIDEO-LEVEL REPORT ===
              precision    recall  f1-score   support

           0     0.9167    0.8980    0.9072       245
           1     0.9627    0.9700    0.9663       666

    accuracy                         0.9506       911
   macro avg     0.9397    0.9340    0.9368       911
weighted avg     0.9504    0.9506    0.9504       911

[2026-05-15 23:23:12] tflite export subprocess exit=0
[2026-05-15 23:23:12]   [tflite] [P16-v02]
[2026-05-15 23:23:12]   [tflite]   Loading model.keras ...
[2026-05-15 23:23:12]   [tflite]     rebuilding with unroll=True for TFLite compatibility
[2026-05-15 23:23:12]   [tflite] Saved artifact at '/tmp/tmpdbhwswv3'. The following endpoints are available:
[2026-05-15 23:23:12]   [tflite] 
[2026-05-15 23:23:12]   [tflite] * Endpoint 'serve'
[2026-05-15 23:23:12]   [tflite]   args_0 (POSITIONAL_ONLY): TensorSpec(shape=(None, 40, 27), dtype=tf.float32, name='pose_sequence')
[2026-05-15 23:23:12]   [tflite] Output Type:
[2026-05-15 23:23:12]   [tflite]   TensorSpec(shape=(None, 2), dtype=tf.float32, name=None)
[2026-05-15 23:23:12]   [tflite] Captures:
[2026-05-15 23:23:12]   [tflite]   126021521954320: TensorSpec(shape=(), dtype=tf.resource, name=None)
[2026-05-15 23:23:12]   [tflite]   126021521955088: TensorSpec(shape=(), dtype=tf.resource, name=None)
[2026-05-15 23:23:12]   [tflite]   126021521954896: TensorSpec(shape=(), dtype=tf.resource, name=None)
[2026-05-15 23:23:12]   [tflite]   126021521955280: TensorSpec(shape=(), dtype=tf.resource, name=None)
[2026-05-15 23:23:12]   [tflite]   126021521953360: TensorSpec(shape=(), dtype=tf.resource, name=None)
[2026-05-15 23:23:12]   [tflite]   126021521955472: TensorSpec(shape=(), dtype=tf.resource, name=None)
[2026-05-15 23:23:12]   [tflite]   126021521955856: TensorSpec(shape=(), dtype=tf.resource, name=None)
[2026-05-15 23:23:12]   [tflite]   126021521955664: TensorSpec(shape=(), dtype=tf.resource, name=None)
[2026-05-15 23:23:12]   [tflite]   126021521954512: TensorSpec(shape=(), dtype=tf.resource, name=None)
[2026-05-15 23:23:12]   [tflite]   126021521956048: TensorSpec(shape=(), dtype=tf.resource, name=None)
[2026-05-15 23:23:12]   [tflite]   126021521956816: TensorSpec(shape=(), dtype=tf.resource, name=None)
[2026-05-15 23:23:12]   [tflite]   126021521958160: TensorSpec(shape=(), dtype=tf.resource, name=None)
[2026-05-15 23:23:12]   [tflite]   126021521957200: TensorSpec(shape=(), dtype=tf.resource, name=None)
[2026-05-15 23:23:12]   [tflite]   126021521957584: TensorSpec(shape=(), dtype=tf.resource, name=None)
[2026-05-15 23:23:12]   [tflite]   126021521957008: TensorSpec(shape=(), dtype=tf.resource, name=None)
[2026-05-15 23:23:12]   [tflite]   126021521958544: TensorSpec(shape=(), dtype=tf.resource, name=None)
[2026-05-15 23:23:12]   [tflite]   126021521958352: TensorSpec(shape=(), dtype=tf.resource, name=None)
[2026-05-15 23:23:12]   [tflite]   126021521959312: TensorSpec(shape=(), dtype=tf.resource, name=None)
[2026-05-15 23:23:12]   [tflite]   126021521956240: TensorSpec(shape=(), dtype=tf.resource, name=None)
[2026-05-15 23:23:12]   [tflite]   126021521958736: TensorSpec(shape=(), dtype=tf.resource, name=None)
[2026-05-15 23:23:12]   [tflite]   126021521959696: TensorSpec(shape=(), dtype=tf.resource, name=None)
[2026-05-15 23:23:12]   [tflite]   126021521959888: TensorSpec(shape=(), dtype=tf.resource, name=None)
[2026-05-15 23:23:12]   [tflite]   126021521957968: TensorSpec(shape=(), dtype=tf.resource, name=None)
[2026-05-15 23:23:12]   [tflite]   126021521960464: TensorSpec(shape=(), dtype=tf.resource, name=None)
[2026-05-15 23:23:12]   [tflite]     fp32 OK (806 KB)
[2026-05-15 23:23:12]   [tflite] Saved artifact at '/tmp/tmpsgoselnd'. The following endpoints are available:
[2026-05-15 23:23:12]   [tflite] 
[2026-05-15 23:23:12]   [tflite] * Endpoint 'serve'
[2026-05-15 23:23:12]   [tflite]   args_0 (POSITIONAL_ONLY): TensorSpec(shape=(None, 40, 27), dtype=tf.float32, name='pose_sequence')
[2026-05-15 23:23:12]   [tflite] Output Type:
[2026-05-15 23:23:12]   [tflite]   TensorSpec(shape=(None, 2), dtype=tf.float32, name=None)
[2026-05-15 23:23:12]   [tflite] Captures:
[2026-05-15 23:23:12]   [tflite]   126021521954320: TensorSpec(shape=(), dtype=tf.resource, name=None)
[2026-05-15 23:23:12]   [tflite]   126021521955088: TensorSpec(shape=(), dtype=tf.resource, name=None)
[2026-05-15 23:23:12]   [tflite]   126021521954896: TensorSpec(shape=(), dtype=tf.resource, name=None)
[2026-05-15 23:23:12]   [tflite]   126021521955280: TensorSpec(shape=(), dtype=tf.resource, name=None)
[2026-05-15 23:23:12]   [tflite]   126021521953360: TensorSpec(shape=(), dtype=tf.resource, name=None)
[2026-05-15 23:23:12]   [tflite]   126021521955472: TensorSpec(shape=(), dtype=tf.resource, name=None)
[2026-05-15 23:23:12]   [tflite]   126021521955856: TensorSpec(shape=(), dtype=tf.resource, name=None)
[2026-05-15 23:23:12]   [tflite]   126021521955664: TensorSpec(shape=(), dtype=tf.resource, name=None)
[2026-05-15 23:23:12]   [tflite]   126021521954512: TensorSpec(shape=(), dtype=tf.resource, name=None)
[2026-05-15 23:23:12]   [tflite]   126021521956048: TensorSpec(shape=(), dtype=tf.resource, name=None)
[2026-05-15 23:23:12]   [tflite]   126021521956816: TensorSpec(shape=(), dtype=tf.resource, name=None)
[2026-05-15 23:23:12]   [tflite]   126021521958160: TensorSpec(shape=(), dtype=tf.resource, name=None)
[2026-05-15 23:23:12]   [tflite]   126021521957200: TensorSpec(shape=(), dtype=tf.resource, name=None)
[2026-05-15 23:23:12]   [tflite]   126021521957584: TensorSpec(shape=(), dtype=tf.resource, name=None)
[2026-05-15 23:23:12]   [tflite]   126021521957008: TensorSpec(shape=(), dtype=tf.resource, name=None)
[2026-05-15 23:23:12]   [tflite]   126021521958544: TensorSpec(shape=(), dtype=tf.resource, name=None)
[2026-05-15 23:23:12]   [tflite]   126021521958352: TensorSpec(shape=(), dtype=tf.resource, name=None)
[2026-05-15 23:23:12]   [tflite]   126021521959312: TensorSpec(shape=(), dtype=tf.resource, name=None)
[2026-05-15 23:23:12]   [tflite]   126021521956240: TensorSpec(shape=(), dtype=tf.resource, name=None)
[2026-05-15 23:23:12]   [tflite]   126021521958736: TensorSpec(shape=(), dtype=tf.resource, name=None)
[2026-05-15 23:23:12]   [tflite]   126021521959696: TensorSpec(shape=(), dtype=tf.resource, name=None)
[2026-05-15 23:23:12]   [tflite]   126021521959888: TensorSpec(shape=(), dtype=tf.resource, name=None)
[2026-05-15 23:23:12]   [tflite]   126021521957968: TensorSpec(shape=(), dtype=tf.resource, name=None)
[2026-05-15 23:23:12]   [tflite]   126021521960464: TensorSpec(shape=(), dtype=tf.resource, name=None)
[2026-05-15 23:23:12]   [tflite]     int8 OK (1231 KB)
[2026-05-15 23:23:12]   [tflite] 
[2026-05-15 23:23:12]   [tflite] Done.
/home/min/Workspace/Graduate-Project/Falling-Model-Development/.venv/lib/python3.13/site-packages/tensorflow/lite/python/interpreter.py:457: UserWarning:     Warning: tf.lite.Interpreter is deprecated and is scheduled for deletion in
    TF 2.20. Please use the LiteRT interpreter from the ai_edge_litert package.
    See the [migration guide](https://ai.google.dev/edge/litert/migration)
    for details.
    
  warnings.warn(_INTERPRETER_DELETION_WARNING)
INFO: Created TensorFlow Lite XNNPACK delegate for CPU.
[2026-05-15 23:23:14] done P16-v02 val_f1=0.8894 (video=0.9624) test_f1=0.8938 (video=0.9663) test_min_pr=0.8980 threshold=0.425 min_consecutive=4
