WARNING: All log messages before absl::InitializeLog() is called are written to STDERR
I0000 00:00:1778856520.696072  319502 cpu_feature_guard.cc:227] This TensorFlow binary is optimized to use available CPU instructions in performance-critical operations.
To enable the following instructions: AVX2 FMA, in other operations, rebuild TensorFlow with the appropriate compiler flags.
[2026-05-15 23:48:42] loading train split=/home/min/Workspace/Graduate-Project/Falling-Model-Development/dataset/splits_v2_filtered/train.csv
[2026-05-15 23:48:55] train rows=1,274,014 videos=6,344 features=27 data_scope=all
[2026-05-15 23:48:55] loading val split=/home/min/Workspace/Graduate-Project/Falling-Model-Development/dataset/splits_v2_filtered/val.csv
[2026-05-15 23:48:58] val rows=363,918 videos=1,811 features=27 data_scope=all
[2026-05-15 23:48:58] loading test split=/home/min/Workspace/Graduate-Project/Falling-Model-Development/dataset/splits_v2_filtered/test.csv
[2026-05-15 23:49:00] test rows=182,782 videos=911 features=27 data_scope=all
[2026-05-15 23:49:15] train windows=370,921 positive=224,347 videos=6,344
[2026-05-15 23:49:19] val windows=74,251 positive=32,590 videos=1,811
[2026-05-15 23:49:20] test windows=37,351 positive=16,447 videos=911
I0000 00:00:1778856566.372770  319502 gpu_device.cc:2043] Created device /job:localhost/replica:0/task:0/device:GPU:0 with 6096 MB memory:  -> device: 0, name: NVIDIA GeForce RTX 2060 SUPER, pci bus id: 0000:05:00.0, compute capability: 7.5
W0000 00:00:1778856568.013044  319502 cpu_allocator_impl.cc:82] Allocation of 1602378720 exceeds 10% of free system memory.
W0000 00:00:1778856569.387841  319502 cpu_allocator_impl.cc:82] Allocation of 1602378720 exceeds 10% of free system memory.
W0000 00:00:1778856571.723344  319502 cpu_allocator_impl.cc:82] Allocation of 1602378720 exceeds 10% of free system memory.
I0000 00:00:1778856574.311670  320006 cuda_dnn.cc:461] Loaded cuDNN version 92200
W0000 00:00:1778856675.362504  319502 cpu_allocator_impl.cc:82] Allocation of 1602378720 exceeds 10% of free system memory.
W0000 00:00:1778856676.721137  319502 cpu_allocator_impl.cc:82] Allocation of 1602378720 exceeds 10% of free system memory.
[2026-05-15 23:52:39] video-level val: videos=1811 f1=0.9602 fall_recall=0.9609 nfall_recall=0.8875 fall_prec=0.9595 nfall_prec=0.8912 min_pr=0.8875 min_consecutive=3
[2026-05-15 23:52:40] video-level test: videos=911 f1=0.9589 fall_recall=0.9625 nfall_recall=0.8776 fall_prec=0.9553 nfall_prec=0.8958 min_pr=0.8776 min_consecutive=3
[2026-05-15 23:52:40] === VAL VIDEO-LEVEL REPORT ===
              precision    recall  f1-score   support

           0     0.8912    0.8875    0.8894       480
           1     0.9595    0.9609    0.9602      1331

    accuracy                         0.9415      1811
   macro avg     0.9254    0.9242    0.9248      1811
weighted avg     0.9414    0.9415    0.9414      1811

[2026-05-15 23:52:40] === TEST VIDEO-LEVEL REPORT ===
              precision    recall  f1-score   support

           0     0.8958    0.8776    0.8866       245
           1     0.9553    0.9625    0.9589       666

    accuracy                         0.9396       911
   macro avg     0.9256    0.9200    0.9227       911
weighted avg     0.9393    0.9396    0.9394       911

[2026-05-15 23:52:50] tflite export subprocess exit=0
[2026-05-15 23:52:50]   [tflite] [P16-v08]
[2026-05-15 23:52:50]   [tflite]   Loading model.keras ...
[2026-05-15 23:52:50]   [tflite]     rebuilding with unroll=True for TFLite compatibility
[2026-05-15 23:52:50]   [tflite] Saved artifact at '/tmp/tmphy1aaaxn'. The following endpoints are available:
[2026-05-15 23:52:50]   [tflite] 
[2026-05-15 23:52:50]   [tflite] * Endpoint 'serve'
[2026-05-15 23:52:50]   [tflite]   args_0 (POSITIONAL_ONLY): TensorSpec(shape=(None, 40, 27), dtype=tf.float32, name='pose_sequence')
[2026-05-15 23:52:50]   [tflite] Output Type:
[2026-05-15 23:52:50]   [tflite]   TensorSpec(shape=(None, 2), dtype=tf.float32, name=None)
[2026-05-15 23:52:50]   [tflite] Captures:
[2026-05-15 23:52:50]   [tflite]   134388995233680: TensorSpec(shape=(), dtype=tf.resource, name=None)
[2026-05-15 23:52:50]   [tflite]   134388995234448: TensorSpec(shape=(), dtype=tf.resource, name=None)
[2026-05-15 23:52:50]   [tflite]   134388995234256: TensorSpec(shape=(), dtype=tf.resource, name=None)
[2026-05-15 23:52:50]   [tflite]   134388995234640: TensorSpec(shape=(), dtype=tf.resource, name=None)
[2026-05-15 23:52:50]   [tflite]   134388995232720: TensorSpec(shape=(), dtype=tf.resource, name=None)
[2026-05-15 23:52:50]   [tflite]   134388995234832: TensorSpec(shape=(), dtype=tf.resource, name=None)
[2026-05-15 23:52:50]   [tflite]   134388995235216: TensorSpec(shape=(), dtype=tf.resource, name=None)
[2026-05-15 23:52:50]   [tflite]   134388995235024: TensorSpec(shape=(), dtype=tf.resource, name=None)
[2026-05-15 23:52:50]   [tflite]   134388995233872: TensorSpec(shape=(), dtype=tf.resource, name=None)
[2026-05-15 23:52:50]   [tflite]   134388995235408: TensorSpec(shape=(), dtype=tf.resource, name=None)
[2026-05-15 23:52:50]   [tflite]   134388995236176: TensorSpec(shape=(), dtype=tf.resource, name=None)
[2026-05-15 23:52:50]   [tflite]   134388995237520: TensorSpec(shape=(), dtype=tf.resource, name=None)
[2026-05-15 23:52:50]   [tflite]   134388995236560: TensorSpec(shape=(), dtype=tf.resource, name=None)
[2026-05-15 23:52:50]   [tflite]   134388995236944: TensorSpec(shape=(), dtype=tf.resource, name=None)
[2026-05-15 23:52:50]   [tflite]   134388995236368: TensorSpec(shape=(), dtype=tf.resource, name=None)
[2026-05-15 23:52:50]   [tflite]   134388995237904: TensorSpec(shape=(), dtype=tf.resource, name=None)
[2026-05-15 23:52:50]   [tflite]   134388995237712: TensorSpec(shape=(), dtype=tf.resource, name=None)
[2026-05-15 23:52:50]   [tflite]   134388995238672: TensorSpec(shape=(), dtype=tf.resource, name=None)
[2026-05-15 23:52:50]   [tflite]   134388995235600: TensorSpec(shape=(), dtype=tf.resource, name=None)
[2026-05-15 23:52:50]   [tflite]   134388995238096: TensorSpec(shape=(), dtype=tf.resource, name=None)
[2026-05-15 23:52:50]   [tflite]   134388995239056: TensorSpec(shape=(), dtype=tf.resource, name=None)
[2026-05-15 23:52:50]   [tflite]   134388995239248: TensorSpec(shape=(), dtype=tf.resource, name=None)
[2026-05-15 23:52:50]   [tflite]   134388995237328: TensorSpec(shape=(), dtype=tf.resource, name=None)
[2026-05-15 23:52:50]   [tflite]   134388995239824: TensorSpec(shape=(), dtype=tf.resource, name=None)
[2026-05-15 23:52:50]   [tflite]     fp32 OK (806 KB)
[2026-05-15 23:52:50]   [tflite] Saved artifact at '/tmp/tmpgcb0okx4'. The following endpoints are available:
[2026-05-15 23:52:50]   [tflite] 
[2026-05-15 23:52:50]   [tflite] * Endpoint 'serve'
[2026-05-15 23:52:50]   [tflite]   args_0 (POSITIONAL_ONLY): TensorSpec(shape=(None, 40, 27), dtype=tf.float32, name='pose_sequence')
[2026-05-15 23:52:50]   [tflite] Output Type:
[2026-05-15 23:52:50]   [tflite]   TensorSpec(shape=(None, 2), dtype=tf.float32, name=None)
[2026-05-15 23:52:50]   [tflite] Captures:
[2026-05-15 23:52:50]   [tflite]   134388995233680: TensorSpec(shape=(), dtype=tf.resource, name=None)
[2026-05-15 23:52:50]   [tflite]   134388995234448: TensorSpec(shape=(), dtype=tf.resource, name=None)
[2026-05-15 23:52:50]   [tflite]   134388995234256: TensorSpec(shape=(), dtype=tf.resource, name=None)
[2026-05-15 23:52:50]   [tflite]   134388995234640: TensorSpec(shape=(), dtype=tf.resource, name=None)
[2026-05-15 23:52:50]   [tflite]   134388995232720: TensorSpec(shape=(), dtype=tf.resource, name=None)
[2026-05-15 23:52:50]   [tflite]   134388995234832: TensorSpec(shape=(), dtype=tf.resource, name=None)
[2026-05-15 23:52:50]   [tflite]   134388995235216: TensorSpec(shape=(), dtype=tf.resource, name=None)
[2026-05-15 23:52:50]   [tflite]   134388995235024: TensorSpec(shape=(), dtype=tf.resource, name=None)
[2026-05-15 23:52:50]   [tflite]   134388995233872: TensorSpec(shape=(), dtype=tf.resource, name=None)
[2026-05-15 23:52:50]   [tflite]   134388995235408: TensorSpec(shape=(), dtype=tf.resource, name=None)
[2026-05-15 23:52:50]   [tflite]   134388995236176: TensorSpec(shape=(), dtype=tf.resource, name=None)
[2026-05-15 23:52:50]   [tflite]   134388995237520: TensorSpec(shape=(), dtype=tf.resource, name=None)
[2026-05-15 23:52:50]   [tflite]   134388995236560: TensorSpec(shape=(), dtype=tf.resource, name=None)
[2026-05-15 23:52:50]   [tflite]   134388995236944: TensorSpec(shape=(), dtype=tf.resource, name=None)
[2026-05-15 23:52:50]   [tflite]   134388995236368: TensorSpec(shape=(), dtype=tf.resource, name=None)
[2026-05-15 23:52:50]   [tflite]   134388995237904: TensorSpec(shape=(), dtype=tf.resource, name=None)
[2026-05-15 23:52:50]   [tflite]   134388995237712: TensorSpec(shape=(), dtype=tf.resource, name=None)
[2026-05-15 23:52:50]   [tflite]   134388995238672: TensorSpec(shape=(), dtype=tf.resource, name=None)
[2026-05-15 23:52:50]   [tflite]   134388995235600: TensorSpec(shape=(), dtype=tf.resource, name=None)
[2026-05-15 23:52:50]   [tflite]   134388995238096: TensorSpec(shape=(), dtype=tf.resource, name=None)
[2026-05-15 23:52:50]   [tflite]   134388995239056: TensorSpec(shape=(), dtype=tf.resource, name=None)
[2026-05-15 23:52:50]   [tflite]   134388995239248: TensorSpec(shape=(), dtype=tf.resource, name=None)
[2026-05-15 23:52:50]   [tflite]   134388995237328: TensorSpec(shape=(), dtype=tf.resource, name=None)
[2026-05-15 23:52:50]   [tflite]   134388995239824: TensorSpec(shape=(), dtype=tf.resource, name=None)
[2026-05-15 23:52:50]   [tflite]     int8 OK (1231 KB)
[2026-05-15 23:52:50]   [tflite] 
[2026-05-15 23:52:50]   [tflite] Done.
/home/min/Workspace/Graduate-Project/Falling-Model-Development/.venv/lib/python3.13/site-packages/tensorflow/lite/python/interpreter.py:457: UserWarning:     Warning: tf.lite.Interpreter is deprecated and is scheduled for deletion in
    TF 2.20. Please use the LiteRT interpreter from the ai_edge_litert package.
    See the [migration guide](https://ai.google.dev/edge/litert/migration)
    for details.
    
  warnings.warn(_INTERPRETER_DELETION_WARNING)
INFO: Created TensorFlow Lite XNNPACK delegate for CPU.
[2026-05-15 23:52:52] done P16-v08 val_f1=0.8705 (video=0.9602) test_f1=0.8755 (video=0.9589) test_min_pr=0.8776 threshold=0.475 min_consecutive=3
