[2026-05-15 23:11:31] === Phase 16 α sweep (epochs=30, patience=5, seed=42) ===
[2026-05-15 23:11:31] START P16-v01
[2026-05-15 23:17:20] OK    P16-v01  test_min_pr=0.8980
[2026-05-15 23:17:20] START P16-v02
[2026-05-15 23:23:15] OK    P16-v02  test_min_pr=0.8980
[2026-05-15 23:23:15] START P16-v03
[2026-05-15 23:28:44] OK    P16-v03  test_min_pr=0.8653
[2026-05-15 23:28:44] START P16-v04
[2026-05-15 23:33:23] OK    P16-v04  test_min_pr=0.8816
[2026-05-15 23:33:23] === Best α=0.25 — multi-seed sweep ===
[2026-05-15 23:33:23] START P16-v05
[2026-05-15 23:38:22] OK    P16-v05  test_min_pr=0.8531
[2026-05-15 23:38:22] START P16-v06
[2026-05-15 23:44:05] OK    P16-v06  test_min_pr=0.8898
[2026-05-15 23:44:05] START P16-v07
[2026-05-15 23:48:40] OK    P16-v07  test_min_pr=0.8653
[2026-05-15 23:48:40] START P16-v08
[2026-05-15 23:52:53] OK    P16-v08  test_min_pr=0.8776
[2026-05-15 23:52:53] === Phase 16 summary ===
[2026-05-15 23:52:53] === Phase 16 summary ===
P16-v01              0.8980   0.9205   0.8980   0.9628   0.9715  0.450   5 
  CM: TN=220 FP=25 FN=19 TP=647
P16-v02              0.8980   0.9167   0.8980   0.9627   0.9700  0.425   4 
  CM: TN=220 FP=25 FN=20 TP=646
P16-v03              0.8653   0.9060   0.8653   0.9513   0.9670  0.500   4 
  CM: TN=212 FP=33 FN=22 TP=644
P16-v04              0.8816   0.9231   0.8816   0.9572   0.9730  0.525   2 
  CM: TN=216 FP=29 FN=18 TP=648
P16-v05              0.8531   0.9289   0.8531   0.9475   0.9760  0.400   7 
  CM: TN=209 FP=36 FN=16 TP=650
P16-v06              0.8898   0.9160   0.8898   0.9599   0.9700  0.500   3 
  CM: TN=218 FP=27 FN=20 TP=646
P16-v07              0.8653   0.9177   0.8653   0.9515   0.9715  0.500   4 
  CM: TN=212 FP=33 FN=19 TP=647
P16-v08              0.8776   0.8958   0.8776   0.9553   0.9625  0.475   3 
  CM: TN=215 FP=30 FN=25 TP=641
