WARNING: All log messages before absl::InitializeLog() is called are written to STDERR
I0000 00:00:1778739696.562322 2560484 cpu_feature_guard.cc:227] This TensorFlow binary is optimized to use available CPU instructions in performance-critical operations.
To enable the following instructions: AVX2 FMA, in other operations, rebuild TensorFlow with the appropriate compiler flags.
[2026-05-14 15:21:37] loading train split=/home/min/Workspace/Graduate-Project/Falling-Model-Development/dataset/lb3_v2/train.csv
[2026-05-14 15:21:49] train rows=1,274,014 videos=6,344 features=43 data_scope=all
[2026-05-14 15:21:49] loading val split=/home/min/Workspace/Graduate-Project/Falling-Model-Development/dataset/lb3_v2/val.csv
[2026-05-14 15:21:52] val rows=363,918 videos=1,811 features=43 data_scope=all
[2026-05-14 15:21:52] loading test split=/home/min/Workspace/Graduate-Project/Falling-Model-Development/dataset/lb3_v2/test.csv
[2026-05-14 15:21:53] test rows=182,782 videos=911 features=43 data_scope=all
[2026-05-14 15:22:02] train windows=119,770 positive=101,606 videos=6,344
[2026-05-14 15:22:04] val windows=39,199 positive=29,010 videos=1,811
[2026-05-14 15:22:05] test windows=19,712 positive=14,587 videos=911
I0000 00:00:1778739730.110363 2560484 gpu_device.cc:2043] Created device /job:localhost/replica:0/task:0/device:GPU:0 with 6066 MB memory:  -> device: 0, name: NVIDIA GeForce RTX 2060 SUPER, pci bus id: 0000:05:00.0, compute capability: 7.5
W0000 00:00:1778739731.422830 2560484 cpu_allocator_impl.cc:82] Allocation of 1236026400 exceeds 10% of free system memory.
W0000 00:00:1778739732.520221 2560484 cpu_allocator_impl.cc:82] Allocation of 1236026400 exceeds 10% of free system memory.
W0000 00:00:1778739734.802523 2560484 cpu_allocator_impl.cc:82] Allocation of 1236026400 exceeds 10% of free system memory.
I0000 00:00:1778739737.846641 2560775 cuda_dnn.cc:461] Loaded cuDNN version 92200
W0000 00:00:1778740952.823871 2560484 cpu_allocator_impl.cc:82] Allocation of 1236026400 exceeds 10% of free system memory.
W0000 00:00:1778740953.899487 2560484 cpu_allocator_impl.cc:82] Allocation of 1236026400 exceeds 10% of free system memory.
[2026-05-14 15:42:57] video-level val: videos=1811 f1=0.9705 recall=0.9836 fall_prec=0.9578 nfall_prec=0.9494 min_prec=0.9494 min_consecutive=5
[2026-05-14 15:42:57] video-level test: videos=911 f1=0.9679 recall=0.9852 fall_prec=0.9513 nfall_prec=0.9531 min_prec=0.9513 min_consecutive=5
[2026-05-14 15:42:58] === VAL VIDEO-LEVEL REPORT ===
              precision    recall  f1-score   support

           0     0.9494    0.8769    0.9117       471
           1     0.9578    0.9836    0.9705      1340

    accuracy                         0.9558      1811
   macro avg     0.9536    0.9302    0.9411      1811
weighted avg     0.9557    0.9558    0.9552      1811

[2026-05-14 15:42:58] === TEST VIDEO-LEVEL REPORT ===
              precision    recall  f1-score   support

           0     0.9531    0.8565    0.9022       237
           1     0.9513    0.9852    0.9679       674

    accuracy                         0.9517       911
   macro avg     0.9522    0.9209    0.9351       911
weighted avg     0.9517    0.9517    0.9508       911

[2026-05-14 15:42:58] tflite export subprocess exit=0
[2026-05-14 15:42:58]   [tflite] P1-v07: no metrics.json, skip
[2026-05-14 15:42:58]   [tflite] 
[2026-05-14 15:42:58]   [tflite] Done.
[2026-05-14 15:42:58] done P1-v07 val_f1=0.9720 (video=0.9705) test_f1=0.9677 (video=0.9679) test_min_prec=0.9513 threshold=0.450 min_consecutive=5
