WARNING: All log messages before absl::InitializeLog() is called are written to STDERR
I0000 00:00:1778735542.133162 2516593 cpu_feature_guard.cc:227] This TensorFlow binary is optimized to use available CPU instructions in performance-critical operations.
To enable the following instructions: AVX2 FMA, in other operations, rebuild TensorFlow with the appropriate compiler flags.
[2026-05-14 14:12:23] loading train split=/home/min/Workspace/Graduate-Project/Falling-Model-Development/dataset/splits_v2/train.csv
[2026-05-14 14:12:34] train rows=1,274,014 videos=6,344 features=43 data_scope=all
[2026-05-14 14:12:34] loading val split=/home/min/Workspace/Graduate-Project/Falling-Model-Development/dataset/splits_v2/val.csv
[2026-05-14 14:12:37] val rows=363,918 videos=1,811 features=43 data_scope=all
[2026-05-14 14:12:37] loading test split=/home/min/Workspace/Graduate-Project/Falling-Model-Development/dataset/splits_v2/test.csv
[2026-05-14 14:12:39] test rows=182,782 videos=911 features=43 data_scope=all
[2026-05-14 14:12:46] train windows=94,149 positive=51,271 videos=6,344
[2026-05-14 14:12:49] val windows=39,199 positive=14,992 videos=1,811
[2026-05-14 14:12:50] test windows=19,712 positive=7,332 videos=911
I0000 00:00:1778735573.966848 2516593 gpu_device.cc:2043] Created device /job:localhost/replica:0/task:0/device:GPU:0 with 6065 MB memory:  -> device: 0, name: NVIDIA GeForce RTX 2060 SUPER, pci bus id: 0000:05:00.0, compute capability: 7.5
W0000 00:00:1778735575.176087 2516593 cpu_allocator_impl.cc:82] Allocation of 971617680 exceeds 10% of free system memory.
W0000 00:00:1778735576.049670 2516593 cpu_allocator_impl.cc:82] Allocation of 971617680 exceeds 10% of free system memory.
W0000 00:00:1778735578.208471 2516593 cpu_allocator_impl.cc:82] Allocation of 971617680 exceeds 10% of free system memory.
I0000 00:00:1778735581.723359 2516859 cuda_dnn.cc:461] Loaded cuDNN version 92200
W0000 00:00:1778736430.691854 2516593 cpu_allocator_impl.cc:82] Allocation of 971617680 exceeds 10% of free system memory.
W0000 00:00:1778736431.547727 2516593 cpu_allocator_impl.cc:82] Allocation of 971617680 exceeds 10% of free system memory.
[2026-05-14 14:27:42] video-level val: videos=1811 f1=0.9225 recall=0.9462 fall_prec=0.9001 nfall_prec=0.9016 min_prec=0.9001 min_consecutive=3
[2026-05-14 14:27:42] video-level test: videos=911 f1=0.8881 recall=0.8998 fall_prec=0.8767 nfall_prec=0.8257 min_prec=0.8257 min_consecutive=3
[2026-05-14 14:27:42] === VAL VIDEO-LEVEL REPORT ===
              precision    recall  f1-score   support

           0     0.9016    0.8245    0.8613       678
           1     0.9001    0.9462    0.9225      1133

    accuracy                         0.9006      1811
   macro avg     0.9008    0.8853    0.8919      1811
weighted avg     0.9007    0.9006    0.8996      1811

[2026-05-14 14:27:42] === TEST VIDEO-LEVEL REPORT ===
              precision    recall  f1-score   support

           0     0.8257    0.7895    0.8072       342
           1     0.8767    0.8998    0.8881       569

    accuracy                         0.8584       911
   macro avg     0.8512    0.8446    0.8476       911
weighted avg     0.8576    0.8584    0.8577       911

WARNING:tensorflow:AutoGraph could not transform <function _make_serving_fn.<locals>.serving_fn at 0x736ee073ccc0> and will run it as-is.
Please report this to the TensorFlow team. When filing the bug, set the verbosity to 10 (on Linux, `export AUTOGRAPH_VERBOSITY=10`) and attach the full output.
Cause: expected 'except' or 'finally' block (<unknown>, line 29)
To silence this warning, decorate the function with @tf.autograph.experimental.do_not_convert
I0000 00:00:1778736463.214043 2516593 devices.cc:67] Number of eligible GPUs (core count >= 8, compute capability >= 0.0): 1
I0000 00:00:1778736463.214125 2516593 single_machine.cc:376] Starting new session
I0000 00:00:1778736463.219190 2516593 gpu_device.cc:2043] Created device /job:localhost/replica:0/task:0/device:GPU:0 with 6065 MB memory:  -> device: 0, name: NVIDIA GeForce RTX 2060 SUPER, pci bus id: 0000:05:00.0, compute capability: 7.5
WARNING:tensorflow:AutoGraph could not transform <function _make_serving_fn.<locals>.serving_fn at 0x736ee010efc0> and will run it as-is.
Please report this to the TensorFlow team. When filing the bug, set the verbosity to 10 (on Linux, `export AUTOGRAPH_VERBOSITY=10`) and attach the full output.
Cause: expected 'except' or 'finally' block (<unknown>, line 29)
To silence this warning, decorate the function with @tf.autograph.experimental.do_not_convert
WARNING:tensorflow:AutoGraph could not transform <function _make_serving_fn.<locals>.serving_fn at 0x736ee010efc0> and will run it as-is.
Please report this to the TensorFlow team. When filing the bug, set the verbosity to 10 (on Linux, `export AUTOGRAPH_VERBOSITY=10`) and attach the full output.
Cause: expected 'except' or 'finally' block (<unknown>, line 29)
To silence this warning, decorate the function with @tf.autograph.experimental.do_not_convert
I0000 00:00:1778736463.747943 2516593 devices.cc:67] Number of eligible GPUs (core count >= 8, compute capability >= 0.0): 1
I0000 00:00:1778736463.748028 2516593 single_machine.cc:376] Starting new session
I0000 00:00:1778736463.753034 2516593 gpu_device.cc:2043] Created device /job:localhost/replica:0/task:0/device:GPU:0 with 6065 MB memory:  -> device: 0, name: NVIDIA GeForce RTX 2060 SUPER, pci bus id: 0000:05:00.0, compute capability: 7.5
[2026-05-14 14:27:43] done P1-v04 val_f1=0.7871 (video=0.9225) test_f1=0.7728 (video=0.8881) test_min_prec=0.8257 threshold=0.400 min_consecutive=3
