WARNING: All log messages before absl::InitializeLog() is called are written to STDERR
I0000 00:00:1778734157.279301 2501173 cpu_feature_guard.cc:227] This TensorFlow binary is optimized to use available CPU instructions in performance-critical operations.
To enable the following instructions: AVX2 FMA, in other operations, rebuild TensorFlow with the appropriate compiler flags.
[2026-05-14 13:49:18] loading train split=/home/min/Workspace/Graduate-Project/Falling-Model-Development/dataset/splits_v2/train.csv
[2026-05-14 13:49:29] train rows=1,274,014 videos=6,344 features=43 data_scope=all
[2026-05-14 13:49:29] loading val split=/home/min/Workspace/Graduate-Project/Falling-Model-Development/dataset/splits_v2/val.csv
[2026-05-14 13:49:32] val rows=363,918 videos=1,811 features=43 data_scope=all
[2026-05-14 13:49:32] loading test split=/home/min/Workspace/Graduate-Project/Falling-Model-Development/dataset/splits_v2/test.csv
[2026-05-14 13:49:34] test rows=182,782 videos=911 features=43 data_scope=all
[2026-05-14 13:49:42] train windows=94,149 positive=51,271 videos=6,344
[2026-05-14 13:49:44] val windows=39,199 positive=14,992 videos=1,811
[2026-05-14 13:49:45] test windows=19,712 positive=7,332 videos=911
I0000 00:00:1778734189.266001 2501173 gpu_device.cc:2043] Created device /job:localhost/replica:0/task:0/device:GPU:0 with 6065 MB memory:  -> device: 0, name: NVIDIA GeForce RTX 2060 SUPER, pci bus id: 0000:05:00.0, compute capability: 7.5
W0000 00:00:1778734190.439162 2501173 cpu_allocator_impl.cc:82] Allocation of 971617680 exceeds 10% of free system memory.
W0000 00:00:1778734191.309146 2501173 cpu_allocator_impl.cc:82] Allocation of 971617680 exceeds 10% of free system memory.
W0000 00:00:1778734193.496357 2501173 cpu_allocator_impl.cc:82] Allocation of 971617680 exceeds 10% of free system memory.
I0000 00:00:1778734196.687563 2501476 cuda_dnn.cc:461] Loaded cuDNN version 92200
W0000 00:00:1778734956.611699 2501173 cpu_allocator_impl.cc:82] Allocation of 971617680 exceeds 10% of free system memory.
W0000 00:00:1778734957.466011 2501173 cpu_allocator_impl.cc:82] Allocation of 971617680 exceeds 10% of free system memory.
[2026-05-14 14:03:07] video-level val: videos=1811 f1=0.9243 recall=0.9479 fall_prec=0.9018 nfall_prec=0.9048 min_prec=0.9018 min_consecutive=1
[2026-05-14 14:03:07] video-level test: videos=911 f1=0.9032 recall=0.9350 fall_prec=0.8736 nfall_prec=0.8775 min_prec=0.8736 min_consecutive=1
[2026-05-14 14:03:07] === VAL VIDEO-LEVEL REPORT ===
              precision    recall  f1-score   support

           0     0.9048    0.8274    0.8644       678
           1     0.9018    0.9479    0.9243      1133

    accuracy                         0.9028      1811
   macro avg     0.9033    0.8877    0.8943      1811
weighted avg     0.9029    0.9028    0.9019      1811

[2026-05-14 14:03:07] === TEST VIDEO-LEVEL REPORT ===
              precision    recall  f1-score   support

           0     0.8775    0.7749    0.8230       342
           1     0.8736    0.9350    0.9032       569

    accuracy                         0.8749       911
   macro avg     0.8755    0.8549    0.8631       911
weighted avg     0.8750    0.8749    0.8731       911

I0000 00:00:1778734988.280218 2501173 devices.cc:67] Number of eligible GPUs (core count >= 8, compute capability >= 0.0): 1
I0000 00:00:1778734988.280280 2501173 single_machine.cc:376] Starting new session
I0000 00:00:1778734988.285215 2501173 gpu_device.cc:2043] Created device /job:localhost/replica:0/task:0/device:GPU:0 with 6065 MB memory:  -> device: 0, name: NVIDIA GeForce RTX 2060 SUPER, pci bus id: 0000:05:00.0, compute capability: 7.5
I0000 00:00:1778734988.722288 2501173 devices.cc:67] Number of eligible GPUs (core count >= 8, compute capability >= 0.0): 1
I0000 00:00:1778734988.722357 2501173 single_machine.cc:376] Starting new session
I0000 00:00:1778734988.727479 2501173 gpu_device.cc:2043] Created device /job:localhost/replica:0/task:0/device:GPU:0 with 6065 MB memory:  -> device: 0, name: NVIDIA GeForce RTX 2060 SUPER, pci bus id: 0000:05:00.0, compute capability: 7.5
[2026-05-14 14:03:08] done P1-v02 val_f1=0.7868 (video=0.9243) test_f1=0.7772 (video=0.9032) test_min_prec=0.8736 threshold=0.500 min_consecutive=1
