WARNING: All log messages before absl::InitializeLog() is called are written to STDERR
I0000 00:00:1778742710.004717 2594918 cpu_feature_guard.cc:227] This TensorFlow binary is optimized to use available CPU instructions in performance-critical operations.
To enable the following instructions: AVX2 FMA, in other operations, rebuild TensorFlow with the appropriate compiler flags.
[2026-05-14 16:11:51] loading train split=/home/min/Workspace/Graduate-Project/Falling-Model-Development/dataset/splits_v2_filtered/train.csv
[2026-05-14 16:12:05] train rows=1,274,014 videos=6,344 features=45 data_scope=all
[2026-05-14 16:12:05] loading val split=/home/min/Workspace/Graduate-Project/Falling-Model-Development/dataset/splits_v2_filtered/val.csv
[2026-05-14 16:12:08] val rows=363,918 videos=1,811 features=45 data_scope=all
[2026-05-14 16:12:08] loading test split=/home/min/Workspace/Graduate-Project/Falling-Model-Development/dataset/splits_v2_filtered/test.csv
[2026-05-14 16:12:10] test rows=182,782 videos=911 features=45 data_scope=all
[2026-05-14 16:12:18] train windows=94,149 positive=51,271 videos=6,344
[2026-05-14 16:12:20] val windows=39,199 positive=14,992 videos=1,811
[2026-05-14 16:12:21] test windows=19,712 positive=7,332 videos=911
I0000 00:00:1778742745.345324 2594918 gpu_device.cc:2043] Created device /job:localhost/replica:0/task:0/device:GPU:0 with 6059 MB memory:  -> device: 0, name: NVIDIA GeForce RTX 2060 SUPER, pci bus id: 0000:05:00.0, compute capability: 7.5
W0000 00:00:1778742746.548704 2594918 cpu_allocator_impl.cc:82] Allocation of 1016809200 exceeds 10% of free system memory.
W0000 00:00:1778742747.465558 2594918 cpu_allocator_impl.cc:82] Allocation of 1016809200 exceeds 10% of free system memory.
W0000 00:00:1778742749.682381 2594918 cpu_allocator_impl.cc:82] Allocation of 1016809200 exceeds 10% of free system memory.
I0000 00:00:1778742752.284588 2595334 cuda_dnn.cc:461] Loaded cuDNN version 92200
W0000 00:00:1778743248.427346 2594918 cpu_allocator_impl.cc:82] Allocation of 1016809200 exceeds 10% of free system memory.
W0000 00:00:1778743249.337662 2594918 cpu_allocator_impl.cc:82] Allocation of 1016809200 exceeds 10% of free system memory.
[2026-05-14 16:21:10] video-level val: videos=1811 f1=0.9333 recall=0.9568 fall_prec=0.9109 nfall_prec=0.9211 min_prec=0.9109 min_consecutive=1
[2026-05-14 16:21:11] video-level test: videos=911 f1=0.9097 recall=0.9385 fall_prec=0.8826 nfall_prec=0.8856 min_prec=0.8826 min_consecutive=1
[2026-05-14 16:21:11] === VAL VIDEO-LEVEL REPORT ===
              precision    recall  f1-score   support

           0     0.9211    0.8437    0.8807       678
           1     0.9109    0.9568    0.9333      1133

    accuracy                         0.9144      1811
   macro avg     0.9160    0.9002    0.9070      1811
weighted avg     0.9147    0.9144    0.9136      1811

[2026-05-14 16:21:11] === TEST VIDEO-LEVEL REPORT ===
              precision    recall  f1-score   support

           0     0.8856    0.7924    0.8364       342
           1     0.8826    0.9385    0.9097       569

    accuracy                         0.8836       911
   macro avg     0.8841    0.8654    0.8731       911
weighted avg     0.8838    0.8836    0.8822       911

[2026-05-14 16:21:11] tflite export subprocess exit=0
[2026-05-14 16:21:11]   [tflite] P1-v09: no metrics.json, skip
[2026-05-14 16:21:11]   [tflite] 
[2026-05-14 16:21:11]   [tflite] Done.
[2026-05-14 16:21:11] done P1-v09 val_f1=0.8183 (video=0.9333) test_f1=0.8139 (video=0.9097) test_min_prec=0.8826 threshold=0.400 min_consecutive=1
