WARNING: All log messages before absl::InitializeLog() is called are written to STDERR
I0000 00:00:1778749899.338946 2676180 cpu_feature_guard.cc:227] This TensorFlow binary is optimized to use available CPU instructions in performance-critical operations.
To enable the following instructions: AVX2 FMA, in other operations, rebuild TensorFlow with the appropriate compiler flags.
[2026-05-14 18:11:40] loading train split=/home/min/Workspace/Graduate-Project/Falling-Model-Development/dataset/splits_v2_filtered/train.csv
[2026-05-14 18:11:54] train rows=1,274,014 videos=6,344 features=45 data_scope=all
[2026-05-14 18:11:54] loading val split=/home/min/Workspace/Graduate-Project/Falling-Model-Development/dataset/splits_v2_filtered/val.csv
[2026-05-14 18:11:57] val rows=363,918 videos=1,811 features=45 data_scope=all
[2026-05-14 18:11:57] loading test split=/home/min/Workspace/Graduate-Project/Falling-Model-Development/dataset/splits_v2_filtered/test.csv
[2026-05-14 18:11:59] test rows=182,782 videos=911 features=45 data_scope=all
[2026-05-14 18:12:07] train windows=119,770 positive=101,606 videos=6,344
[2026-05-14 18:12:10] val windows=39,199 positive=29,010 videos=1,811
[2026-05-14 18:12:11] test windows=19,712 positive=14,587 videos=911
I0000 00:00:1778749935.242122 2676180 gpu_device.cc:2043] Created device /job:localhost/replica:0/task:0/device:GPU:0 with 6066 MB memory:  -> device: 0, name: NVIDIA GeForce RTX 2060 SUPER, pci bus id: 0000:05:00.0, compute capability: 7.5
W0000 00:00:1778749936.684340 2676180 cpu_allocator_impl.cc:82] Allocation of 1293516000 exceeds 10% of free system memory.
W0000 00:00:1778749937.843723 2676180 cpu_allocator_impl.cc:82] Allocation of 1293516000 exceeds 10% of free system memory.
W0000 00:00:1778749940.361453 2676180 cpu_allocator_impl.cc:82] Allocation of 1293516000 exceeds 10% of free system memory.
I0000 00:00:1778749944.105865 2676486 cuda_dnn.cc:461] Loaded cuDNN version 92200
W0000 00:00:1778751714.857416 2676180 cpu_allocator_impl.cc:82] Allocation of 1293516000 exceeds 10% of free system memory.
W0000 00:00:1778751716.005944 2676180 cpu_allocator_impl.cc:82] Allocation of 1293516000 exceeds 10% of free system memory.
[2026-05-14 18:42:29] video-level val: videos=1811 f1=0.9696 recall=0.9873 fall_prec=0.9525 nfall_prec=0.9597 min_prec=0.9525 min_consecutive=5
[2026-05-14 18:42:30] video-level test: videos=911 f1=0.9723 recall=0.9896 fall_prec=0.9556 nfall_prec=0.9671 min_prec=0.9556 min_consecutive=5
[2026-05-14 18:42:30] === VAL VIDEO-LEVEL REPORT ===
              precision    recall  f1-score   support

           0     0.9597    0.8599    0.9071       471
           1     0.9525    0.9873    0.9696      1340

    accuracy                         0.9542      1811
   macro avg     0.9561    0.9236    0.9383      1811
weighted avg     0.9544    0.9542    0.9533      1811

[2026-05-14 18:42:30] === TEST VIDEO-LEVEL REPORT ===
              precision    recall  f1-score   support

           0     0.9671    0.8692    0.9156       237
           1     0.9556    0.9896    0.9723       674

    accuracy                         0.9583       911
   macro avg     0.9614    0.9294    0.9439       911
weighted avg     0.9586    0.9583    0.9575       911

[2026-05-14 18:42:30] tflite export subprocess exit=0
[2026-05-14 18:42:30]   [tflite] P1-v16: no metrics.json, skip
[2026-05-14 18:42:30]   [tflite] 
[2026-05-14 18:42:30]   [tflite] Done.
[2026-05-14 18:42:30] done P1-v16 val_f1=0.9706 (video=0.9696) test_f1=0.9713 (video=0.9723) test_min_prec=0.9556 threshold=0.400 min_consecutive=5
