WARNING: All log messages before absl::InitializeLog() is called are written to STDERR
I0000 00:00:1778748690.659332 2662763 cpu_feature_guard.cc:227] This TensorFlow binary is optimized to use available CPU instructions in performance-critical operations.
To enable the following instructions: AVX2 FMA, in other operations, rebuild TensorFlow with the appropriate compiler flags.
[2026-05-14 17:51:32] loading train split=/home/min/Workspace/Graduate-Project/Falling-Model-Development/dataset/splits_v2_filtered/train.csv
[2026-05-14 17:51:45] train rows=1,274,014 videos=6,344 features=45 data_scope=all
[2026-05-14 17:51:45] loading val split=/home/min/Workspace/Graduate-Project/Falling-Model-Development/dataset/splits_v2_filtered/val.csv
[2026-05-14 17:51:49] val rows=363,918 videos=1,811 features=45 data_scope=all
[2026-05-14 17:51:49] loading test split=/home/min/Workspace/Graduate-Project/Falling-Model-Development/dataset/splits_v2_filtered/test.csv
[2026-05-14 17:51:50] test rows=182,782 videos=911 features=45 data_scope=all
[2026-05-14 17:51:59] train windows=119,770 positive=101,606 videos=6,344
[2026-05-14 17:52:01] val windows=39,199 positive=29,010 videos=1,811
[2026-05-14 17:52:02] test windows=19,712 positive=14,587 videos=911
I0000 00:00:1778748727.051321 2662763 gpu_device.cc:2043] Created device /job:localhost/replica:0/task:0/device:GPU:0 with 6066 MB memory:  -> device: 0, name: NVIDIA GeForce RTX 2060 SUPER, pci bus id: 0000:05:00.0, compute capability: 7.5
W0000 00:00:1778748728.463727 2662763 cpu_allocator_impl.cc:82] Allocation of 1293516000 exceeds 10% of free system memory.
W0000 00:00:1778748729.621316 2662763 cpu_allocator_impl.cc:82] Allocation of 1293516000 exceeds 10% of free system memory.
W0000 00:00:1778748731.976675 2662763 cpu_allocator_impl.cc:82] Allocation of 1293516000 exceeds 10% of free system memory.
I0000 00:00:1778748735.109755 2663061 cuda_dnn.cc:461] Loaded cuDNN version 92200
W0000 00:00:1778749871.525639 2662763 cpu_allocator_impl.cc:82] Allocation of 1293516000 exceeds 10% of free system memory.
W0000 00:00:1778749872.649672 2662763 cpu_allocator_impl.cc:82] Allocation of 1293516000 exceeds 10% of free system memory.
[2026-05-14 18:11:36] video-level val: videos=1811 f1=0.9709 recall=0.9821 fall_prec=0.9599 nfall_prec=0.9455 min_prec=0.9455 min_consecutive=5
[2026-05-14 18:11:37] video-level test: videos=911 f1=0.9714 recall=0.9837 fall_prec=0.9595 nfall_prec=0.9500 min_prec=0.9500 min_consecutive=5
[2026-05-14 18:11:37] === VAL VIDEO-LEVEL REPORT ===
              precision    recall  f1-score   support

           0     0.9455    0.8832    0.9133       471
           1     0.9599    0.9821    0.9709      1340

    accuracy                         0.9564      1811
   macro avg     0.9527    0.9327    0.9421      1811
weighted avg     0.9561    0.9564    0.9559      1811

[2026-05-14 18:11:37] === TEST VIDEO-LEVEL REPORT ===
              precision    recall  f1-score   support

           0     0.9500    0.8819    0.9147       237
           1     0.9595    0.9837    0.9714       674

    accuracy                         0.9572       911
   macro avg     0.9547    0.9328    0.9430       911
weighted avg     0.9570    0.9572    0.9567       911

[2026-05-14 18:11:37] tflite export subprocess exit=0
[2026-05-14 18:11:37]   [tflite] P1-v15: no metrics.json, skip
[2026-05-14 18:11:37]   [tflite] 
[2026-05-14 18:11:37]   [tflite] Done.
[2026-05-14 18:11:37] done P1-v15 val_f1=0.9689 (video=0.9709) test_f1=0.9696 (video=0.9714) test_min_prec=0.9500 threshold=0.500 min_consecutive=5
