WARNING: All log messages before absl::InitializeLog() is called are written to STDERR
I0000 00:00:1778740979.849633 2574834 cpu_feature_guard.cc:227] This TensorFlow binary is optimized to use available CPU instructions in performance-critical operations.
To enable the following instructions: AVX2 FMA, in other operations, rebuild TensorFlow with the appropriate compiler flags.
[2026-05-14 15:43:01] loading train split=/home/min/Workspace/Graduate-Project/Falling-Model-Development/dataset/lb3_v2/train.csv
[2026-05-14 15:43:12] train rows=1,274,014 videos=6,344 features=43 data_scope=all
[2026-05-14 15:43:12] loading val split=/home/min/Workspace/Graduate-Project/Falling-Model-Development/dataset/lb3_v2/val.csv
[2026-05-14 15:43:15] val rows=363,918 videos=1,811 features=43 data_scope=all
[2026-05-14 15:43:15] loading test split=/home/min/Workspace/Graduate-Project/Falling-Model-Development/dataset/lb3_v2/test.csv
[2026-05-14 15:43:16] test rows=182,782 videos=911 features=43 data_scope=all
[2026-05-14 15:43:25] train windows=119,770 positive=101,606 videos=6,344
[2026-05-14 15:43:27] val windows=39,199 positive=29,010 videos=1,811
[2026-05-14 15:43:29] test windows=19,712 positive=14,587 videos=911
I0000 00:00:1778741013.235043 2574834 gpu_device.cc:2043] Created device /job:localhost/replica:0/task:0/device:GPU:0 with 6066 MB memory:  -> device: 0, name: NVIDIA GeForce RTX 2060 SUPER, pci bus id: 0000:05:00.0, compute capability: 7.5
W0000 00:00:1778741014.569137 2574834 cpu_allocator_impl.cc:82] Allocation of 1236026400 exceeds 10% of free system memory.
W0000 00:00:1778741015.663991 2574834 cpu_allocator_impl.cc:82] Allocation of 1236026400 exceeds 10% of free system memory.
W0000 00:00:1778741017.946888 2574834 cpu_allocator_impl.cc:82] Allocation of 1236026400 exceeds 10% of free system memory.
I0000 00:00:1778741021.650823 2575216 cuda_dnn.cc:461] Loaded cuDNN version 92200
W0000 00:00:1778742672.310805 2574834 cpu_allocator_impl.cc:82] Allocation of 1236026400 exceeds 10% of free system memory.
W0000 00:00:1778742673.467352 2574834 cpu_allocator_impl.cc:82] Allocation of 1236026400 exceeds 10% of free system memory.
[2026-05-14 16:11:47] video-level val: videos=1811 f1=0.9695 recall=0.9851 fall_prec=0.9544 nfall_prec=0.9533 min_prec=0.9533 min_consecutive=5
[2026-05-14 16:11:48] video-level test: videos=911 f1=0.9707 recall=0.9837 fall_prec=0.9581 nfall_prec=0.9498 min_prec=0.9498 min_consecutive=5
[2026-05-14 16:11:48] === VAL VIDEO-LEVEL REPORT ===
              precision    recall  f1-score   support

           0     0.9533    0.8662    0.9077       471
           1     0.9544    0.9851    0.9695      1340

    accuracy                         0.9542      1811
   macro avg     0.9539    0.9257    0.9386      1811
weighted avg     0.9541    0.9542    0.9534      1811

[2026-05-14 16:11:48] === TEST VIDEO-LEVEL REPORT ===
              precision    recall  f1-score   support

           0     0.9498    0.8776    0.9123       237
           1     0.9581    0.9837    0.9707       674

    accuracy                         0.9561       911
   macro avg     0.9539    0.9307    0.9415       911
weighted avg     0.9559    0.9561    0.9555       911

[2026-05-14 16:11:48] tflite export subprocess exit=0
[2026-05-14 16:11:48]   [tflite] P1-v08: no metrics.json, skip
[2026-05-14 16:11:48]   [tflite] 
[2026-05-14 16:11:48]   [tflite] Done.
[2026-05-14 16:11:48] done P1-v08 val_f1=0.9694 (video=0.9695) test_f1=0.9697 (video=0.9707) test_min_prec=0.9498 threshold=0.450 min_consecutive=5
