WARNING: All log messages before absl::InitializeLog() is called are written to STDERR
I0000 00:00:1778744883.481079 2619641 cpu_feature_guard.cc:227] This TensorFlow binary is optimized to use available CPU instructions in performance-critical operations.
To enable the following instructions: AVX2 FMA, in other operations, rebuild TensorFlow with the appropriate compiler flags.
[2026-05-14 16:48:04] loading train split=/home/min/Workspace/Graduate-Project/Falling-Model-Development/dataset/splits_v2_filtered/train.csv
[2026-05-14 16:48:18] train rows=1,274,014 videos=6,344 features=45 data_scope=all
[2026-05-14 16:48:18] loading val split=/home/min/Workspace/Graduate-Project/Falling-Model-Development/dataset/splits_v2_filtered/val.csv
[2026-05-14 16:48:21] val rows=363,918 videos=1,811 features=45 data_scope=all
[2026-05-14 16:48:21] loading test split=/home/min/Workspace/Graduate-Project/Falling-Model-Development/dataset/splits_v2_filtered/test.csv
[2026-05-14 16:48:23] test rows=182,782 videos=911 features=45 data_scope=all
[2026-05-14 16:48:30] train windows=94,149 positive=51,271 videos=6,344
[2026-05-14 16:48:33] val windows=39,199 positive=14,992 videos=1,811
[2026-05-14 16:48:34] test windows=19,712 positive=7,332 videos=911
I0000 00:00:1778744918.240229 2619641 gpu_device.cc:2043] Created device /job:localhost/replica:0/task:0/device:GPU:0 with 6065 MB memory:  -> device: 0, name: NVIDIA GeForce RTX 2060 SUPER, pci bus id: 0000:05:00.0, compute capability: 7.5
W0000 00:00:1778744919.533198 2619641 cpu_allocator_impl.cc:82] Allocation of 1016809200 exceeds 10% of free system memory.
W0000 00:00:1778744920.455013 2619641 cpu_allocator_impl.cc:82] Allocation of 1016809200 exceeds 10% of free system memory.
W0000 00:00:1778744922.693928 2619641 cpu_allocator_impl.cc:82] Allocation of 1016809200 exceeds 10% of free system memory.
I0000 00:00:1778744926.195521 2620039 cuda_dnn.cc:461] Loaded cuDNN version 92200
W0000 00:00:1778746009.699853 2619641 cpu_allocator_impl.cc:82] Allocation of 1016809200 exceeds 10% of free system memory.
W0000 00:00:1778746010.623042 2619641 cpu_allocator_impl.cc:82] Allocation of 1016809200 exceeds 10% of free system memory.
[2026-05-14 17:07:21] video-level val: videos=1811 f1=0.9318 recall=0.9594 fall_prec=0.9058 nfall_prec=0.9247 min_prec=0.9058 min_consecutive=5
[2026-05-14 17:07:21] video-level test: videos=911 f1=0.9110 recall=0.9350 fall_prec=0.8881 nfall_prec=0.8814 min_prec=0.8814 min_consecutive=5
[2026-05-14 17:07:22] === VAL VIDEO-LEVEL REPORT ===
              precision    recall  f1-score   support

           0     0.9247    0.8333    0.8766       678
           1     0.9058    0.9594    0.9318      1133

    accuracy                         0.9122      1811
   macro avg     0.9153    0.8964    0.9042      1811
weighted avg     0.9129    0.9122    0.9112      1811

[2026-05-14 17:07:22] === TEST VIDEO-LEVEL REPORT ===
              precision    recall  f1-score   support

           0     0.8814    0.8041    0.8410       342
           1     0.8881    0.9350    0.9110       569

    accuracy                         0.8858       911
   macro avg     0.8848    0.8695    0.8760       911
weighted avg     0.8856    0.8858    0.8847       911

[2026-05-14 17:07:22] tflite export subprocess exit=0
[2026-05-14 17:07:22]   [tflite] P1-v12: no metrics.json, skip
[2026-05-14 17:07:22]   [tflite] 
[2026-05-14 17:07:22]   [tflite] Done.
[2026-05-14 17:07:22] done P1-v12 val_f1=0.8009 (video=0.9318) test_f1=0.7933 (video=0.9110) test_min_prec=0.8814 threshold=0.300 min_consecutive=5
