WARNING: All log messages before absl::InitializeLog() is called are written to STDERR
I0000 00:00:1778737481.023735 2537757 cpu_feature_guard.cc:227] This TensorFlow binary is optimized to use available CPU instructions in performance-critical operations.
To enable the following instructions: AVX2 FMA, in other operations, rebuild TensorFlow with the appropriate compiler flags.
[2026-05-14 14:44:42] loading train split=/home/min/Workspace/Graduate-Project/Falling-Model-Development/dataset/lb3_v2/train.csv
[2026-05-14 14:44:53] train rows=1,274,014 videos=6,344 features=43 data_scope=all
[2026-05-14 14:44:53] loading val split=/home/min/Workspace/Graduate-Project/Falling-Model-Development/dataset/lb3_v2/val.csv
[2026-05-14 14:44:56] val rows=363,918 videos=1,811 features=43 data_scope=all
[2026-05-14 14:44:56] loading test split=/home/min/Workspace/Graduate-Project/Falling-Model-Development/dataset/lb3_v2/test.csv
[2026-05-14 14:44:58] test rows=182,782 videos=911 features=43 data_scope=all
[2026-05-14 14:45:06] train windows=119,770 positive=101,606 videos=6,344
[2026-05-14 14:45:09] val windows=39,199 positive=29,010 videos=1,811
[2026-05-14 14:45:10] test windows=19,712 positive=14,587 videos=911
I0000 00:00:1778737514.581111 2537757 gpu_device.cc:2043] Created device /job:localhost/replica:0/task:0/device:GPU:0 with 6065 MB memory:  -> device: 0, name: NVIDIA GeForce RTX 2060 SUPER, pci bus id: 0000:05:00.0, compute capability: 7.5
W0000 00:00:1778737515.907737 2537757 cpu_allocator_impl.cc:82] Allocation of 1236026400 exceeds 10% of free system memory.
W0000 00:00:1778737517.006144 2537757 cpu_allocator_impl.cc:82] Allocation of 1236026400 exceeds 10% of free system memory.
W0000 00:00:1778737519.328069 2537757 cpu_allocator_impl.cc:82] Allocation of 1236026400 exceeds 10% of free system memory.
I0000 00:00:1778737522.640286 2538154 cuda_dnn.cc:461] Loaded cuDNN version 92200
W0000 00:00:1778739658.524080 2537757 cpu_allocator_impl.cc:82] Allocation of 1236026400 exceeds 10% of free system memory.
W0000 00:00:1778739659.608056 2537757 cpu_allocator_impl.cc:82] Allocation of 1236026400 exceeds 10% of free system memory.
[2026-05-14 15:21:32] video-level val: videos=1811 f1=0.9722 recall=0.9918 fall_prec=0.9534 nfall_prec=0.9736 min_prec=0.9534 min_consecutive=5
[2026-05-14 15:21:32] video-level test: videos=911 f1=0.9694 recall=0.9881 fall_prec=0.9514 nfall_prec=0.9621 min_prec=0.9514 min_consecutive=5
[2026-05-14 15:21:33] === VAL VIDEO-LEVEL REPORT ===
              precision    recall  f1-score   support

           0     0.9736    0.8620    0.9144       471
           1     0.9534    0.9918    0.9722      1340

    accuracy                         0.9580      1811
   macro avg     0.9635    0.9269    0.9433      1811
weighted avg     0.9586    0.9580    0.9572      1811

[2026-05-14 15:21:33] === TEST VIDEO-LEVEL REPORT ===
              precision    recall  f1-score   support

           0     0.9621    0.8565    0.9062       237
           1     0.9514    0.9881    0.9694       674

    accuracy                         0.9539       911
   macro avg     0.9568    0.9223    0.9378       911
weighted avg     0.9542    0.9539    0.9530       911

Saved artifact at '/home/min/Workspace/Graduate-Project/Falling-Model-Development/results/gru_baseline_phase1/P1-v06/_saved_model_tmp'. The following endpoints are available:

* Endpoint 'serve'
  args_0 (POSITIONAL_ONLY): TensorSpec(shape=(None, 60, 43), dtype=tf.float32, name='pose_sequence')
Output Type:
  TensorSpec(shape=(None, 3), dtype=tf.float32, name=None)
Captures:
  124682470637648: TensorSpec(shape=(), dtype=tf.resource, name=None)
  124682469998224: TensorSpec(shape=(), dtype=tf.resource, name=None)
  124682469998416: TensorSpec(shape=(), dtype=tf.resource, name=None)
  124682470638992: TensorSpec(shape=(), dtype=tf.resource, name=None)
  124682470639760: TensorSpec(shape=(), dtype=tf.resource, name=None)
  124682469996496: TensorSpec(shape=(), dtype=tf.resource, name=None)
  124682469985936: TensorSpec(shape=(), dtype=tf.resource, name=None)
  124682469995728: TensorSpec(shape=(), dtype=tf.resource, name=None)
  124682469988816: TensorSpec(shape=(), dtype=tf.resource, name=None)
  124682469997840: TensorSpec(shape=(), dtype=tf.resource, name=None)
  124682469983632: TensorSpec(shape=(), dtype=tf.resource, name=None)
  124682469983824: TensorSpec(shape=(), dtype=tf.resource, name=None)
  124682469992656: TensorSpec(shape=(), dtype=tf.resource, name=None)
  124682469996112: TensorSpec(shape=(), dtype=tf.resource, name=None)
  124682469984208: TensorSpec(shape=(), dtype=tf.resource, name=None)
  124682469993040: TensorSpec(shape=(), dtype=tf.resource, name=None)
  124682469984016: TensorSpec(shape=(), dtype=tf.resource, name=None)
  124682469992848: TensorSpec(shape=(), dtype=tf.resource, name=None)
  124682468355600: TensorSpec(shape=(), dtype=tf.resource, name=None)
  124682468359824: TensorSpec(shape=(), dtype=tf.resource, name=None)
  124682470082704: TensorSpec(shape=(), dtype=tf.resource, name=None)
  124682468357328: TensorSpec(shape=(), dtype=tf.resource, name=None)
  124682470080592: TensorSpec(shape=(), dtype=tf.resource, name=None)
  124682470083856: TensorSpec(shape=(), dtype=tf.resource, name=None)
  124682470082512: TensorSpec(shape=(), dtype=tf.resource, name=None)
  124682470084240: TensorSpec(shape=(), dtype=tf.resource, name=None)
  124682470083472: TensorSpec(shape=(), dtype=tf.resource, name=None)
  124682470084432: TensorSpec(shape=(), dtype=tf.resource, name=None)
  124682470084816: TensorSpec(shape=(), dtype=tf.resource, name=None)
  124682470085008: TensorSpec(shape=(), dtype=tf.resource, name=None)
  124682470081168: TensorSpec(shape=(), dtype=tf.resource, name=None)
  124682470085584: TensorSpec(shape=(), dtype=tf.resource, name=None)
W0000 00:00:1778739694.166520 2537757 tf_tfl_flatbuffer_helpers.cc:364] Ignored output_format.
W0000 00:00:1778739694.166537 2537757 tf_tfl_flatbuffer_helpers.cc:367] Ignored drop_control_dependency.
I0000 00:00:1778739694.166771 2537757 reader.cc:83] Reading SavedModel from: /home/min/Workspace/Graduate-Project/Falling-Model-Development/results/gru_baseline_phase1/P1-v06/_saved_model_tmp
I0000 00:00:1778739694.167956 2537757 reader.cc:52] Reading meta graph with tags { serve }
I0000 00:00:1778739694.167963 2537757 reader.cc:147] Reading SavedModel debug info (if present) from: /home/min/Workspace/Graduate-Project/Falling-Model-Development/results/gru_baseline_phase1/P1-v06/_saved_model_tmp
I0000 00:00:1778739694.177121 2537757 mlir_graph_optimization_pass.cc:437] MLIR V1 optimization pass is not enabled
I0000 00:00:1778739694.179064 2537757 loader.cc:236] Restoring SavedModel bundle.
I0000 00:00:1778739694.235876 2537757 loader.cc:220] Running initialization op on SavedModel bundle at path: /home/min/Workspace/Graduate-Project/Falling-Model-Development/results/gru_baseline_phase1/P1-v06/_saved_model_tmp
I0000 00:00:1778739694.255566 2537757 loader.cc:471] SavedModel load for tags { serve }; Status: success: OK. Took 88801 microseconds.
I0000 00:00:1778739694.279641 2537757 dump_mlir_util.cc:269] disabling MLIR crash reproducer, set env var `MLIR_CRASH_REPRODUCER_DIRECTORY` to enable.
loc(callsite(fused["CudnnRNNV3:", "P1-v06_gru_1/bi_gru_1_1/backward_gru_1_1/CudnnRNNV3@__inference___call___509460"] at callsite(fused["StatefulPartitionedCall:", "StatefulPartitionedCall@__inference_signature_wrapper___call___509599"] at fused["StatefulPartitionedCall:", "StatefulPartitionedCall_1"]))): error: 'tf.CudnnRNNV3' op is neither a custom op nor a flex op
loc(callsite(fused["CudnnRNNV3:", "P1-v06_gru_1/bi_gru_1_1/forward_gru_1_1/CudnnRNNV3@__inference___call___509460"] at callsite(fused["StatefulPartitionedCall:", "StatefulPartitionedCall@__inference_signature_wrapper___call___509599"] at fused["StatefulPartitionedCall:", "StatefulPartitionedCall_1"]))): error: 'tf.CudnnRNNV3' op is neither a custom op nor a flex op
loc(callsite(fused["CudnnRNNV3:", "P1-v06_gru_1/bi_gru_2_1/backward_gru_2_1/CudnnRNNV3@__inference___call___509460"] at callsite(fused["StatefulPartitionedCall:", "StatefulPartitionedCall@__inference_signature_wrapper___call___509599"] at fused["StatefulPartitionedCall:", "StatefulPartitionedCall_1"]))): error: 'tf.CudnnRNNV3' op is neither a custom op nor a flex op
loc(callsite(fused["CudnnRNNV3:", "P1-v06_gru_1/bi_gru_2_1/forward_gru_2_1/CudnnRNNV3@__inference___call___509460"] at callsite(fused["StatefulPartitionedCall:", "StatefulPartitionedCall@__inference_signature_wrapper___call___509599"] at fused["StatefulPartitionedCall:", "StatefulPartitionedCall_1"]))): error: 'tf.CudnnRNNV3' op is neither a custom op nor a flex op
error: failed while converting: 'main': 
Some ops in the model are custom ops, See instructions to implement custom ops: https://www.tensorflow.org/lite/guide/ops_custom 
Custom ops: CudnnRNNV3
Details:
	tf.CudnnRNNV3(tensor<?x60x512xf32>, tensor<?x1x128xf32>, tensor<f32>, tensor<246528xf32>, tensor<?xi32>) -> (tensor<?x60x128xf32>, tensor<?x1x128xf32>, tensor<f32>, tensor<*xf32>, tensor<*xi8>) : {T = f32, device = "", direction = "unidirectional", dropout = 0.000000e+00 : f32, input_mode = "linear_input", is_training = true, num_proj = 0 : i64, rnn_mode = "gru", seed = 0 : i64, seed2 = 0 : i64, time_major = false}
	tf.CudnnRNNV3(tensor<?x60x64xf32>, tensor<?x1x256xf32>, tensor<f32>, tensor<247296xf32>, tensor<?xi32>) -> (tensor<?x60x256xf32>, tensor<?x1x256xf32>, tensor<f32>, tensor<*xf32>, tensor<*xi8>) : {T = f32, device = "", direction = "unidirectional", dropout = 0.000000e+00 : f32, input_mode = "linear_input", is_training = true, num_proj = 0 : i64, rnn_mode = "gru", seed = 0 : i64, seed2 = 0 : i64, time_major = false}

W0000 00:00:1778739694.763291 2537757 tf_tfl_flatbuffer_helpers.cc:364] Ignored output_format.
W0000 00:00:1778739694.763307 2537757 tf_tfl_flatbuffer_helpers.cc:367] Ignored drop_control_dependency.
I0000 00:00:1778739694.763427 2537757 reader.cc:83] Reading SavedModel from: /home/min/Workspace/Graduate-Project/Falling-Model-Development/results/gru_baseline_phase1/P1-v06/_saved_model_tmp
I0000 00:00:1778739694.764597 2537757 reader.cc:52] Reading meta graph with tags { serve }
I0000 00:00:1778739694.764603 2537757 reader.cc:147] Reading SavedModel debug info (if present) from: /home/min/Workspace/Graduate-Project/Falling-Model-Development/results/gru_baseline_phase1/P1-v06/_saved_model_tmp
I0000 00:00:1778739694.775386 2537757 loader.cc:236] Restoring SavedModel bundle.
I0000 00:00:1778739694.832106 2537757 loader.cc:220] Running initialization op on SavedModel bundle at path: /home/min/Workspace/Graduate-Project/Falling-Model-Development/results/gru_baseline_phase1/P1-v06/_saved_model_tmp
I0000 00:00:1778739694.851791 2537757 loader.cc:471] SavedModel load for tags { serve }; Status: success: OK. Took 88370 microseconds.
loc(callsite(fused["CudnnRNNV3:", "P1-v06_gru_1/bi_gru_1_1/backward_gru_1_1/CudnnRNNV3@__inference___call___509460"] at callsite(fused["StatefulPartitionedCall:", "StatefulPartitionedCall@__inference_signature_wrapper___call___509599"] at fused["StatefulPartitionedCall:", "StatefulPartitionedCall_1"]))): error: 'tf.CudnnRNNV3' op is neither a custom op nor a flex op
loc(callsite(fused["CudnnRNNV3:", "P1-v06_gru_1/bi_gru_1_1/forward_gru_1_1/CudnnRNNV3@__inference___call___509460"] at callsite(fused["StatefulPartitionedCall:", "StatefulPartitionedCall@__inference_signature_wrapper___call___509599"] at fused["StatefulPartitionedCall:", "StatefulPartitionedCall_1"]))): error: 'tf.CudnnRNNV3' op is neither a custom op nor a flex op
loc(callsite(fused["CudnnRNNV3:", "P1-v06_gru_1/bi_gru_2_1/backward_gru_2_1/CudnnRNNV3@__inference___call___509460"] at callsite(fused["StatefulPartitionedCall:", "StatefulPartitionedCall@__inference_signature_wrapper___call___509599"] at fused["StatefulPartitionedCall:", "StatefulPartitionedCall_1"]))): error: 'tf.CudnnRNNV3' op is neither a custom op nor a flex op
loc(callsite(fused["CudnnRNNV3:", "P1-v06_gru_1/bi_gru_2_1/forward_gru_2_1/CudnnRNNV3@__inference___call___509460"] at callsite(fused["StatefulPartitionedCall:", "StatefulPartitionedCall@__inference_signature_wrapper___call___509599"] at fused["StatefulPartitionedCall:", "StatefulPartitionedCall_1"]))): error: 'tf.CudnnRNNV3' op is neither a custom op nor a flex op
error: failed while converting: 'main': 
Some ops in the model are custom ops, See instructions to implement custom ops: https://www.tensorflow.org/lite/guide/ops_custom 
Custom ops: CudnnRNNV3
Details:
	tf.CudnnRNNV3(tensor<?x60x512xf32>, tensor<?x1x128xf32>, tensor<f32>, tensor<246528xf32>, tensor<?xi32>) -> (tensor<?x60x128xf32>, tensor<?x1x128xf32>, tensor<f32>, tensor<*xf32>, tensor<*xi8>) : {T = f32, device = "", direction = "unidirectional", dropout = 0.000000e+00 : f32, input_mode = "linear_input", is_training = true, num_proj = 0 : i64, rnn_mode = "gru", seed = 0 : i64, seed2 = 0 : i64, time_major = false}
	tf.CudnnRNNV3(tensor<?x60x64xf32>, tensor<?x1x256xf32>, tensor<f32>, tensor<247296xf32>, tensor<?xi32>) -> (tensor<?x60x256xf32>, tensor<?x1x256xf32>, tensor<f32>, tensor<*xf32>, tensor<*xi8>) : {T = f32, device = "", direction = "unidirectional", dropout = 0.000000e+00 : f32, input_mode = "linear_input", is_training = true, num_proj = 0 : i64, rnn_mode = "gru", seed = 0 : i64, seed2 = 0 : i64, time_major = false}

[2026-05-14 15:21:35] done P1-v06 val_f1=0.9732 (video=0.9722) test_f1=0.9712 (video=0.9694) test_min_prec=0.9514 threshold=0.300 min_consecutive=5
