[2026-05-14 12:35:16] === GROUP A: raw + LB-2 ===
[2026-05-14 12:35:16] START P1-v01
[2026-05-14 13:21:20] FAIL  P1-v01
[2026-05-14 13:21:20] START P1-v02
[2026-05-14 13:22:48] FAIL  P1-v02
[2026-05-14 13:22:48] START P1-v03
[2026-05-14 13:23:08] === GROUP A: raw + LB-2 ===
[2026-05-14 13:23:08] START P1-v01
[2026-05-14 13:35:08] === GROUP A: raw + LB-2 ===
[2026-05-14 13:35:08] START P1-v01
[2026-05-14 13:43:15] OK    P1-v01
[2026-05-14 13:43:15] START P1-v02
[2026-05-14 13:49:16] === GROUP A: raw + LB-2 ===
[2026-05-14 13:49:16] SKIP  P1-v01 — already complete
[2026-05-14 13:49:16] START P1-v02
[2026-05-14 14:03:09] OK    P1-v02
[2026-05-14 14:03:09] START P1-v03
[2026-05-14 14:12:21] OK    P1-v03
[2026-05-14 14:12:21] START P1-v04
[2026-05-14 14:27:44] OK    P1-v04
[2026-05-14 14:27:44] === GROUP B: raw + LB-3 ===
[2026-05-14 14:27:44] START P1-v05
[2026-05-14 14:44:40] OK    P1-v05
[2026-05-14 14:44:40] START P1-v06
[2026-05-14 15:21:35] OK    P1-v06
[2026-05-14 15:21:35] START P1-v07
[2026-05-14 15:42:59] OK    P1-v07
[2026-05-14 15:42:59] START P1-v08
[2026-05-14 16:11:49] OK    P1-v08
[2026-05-14 16:11:49] Waiting for dataset/splits_v2_filtered/test.csv ...
[2026-05-14 16:11:49] splits_v2_filtered ready — starting filtered experiments
[2026-05-14 16:11:49] === GROUP C: filtered + LB-2 ===
[2026-05-14 16:11:49] START P1-v09
[2026-05-14 16:21:12] OK    P1-v09
[2026-05-14 16:21:12] START P1-v10
[2026-05-14 16:35:40] OK    P1-v10
[2026-05-14 16:35:40] START P1-v11
[2026-05-14 16:48:02] OK    P1-v11
[2026-05-14 16:48:02] START P1-v12
[2026-05-14 17:07:23] OK    P1-v12
[2026-05-14 17:07:23] === GROUP D: filtered + LB-3 ===
[2026-05-14 17:07:23] START P1-v13
[2026-05-14 17:20:27] OK    P1-v13
[2026-05-14 17:20:27] START P1-v14
[2026-05-14 17:51:30] OK    P1-v14
[2026-05-14 17:51:30] START P1-v15
[2026-05-14 18:11:38] OK    P1-v15
[2026-05-14 18:11:38] START P1-v16
[2026-05-14 18:42:31] OK    P1-v16
[2026-05-14 18:42:31] All Phase 1 experiments complete.

=== PHASE 1 RESULTS ===
ID         PP   LB   Arch          testF1     Rec FallPrec NFallPrc  MinPrec  valF1  mincn
-------------------------------------------------------------------------------
P1-v01     raw  2    base          0.8937  0.9156   0.8727      nan   0.8727 0.9217      3
P1-v02     raw  2    bidir         0.9032  0.9350   0.8736   0.8775   0.8736 0.9243      1
P1-v03     raw  2    attn          0.9026  0.9367   0.8709   0.8796   0.8709 0.9258      3
P1-v04     raw  2    bidir+attn    0.8881  0.8998   0.8767   0.8257   0.8257 0.9225      3
P1-v05     raw  3    base          0.9714  0.9822   0.9608   0.9459   0.9459 0.9714      5
P1-v06     raw  3    bidir         0.9694  0.9881   0.9514   0.9621   0.9514 0.9722      5
P1-v07     raw  3    attn          0.9679  0.9852   0.9513   0.9531   0.9513 0.9705      5
P1-v08     raw  3    bidir+attn    0.9707  0.9837   0.9581   0.9498   0.9498 0.9695      5
P1-v09     filt 2    base          0.9097  0.9385   0.8826   0.8856   0.8826 0.9333      1
P1-v10     filt 2    bidir         0.9220  0.9561   0.8903   0.9167   0.8903 0.9349      1
P1-v11     filt 2    attn          0.9220  0.9561   0.8903   0.9167   0.8903 0.9368      1
P1-v12     filt 2    bidir+attn    0.9110  0.9350   0.8881   0.8814   0.8814 0.9318      5
P1-v13     filt 3    base          0.9665  0.9837   0.9499   0.9484   0.9484 0.9696      5
P1-v14     filt 3    bidir         0.9708  0.9866   0.9555   0.9581   0.9555 0.9699      5
P1-v15     filt 3    attn          0.9714  0.9837   0.9595   0.9500   0.9500 0.9709      5
P1-v16     filt 3    bidir+attn    0.9723  0.9896   0.9556   0.9671   0.9556 0.9696      5
[2026-05-14 18:42:31] Phase 1 summary written to results/gru_baseline_phase1/summary.log
