WARNING: All log messages before absl::InitializeLog() is called are written to STDERR
I0000 00:00:1778867594.373372   24432 cpu_feature_guard.cc:227] This TensorFlow binary is optimized to use available CPU instructions in performance-critical operations.
To enable the following instructions: AVX2 FMA, in other operations, rebuild TensorFlow with the appropriate compiler flags.
[2026-05-16 02:53:15] loading train split=/home/min/Workspace/Graduate-Project/Falling-Model-Development/dataset/splits_v2_class_balanced_filtered_kv/train.csv
[2026-05-16 02:53:29] train rows=1,211,093 videos=6,039 features=37 data_scope=all
[2026-05-16 02:53:29] loading val split=/home/min/Workspace/Graduate-Project/Falling-Model-Development/dataset/splits_v2_class_balanced_filtered_kv/val.csv
[2026-05-16 02:53:33] val rows=344,292 videos=1,714 features=37 data_scope=all
[2026-05-16 02:53:33] loading test split=/home/min/Workspace/Graduate-Project/Falling-Model-Development/dataset/splits_v2_class_balanced_filtered_kv/test.csv
[2026-05-16 02:53:35] test rows=172,209 videos=853 features=37 data_scope=all
[2026-05-16 02:53:52] train windows=492,449 positive=213,662 videos=6,039
[2026-05-16 02:53:56] val windows=70,274 positive=30,106 videos=1,714
[2026-05-16 02:53:57] test windows=34,973 positive=15,069 videos=853
I0000 00:00:1778867642.673425   24432 gpu_device.cc:2043] Created device /job:localhost/replica:0/task:0/device:GPU:0 with 6623 MB memory:  -> device: 0, name: NVIDIA GeForce RTX 2060 SUPER, pci bus id: 0000:05:00.0, compute capability: 7.5
W0000 00:00:1778867643.846393   24432 cpu_allocator_impl.cc:82] Allocation of 2915298080 exceeds 10% of free system memory.
W0000 00:00:1778867646.411482   24432 cpu_allocator_impl.cc:82] Allocation of 2915298080 exceeds 10% of free system memory.
W0000 00:00:1778867649.102565   24432 cpu_allocator_impl.cc:82] Allocation of 2915298080 exceeds 10% of free system memory.
I0000 00:00:1778867652.176013   24616 cuda_dnn.cc:461] Loaded cuDNN version 92200
[2026-05-16 03:13:13] ValMinPR: restored best weights (val_event_min_pr=0.9175)
W0000 00:00:1778868794.367187   24432 cpu_allocator_impl.cc:82] Allocation of 2915298080 exceeds 10% of free system memory.
W0000 00:00:1778868796.828183   24432 cpu_allocator_impl.cc:82] Allocation of 2915298080 exceeds 10% of free system memory.
[2026-05-16 03:14:32] video-level val: videos=1714 f1=0.9727 fall_recall=0.9766 nfall_recall=0.9175 fall_prec=0.9688 nfall_prec=0.9374 min_pr=0.9175 min_consecutive=3
[2026-05-16 03:14:32] event-level val: videos=1714 f1=0.9723 fall_recall=0.9758 nfall_recall=0.9175 fall_prec=0.9688 nfall_prec=0.9353 min_pr=0.9175 tolerance_windows=2
[2026-05-16 03:14:32] video-level test: videos=853 f1=0.9637 fall_recall=0.9630 nfall_recall=0.9052 fall_prec=0.9645 nfall_prec=0.9013 min_pr=0.9013 min_consecutive=3
[2026-05-16 03:14:33] event-level test: videos=853 f1=0.9629 fall_recall=0.9614 nfall_recall=0.9052 fall_prec=0.9645 nfall_prec=0.8974 min_pr=0.8974 tolerance_windows=2
[2026-05-16 03:14:33] === VAL VIDEO-LEVEL REPORT ===
              precision    recall  f1-score   support

           0     0.9374    0.9175    0.9274       473
           1     0.9688    0.9766    0.9727      1241

    accuracy                         0.9603      1714
   macro avg     0.9531    0.9471    0.9500      1714
weighted avg     0.9601    0.9603    0.9602      1714

[2026-05-16 03:14:33] === TEST VIDEO-LEVEL REPORT ===
              precision    recall  f1-score   support

           0     0.9013    0.9052    0.9032       232
           1     0.9645    0.9630    0.9637       621

    accuracy                         0.9472       853
   macro avg     0.9329    0.9341    0.9335       853
weighted avg     0.9473    0.9472    0.9473       853

[2026-05-16 03:14:33] done P22-v02 val_f1=0.8901 (video=0.9727) test_f1=0.8801 (video=0.9637) test_min_pr=0.9013 threshold=0.525 min_consecutive=3
