[2026-05-15 22:04:46] === P14-v01: α=0.15 + hard-neg + neg_stride=1 ===
[2026-05-15 22:04:46] START P14-v01
WARNING: All log messages before absl::InitializeLog() is called are written to STDERR
I0000 00:00:1778850287.035389  232136 cpu_feature_guard.cc:227] This TensorFlow binary is optimized to use available CPU instructions in performance-critical operations.
To enable the following instructions: AVX2 FMA, in other operations, rebuild TensorFlow with the appropriate compiler flags.
[2026-05-15 22:04:48] loading train split=/home/min/Workspace/Graduate-Project/Falling-Model-Development/dataset/splits_v2_filtered/train.csv
[2026-05-15 22:05:01] train rows=1,274,014 videos=6,344 features=27 data_scope=all
[2026-05-15 22:05:01] loading val split=/home/min/Workspace/Graduate-Project/Falling-Model-Development/dataset/splits_v2_filtered/val.csv
[2026-05-15 22:05:05] val rows=363,918 videos=1,811 features=27 data_scope=all
[2026-05-15 22:05:05] loading test split=/home/min/Workspace/Graduate-Project/Falling-Model-Development/dataset/splits_v2_filtered/test.csv
[2026-05-15 22:05:06] test rows=182,782 videos=911 features=27 data_scope=all
[2026-05-15 22:05:06] hard_negative_ids loaded: 50 videos from /home/min/Workspace/Graduate-Project/Falling-Model-Development/results/phase10_error_analysis/P9O-v01/false_positive_videos.csv
[2026-05-15 22:05:26] train windows=517,979 positive=224,347 videos=6,344
[2026-05-15 22:05:30] val windows=74,251 positive=32,590 videos=1,811
[2026-05-15 22:05:31] test windows=37,351 positive=16,447 videos=911
I0000 00:00:1778850338.802719  232136 gpu_device.cc:2043] Created device /job:localhost/replica:0/task:0/device:GPU:0 with 6103 MB memory:  -> device: 0, name: NVIDIA GeForce RTX 2060 SUPER, pci bus id: 0000:05:00.0, compute capability: 7.5
W0000 00:00:1778850340.599866  232136 cpu_allocator_impl.cc:82] Allocation of 2237669280 exceeds 10% of free system memory.
W0000 00:00:1778850342.530451  232136 cpu_allocator_impl.cc:82] Allocation of 2237669280 exceeds 10% of free system memory.
W0000 00:00:1778850345.175427  232136 cpu_allocator_impl.cc:82] Allocation of 2237669280 exceeds 10% of free system memory.
I0000 00:00:1778850348.020562  232665 cuda_dnn.cc:461] Loaded cuDNN version 92200
W0000 00:00:1778850685.361126  232136 cpu_allocator_impl.cc:82] Allocation of 2237669280 exceeds 10% of free system memory.
W0000 00:00:1778850687.283240  232136 cpu_allocator_impl.cc:82] Allocation of 2237669280 exceeds 10% of free system memory.
[2026-05-15 22:12:52] video-level val: videos=1811 f1=0.9572 fall_recall=0.9572 nfall_recall=0.8812 fall_prec=0.9572 nfall_prec=0.8812 min_pr=0.8812 min_consecutive=4
[2026-05-15 22:12:53] video-level test: videos=911 f1=0.9617 fall_recall=0.9610 nfall_recall=0.8980 fall_prec=0.9624 nfall_prec=0.8943 min_pr=0.8943 min_consecutive=4
[2026-05-15 22:12:53] === VAL VIDEO-LEVEL REPORT ===
              precision    recall  f1-score   support

           0     0.8812    0.8812    0.8812       480
           1     0.9572    0.9572    0.9572      1331

    accuracy                         0.9371      1811
   macro avg     0.9192    0.9192    0.9192      1811
weighted avg     0.9371    0.9371    0.9371      1811

[2026-05-15 22:12:53] === TEST VIDEO-LEVEL REPORT ===
              precision    recall  f1-score   support

           0     0.8943    0.8980    0.8961       245
           1     0.9624    0.9610    0.9617       666

    accuracy                         0.9440       911
   macro avg     0.9284    0.9295    0.9289       911
weighted avg     0.9441    0.9440    0.9441       911

[2026-05-15 22:13:04] tflite export subprocess exit=0
[2026-05-15 22:13:04]   [tflite] [P14-v01]
[2026-05-15 22:13:04]   [tflite]   Loading model.keras ...
[2026-05-15 22:13:04]   [tflite]     rebuilding with unroll=True for TFLite compatibility
[2026-05-15 22:13:04]   [tflite] Saved artifact at '/tmp/tmpp198ws0n'. The following endpoints are available:
[2026-05-15 22:13:04]   [tflite] 
[2026-05-15 22:13:04]   [tflite] * Endpoint 'serve'
[2026-05-15 22:13:04]   [tflite]   args_0 (POSITIONAL_ONLY): TensorSpec(shape=(None, 40, 27), dtype=tf.float32, name='pose_sequence')
[2026-05-15 22:13:04]   [tflite] Output Type:
[2026-05-15 22:13:04]   [tflite]   TensorSpec(shape=(None, 2), dtype=tf.float32, name=None)
[2026-05-15 22:13:04]   [tflite] Captures:
[2026-05-15 22:13:04]   [tflite]   127097414997520: TensorSpec(shape=(), dtype=tf.resource, name=None)
[2026-05-15 22:13:04]   [tflite]   127097414998288: TensorSpec(shape=(), dtype=tf.resource, name=None)
[2026-05-15 22:13:04]   [tflite]   127097414998096: TensorSpec(shape=(), dtype=tf.resource, name=None)
[2026-05-15 22:13:04]   [tflite]   127097414998480: TensorSpec(shape=(), dtype=tf.resource, name=None)
[2026-05-15 22:13:04]   [tflite]   127097414996560: TensorSpec(shape=(), dtype=tf.resource, name=None)
[2026-05-15 22:13:04]   [tflite]   127097414998672: TensorSpec(shape=(), dtype=tf.resource, name=None)
[2026-05-15 22:13:04]   [tflite]   127097414999056: TensorSpec(shape=(), dtype=tf.resource, name=None)
[2026-05-15 22:13:04]   [tflite]   127097414998864: TensorSpec(shape=(), dtype=tf.resource, name=None)
[2026-05-15 22:13:04]   [tflite]   127097414997712: TensorSpec(shape=(), dtype=tf.resource, name=None)
[2026-05-15 22:13:04]   [tflite]   127097414999248: TensorSpec(shape=(), dtype=tf.resource, name=None)
[2026-05-15 22:13:04]   [tflite]   127097415000016: TensorSpec(shape=(), dtype=tf.resource, name=None)
[2026-05-15 22:13:04]   [tflite]   127097415001360: TensorSpec(shape=(), dtype=tf.resource, name=None)
[2026-05-15 22:13:04]   [tflite]   127097415000400: TensorSpec(shape=(), dtype=tf.resource, name=None)
[2026-05-15 22:13:04]   [tflite]   127097415000784: TensorSpec(shape=(), dtype=tf.resource, name=None)
[2026-05-15 22:13:04]   [tflite]   127097415000208: TensorSpec(shape=(), dtype=tf.resource, name=None)
[2026-05-15 22:13:04]   [tflite]   127097415001744: TensorSpec(shape=(), dtype=tf.resource, name=None)
[2026-05-15 22:13:04]   [tflite]   127097415001552: TensorSpec(shape=(), dtype=tf.resource, name=None)
[2026-05-15 22:13:04]   [tflite]   127097415002512: TensorSpec(shape=(), dtype=tf.resource, name=None)
[2026-05-15 22:13:04]   [tflite]   127097414999440: TensorSpec(shape=(), dtype=tf.resource, name=None)
[2026-05-15 22:13:04]   [tflite]   127097415001936: TensorSpec(shape=(), dtype=tf.resource, name=None)
[2026-05-15 22:13:04]   [tflite]   127097415002896: TensorSpec(shape=(), dtype=tf.resource, name=None)
[2026-05-15 22:13:04]   [tflite]   127097415003088: TensorSpec(shape=(), dtype=tf.resource, name=None)
[2026-05-15 22:13:04]   [tflite]   127097415001168: TensorSpec(shape=(), dtype=tf.resource, name=None)
[2026-05-15 22:13:04]   [tflite]   127097415003664: TensorSpec(shape=(), dtype=tf.resource, name=None)
[2026-05-15 22:13:04]   [tflite]     fp32 OK (806 KB)
[2026-05-15 22:13:04]   [tflite] Saved artifact at '/tmp/tmp63atqnh2'. The following endpoints are available:
[2026-05-15 22:13:04]   [tflite] 
[2026-05-15 22:13:04]   [tflite] * Endpoint 'serve'
[2026-05-15 22:13:04]   [tflite]   args_0 (POSITIONAL_ONLY): TensorSpec(shape=(None, 40, 27), dtype=tf.float32, name='pose_sequence')
[2026-05-15 22:13:04]   [tflite] Output Type:
[2026-05-15 22:13:04]   [tflite]   TensorSpec(shape=(None, 2), dtype=tf.float32, name=None)
[2026-05-15 22:13:04]   [tflite] Captures:
[2026-05-15 22:13:04]   [tflite]   127097414997520: TensorSpec(shape=(), dtype=tf.resource, name=None)
[2026-05-15 22:13:04]   [tflite]   127097414998288: TensorSpec(shape=(), dtype=tf.resource, name=None)
[2026-05-15 22:13:04]   [tflite]   127097414998096: TensorSpec(shape=(), dtype=tf.resource, name=None)
[2026-05-15 22:13:04]   [tflite]   127097414998480: TensorSpec(shape=(), dtype=tf.resource, name=None)
[2026-05-15 22:13:04]   [tflite]   127097414996560: TensorSpec(shape=(), dtype=tf.resource, name=None)
[2026-05-15 22:13:04]   [tflite]   127097414998672: TensorSpec(shape=(), dtype=tf.resource, name=None)
[2026-05-15 22:13:04]   [tflite]   127097414999056: TensorSpec(shape=(), dtype=tf.resource, name=None)
[2026-05-15 22:13:04]   [tflite]   127097414998864: TensorSpec(shape=(), dtype=tf.resource, name=None)
[2026-05-15 22:13:04]   [tflite]   127097414997712: TensorSpec(shape=(), dtype=tf.resource, name=None)
[2026-05-15 22:13:04]   [tflite]   127097414999248: TensorSpec(shape=(), dtype=tf.resource, name=None)
[2026-05-15 22:13:04]   [tflite]   127097415000016: TensorSpec(shape=(), dtype=tf.resource, name=None)
[2026-05-15 22:13:04]   [tflite]   127097415001360: TensorSpec(shape=(), dtype=tf.resource, name=None)
[2026-05-15 22:13:04]   [tflite]   127097415000400: TensorSpec(shape=(), dtype=tf.resource, name=None)
[2026-05-15 22:13:04]   [tflite]   127097415000784: TensorSpec(shape=(), dtype=tf.resource, name=None)
[2026-05-15 22:13:04]   [tflite]   127097415000208: TensorSpec(shape=(), dtype=tf.resource, name=None)
[2026-05-15 22:13:04]   [tflite]   127097415001744: TensorSpec(shape=(), dtype=tf.resource, name=None)
[2026-05-15 22:13:04]   [tflite]   127097415001552: TensorSpec(shape=(), dtype=tf.resource, name=None)
[2026-05-15 22:13:04]   [tflite]   127097415002512: TensorSpec(shape=(), dtype=tf.resource, name=None)
[2026-05-15 22:13:04]   [tflite]   127097414999440: TensorSpec(shape=(), dtype=tf.resource, name=None)
[2026-05-15 22:13:04]   [tflite]   127097415001936: TensorSpec(shape=(), dtype=tf.resource, name=None)
[2026-05-15 22:13:04]   [tflite]   127097415002896: TensorSpec(shape=(), dtype=tf.resource, name=None)
[2026-05-15 22:13:04]   [tflite]   127097415003088: TensorSpec(shape=(), dtype=tf.resource, name=None)
[2026-05-15 22:13:04]   [tflite]   127097415001168: TensorSpec(shape=(), dtype=tf.resource, name=None)
[2026-05-15 22:13:04]   [tflite]   127097415003664: TensorSpec(shape=(), dtype=tf.resource, name=None)
[2026-05-15 22:13:04]   [tflite]     int8 OK (1236 KB)
[2026-05-15 22:13:04]   [tflite] 
[2026-05-15 22:13:04]   [tflite] Done.
/home/min/Workspace/Graduate-Project/Falling-Model-Development/.venv/lib/python3.13/site-packages/tensorflow/lite/python/interpreter.py:457: UserWarning:     Warning: tf.lite.Interpreter is deprecated and is scheduled for deletion in
    TF 2.20. Please use the LiteRT interpreter from the ai_edge_litert package.
    See the [migration guide](https://ai.google.dev/edge/litert/migration)
    for details.
    
  warnings.warn(_INTERPRETER_DELETION_WARNING)
INFO: Created TensorFlow Lite XNNPACK delegate for CPU.
[2026-05-15 22:13:06] done P14-v01 val_f1=0.8787 (video=0.9572) test_f1=0.8882 (video=0.9617) test_min_pr=0.8943 threshold=0.425 min_consecutive=4
[2026-05-15 22:13:07] OK    P14-v01  test_min_pr=0.8943
[2026-05-15 22:13:07] === P14-v02: α=0.20 + hard-neg + neg_stride=1 ===
[2026-05-15 22:13:07] START P14-v02
WARNING: All log messages before absl::InitializeLog() is called are written to STDERR
I0000 00:00:1778850787.793237  238127 cpu_feature_guard.cc:227] This TensorFlow binary is optimized to use available CPU instructions in performance-critical operations.
To enable the following instructions: AVX2 FMA, in other operations, rebuild TensorFlow with the appropriate compiler flags.
[2026-05-15 22:13:09] loading train split=/home/min/Workspace/Graduate-Project/Falling-Model-Development/dataset/splits_v2_filtered/train.csv
[2026-05-15 22:13:21] train rows=1,274,014 videos=6,344 features=27 data_scope=all
[2026-05-15 22:13:21] loading val split=/home/min/Workspace/Graduate-Project/Falling-Model-Development/dataset/splits_v2_filtered/val.csv
[2026-05-15 22:13:25] val rows=363,918 videos=1,811 features=27 data_scope=all
[2026-05-15 22:13:25] loading test split=/home/min/Workspace/Graduate-Project/Falling-Model-Development/dataset/splits_v2_filtered/test.csv
[2026-05-15 22:13:27] test rows=182,782 videos=911 features=27 data_scope=all
[2026-05-15 22:13:27] hard_negative_ids loaded: 50 videos from /home/min/Workspace/Graduate-Project/Falling-Model-Development/results/phase10_error_analysis/P9O-v01/false_positive_videos.csv
[2026-05-15 22:13:46] train windows=517,979 positive=224,347 videos=6,344
[2026-05-15 22:13:49] val windows=74,251 positive=32,590 videos=1,811
[2026-05-15 22:13:51] test windows=37,351 positive=16,447 videos=911
I0000 00:00:1778850838.207251  238127 gpu_device.cc:2043] Created device /job:localhost/replica:0/task:0/device:GPU:0 with 6096 MB memory:  -> device: 0, name: NVIDIA GeForce RTX 2060 SUPER, pci bus id: 0000:05:00.0, compute capability: 7.5
W0000 00:00:1778850840.082897  238127 cpu_allocator_impl.cc:82] Allocation of 2237669280 exceeds 10% of free system memory.
W0000 00:00:1778850841.972216  238127 cpu_allocator_impl.cc:82] Allocation of 2237669280 exceeds 10% of free system memory.
W0000 00:00:1778850844.575118  238127 cpu_allocator_impl.cc:82] Allocation of 2237669280 exceeds 10% of free system memory.
I0000 00:00:1778850847.413708  238590 cuda_dnn.cc:461] Loaded cuDNN version 92200
W0000 00:00:1778851183.667975  238127 cpu_allocator_impl.cc:82] Allocation of 2237669280 exceeds 10% of free system memory.
W0000 00:00:1778851185.570698  238127 cpu_allocator_impl.cc:82] Allocation of 2237669280 exceeds 10% of free system memory.
[2026-05-15 22:21:11] video-level val: videos=1811 f1=0.9612 fall_recall=0.9587 nfall_recall=0.9000 fall_prec=0.9637 nfall_prec=0.8871 min_pr=0.8871 min_consecutive=3
[2026-05-15 22:21:11] video-level test: videos=911 f1=0.9589 fall_recall=0.9625 nfall_recall=0.8776 fall_prec=0.9553 nfall_prec=0.8958 min_pr=0.8776 min_consecutive=3
[2026-05-15 22:21:12] === VAL VIDEO-LEVEL REPORT ===
              precision    recall  f1-score   support

           0     0.8871    0.9000    0.8935       480
           1     0.9637    0.9587    0.9612      1331

    accuracy                         0.9431      1811
   macro avg     0.9254    0.9293    0.9273      1811
weighted avg     0.9434    0.9431    0.9433      1811

[2026-05-15 22:21:12] === TEST VIDEO-LEVEL REPORT ===
              precision    recall  f1-score   support

           0     0.8958    0.8776    0.8866       245
           1     0.9553    0.9625    0.9589       666

    accuracy                         0.9396       911
   macro avg     0.9256    0.9200    0.9227       911
weighted avg     0.9393    0.9396    0.9394       911

[2026-05-15 22:21:23] tflite export subprocess exit=0
[2026-05-15 22:21:23]   [tflite] [P14-v02]
[2026-05-15 22:21:23]   [tflite]   Loading model.keras ...
[2026-05-15 22:21:23]   [tflite]     rebuilding with unroll=True for TFLite compatibility
[2026-05-15 22:21:23]   [tflite] Saved artifact at '/tmp/tmpgtj9z4l6'. The following endpoints are available:
[2026-05-15 22:21:23]   [tflite] 
[2026-05-15 22:21:23]   [tflite] * Endpoint 'serve'
[2026-05-15 22:21:23]   [tflite]   args_0 (POSITIONAL_ONLY): TensorSpec(shape=(None, 40, 27), dtype=tf.float32, name='pose_sequence')
[2026-05-15 22:21:23]   [tflite] Output Type:
[2026-05-15 22:21:23]   [tflite]   TensorSpec(shape=(None, 2), dtype=tf.float32, name=None)
[2026-05-15 22:21:23]   [tflite] Captures:
[2026-05-15 22:21:23]   [tflite]   132730133124624: TensorSpec(shape=(), dtype=tf.resource, name=None)
[2026-05-15 22:21:23]   [tflite]   132730133125392: TensorSpec(shape=(), dtype=tf.resource, name=None)
[2026-05-15 22:21:23]   [tflite]   132730133125200: TensorSpec(shape=(), dtype=tf.resource, name=None)
[2026-05-15 22:21:23]   [tflite]   132730133125584: TensorSpec(shape=(), dtype=tf.resource, name=None)
[2026-05-15 22:21:23]   [tflite]   132730133123664: TensorSpec(shape=(), dtype=tf.resource, name=None)
[2026-05-15 22:21:23]   [tflite]   132730133125776: TensorSpec(shape=(), dtype=tf.resource, name=None)
[2026-05-15 22:21:23]   [tflite]   132730133126160: TensorSpec(shape=(), dtype=tf.resource, name=None)
[2026-05-15 22:21:23]   [tflite]   132730133125968: TensorSpec(shape=(), dtype=tf.resource, name=None)
[2026-05-15 22:21:23]   [tflite]   132730133124816: TensorSpec(shape=(), dtype=tf.resource, name=None)
[2026-05-15 22:21:23]   [tflite]   132730133126352: TensorSpec(shape=(), dtype=tf.resource, name=None)
[2026-05-15 22:21:23]   [tflite]   132730133127120: TensorSpec(shape=(), dtype=tf.resource, name=None)
[2026-05-15 22:21:23]   [tflite]   132730133128464: TensorSpec(shape=(), dtype=tf.resource, name=None)
[2026-05-15 22:21:23]   [tflite]   132730133127504: TensorSpec(shape=(), dtype=tf.resource, name=None)
[2026-05-15 22:21:23]   [tflite]   132730133127888: TensorSpec(shape=(), dtype=tf.resource, name=None)
[2026-05-15 22:21:23]   [tflite]   132730133127312: TensorSpec(shape=(), dtype=tf.resource, name=None)
[2026-05-15 22:21:23]   [tflite]   132730133128848: TensorSpec(shape=(), dtype=tf.resource, name=None)
[2026-05-15 22:21:23]   [tflite]   132730133128656: TensorSpec(shape=(), dtype=tf.resource, name=None)
[2026-05-15 22:21:23]   [tflite]   132730133129616: TensorSpec(shape=(), dtype=tf.resource, name=None)
[2026-05-15 22:21:23]   [tflite]   132730133126544: TensorSpec(shape=(), dtype=tf.resource, name=None)
[2026-05-15 22:21:23]   [tflite]   132730133129040: TensorSpec(shape=(), dtype=tf.resource, name=None)
[2026-05-15 22:21:23]   [tflite]   132730133130000: TensorSpec(shape=(), dtype=tf.resource, name=None)
[2026-05-15 22:21:23]   [tflite]   132730133130192: TensorSpec(shape=(), dtype=tf.resource, name=None)
[2026-05-15 22:21:23]   [tflite]   132730133128272: TensorSpec(shape=(), dtype=tf.resource, name=None)
[2026-05-15 22:21:23]   [tflite]   132730133130768: TensorSpec(shape=(), dtype=tf.resource, name=None)
[2026-05-15 22:21:23]   [tflite]     fp32 OK (806 KB)
[2026-05-15 22:21:23]   [tflite] Saved artifact at '/tmp/tmpu6gm33k7'. The following endpoints are available:
[2026-05-15 22:21:23]   [tflite] 
[2026-05-15 22:21:23]   [tflite] * Endpoint 'serve'
[2026-05-15 22:21:23]   [tflite]   args_0 (POSITIONAL_ONLY): TensorSpec(shape=(None, 40, 27), dtype=tf.float32, name='pose_sequence')
[2026-05-15 22:21:23]   [tflite] Output Type:
[2026-05-15 22:21:23]   [tflite]   TensorSpec(shape=(None, 2), dtype=tf.float32, name=None)
[2026-05-15 22:21:23]   [tflite] Captures:
[2026-05-15 22:21:23]   [tflite]   132730133124624: TensorSpec(shape=(), dtype=tf.resource, name=None)
[2026-05-15 22:21:23]   [tflite]   132730133125392: TensorSpec(shape=(), dtype=tf.resource, name=None)
[2026-05-15 22:21:23]   [tflite]   132730133125200: TensorSpec(shape=(), dtype=tf.resource, name=None)
[2026-05-15 22:21:23]   [tflite]   132730133125584: TensorSpec(shape=(), dtype=tf.resource, name=None)
[2026-05-15 22:21:23]   [tflite]   132730133123664: TensorSpec(shape=(), dtype=tf.resource, name=None)
[2026-05-15 22:21:23]   [tflite]   132730133125776: TensorSpec(shape=(), dtype=tf.resource, name=None)
[2026-05-15 22:21:23]   [tflite]   132730133126160: TensorSpec(shape=(), dtype=tf.resource, name=None)
[2026-05-15 22:21:23]   [tflite]   132730133125968: TensorSpec(shape=(), dtype=tf.resource, name=None)
[2026-05-15 22:21:23]   [tflite]   132730133124816: TensorSpec(shape=(), dtype=tf.resource, name=None)
[2026-05-15 22:21:23]   [tflite]   132730133126352: TensorSpec(shape=(), dtype=tf.resource, name=None)
[2026-05-15 22:21:23]   [tflite]   132730133127120: TensorSpec(shape=(), dtype=tf.resource, name=None)
[2026-05-15 22:21:23]   [tflite]   132730133128464: TensorSpec(shape=(), dtype=tf.resource, name=None)
[2026-05-15 22:21:23]   [tflite]   132730133127504: TensorSpec(shape=(), dtype=tf.resource, name=None)
[2026-05-15 22:21:23]   [tflite]   132730133127888: TensorSpec(shape=(), dtype=tf.resource, name=None)
[2026-05-15 22:21:23]   [tflite]   132730133127312: TensorSpec(shape=(), dtype=tf.resource, name=None)
[2026-05-15 22:21:23]   [tflite]   132730133128848: TensorSpec(shape=(), dtype=tf.resource, name=None)
[2026-05-15 22:21:23]   [tflite]   132730133128656: TensorSpec(shape=(), dtype=tf.resource, name=None)
[2026-05-15 22:21:23]   [tflite]   132730133129616: TensorSpec(shape=(), dtype=tf.resource, name=None)
[2026-05-15 22:21:23]   [tflite]   132730133126544: TensorSpec(shape=(), dtype=tf.resource, name=None)
[2026-05-15 22:21:23]   [tflite]   132730133129040: TensorSpec(shape=(), dtype=tf.resource, name=None)
[2026-05-15 22:21:23]   [tflite]   132730133130000: TensorSpec(shape=(), dtype=tf.resource, name=None)
[2026-05-15 22:21:23]   [tflite]   132730133130192: TensorSpec(shape=(), dtype=tf.resource, name=None)
[2026-05-15 22:21:23]   [tflite]   132730133128272: TensorSpec(shape=(), dtype=tf.resource, name=None)
[2026-05-15 22:21:23]   [tflite]   132730133130768: TensorSpec(shape=(), dtype=tf.resource, name=None)
[2026-05-15 22:21:23]   [tflite]     int8 OK (1231 KB)
[2026-05-15 22:21:23]   [tflite] 
[2026-05-15 22:21:23]   [tflite] Done.
/home/min/Workspace/Graduate-Project/Falling-Model-Development/.venv/lib/python3.13/site-packages/tensorflow/lite/python/interpreter.py:457: UserWarning:     Warning: tf.lite.Interpreter is deprecated and is scheduled for deletion in
    TF 2.20. Please use the LiteRT interpreter from the ai_edge_litert package.
    See the [migration guide](https://ai.google.dev/edge/litert/migration)
    for details.
    
  warnings.warn(_INTERPRETER_DELETION_WARNING)
INFO: Created TensorFlow Lite XNNPACK delegate for CPU.
[2026-05-15 22:21:24] done P14-v02 val_f1=0.8676 (video=0.9612) test_f1=0.8747 (video=0.9589) test_min_pr=0.8776 threshold=0.500 min_consecutive=3
[2026-05-15 22:21:26] OK    P14-v02  test_min_pr=0.8776
[2026-05-15 22:21:26] === P14-v03: α=0.15 + hard-neg + neg_stride=1 + noise=0.05 ===
[2026-05-15 22:21:26] START P14-v03
WARNING: All log messages before absl::InitializeLog() is called are written to STDERR
I0000 00:00:1778851286.715316  244045 cpu_feature_guard.cc:227] This TensorFlow binary is optimized to use available CPU instructions in performance-critical operations.
To enable the following instructions: AVX2 FMA, in other operations, rebuild TensorFlow with the appropriate compiler flags.
[2026-05-15 22:21:28] loading train split=/home/min/Workspace/Graduate-Project/Falling-Model-Development/dataset/splits_v2_filtered/train.csv
[2026-05-15 22:21:40] train rows=1,274,014 videos=6,344 features=27 data_scope=all
[2026-05-15 22:21:40] loading val split=/home/min/Workspace/Graduate-Project/Falling-Model-Development/dataset/splits_v2_filtered/val.csv
[2026-05-15 22:21:44] val rows=363,918 videos=1,811 features=27 data_scope=all
[2026-05-15 22:21:44] loading test split=/home/min/Workspace/Graduate-Project/Falling-Model-Development/dataset/splits_v2_filtered/test.csv
[2026-05-15 22:21:46] test rows=182,782 videos=911 features=27 data_scope=all
[2026-05-15 22:21:46] hard_negative_ids loaded: 50 videos from /home/min/Workspace/Graduate-Project/Falling-Model-Development/results/phase10_error_analysis/P9O-v01/false_positive_videos.csv
[2026-05-15 22:22:06] train windows=517,979 positive=224,347 videos=6,344
[2026-05-15 22:22:10] val windows=74,251 positive=32,590 videos=1,811
[2026-05-15 22:22:11] test windows=37,351 positive=16,447 videos=911
I0000 00:00:1778851338.593752  244045 gpu_device.cc:2043] Created device /job:localhost/replica:0/task:0/device:GPU:0 with 6097 MB memory:  -> device: 0, name: NVIDIA GeForce RTX 2060 SUPER, pci bus id: 0000:05:00.0, compute capability: 7.5
W0000 00:00:1778851340.379863  244045 cpu_allocator_impl.cc:82] Allocation of 2237669280 exceeds 10% of free system memory.
W0000 00:00:1778851342.318427  244045 cpu_allocator_impl.cc:82] Allocation of 2237669280 exceeds 10% of free system memory.
W0000 00:00:1778851345.000012  244045 cpu_allocator_impl.cc:82] Allocation of 2237669280 exceeds 10% of free system memory.
I0000 00:00:1778851347.869231  244463 cuda_dnn.cc:461] Loaded cuDNN version 92200
W0000 00:00:1778851688.256369  244045 cpu_allocator_impl.cc:82] Allocation of 2237669280 exceeds 10% of free system memory.
W0000 00:00:1778851690.155641  244045 cpu_allocator_impl.cc:82] Allocation of 2237669280 exceeds 10% of free system memory.
[2026-05-15 22:29:36] video-level val: videos=1811 f1=0.9555 fall_recall=0.9519 nfall_recall=0.8875 fall_prec=0.9591 nfall_prec=0.8694 min_pr=0.8694 min_consecutive=1
[2026-05-15 22:29:37] video-level test: videos=911 f1=0.9574 fall_recall=0.9610 nfall_recall=0.8735 fall_prec=0.9538 nfall_prec=0.8917 min_pr=0.8735 min_consecutive=1
[2026-05-15 22:29:37] === VAL VIDEO-LEVEL REPORT ===
              precision    recall  f1-score   support

           0     0.8694    0.8875    0.8784       480
           1     0.9591    0.9519    0.9555      1331

    accuracy                         0.9348      1811
   macro avg     0.9143    0.9197    0.9169      1811
weighted avg     0.9353    0.9348    0.9351      1811

[2026-05-15 22:29:37] === TEST VIDEO-LEVEL REPORT ===
              precision    recall  f1-score   support

           0     0.8917    0.8735    0.8825       245
           1     0.9538    0.9610    0.9574       666

    accuracy                         0.9374       911
   macro avg     0.9227    0.9172    0.9199       911
weighted avg     0.9371    0.9374    0.9372       911

[2026-05-15 22:29:48] tflite export subprocess exit=0
[2026-05-15 22:29:48]   [tflite] [P14-v03]
[2026-05-15 22:29:48]   [tflite]   Loading model.keras ...
[2026-05-15 22:29:48]   [tflite]     rebuilding with unroll=True for TFLite compatibility
[2026-05-15 22:29:48]   [tflite] Saved artifact at '/tmp/tmpg7wdaii1'. The following endpoints are available:
[2026-05-15 22:29:48]   [tflite] 
[2026-05-15 22:29:48]   [tflite] * Endpoint 'serve'
[2026-05-15 22:29:48]   [tflite]   args_0 (POSITIONAL_ONLY): TensorSpec(shape=(None, 40, 27), dtype=tf.float32, name='pose_sequence')
[2026-05-15 22:29:48]   [tflite] Output Type:
[2026-05-15 22:29:48]   [tflite]   TensorSpec(shape=(None, 2), dtype=tf.float32, name=None)
[2026-05-15 22:29:48]   [tflite] Captures:
[2026-05-15 22:29:48]   [tflite]   140617693681168: TensorSpec(shape=(), dtype=tf.resource, name=None)
[2026-05-15 22:29:48]   [tflite]   140617693681936: TensorSpec(shape=(), dtype=tf.resource, name=None)
[2026-05-15 22:29:48]   [tflite]   140617693681744: TensorSpec(shape=(), dtype=tf.resource, name=None)
[2026-05-15 22:29:48]   [tflite]   140617693682128: TensorSpec(shape=(), dtype=tf.resource, name=None)
[2026-05-15 22:29:48]   [tflite]   140617693680208: TensorSpec(shape=(), dtype=tf.resource, name=None)
[2026-05-15 22:29:48]   [tflite]   140617693682320: TensorSpec(shape=(), dtype=tf.resource, name=None)
[2026-05-15 22:29:48]   [tflite]   140617693682704: TensorSpec(shape=(), dtype=tf.resource, name=None)
[2026-05-15 22:29:48]   [tflite]   140617693682512: TensorSpec(shape=(), dtype=tf.resource, name=None)
[2026-05-15 22:29:48]   [tflite]   140617693681360: TensorSpec(shape=(), dtype=tf.resource, name=None)
[2026-05-15 22:29:48]   [tflite]   140617693682896: TensorSpec(shape=(), dtype=tf.resource, name=None)
[2026-05-15 22:29:48]   [tflite]   140617693683664: TensorSpec(shape=(), dtype=tf.resource, name=None)
[2026-05-15 22:29:48]   [tflite]   140617693685008: TensorSpec(shape=(), dtype=tf.resource, name=None)
[2026-05-15 22:29:48]   [tflite]   140617693684048: TensorSpec(shape=(), dtype=tf.resource, name=None)
[2026-05-15 22:29:48]   [tflite]   140617693684432: TensorSpec(shape=(), dtype=tf.resource, name=None)
[2026-05-15 22:29:48]   [tflite]   140617693683856: TensorSpec(shape=(), dtype=tf.resource, name=None)
[2026-05-15 22:29:48]   [tflite]   140617693685392: TensorSpec(shape=(), dtype=tf.resource, name=None)
[2026-05-15 22:29:48]   [tflite]   140617693685200: TensorSpec(shape=(), dtype=tf.resource, name=None)
[2026-05-15 22:29:48]   [tflite]   140617693686160: TensorSpec(shape=(), dtype=tf.resource, name=None)
[2026-05-15 22:29:48]   [tflite]   140617693683088: TensorSpec(shape=(), dtype=tf.resource, name=None)
[2026-05-15 22:29:48]   [tflite]   140617693685584: TensorSpec(shape=(), dtype=tf.resource, name=None)
[2026-05-15 22:29:48]   [tflite]   140617693686544: TensorSpec(shape=(), dtype=tf.resource, name=None)
[2026-05-15 22:29:48]   [tflite]   140617693686736: TensorSpec(shape=(), dtype=tf.resource, name=None)
[2026-05-15 22:29:48]   [tflite]   140617693684816: TensorSpec(shape=(), dtype=tf.resource, name=None)
[2026-05-15 22:29:48]   [tflite]   140617693687312: TensorSpec(shape=(), dtype=tf.resource, name=None)
[2026-05-15 22:29:48]   [tflite]     fp32 OK (806 KB)
[2026-05-15 22:29:48]   [tflite] Saved artifact at '/tmp/tmpallv_5vk'. The following endpoints are available:
[2026-05-15 22:29:48]   [tflite] 
[2026-05-15 22:29:48]   [tflite] * Endpoint 'serve'
[2026-05-15 22:29:48]   [tflite]   args_0 (POSITIONAL_ONLY): TensorSpec(shape=(None, 40, 27), dtype=tf.float32, name='pose_sequence')
[2026-05-15 22:29:48]   [tflite] Output Type:
[2026-05-15 22:29:48]   [tflite]   TensorSpec(shape=(None, 2), dtype=tf.float32, name=None)
[2026-05-15 22:29:48]   [tflite] Captures:
[2026-05-15 22:29:48]   [tflite]   140617693681168: TensorSpec(shape=(), dtype=tf.resource, name=None)
[2026-05-15 22:29:48]   [tflite]   140617693681936: TensorSpec(shape=(), dtype=tf.resource, name=None)
[2026-05-15 22:29:48]   [tflite]   140617693681744: TensorSpec(shape=(), dtype=tf.resource, name=None)
[2026-05-15 22:29:48]   [tflite]   140617693682128: TensorSpec(shape=(), dtype=tf.resource, name=None)
[2026-05-15 22:29:48]   [tflite]   140617693680208: TensorSpec(shape=(), dtype=tf.resource, name=None)
[2026-05-15 22:29:48]   [tflite]   140617693682320: TensorSpec(shape=(), dtype=tf.resource, name=None)
[2026-05-15 22:29:48]   [tflite]   140617693682704: TensorSpec(shape=(), dtype=tf.resource, name=None)
[2026-05-15 22:29:48]   [tflite]   140617693682512: TensorSpec(shape=(), dtype=tf.resource, name=None)
[2026-05-15 22:29:48]   [tflite]   140617693681360: TensorSpec(shape=(), dtype=tf.resource, name=None)
[2026-05-15 22:29:48]   [tflite]   140617693682896: TensorSpec(shape=(), dtype=tf.resource, name=None)
[2026-05-15 22:29:48]   [tflite]   140617693683664: TensorSpec(shape=(), dtype=tf.resource, name=None)
[2026-05-15 22:29:48]   [tflite]   140617693685008: TensorSpec(shape=(), dtype=tf.resource, name=None)
[2026-05-15 22:29:48]   [tflite]   140617693684048: TensorSpec(shape=(), dtype=tf.resource, name=None)
[2026-05-15 22:29:48]   [tflite]   140617693684432: TensorSpec(shape=(), dtype=tf.resource, name=None)
[2026-05-15 22:29:48]   [tflite]   140617693683856: TensorSpec(shape=(), dtype=tf.resource, name=None)
[2026-05-15 22:29:48]   [tflite]   140617693685392: TensorSpec(shape=(), dtype=tf.resource, name=None)
[2026-05-15 22:29:48]   [tflite]   140617693685200: TensorSpec(shape=(), dtype=tf.resource, name=None)
[2026-05-15 22:29:48]   [tflite]   140617693686160: TensorSpec(shape=(), dtype=tf.resource, name=None)
[2026-05-15 22:29:48]   [tflite]   140617693683088: TensorSpec(shape=(), dtype=tf.resource, name=None)
[2026-05-15 22:29:48]   [tflite]   140617693685584: TensorSpec(shape=(), dtype=tf.resource, name=None)
[2026-05-15 22:29:48]   [tflite]   140617693686544: TensorSpec(shape=(), dtype=tf.resource, name=None)
[2026-05-15 22:29:48]   [tflite]   140617693686736: TensorSpec(shape=(), dtype=tf.resource, name=None)
[2026-05-15 22:29:48]   [tflite]   140617693684816: TensorSpec(shape=(), dtype=tf.resource, name=None)
[2026-05-15 22:29:48]   [tflite]   140617693687312: TensorSpec(shape=(), dtype=tf.resource, name=None)
[2026-05-15 22:29:48]   [tflite]     int8 OK (1231 KB)
[2026-05-15 22:29:48]   [tflite] 
[2026-05-15 22:29:48]   [tflite] Done.
/home/min/Workspace/Graduate-Project/Falling-Model-Development/.venv/lib/python3.13/site-packages/tensorflow/lite/python/interpreter.py:457: UserWarning:     Warning: tf.lite.Interpreter is deprecated and is scheduled for deletion in
    TF 2.20. Please use the LiteRT interpreter from the ai_edge_litert package.
    See the [migration guide](https://ai.google.dev/edge/litert/migration)
    for details.
    
  warnings.warn(_INTERPRETER_DELETION_WARNING)
INFO: Created TensorFlow Lite XNNPACK delegate for CPU.
[2026-05-15 22:29:49] done P14-v03 val_f1=0.8276 (video=0.9555) test_f1=0.8408 (video=0.9574) test_min_pr=0.8735 threshold=0.525 min_consecutive=1
[2026-05-15 22:29:51] OK    P14-v03  test_min_pr=0.8735
[2026-05-15 22:29:51] === P14-v04: α=0.15 + hard-neg + neg_stride=2 ===
[2026-05-15 22:29:51] START P14-v04
WARNING: All log messages before absl::InitializeLog() is called are written to STDERR
I0000 00:00:1778851791.804594  250118 cpu_feature_guard.cc:227] This TensorFlow binary is optimized to use available CPU instructions in performance-critical operations.
To enable the following instructions: AVX2 FMA, in other operations, rebuild TensorFlow with the appropriate compiler flags.
[2026-05-15 22:29:53] loading train split=/home/min/Workspace/Graduate-Project/Falling-Model-Development/dataset/splits_v2_filtered/train.csv
[2026-05-15 22:30:06] train rows=1,274,014 videos=6,344 features=27 data_scope=all
[2026-05-15 22:30:06] loading val split=/home/min/Workspace/Graduate-Project/Falling-Model-Development/dataset/splits_v2_filtered/val.csv
[2026-05-15 22:30:09] val rows=363,918 videos=1,811 features=27 data_scope=all
[2026-05-15 22:30:09] loading test split=/home/min/Workspace/Graduate-Project/Falling-Model-Development/dataset/splits_v2_filtered/test.csv
[2026-05-15 22:30:11] test rows=182,782 videos=911 features=27 data_scope=all
[2026-05-15 22:30:11] hard_negative_ids loaded: 50 videos from /home/min/Workspace/Graduate-Project/Falling-Model-Development/results/phase10_error_analysis/P9O-v01/false_positive_videos.csv
[2026-05-15 22:30:27] train windows=370,921 positive=224,347 videos=6,344
[2026-05-15 22:30:31] val windows=74,251 positive=32,590 videos=1,811
[2026-05-15 22:30:32] test windows=37,351 positive=16,447 videos=911
I0000 00:00:1778851838.175166  250118 gpu_device.cc:2043] Created device /job:localhost/replica:0/task:0/device:GPU:0 with 6097 MB memory:  -> device: 0, name: NVIDIA GeForce RTX 2060 SUPER, pci bus id: 0000:05:00.0, compute capability: 7.5
W0000 00:00:1778851839.609514  250118 cpu_allocator_impl.cc:82] Allocation of 1602378720 exceeds 10% of free system memory.
W0000 00:00:1778851840.993583  250118 cpu_allocator_impl.cc:82] Allocation of 1602378720 exceeds 10% of free system memory.
W0000 00:00:1778851843.267289  250118 cpu_allocator_impl.cc:82] Allocation of 1602378720 exceeds 10% of free system memory.
I0000 00:00:1778851845.887397  250505 cuda_dnn.cc:461] Loaded cuDNN version 92200
W0000 00:00:1778852143.218748  250118 cpu_allocator_impl.cc:82] Allocation of 1602378720 exceeds 10% of free system memory.
W0000 00:00:1778852144.596485  250118 cpu_allocator_impl.cc:82] Allocation of 1602378720 exceeds 10% of free system memory.
[2026-05-15 22:37:08] video-level val: videos=1811 f1=0.9639 fall_recall=0.9617 nfall_recall=0.9062 fall_prec=0.9660 nfall_prec=0.8951 min_pr=0.8951 min_consecutive=4
[2026-05-15 22:37:08] video-level test: videos=911 f1=0.9693 fall_recall=0.9730 nfall_recall=0.9061 fall_prec=0.9657 nfall_prec=0.9250 min_pr=0.9061 min_consecutive=4
[2026-05-15 22:37:09] === VAL VIDEO-LEVEL REPORT ===
              precision    recall  f1-score   support

           0     0.8951    0.9062    0.9006       480
           1     0.9660    0.9617    0.9639      1331

    accuracy                         0.9470      1811
   macro avg     0.9305    0.9340    0.9322      1811
weighted avg     0.9472    0.9470    0.9471      1811

[2026-05-15 22:37:09] === TEST VIDEO-LEVEL REPORT ===
              precision    recall  f1-score   support

           0     0.9250    0.9061    0.9155       245
           1     0.9657    0.9730    0.9693       666

    accuracy                         0.9550       911
   macro avg     0.9454    0.9395    0.9424       911
weighted avg     0.9548    0.9550    0.9548       911

[2026-05-15 22:37:19] tflite export subprocess exit=0
[2026-05-15 22:37:19]   [tflite] [P14-v04]
[2026-05-15 22:37:19]   [tflite]   Loading model.keras ...
[2026-05-15 22:37:19]   [tflite]     rebuilding with unroll=True for TFLite compatibility
[2026-05-15 22:37:19]   [tflite] Saved artifact at '/tmp/tmpezmfsdqo'. The following endpoints are available:
[2026-05-15 22:37:19]   [tflite] 
[2026-05-15 22:37:19]   [tflite] * Endpoint 'serve'
[2026-05-15 22:37:19]   [tflite]   args_0 (POSITIONAL_ONLY): TensorSpec(shape=(None, 40, 27), dtype=tf.float32, name='pose_sequence')
[2026-05-15 22:37:19]   [tflite] Output Type:
[2026-05-15 22:37:19]   [tflite]   TensorSpec(shape=(None, 2), dtype=tf.float32, name=None)
[2026-05-15 22:37:19]   [tflite] Captures:
[2026-05-15 22:37:19]   [tflite]   138750281569808: TensorSpec(shape=(), dtype=tf.resource, name=None)
[2026-05-15 22:37:19]   [tflite]   138750281570576: TensorSpec(shape=(), dtype=tf.resource, name=None)
[2026-05-15 22:37:19]   [tflite]   138750281570384: TensorSpec(shape=(), dtype=tf.resource, name=None)
[2026-05-15 22:37:19]   [tflite]   138750281570768: TensorSpec(shape=(), dtype=tf.resource, name=None)
[2026-05-15 22:37:19]   [tflite]   138750281568848: TensorSpec(shape=(), dtype=tf.resource, name=None)
[2026-05-15 22:37:19]   [tflite]   138750281570960: TensorSpec(shape=(), dtype=tf.resource, name=None)
[2026-05-15 22:37:19]   [tflite]   138750281571344: TensorSpec(shape=(), dtype=tf.resource, name=None)
[2026-05-15 22:37:19]   [tflite]   138750281571152: TensorSpec(shape=(), dtype=tf.resource, name=None)
[2026-05-15 22:37:19]   [tflite]   138750281570000: TensorSpec(shape=(), dtype=tf.resource, name=None)
[2026-05-15 22:37:19]   [tflite]   138750281571536: TensorSpec(shape=(), dtype=tf.resource, name=None)
[2026-05-15 22:37:19]   [tflite]   138750281572304: TensorSpec(shape=(), dtype=tf.resource, name=None)
[2026-05-15 22:37:19]   [tflite]   138750281573648: TensorSpec(shape=(), dtype=tf.resource, name=None)
[2026-05-15 22:37:19]   [tflite]   138750281572688: TensorSpec(shape=(), dtype=tf.resource, name=None)
[2026-05-15 22:37:19]   [tflite]   138750281573072: TensorSpec(shape=(), dtype=tf.resource, name=None)
[2026-05-15 22:37:19]   [tflite]   138750281572496: TensorSpec(shape=(), dtype=tf.resource, name=None)
[2026-05-15 22:37:19]   [tflite]   138750281574032: TensorSpec(shape=(), dtype=tf.resource, name=None)
[2026-05-15 22:37:19]   [tflite]   138750281573840: TensorSpec(shape=(), dtype=tf.resource, name=None)
[2026-05-15 22:37:19]   [tflite]   138750281574800: TensorSpec(shape=(), dtype=tf.resource, name=None)
[2026-05-15 22:37:19]   [tflite]   138750281571728: TensorSpec(shape=(), dtype=tf.resource, name=None)
[2026-05-15 22:37:19]   [tflite]   138750281574224: TensorSpec(shape=(), dtype=tf.resource, name=None)
[2026-05-15 22:37:19]   [tflite]   138750281575184: TensorSpec(shape=(), dtype=tf.resource, name=None)
[2026-05-15 22:37:19]   [tflite]   138750281575376: TensorSpec(shape=(), dtype=tf.resource, name=None)
[2026-05-15 22:37:19]   [tflite]   138750281573456: TensorSpec(shape=(), dtype=tf.resource, name=None)
[2026-05-15 22:37:19]   [tflite]   138750281575952: TensorSpec(shape=(), dtype=tf.resource, name=None)
[2026-05-15 22:37:19]   [tflite]     fp32 OK (806 KB)
[2026-05-15 22:37:19]   [tflite] Saved artifact at '/tmp/tmp30db81ug'. The following endpoints are available:
[2026-05-15 22:37:19]   [tflite] 
[2026-05-15 22:37:19]   [tflite] * Endpoint 'serve'
[2026-05-15 22:37:19]   [tflite]   args_0 (POSITIONAL_ONLY): TensorSpec(shape=(None, 40, 27), dtype=tf.float32, name='pose_sequence')
[2026-05-15 22:37:19]   [tflite] Output Type:
[2026-05-15 22:37:19]   [tflite]   TensorSpec(shape=(None, 2), dtype=tf.float32, name=None)
[2026-05-15 22:37:19]   [tflite] Captures:
[2026-05-15 22:37:19]   [tflite]   138750281569808: TensorSpec(shape=(), dtype=tf.resource, name=None)
[2026-05-15 22:37:19]   [tflite]   138750281570576: TensorSpec(shape=(), dtype=tf.resource, name=None)
[2026-05-15 22:37:19]   [tflite]   138750281570384: TensorSpec(shape=(), dtype=tf.resource, name=None)
[2026-05-15 22:37:19]   [tflite]   138750281570768: TensorSpec(shape=(), dtype=tf.resource, name=None)
[2026-05-15 22:37:19]   [tflite]   138750281568848: TensorSpec(shape=(), dtype=tf.resource, name=None)
[2026-05-15 22:37:19]   [tflite]   138750281570960: TensorSpec(shape=(), dtype=tf.resource, name=None)
[2026-05-15 22:37:19]   [tflite]   138750281571344: TensorSpec(shape=(), dtype=tf.resource, name=None)
[2026-05-15 22:37:19]   [tflite]   138750281571152: TensorSpec(shape=(), dtype=tf.resource, name=None)
[2026-05-15 22:37:19]   [tflite]   138750281570000: TensorSpec(shape=(), dtype=tf.resource, name=None)
[2026-05-15 22:37:19]   [tflite]   138750281571536: TensorSpec(shape=(), dtype=tf.resource, name=None)
[2026-05-15 22:37:19]   [tflite]   138750281572304: TensorSpec(shape=(), dtype=tf.resource, name=None)
[2026-05-15 22:37:19]   [tflite]   138750281573648: TensorSpec(shape=(), dtype=tf.resource, name=None)
[2026-05-15 22:37:19]   [tflite]   138750281572688: TensorSpec(shape=(), dtype=tf.resource, name=None)
[2026-05-15 22:37:19]   [tflite]   138750281573072: TensorSpec(shape=(), dtype=tf.resource, name=None)
[2026-05-15 22:37:19]   [tflite]   138750281572496: TensorSpec(shape=(), dtype=tf.resource, name=None)
[2026-05-15 22:37:19]   [tflite]   138750281574032: TensorSpec(shape=(), dtype=tf.resource, name=None)
[2026-05-15 22:37:19]   [tflite]   138750281573840: TensorSpec(shape=(), dtype=tf.resource, name=None)
[2026-05-15 22:37:19]   [tflite]   138750281574800: TensorSpec(shape=(), dtype=tf.resource, name=None)
[2026-05-15 22:37:19]   [tflite]   138750281571728: TensorSpec(shape=(), dtype=tf.resource, name=None)
[2026-05-15 22:37:19]   [tflite]   138750281574224: TensorSpec(shape=(), dtype=tf.resource, name=None)
[2026-05-15 22:37:19]   [tflite]   138750281575184: TensorSpec(shape=(), dtype=tf.resource, name=None)
[2026-05-15 22:37:19]   [tflite]   138750281575376: TensorSpec(shape=(), dtype=tf.resource, name=None)
[2026-05-15 22:37:19]   [tflite]   138750281573456: TensorSpec(shape=(), dtype=tf.resource, name=None)
[2026-05-15 22:37:19]   [tflite]   138750281575952: TensorSpec(shape=(), dtype=tf.resource, name=None)
[2026-05-15 22:37:19]   [tflite]     int8 OK (1232 KB)
[2026-05-15 22:37:19]   [tflite] 
[2026-05-15 22:37:19]   [tflite] Done.
/home/min/Workspace/Graduate-Project/Falling-Model-Development/.venv/lib/python3.13/site-packages/tensorflow/lite/python/interpreter.py:457: UserWarning:     Warning: tf.lite.Interpreter is deprecated and is scheduled for deletion in
    TF 2.20. Please use the LiteRT interpreter from the ai_edge_litert package.
    See the [migration guide](https://ai.google.dev/edge/litert/migration)
    for details.
    
  warnings.warn(_INTERPRETER_DELETION_WARNING)
INFO: Created TensorFlow Lite XNNPACK delegate for CPU.
[2026-05-15 22:37:21] done P14-v04 val_f1=0.8846 (video=0.9639) test_f1=0.8906 (video=0.9693) test_min_pr=0.9061 threshold=0.425 min_consecutive=4
[2026-05-15 22:37:22] OK    P14-v04  test_min_pr=0.9061
[2026-05-15 22:37:22] === Phase 14 summary ===
P14-v01          0.8943   0.8943   0.8980   0.9624   0.9610  0.425   4 
  CM: TN=220 FP=25 FN=26 TP=640
P14-v02          0.8776   0.8958   0.8776   0.9553   0.9625  0.500   3 
  CM: TN=215 FP=30 FN=25 TP=641
P14-v03          0.8735   0.8917   0.8735   0.9538   0.9610  0.525   1 
  CM: TN=214 FP=31 FN=26 TP=640
P14-v04          0.9061   0.9250   0.9061   0.9657   0.9730  0.425   4 
  CM: TN=222 FP=23 FN=18 TP=648
=== DONE at 2026. 05. 15. (금) 22:37:22 KST ===
