WARNING: All log messages before absl::InitializeLog() is called are written to STDERR
I0000 00:00:1778850787.793237  238127 cpu_feature_guard.cc:227] This TensorFlow binary is optimized to use available CPU instructions in performance-critical operations.
To enable the following instructions: AVX2 FMA, in other operations, rebuild TensorFlow with the appropriate compiler flags.
[2026-05-15 22:13:09] loading train split=/home/min/Workspace/Graduate-Project/Falling-Model-Development/dataset/splits_v2_filtered/train.csv
[2026-05-15 22:13:21] train rows=1,274,014 videos=6,344 features=27 data_scope=all
[2026-05-15 22:13:21] loading val split=/home/min/Workspace/Graduate-Project/Falling-Model-Development/dataset/splits_v2_filtered/val.csv
[2026-05-15 22:13:25] val rows=363,918 videos=1,811 features=27 data_scope=all
[2026-05-15 22:13:25] loading test split=/home/min/Workspace/Graduate-Project/Falling-Model-Development/dataset/splits_v2_filtered/test.csv
[2026-05-15 22:13:27] test rows=182,782 videos=911 features=27 data_scope=all
[2026-05-15 22:13:27] hard_negative_ids loaded: 50 videos from /home/min/Workspace/Graduate-Project/Falling-Model-Development/results/phase10_error_analysis/P9O-v01/false_positive_videos.csv
[2026-05-15 22:13:46] train windows=517,979 positive=224,347 videos=6,344
[2026-05-15 22:13:49] val windows=74,251 positive=32,590 videos=1,811
[2026-05-15 22:13:51] test windows=37,351 positive=16,447 videos=911
I0000 00:00:1778850838.207251  238127 gpu_device.cc:2043] Created device /job:localhost/replica:0/task:0/device:GPU:0 with 6096 MB memory:  -> device: 0, name: NVIDIA GeForce RTX 2060 SUPER, pci bus id: 0000:05:00.0, compute capability: 7.5
W0000 00:00:1778850840.082897  238127 cpu_allocator_impl.cc:82] Allocation of 2237669280 exceeds 10% of free system memory.
W0000 00:00:1778850841.972216  238127 cpu_allocator_impl.cc:82] Allocation of 2237669280 exceeds 10% of free system memory.
W0000 00:00:1778850844.575118  238127 cpu_allocator_impl.cc:82] Allocation of 2237669280 exceeds 10% of free system memory.
I0000 00:00:1778850847.413708  238590 cuda_dnn.cc:461] Loaded cuDNN version 92200
W0000 00:00:1778851183.667975  238127 cpu_allocator_impl.cc:82] Allocation of 2237669280 exceeds 10% of free system memory.
W0000 00:00:1778851185.570698  238127 cpu_allocator_impl.cc:82] Allocation of 2237669280 exceeds 10% of free system memory.
[2026-05-15 22:21:11] video-level val: videos=1811 f1=0.9612 fall_recall=0.9587 nfall_recall=0.9000 fall_prec=0.9637 nfall_prec=0.8871 min_pr=0.8871 min_consecutive=3
[2026-05-15 22:21:11] video-level test: videos=911 f1=0.9589 fall_recall=0.9625 nfall_recall=0.8776 fall_prec=0.9553 nfall_prec=0.8958 min_pr=0.8776 min_consecutive=3
[2026-05-15 22:21:12] === VAL VIDEO-LEVEL REPORT ===
              precision    recall  f1-score   support

           0     0.8871    0.9000    0.8935       480
           1     0.9637    0.9587    0.9612      1331

    accuracy                         0.9431      1811
   macro avg     0.9254    0.9293    0.9273      1811
weighted avg     0.9434    0.9431    0.9433      1811

[2026-05-15 22:21:12] === TEST VIDEO-LEVEL REPORT ===
              precision    recall  f1-score   support

           0     0.8958    0.8776    0.8866       245
           1     0.9553    0.9625    0.9589       666

    accuracy                         0.9396       911
   macro avg     0.9256    0.9200    0.9227       911
weighted avg     0.9393    0.9396    0.9394       911

[2026-05-15 22:21:23] tflite export subprocess exit=0
[2026-05-15 22:21:23]   [tflite] [P14-v02]
[2026-05-15 22:21:23]   [tflite]   Loading model.keras ...
[2026-05-15 22:21:23]   [tflite]     rebuilding with unroll=True for TFLite compatibility
[2026-05-15 22:21:23]   [tflite] Saved artifact at '/tmp/tmpgtj9z4l6'. The following endpoints are available:
[2026-05-15 22:21:23]   [tflite] 
[2026-05-15 22:21:23]   [tflite] * Endpoint 'serve'
[2026-05-15 22:21:23]   [tflite]   args_0 (POSITIONAL_ONLY): TensorSpec(shape=(None, 40, 27), dtype=tf.float32, name='pose_sequence')
[2026-05-15 22:21:23]   [tflite] Output Type:
[2026-05-15 22:21:23]   [tflite]   TensorSpec(shape=(None, 2), dtype=tf.float32, name=None)
[2026-05-15 22:21:23]   [tflite] Captures:
[2026-05-15 22:21:23]   [tflite]   132730133124624: TensorSpec(shape=(), dtype=tf.resource, name=None)
[2026-05-15 22:21:23]   [tflite]   132730133125392: TensorSpec(shape=(), dtype=tf.resource, name=None)
[2026-05-15 22:21:23]   [tflite]   132730133125200: TensorSpec(shape=(), dtype=tf.resource, name=None)
[2026-05-15 22:21:23]   [tflite]   132730133125584: TensorSpec(shape=(), dtype=tf.resource, name=None)
[2026-05-15 22:21:23]   [tflite]   132730133123664: TensorSpec(shape=(), dtype=tf.resource, name=None)
[2026-05-15 22:21:23]   [tflite]   132730133125776: TensorSpec(shape=(), dtype=tf.resource, name=None)
[2026-05-15 22:21:23]   [tflite]   132730133126160: TensorSpec(shape=(), dtype=tf.resource, name=None)
[2026-05-15 22:21:23]   [tflite]   132730133125968: TensorSpec(shape=(), dtype=tf.resource, name=None)
[2026-05-15 22:21:23]   [tflite]   132730133124816: TensorSpec(shape=(), dtype=tf.resource, name=None)
[2026-05-15 22:21:23]   [tflite]   132730133126352: TensorSpec(shape=(), dtype=tf.resource, name=None)
[2026-05-15 22:21:23]   [tflite]   132730133127120: TensorSpec(shape=(), dtype=tf.resource, name=None)
[2026-05-15 22:21:23]   [tflite]   132730133128464: TensorSpec(shape=(), dtype=tf.resource, name=None)
[2026-05-15 22:21:23]   [tflite]   132730133127504: TensorSpec(shape=(), dtype=tf.resource, name=None)
[2026-05-15 22:21:23]   [tflite]   132730133127888: TensorSpec(shape=(), dtype=tf.resource, name=None)
[2026-05-15 22:21:23]   [tflite]   132730133127312: TensorSpec(shape=(), dtype=tf.resource, name=None)
[2026-05-15 22:21:23]   [tflite]   132730133128848: TensorSpec(shape=(), dtype=tf.resource, name=None)
[2026-05-15 22:21:23]   [tflite]   132730133128656: TensorSpec(shape=(), dtype=tf.resource, name=None)
[2026-05-15 22:21:23]   [tflite]   132730133129616: TensorSpec(shape=(), dtype=tf.resource, name=None)
[2026-05-15 22:21:23]   [tflite]   132730133126544: TensorSpec(shape=(), dtype=tf.resource, name=None)
[2026-05-15 22:21:23]   [tflite]   132730133129040: TensorSpec(shape=(), dtype=tf.resource, name=None)
[2026-05-15 22:21:23]   [tflite]   132730133130000: TensorSpec(shape=(), dtype=tf.resource, name=None)
[2026-05-15 22:21:23]   [tflite]   132730133130192: TensorSpec(shape=(), dtype=tf.resource, name=None)
[2026-05-15 22:21:23]   [tflite]   132730133128272: TensorSpec(shape=(), dtype=tf.resource, name=None)
[2026-05-15 22:21:23]   [tflite]   132730133130768: TensorSpec(shape=(), dtype=tf.resource, name=None)
[2026-05-15 22:21:23]   [tflite]     fp32 OK (806 KB)
[2026-05-15 22:21:23]   [tflite] Saved artifact at '/tmp/tmpu6gm33k7'. The following endpoints are available:
[2026-05-15 22:21:23]   [tflite] 
[2026-05-15 22:21:23]   [tflite] * Endpoint 'serve'
[2026-05-15 22:21:23]   [tflite]   args_0 (POSITIONAL_ONLY): TensorSpec(shape=(None, 40, 27), dtype=tf.float32, name='pose_sequence')
[2026-05-15 22:21:23]   [tflite] Output Type:
[2026-05-15 22:21:23]   [tflite]   TensorSpec(shape=(None, 2), dtype=tf.float32, name=None)
[2026-05-15 22:21:23]   [tflite] Captures:
[2026-05-15 22:21:23]   [tflite]   132730133124624: TensorSpec(shape=(), dtype=tf.resource, name=None)
[2026-05-15 22:21:23]   [tflite]   132730133125392: TensorSpec(shape=(), dtype=tf.resource, name=None)
[2026-05-15 22:21:23]   [tflite]   132730133125200: TensorSpec(shape=(), dtype=tf.resource, name=None)
[2026-05-15 22:21:23]   [tflite]   132730133125584: TensorSpec(shape=(), dtype=tf.resource, name=None)
[2026-05-15 22:21:23]   [tflite]   132730133123664: TensorSpec(shape=(), dtype=tf.resource, name=None)
[2026-05-15 22:21:23]   [tflite]   132730133125776: TensorSpec(shape=(), dtype=tf.resource, name=None)
[2026-05-15 22:21:23]   [tflite]   132730133126160: TensorSpec(shape=(), dtype=tf.resource, name=None)
[2026-05-15 22:21:23]   [tflite]   132730133125968: TensorSpec(shape=(), dtype=tf.resource, name=None)
[2026-05-15 22:21:23]   [tflite]   132730133124816: TensorSpec(shape=(), dtype=tf.resource, name=None)
[2026-05-15 22:21:23]   [tflite]   132730133126352: TensorSpec(shape=(), dtype=tf.resource, name=None)
[2026-05-15 22:21:23]   [tflite]   132730133127120: TensorSpec(shape=(), dtype=tf.resource, name=None)
[2026-05-15 22:21:23]   [tflite]   132730133128464: TensorSpec(shape=(), dtype=tf.resource, name=None)
[2026-05-15 22:21:23]   [tflite]   132730133127504: TensorSpec(shape=(), dtype=tf.resource, name=None)
[2026-05-15 22:21:23]   [tflite]   132730133127888: TensorSpec(shape=(), dtype=tf.resource, name=None)
[2026-05-15 22:21:23]   [tflite]   132730133127312: TensorSpec(shape=(), dtype=tf.resource, name=None)
[2026-05-15 22:21:23]   [tflite]   132730133128848: TensorSpec(shape=(), dtype=tf.resource, name=None)
[2026-05-15 22:21:23]   [tflite]   132730133128656: TensorSpec(shape=(), dtype=tf.resource, name=None)
[2026-05-15 22:21:23]   [tflite]   132730133129616: TensorSpec(shape=(), dtype=tf.resource, name=None)
[2026-05-15 22:21:23]   [tflite]   132730133126544: TensorSpec(shape=(), dtype=tf.resource, name=None)
[2026-05-15 22:21:23]   [tflite]   132730133129040: TensorSpec(shape=(), dtype=tf.resource, name=None)
[2026-05-15 22:21:23]   [tflite]   132730133130000: TensorSpec(shape=(), dtype=tf.resource, name=None)
[2026-05-15 22:21:23]   [tflite]   132730133130192: TensorSpec(shape=(), dtype=tf.resource, name=None)
[2026-05-15 22:21:23]   [tflite]   132730133128272: TensorSpec(shape=(), dtype=tf.resource, name=None)
[2026-05-15 22:21:23]   [tflite]   132730133130768: TensorSpec(shape=(), dtype=tf.resource, name=None)
[2026-05-15 22:21:23]   [tflite]     int8 OK (1231 KB)
[2026-05-15 22:21:23]   [tflite] 
[2026-05-15 22:21:23]   [tflite] Done.
/home/min/Workspace/Graduate-Project/Falling-Model-Development/.venv/lib/python3.13/site-packages/tensorflow/lite/python/interpreter.py:457: UserWarning:     Warning: tf.lite.Interpreter is deprecated and is scheduled for deletion in
    TF 2.20. Please use the LiteRT interpreter from the ai_edge_litert package.
    See the [migration guide](https://ai.google.dev/edge/litert/migration)
    for details.
    
  warnings.warn(_INTERPRETER_DELETION_WARNING)
INFO: Created TensorFlow Lite XNNPACK delegate for CPU.
[2026-05-15 22:21:24] done P14-v02 val_f1=0.8676 (video=0.9612) test_f1=0.8747 (video=0.9589) test_min_pr=0.8776 threshold=0.500 min_consecutive=3
