WARNING: All log messages before absl::InitializeLog() is called are written to STDERR
I0000 00:00:1778851791.804594  250118 cpu_feature_guard.cc:227] This TensorFlow binary is optimized to use available CPU instructions in performance-critical operations.
To enable the following instructions: AVX2 FMA, in other operations, rebuild TensorFlow with the appropriate compiler flags.
[2026-05-15 22:29:53] loading train split=/home/min/Workspace/Graduate-Project/Falling-Model-Development/dataset/splits_v2_filtered/train.csv
[2026-05-15 22:30:06] train rows=1,274,014 videos=6,344 features=27 data_scope=all
[2026-05-15 22:30:06] loading val split=/home/min/Workspace/Graduate-Project/Falling-Model-Development/dataset/splits_v2_filtered/val.csv
[2026-05-15 22:30:09] val rows=363,918 videos=1,811 features=27 data_scope=all
[2026-05-15 22:30:09] loading test split=/home/min/Workspace/Graduate-Project/Falling-Model-Development/dataset/splits_v2_filtered/test.csv
[2026-05-15 22:30:11] test rows=182,782 videos=911 features=27 data_scope=all
[2026-05-15 22:30:11] hard_negative_ids loaded: 50 videos from /home/min/Workspace/Graduate-Project/Falling-Model-Development/results/phase10_error_analysis/P9O-v01/false_positive_videos.csv
[2026-05-15 22:30:27] train windows=370,921 positive=224,347 videos=6,344
[2026-05-15 22:30:31] val windows=74,251 positive=32,590 videos=1,811
[2026-05-15 22:30:32] test windows=37,351 positive=16,447 videos=911
I0000 00:00:1778851838.175166  250118 gpu_device.cc:2043] Created device /job:localhost/replica:0/task:0/device:GPU:0 with 6097 MB memory:  -> device: 0, name: NVIDIA GeForce RTX 2060 SUPER, pci bus id: 0000:05:00.0, compute capability: 7.5
W0000 00:00:1778851839.609514  250118 cpu_allocator_impl.cc:82] Allocation of 1602378720 exceeds 10% of free system memory.
W0000 00:00:1778851840.993583  250118 cpu_allocator_impl.cc:82] Allocation of 1602378720 exceeds 10% of free system memory.
W0000 00:00:1778851843.267289  250118 cpu_allocator_impl.cc:82] Allocation of 1602378720 exceeds 10% of free system memory.
I0000 00:00:1778851845.887397  250505 cuda_dnn.cc:461] Loaded cuDNN version 92200
W0000 00:00:1778852143.218748  250118 cpu_allocator_impl.cc:82] Allocation of 1602378720 exceeds 10% of free system memory.
W0000 00:00:1778852144.596485  250118 cpu_allocator_impl.cc:82] Allocation of 1602378720 exceeds 10% of free system memory.
[2026-05-15 22:37:08] video-level val: videos=1811 f1=0.9639 fall_recall=0.9617 nfall_recall=0.9062 fall_prec=0.9660 nfall_prec=0.8951 min_pr=0.8951 min_consecutive=4
[2026-05-15 22:37:08] video-level test: videos=911 f1=0.9693 fall_recall=0.9730 nfall_recall=0.9061 fall_prec=0.9657 nfall_prec=0.9250 min_pr=0.9061 min_consecutive=4
[2026-05-15 22:37:09] === VAL VIDEO-LEVEL REPORT ===
              precision    recall  f1-score   support

           0     0.8951    0.9062    0.9006       480
           1     0.9660    0.9617    0.9639      1331

    accuracy                         0.9470      1811
   macro avg     0.9305    0.9340    0.9322      1811
weighted avg     0.9472    0.9470    0.9471      1811

[2026-05-15 22:37:09] === TEST VIDEO-LEVEL REPORT ===
              precision    recall  f1-score   support

           0     0.9250    0.9061    0.9155       245
           1     0.9657    0.9730    0.9693       666

    accuracy                         0.9550       911
   macro avg     0.9454    0.9395    0.9424       911
weighted avg     0.9548    0.9550    0.9548       911

[2026-05-15 22:37:19] tflite export subprocess exit=0
[2026-05-15 22:37:19]   [tflite] [P14-v04]
[2026-05-15 22:37:19]   [tflite]   Loading model.keras ...
[2026-05-15 22:37:19]   [tflite]     rebuilding with unroll=True for TFLite compatibility
[2026-05-15 22:37:19]   [tflite] Saved artifact at '/tmp/tmpezmfsdqo'. The following endpoints are available:
[2026-05-15 22:37:19]   [tflite] 
[2026-05-15 22:37:19]   [tflite] * Endpoint 'serve'
[2026-05-15 22:37:19]   [tflite]   args_0 (POSITIONAL_ONLY): TensorSpec(shape=(None, 40, 27), dtype=tf.float32, name='pose_sequence')
[2026-05-15 22:37:19]   [tflite] Output Type:
[2026-05-15 22:37:19]   [tflite]   TensorSpec(shape=(None, 2), dtype=tf.float32, name=None)
[2026-05-15 22:37:19]   [tflite] Captures:
[2026-05-15 22:37:19]   [tflite]   138750281569808: TensorSpec(shape=(), dtype=tf.resource, name=None)
[2026-05-15 22:37:19]   [tflite]   138750281570576: TensorSpec(shape=(), dtype=tf.resource, name=None)
[2026-05-15 22:37:19]   [tflite]   138750281570384: TensorSpec(shape=(), dtype=tf.resource, name=None)
[2026-05-15 22:37:19]   [tflite]   138750281570768: TensorSpec(shape=(), dtype=tf.resource, name=None)
[2026-05-15 22:37:19]   [tflite]   138750281568848: TensorSpec(shape=(), dtype=tf.resource, name=None)
[2026-05-15 22:37:19]   [tflite]   138750281570960: TensorSpec(shape=(), dtype=tf.resource, name=None)
[2026-05-15 22:37:19]   [tflite]   138750281571344: TensorSpec(shape=(), dtype=tf.resource, name=None)
[2026-05-15 22:37:19]   [tflite]   138750281571152: TensorSpec(shape=(), dtype=tf.resource, name=None)
[2026-05-15 22:37:19]   [tflite]   138750281570000: TensorSpec(shape=(), dtype=tf.resource, name=None)
[2026-05-15 22:37:19]   [tflite]   138750281571536: TensorSpec(shape=(), dtype=tf.resource, name=None)
[2026-05-15 22:37:19]   [tflite]   138750281572304: TensorSpec(shape=(), dtype=tf.resource, name=None)
[2026-05-15 22:37:19]   [tflite]   138750281573648: TensorSpec(shape=(), dtype=tf.resource, name=None)
[2026-05-15 22:37:19]   [tflite]   138750281572688: TensorSpec(shape=(), dtype=tf.resource, name=None)
[2026-05-15 22:37:19]   [tflite]   138750281573072: TensorSpec(shape=(), dtype=tf.resource, name=None)
[2026-05-15 22:37:19]   [tflite]   138750281572496: TensorSpec(shape=(), dtype=tf.resource, name=None)
[2026-05-15 22:37:19]   [tflite]   138750281574032: TensorSpec(shape=(), dtype=tf.resource, name=None)
[2026-05-15 22:37:19]   [tflite]   138750281573840: TensorSpec(shape=(), dtype=tf.resource, name=None)
[2026-05-15 22:37:19]   [tflite]   138750281574800: TensorSpec(shape=(), dtype=tf.resource, name=None)
[2026-05-15 22:37:19]   [tflite]   138750281571728: TensorSpec(shape=(), dtype=tf.resource, name=None)
[2026-05-15 22:37:19]   [tflite]   138750281574224: TensorSpec(shape=(), dtype=tf.resource, name=None)
[2026-05-15 22:37:19]   [tflite]   138750281575184: TensorSpec(shape=(), dtype=tf.resource, name=None)
[2026-05-15 22:37:19]   [tflite]   138750281575376: TensorSpec(shape=(), dtype=tf.resource, name=None)
[2026-05-15 22:37:19]   [tflite]   138750281573456: TensorSpec(shape=(), dtype=tf.resource, name=None)
[2026-05-15 22:37:19]   [tflite]   138750281575952: TensorSpec(shape=(), dtype=tf.resource, name=None)
[2026-05-15 22:37:19]   [tflite]     fp32 OK (806 KB)
[2026-05-15 22:37:19]   [tflite] Saved artifact at '/tmp/tmp30db81ug'. The following endpoints are available:
[2026-05-15 22:37:19]   [tflite] 
[2026-05-15 22:37:19]   [tflite] * Endpoint 'serve'
[2026-05-15 22:37:19]   [tflite]   args_0 (POSITIONAL_ONLY): TensorSpec(shape=(None, 40, 27), dtype=tf.float32, name='pose_sequence')
[2026-05-15 22:37:19]   [tflite] Output Type:
[2026-05-15 22:37:19]   [tflite]   TensorSpec(shape=(None, 2), dtype=tf.float32, name=None)
[2026-05-15 22:37:19]   [tflite] Captures:
[2026-05-15 22:37:19]   [tflite]   138750281569808: TensorSpec(shape=(), dtype=tf.resource, name=None)
[2026-05-15 22:37:19]   [tflite]   138750281570576: TensorSpec(shape=(), dtype=tf.resource, name=None)
[2026-05-15 22:37:19]   [tflite]   138750281570384: TensorSpec(shape=(), dtype=tf.resource, name=None)
[2026-05-15 22:37:19]   [tflite]   138750281570768: TensorSpec(shape=(), dtype=tf.resource, name=None)
[2026-05-15 22:37:19]   [tflite]   138750281568848: TensorSpec(shape=(), dtype=tf.resource, name=None)
[2026-05-15 22:37:19]   [tflite]   138750281570960: TensorSpec(shape=(), dtype=tf.resource, name=None)
[2026-05-15 22:37:19]   [tflite]   138750281571344: TensorSpec(shape=(), dtype=tf.resource, name=None)
[2026-05-15 22:37:19]   [tflite]   138750281571152: TensorSpec(shape=(), dtype=tf.resource, name=None)
[2026-05-15 22:37:19]   [tflite]   138750281570000: TensorSpec(shape=(), dtype=tf.resource, name=None)
[2026-05-15 22:37:19]   [tflite]   138750281571536: TensorSpec(shape=(), dtype=tf.resource, name=None)
[2026-05-15 22:37:19]   [tflite]   138750281572304: TensorSpec(shape=(), dtype=tf.resource, name=None)
[2026-05-15 22:37:19]   [tflite]   138750281573648: TensorSpec(shape=(), dtype=tf.resource, name=None)
[2026-05-15 22:37:19]   [tflite]   138750281572688: TensorSpec(shape=(), dtype=tf.resource, name=None)
[2026-05-15 22:37:19]   [tflite]   138750281573072: TensorSpec(shape=(), dtype=tf.resource, name=None)
[2026-05-15 22:37:19]   [tflite]   138750281572496: TensorSpec(shape=(), dtype=tf.resource, name=None)
[2026-05-15 22:37:19]   [tflite]   138750281574032: TensorSpec(shape=(), dtype=tf.resource, name=None)
[2026-05-15 22:37:19]   [tflite]   138750281573840: TensorSpec(shape=(), dtype=tf.resource, name=None)
[2026-05-15 22:37:19]   [tflite]   138750281574800: TensorSpec(shape=(), dtype=tf.resource, name=None)
[2026-05-15 22:37:19]   [tflite]   138750281571728: TensorSpec(shape=(), dtype=tf.resource, name=None)
[2026-05-15 22:37:19]   [tflite]   138750281574224: TensorSpec(shape=(), dtype=tf.resource, name=None)
[2026-05-15 22:37:19]   [tflite]   138750281575184: TensorSpec(shape=(), dtype=tf.resource, name=None)
[2026-05-15 22:37:19]   [tflite]   138750281575376: TensorSpec(shape=(), dtype=tf.resource, name=None)
[2026-05-15 22:37:19]   [tflite]   138750281573456: TensorSpec(shape=(), dtype=tf.resource, name=None)
[2026-05-15 22:37:19]   [tflite]   138750281575952: TensorSpec(shape=(), dtype=tf.resource, name=None)
[2026-05-15 22:37:19]   [tflite]     int8 OK (1232 KB)
[2026-05-15 22:37:19]   [tflite] 
[2026-05-15 22:37:19]   [tflite] Done.
/home/min/Workspace/Graduate-Project/Falling-Model-Development/.venv/lib/python3.13/site-packages/tensorflow/lite/python/interpreter.py:457: UserWarning:     Warning: tf.lite.Interpreter is deprecated and is scheduled for deletion in
    TF 2.20. Please use the LiteRT interpreter from the ai_edge_litert package.
    See the [migration guide](https://ai.google.dev/edge/litert/migration)
    for details.
    
  warnings.warn(_INTERPRETER_DELETION_WARNING)
INFO: Created TensorFlow Lite XNNPACK delegate for CPU.
[2026-05-15 22:37:21] done P14-v04 val_f1=0.8846 (video=0.9639) test_f1=0.8906 (video=0.9693) test_min_pr=0.9061 threshold=0.425 min_consecutive=4
