[2026-05-15 22:04:46] === P14-v01: α=0.15 + hard-neg + neg_stride=1 ===
[2026-05-15 22:04:46] START P14-v01
[2026-05-15 22:13:07] OK    P14-v01  test_min_pr=0.8943
[2026-05-15 22:13:07] === P14-v02: α=0.20 + hard-neg + neg_stride=1 ===
[2026-05-15 22:13:07] START P14-v02
[2026-05-15 22:21:26] OK    P14-v02  test_min_pr=0.8776
[2026-05-15 22:21:26] === P14-v03: α=0.15 + hard-neg + neg_stride=1 + noise=0.05 ===
[2026-05-15 22:21:26] START P14-v03
[2026-05-15 22:29:51] OK    P14-v03  test_min_pr=0.8735
[2026-05-15 22:29:51] === P14-v04: α=0.15 + hard-neg + neg_stride=2 ===
[2026-05-15 22:29:51] START P14-v04
[2026-05-15 22:37:22] OK    P14-v04  test_min_pr=0.9061
[2026-05-15 22:37:22] === Phase 14 summary ===
[2026-05-15 22:37:22] === Phase 14 summary ===
P14-v01          0.8943   0.8943   0.8980   0.9624   0.9610  0.425   4 
  CM: TN=220 FP=25 FN=26 TP=640
P14-v02          0.8776   0.8958   0.8776   0.9553   0.9625  0.500   3 
  CM: TN=215 FP=30 FN=25 TP=641
P14-v03          0.8735   0.8917   0.8735   0.9538   0.9610  0.525   1 
  CM: TN=214 FP=31 FN=26 TP=640
P14-v04          0.9061   0.9250   0.9061   0.9657   0.9730  0.425   4 
  CM: TN=222 FP=23 FN=18 TP=648
