WARNING: All log messages before absl::InitializeLog() is called are written to STDERR
I0000 00:00:1778714523.149505 2308318 cpu_feature_guard.cc:227] This TensorFlow binary is optimized to use available CPU instructions in performance-critical operations.
To enable the following instructions: AVX2 FMA, in other operations, rebuild TensorFlow with the appropriate compiler flags.
[2026-05-14 08:22:04] loading train split=/home/min/Workspace/Graduate-Project/Falling-Model-Development/dataset/train_filtered.csv
[2026-05-14 08:22:28] train rows=1,783,893 videos=8,882 features=45 data_scope=no_by
[2026-05-14 08:22:28] loading val split=/home/min/Workspace/Graduate-Project/Falling-Model-Development/dataset/val_filtered.csv
[2026-05-14 08:22:34] val rows=509,932 videos=2,536 features=45 data_scope=no_by
[2026-05-14 08:22:34] loading test split=/home/min/Workspace/Graduate-Project/Falling-Model-Development/dataset/test_filtered.csv
[2026-05-14 08:22:37] test rows=255,682 videos=1,273 features=45 data_scope=no_by
[2026-05-14 08:22:47] train windows=127,978 positive=63,525 videos=8,882
[2026-05-14 08:22:50] val windows=54,890 positive=17,942 videos=2,536
[2026-05-14 08:22:52] test windows=27,554 positive=8,966 videos=1,273
W0000 00:00:1778714576.671865 2308318 gpu_device.cc:2365] Cannot dlopen some GPU libraries. Please make sure the missing libraries mentioned above are installed properly if you would like to use GPU. Follow the guide at https://www.tensorflow.org/install/gpu for how to download and setup the required libraries for your platform.
Skipping registering GPU devices...
W0000 00:00:1778714577.482536 2308318 cpu_allocator_impl.cc:82] Allocation of 1382162400 exceeds 10% of free system memory.
W0000 00:00:1778714579.465812 2308318 cpu_allocator_impl.cc:82] Allocation of 1382162400 exceeds 10% of free system memory.
W0000 00:00:1778717053.979940 2308318 cpu_allocator_impl.cc:82] Allocation of 1382162400 exceeds 10% of free system memory.
[2026-05-14 09:04:54] video-level val: videos=2536 f1=0.9100 recall=0.9186 precision=0.9016
[2026-05-14 09:04:54] video-level test: videos=1273 f1=0.9019 recall=0.9126 precision=0.8915
I0000 00:00:1778717095.653554 2308318 devices.cc:67] Number of eligible GPUs (core count >= 8, compute capability >= 0.0): 1
I0000 00:00:1778717095.653625 2308318 single_machine.cc:376] Starting new session
W0000 00:00:1778717095.656028 2308318 gpu_device.cc:2365] Cannot dlopen some GPU libraries. Please make sure the missing libraries mentioned above are installed properly if you would like to use GPU. Follow the guide at https://www.tensorflow.org/install/gpu for how to download and setup the required libraries for your platform.
Skipping registering GPU devices...
I0000 00:00:1778717096.170786 2308318 devices.cc:67] Number of eligible GPUs (core count >= 8, compute capability >= 0.0): 1
I0000 00:00:1778717096.170856 2308318 single_machine.cc:376] Starting new session
W0000 00:00:1778717096.172025 2308318 gpu_device.cc:2365] Cannot dlopen some GPU libraries. Please make sure the missing libraries mentioned above are installed properly if you would like to use GPU. Follow the guide at https://www.tensorflow.org/install/gpu for how to download and setup the required libraries for your platform.
Skipping registering GPU devices...
[2026-05-14 09:04:56] done B-GRU-raw-v13 val_f1=0.8026 (video=0.9100) test_f1=0.7980 (video=0.9019) threshold=0.550
