WARNING: All log messages before absl::InitializeLog() is called are written to STDERR
I0000 00:00:1778727515.875413 2432624 cpu_feature_guard.cc:227] This TensorFlow binary is optimized to use available CPU instructions in performance-critical operations.
To enable the following instructions: AVX2 FMA, in other operations, rebuild TensorFlow with the appropriate compiler flags.
[2026-05-14 11:58:37] loading train split=/home/min/Workspace/Graduate-Project/Falling-Model-Development/dataset/splits_v2/train.csv
[2026-05-14 11:58:48] train rows=1,274,014 videos=6,344 features=43 data_scope=all
[2026-05-14 11:58:48] loading val split=/home/min/Workspace/Graduate-Project/Falling-Model-Development/dataset/splits_v2/val.csv
[2026-05-14 11:58:52] val rows=363,918 videos=1,811 features=43 data_scope=all
[2026-05-14 11:58:52] loading test split=/home/min/Workspace/Graduate-Project/Falling-Model-Development/dataset/splits_v2/test.csv
[2026-05-14 11:58:53] test rows=182,782 videos=911 features=43 data_scope=all
[2026-05-14 11:59:01] train windows=94,149 positive=51,271 videos=6,344
[2026-05-14 11:59:03] val windows=39,199 positive=14,992 videos=1,811
[2026-05-14 11:59:04] test windows=19,712 positive=7,332 videos=911
W0000 00:00:1778727548.280742 2432624 gpu_device.cc:2365] Cannot dlopen some GPU libraries. Please make sure the missing libraries mentioned above are installed properly if you would like to use GPU. Follow the guide at https://www.tensorflow.org/install/gpu for how to download and setup the required libraries for your platform.
Skipping registering GPU devices...
W0000 00:00:1778727548.858257 2432624 cpu_allocator_impl.cc:82] Allocation of 971617680 exceeds 10% of free system memory.
W0000 00:00:1778727550.264055 2432624 cpu_allocator_impl.cc:82] Allocation of 971617680 exceeds 10% of free system memory.
W0000 00:00:1778729559.702808 2432624 cpu_allocator_impl.cc:82] Allocation of 971617680 exceeds 10% of free system memory.
[2026-05-14 12:33:08] video-level val: videos=1811 f1=0.9222 recall=0.9523 precision=0.8940
[2026-05-14 12:33:09] video-level test: videos=911 f1=0.9054 recall=0.9420 precision=0.8715
WARNING:tensorflow:AutoGraph could not transform <function _make_serving_fn.<locals>.serving_fn at 0x70da47167740> and will run it as-is.
Please report this to the TensorFlow team. When filing the bug, set the verbosity to 10 (on Linux, `export AUTOGRAPH_VERBOSITY=10`) and attach the full output.
Cause: illegal target for annotation (<unknown>, line 2)
To silence this warning, decorate the function with @tf.autograph.experimental.do_not_convert
I0000 00:00:1778729589.872777 2432624 devices.cc:67] Number of eligible GPUs (core count >= 8, compute capability >= 0.0): 1
I0000 00:00:1778729589.873370 2432624 single_machine.cc:376] Starting new session
W0000 00:00:1778729589.876842 2432624 gpu_device.cc:2365] Cannot dlopen some GPU libraries. Please make sure the missing libraries mentioned above are installed properly if you would like to use GPU. Follow the guide at https://www.tensorflow.org/install/gpu for how to download and setup the required libraries for your platform.
Skipping registering GPU devices...
WARNING:tensorflow:AutoGraph could not transform <function _make_serving_fn.<locals>.serving_fn at 0x70da47a7af20> and will run it as-is.
Please report this to the TensorFlow team. When filing the bug, set the verbosity to 10 (on Linux, `export AUTOGRAPH_VERBOSITY=10`) and attach the full output.
Cause: illegal target for annotation (<unknown>, line 2)
To silence this warning, decorate the function with @tf.autograph.experimental.do_not_convert
WARNING:tensorflow:AutoGraph could not transform <function _make_serving_fn.<locals>.serving_fn at 0x70da47a7af20> and will run it as-is.
Please report this to the TensorFlow team. When filing the bug, set the verbosity to 10 (on Linux, `export AUTOGRAPH_VERBOSITY=10`) and attach the full output.
Cause: illegal target for annotation (<unknown>, line 2)
To silence this warning, decorate the function with @tf.autograph.experimental.do_not_convert
I0000 00:00:1778729590.429958 2432624 devices.cc:67] Number of eligible GPUs (core count >= 8, compute capability >= 0.0): 1
I0000 00:00:1778729590.430039 2432624 single_machine.cc:376] Starting new session
W0000 00:00:1778729590.431237 2432624 gpu_device.cc:2365] Cannot dlopen some GPU libraries. Please make sure the missing libraries mentioned above are installed properly if you would like to use GPU. Follow the guide at https://www.tensorflow.org/install/gpu for how to download and setup the required libraries for your platform.
Skipping registering GPU devices...
[2026-05-14 12:33:10] done B-GRU-raw-v19 val_f1=0.7882 (video=0.9222) test_f1=0.7819 (video=0.9054) threshold=0.500
