WARNING: All log messages before absl::InitializeLog() is called are written to STDERR
I0000 00:00:1778707737.529100 2248599 cpu_feature_guard.cc:227] This TensorFlow binary is optimized to use available CPU instructions in performance-critical operations.
To enable the following instructions: AVX2 FMA, in other operations, rebuild TensorFlow with the appropriate compiler flags.
[2026-05-14 06:28:58] loading train split=/home/min/Workspace/Graduate-Project/Falling-Model-Development/dataset/splits_v2/train.csv
[2026-05-14 06:29:10] train rows=1,274,014 videos=6,344 features=43 data_scope=all
[2026-05-14 06:29:10] loading val split=/home/min/Workspace/Graduate-Project/Falling-Model-Development/dataset/splits_v2/val.csv
[2026-05-14 06:29:13] val rows=363,918 videos=1,811 features=43 data_scope=all
[2026-05-14 06:29:13] loading test split=/home/min/Workspace/Graduate-Project/Falling-Model-Development/dataset/splits_v2/test.csv
[2026-05-14 06:29:14] test rows=182,782 videos=911 features=43 data_scope=all
[2026-05-14 06:29:23] train windows=137,339 positive=51,271 videos=6,344
[2026-05-14 06:29:25] val windows=39,199 positive=14,992 videos=1,811
[2026-05-14 06:29:27] test windows=19,712 positive=7,332 videos=911
W0000 00:00:1778707771.241760 2248599 gpu_device.cc:2365] Cannot dlopen some GPU libraries. Please make sure the missing libraries mentioned above are installed properly if you would like to use GPU. Follow the guide at https://www.tensorflow.org/install/gpu for how to download and setup the required libraries for your platform.
Skipping registering GPU devices...
W0000 00:00:1778707772.051295 2248599 cpu_allocator_impl.cc:82] Allocation of 1417338480 exceeds 10% of free system memory.
W0000 00:00:1778707773.765343 2248599 cpu_allocator_impl.cc:82] Allocation of 1417338480 exceeds 10% of free system memory.
W0000 00:00:1778710039.778387 2248599 cpu_allocator_impl.cc:82] Allocation of 1417338480 exceeds 10% of free system memory.
[2026-05-14 07:07:57] video-level val: videos=1811 f1=0.9173 recall=0.9541 precision=0.8832
[2026-05-14 07:07:57] video-level test: videos=911 f1=0.9103 recall=0.9543 precision=0.8702
I0000 00:00:1778710078.152062 2248599 devices.cc:67] Number of eligible GPUs (core count >= 8, compute capability >= 0.0): 1
I0000 00:00:1778710078.152125 2248599 single_machine.cc:376] Starting new session
W0000 00:00:1778710078.154525 2248599 gpu_device.cc:2365] Cannot dlopen some GPU libraries. Please make sure the missing libraries mentioned above are installed properly if you would like to use GPU. Follow the guide at https://www.tensorflow.org/install/gpu for how to download and setup the required libraries for your platform.
Skipping registering GPU devices...
I0000 00:00:1778710078.659863 2248599 devices.cc:67] Number of eligible GPUs (core count >= 8, compute capability >= 0.0): 1
I0000 00:00:1778710078.659930 2248599 single_machine.cc:376] Starting new session
W0000 00:00:1778710078.661101 2248599 gpu_device.cc:2365] Cannot dlopen some GPU libraries. Please make sure the missing libraries mentioned above are installed properly if you would like to use GPU. Follow the guide at https://www.tensorflow.org/install/gpu for how to download and setup the required libraries for your platform.
Skipping registering GPU devices...
[2026-05-14 07:07:58] done B-GRU-raw-v10 val_f1=0.7888 (video=0.9173) test_f1=0.7847 (video=0.9103) threshold=0.500
