WARNING: All log messages before absl::InitializeLog() is called are written to STDERR
I0000 00:00:1778712041.219392 2284953 cpu_feature_guard.cc:227] This TensorFlow binary is optimized to use available CPU instructions in performance-critical operations.
To enable the following instructions: AVX2 FMA, in other operations, rebuild TensorFlow with the appropriate compiler flags.
[2026-05-14 07:40:42] loading train split=/home/min/Workspace/Graduate-Project/Falling-Model-Development/dataset/splits_v2/train.csv
[2026-05-14 07:40:53] train rows=1,274,014 videos=6,344 features=43 data_scope=all
[2026-05-14 07:40:53] loading val split=/home/min/Workspace/Graduate-Project/Falling-Model-Development/dataset/splits_v2/val.csv
[2026-05-14 07:40:57] val rows=363,918 videos=1,811 features=43 data_scope=all
[2026-05-14 07:40:57] loading test split=/home/min/Workspace/Graduate-Project/Falling-Model-Development/dataset/splits_v2/test.csv
[2026-05-14 07:40:58] test rows=182,782 videos=911 features=43 data_scope=all
[2026-05-14 07:41:05] train windows=94,149 positive=51,271 videos=6,344
[2026-05-14 07:41:08] val windows=39,199 positive=14,992 videos=1,811
[2026-05-14 07:41:09] test windows=19,712 positive=7,332 videos=911
W0000 00:00:1778712072.506244 2284953 gpu_device.cc:2365] Cannot dlopen some GPU libraries. Please make sure the missing libraries mentioned above are installed properly if you would like to use GPU. Follow the guide at https://www.tensorflow.org/install/gpu for how to download and setup the required libraries for your platform.
Skipping registering GPU devices...
W0000 00:00:1778712073.092282 2284953 cpu_allocator_impl.cc:82] Allocation of 971617680 exceeds 10% of free system memory.
W0000 00:00:1778712074.467426 2284953 cpu_allocator_impl.cc:82] Allocation of 971617680 exceeds 10% of free system memory.
W0000 00:00:1778714468.466592 2284953 cpu_allocator_impl.cc:82] Allocation of 971617680 exceeds 10% of free system memory.
[2026-05-14 08:21:59] video-level val: videos=1811 f1=0.9222 recall=0.9576 precision=0.8893
[2026-05-14 08:22:00] video-level test: videos=911 f1=0.9121 recall=0.9578 precision=0.8706
I0000 00:00:1778714520.968467 2284953 devices.cc:67] Number of eligible GPUs (core count >= 8, compute capability >= 0.0): 1
I0000 00:00:1778714520.968535 2284953 single_machine.cc:376] Starting new session
W0000 00:00:1778714520.971418 2284953 gpu_device.cc:2365] Cannot dlopen some GPU libraries. Please make sure the missing libraries mentioned above are installed properly if you would like to use GPU. Follow the guide at https://www.tensorflow.org/install/gpu for how to download and setup the required libraries for your platform.
Skipping registering GPU devices...
I0000 00:00:1778714521.491751 2284953 devices.cc:67] Number of eligible GPUs (core count >= 8, compute capability >= 0.0): 1
I0000 00:00:1778714521.491832 2284953 single_machine.cc:376] Starting new session
W0000 00:00:1778714521.492983 2284953 gpu_device.cc:2365] Cannot dlopen some GPU libraries. Please make sure the missing libraries mentioned above are installed properly if you would like to use GPU. Follow the guide at https://www.tensorflow.org/install/gpu for how to download and setup the required libraries for your platform.
Skipping registering GPU devices...
[2026-05-14 08:22:01] done B-GRU-raw-v12 val_f1=0.7922 (video=0.9222) test_f1=0.7794 (video=0.9121) threshold=0.450
