WARNING: All log messages before absl::InitializeLog() is called are written to STDERR
I0000 00:00:1778724888.026034 2403207 cpu_feature_guard.cc:227] This TensorFlow binary is optimized to use available CPU instructions in performance-critical operations.
To enable the following instructions: AVX2 FMA, in other operations, rebuild TensorFlow with the appropriate compiler flags.
[2026-05-14 11:14:49] loading train split=/home/min/Workspace/Graduate-Project/Falling-Model-Development/dataset/splits_v2/train.csv
[2026-05-14 11:15:00] train rows=1,274,014 videos=6,344 features=43 data_scope=all
[2026-05-14 11:15:00] loading val split=/home/min/Workspace/Graduate-Project/Falling-Model-Development/dataset/splits_v2/val.csv
[2026-05-14 11:15:03] val rows=363,918 videos=1,811 features=43 data_scope=all
[2026-05-14 11:15:03] loading test split=/home/min/Workspace/Graduate-Project/Falling-Model-Development/dataset/splits_v2/test.csv
[2026-05-14 11:15:05] test rows=182,782 videos=911 features=43 data_scope=all
[2026-05-14 11:15:14] train windows=137,339 positive=51,271 videos=6,344
[2026-05-14 11:15:16] val windows=39,199 positive=14,992 videos=1,811
[2026-05-14 11:15:17] test windows=19,712 positive=7,332 videos=911
W0000 00:00:1778724922.015624 2403207 gpu_device.cc:2365] Cannot dlopen some GPU libraries. Please make sure the missing libraries mentioned above are installed properly if you would like to use GPU. Follow the guide at https://www.tensorflow.org/install/gpu for how to download and setup the required libraries for your platform.
Skipping registering GPU devices...
W0000 00:00:1778724922.840870 2403207 cpu_allocator_impl.cc:82] Allocation of 1417338480 exceeds 10% of free system memory.
W0000 00:00:1778724924.207063 2403207 cpu_allocator_impl.cc:82] Allocation of 404533680 exceeds 10% of free system memory.
W0000 00:00:1778724924.546200 2403207 cpu_allocator_impl.cc:82] Allocation of 1417338480 exceeds 10% of free system memory.
W0000 00:00:1778725038.352592 2403207 cpu_allocator_impl.cc:82] Allocation of 404533680 exceeds 10% of free system memory.
W0000 00:00:1778727461.625905 2403207 cpu_allocator_impl.cc:82] Allocation of 1417338480 exceeds 10% of free system memory.
[2026-05-14 11:58:31] video-level val: videos=1811 f1=0.9199 recall=0.9426 precision=0.8982
[2026-05-14 11:58:32] video-level test: videos=911 f1=0.9059 recall=0.9385 precision=0.8754
I0000 00:00:1778727513.142688 2403207 devices.cc:67] Number of eligible GPUs (core count >= 8, compute capability >= 0.0): 1
I0000 00:00:1778727513.142757 2403207 single_machine.cc:376] Starting new session
W0000 00:00:1778727513.145140 2403207 gpu_device.cc:2365] Cannot dlopen some GPU libraries. Please make sure the missing libraries mentioned above are installed properly if you would like to use GPU. Follow the guide at https://www.tensorflow.org/install/gpu for how to download and setup the required libraries for your platform.
Skipping registering GPU devices...
I0000 00:00:1778727513.925388 2403207 devices.cc:67] Number of eligible GPUs (core count >= 8, compute capability >= 0.0): 1
I0000 00:00:1778727513.925466 2403207 single_machine.cc:376] Starting new session
W0000 00:00:1778727513.926648 2403207 gpu_device.cc:2365] Cannot dlopen some GPU libraries. Please make sure the missing libraries mentioned above are installed properly if you would like to use GPU. Follow the guide at https://www.tensorflow.org/install/gpu for how to download and setup the required libraries for your platform.
Skipping registering GPU devices...
[2026-05-14 11:58:34] done B-GRU-raw-v18 val_f1=0.7813 (video=0.9199) test_f1=0.7707 (video=0.9059) threshold=0.500
