WARNING: All log messages before absl::InitializeLog() is called are written to STDERR
I0000 00:00:1778833398.212297   53902 cpu_feature_guard.cc:227] This TensorFlow binary is optimized to use available CPU instructions in performance-critical operations.
To enable the following instructions: AVX2 FMA, in other operations, rebuild TensorFlow with the appropriate compiler flags.
[2026-05-15 17:23:19] loading train split=/home/min/Workspace/Graduate-Project/Falling-Model-Development/dataset/splits_v2_filtered/train.csv
[2026-05-15 17:23:32] train rows=1,274,014 videos=6,344 features=27 data_scope=all
[2026-05-15 17:23:32] loading val split=/home/min/Workspace/Graduate-Project/Falling-Model-Development/dataset/splits_v2_filtered/val.csv
[2026-05-15 17:23:36] val rows=363,918 videos=1,811 features=27 data_scope=all
[2026-05-15 17:23:36] loading test split=/home/min/Workspace/Graduate-Project/Falling-Model-Development/dataset/splits_v2_filtered/test.csv
[2026-05-15 17:23:37] test rows=182,782 videos=911 features=27 data_scope=all
[2026-05-15 17:23:37] hard_negative_ids loaded: 50 videos from /home/min/Workspace/Graduate-Project/Falling-Model-Development/results/phase10_error_analysis/P9O-v01/false_positive_videos.csv
[2026-05-15 17:23:52] train windows=370,921 positive=224,347 videos=6,344
[2026-05-15 17:23:56] val windows=74,251 positive=32,590 videos=1,811
[2026-05-15 17:23:58] test windows=37,351 positive=16,447 videos=911
I0000 00:00:1778833443.360036   53902 gpu_device.cc:2043] Created device /job:localhost/replica:0/task:0/device:GPU:0 with 6073 MB memory:  -> device: 0, name: NVIDIA GeForce RTX 2060 SUPER, pci bus id: 0000:05:00.0, compute capability: 7.5
W0000 00:00:1778833444.847718   53902 cpu_allocator_impl.cc:82] Allocation of 1602378720 exceeds 10% of free system memory.
W0000 00:00:1778833446.219206   53902 cpu_allocator_impl.cc:82] Allocation of 1602378720 exceeds 10% of free system memory.
W0000 00:00:1778833448.480814   53902 cpu_allocator_impl.cc:82] Allocation of 1602378720 exceeds 10% of free system memory.
I0000 00:00:1778833451.026932   54354 cuda_dnn.cc:461] Loaded cuDNN version 92200
[2026-05-15 18:24:44] ValVideoMinPR: restored best weights (val_video_min_pr=0.8958)
W0000 00:00:1778837085.424714   53902 cpu_allocator_impl.cc:82] Allocation of 1602378720 exceeds 10% of free system memory.
W0000 00:00:1778837086.777445   53902 cpu_allocator_impl.cc:82] Allocation of 1602378720 exceeds 10% of free system memory.
[2026-05-15 18:26:30] video-level val: videos=1811 f1=0.9624 fall_recall=0.9624 nfall_recall=0.8958 fall_prec=0.9624 nfall_prec=0.8958 min_pr=0.8958 min_consecutive=4
[2026-05-15 18:26:30] video-level test: videos=911 f1=0.9544 fall_recall=0.9595 nfall_recall=0.8612 fall_prec=0.9495 nfall_prec=0.8866 min_pr=0.8612 min_consecutive=4
[2026-05-15 18:26:31] === VAL VIDEO-LEVEL REPORT ===
              precision    recall  f1-score   support

           0     0.8958    0.8958    0.8958       480
           1     0.9624    0.9624    0.9624      1331

    accuracy                         0.9448      1811
   macro avg     0.9291    0.9291    0.9291      1811
weighted avg     0.9448    0.9448    0.9448      1811

[2026-05-15 18:26:31] === TEST VIDEO-LEVEL REPORT ===
              precision    recall  f1-score   support

           0     0.8866    0.8612    0.8737       245
           1     0.9495    0.9595    0.9544       666

    accuracy                         0.9330       911
   macro avg     0.9180    0.9103    0.9141       911
weighted avg     0.9326    0.9330    0.9327       911

[2026-05-15 18:26:41] tflite export subprocess exit=0
[2026-05-15 18:26:41]   [tflite] [P11-v03]
[2026-05-15 18:26:41]   [tflite]   Loading model.keras ...
[2026-05-15 18:26:41]   [tflite]     rebuilding with unroll=True for TFLite compatibility
[2026-05-15 18:26:41]   [tflite] Saved artifact at '/tmp/tmpgeoc12ml'. The following endpoints are available:
[2026-05-15 18:26:41]   [tflite] 
[2026-05-15 18:26:41]   [tflite] * Endpoint 'serve'
[2026-05-15 18:26:41]   [tflite]   args_0 (POSITIONAL_ONLY): TensorSpec(shape=(None, 40, 27), dtype=tf.float32, name='pose_sequence')
[2026-05-15 18:26:41]   [tflite] Output Type:
[2026-05-15 18:26:41]   [tflite]   TensorSpec(shape=(None, 2), dtype=tf.float32, name=None)
[2026-05-15 18:26:41]   [tflite] Captures:
[2026-05-15 18:26:41]   [tflite]   128336249214864: TensorSpec(shape=(), dtype=tf.resource, name=None)
[2026-05-15 18:26:41]   [tflite]   128336249215632: TensorSpec(shape=(), dtype=tf.resource, name=None)
[2026-05-15 18:26:41]   [tflite]   128336249215440: TensorSpec(shape=(), dtype=tf.resource, name=None)
[2026-05-15 18:26:41]   [tflite]   128336249215824: TensorSpec(shape=(), dtype=tf.resource, name=None)
[2026-05-15 18:26:41]   [tflite]   128336249213904: TensorSpec(shape=(), dtype=tf.resource, name=None)
[2026-05-15 18:26:41]   [tflite]   128336249216016: TensorSpec(shape=(), dtype=tf.resource, name=None)
[2026-05-15 18:26:41]   [tflite]   128336249216400: TensorSpec(shape=(), dtype=tf.resource, name=None)
[2026-05-15 18:26:41]   [tflite]   128336249216208: TensorSpec(shape=(), dtype=tf.resource, name=None)
[2026-05-15 18:26:41]   [tflite]   128336249215056: TensorSpec(shape=(), dtype=tf.resource, name=None)
[2026-05-15 18:26:41]   [tflite]   128336249216592: TensorSpec(shape=(), dtype=tf.resource, name=None)
[2026-05-15 18:26:41]   [tflite]   128336249217360: TensorSpec(shape=(), dtype=tf.resource, name=None)
[2026-05-15 18:26:41]   [tflite]   128336249218704: TensorSpec(shape=(), dtype=tf.resource, name=None)
[2026-05-15 18:26:41]   [tflite]   128336249217744: TensorSpec(shape=(), dtype=tf.resource, name=None)
[2026-05-15 18:26:41]   [tflite]   128336249218128: TensorSpec(shape=(), dtype=tf.resource, name=None)
[2026-05-15 18:26:41]   [tflite]   128336249217552: TensorSpec(shape=(), dtype=tf.resource, name=None)
[2026-05-15 18:26:41]   [tflite]   128336249219088: TensorSpec(shape=(), dtype=tf.resource, name=None)
[2026-05-15 18:26:41]   [tflite]   128336249218896: TensorSpec(shape=(), dtype=tf.resource, name=None)
[2026-05-15 18:26:41]   [tflite]   128336249219856: TensorSpec(shape=(), dtype=tf.resource, name=None)
[2026-05-15 18:26:41]   [tflite]   128336249216784: TensorSpec(shape=(), dtype=tf.resource, name=None)
[2026-05-15 18:26:41]   [tflite]   128336249219280: TensorSpec(shape=(), dtype=tf.resource, name=None)
[2026-05-15 18:26:41]   [tflite]   128336249220240: TensorSpec(shape=(), dtype=tf.resource, name=None)
[2026-05-15 18:26:41]   [tflite]   128336249220432: TensorSpec(shape=(), dtype=tf.resource, name=None)
[2026-05-15 18:26:41]   [tflite]   128336249218512: TensorSpec(shape=(), dtype=tf.resource, name=None)
[2026-05-15 18:26:41]   [tflite]   128336249221008: TensorSpec(shape=(), dtype=tf.resource, name=None)
[2026-05-15 18:26:41]   [tflite]     fp32 OK (806 KB)
[2026-05-15 18:26:41]   [tflite] Saved artifact at '/tmp/tmph78zdmsu'. The following endpoints are available:
[2026-05-15 18:26:41]   [tflite] 
[2026-05-15 18:26:41]   [tflite] * Endpoint 'serve'
[2026-05-15 18:26:41]   [tflite]   args_0 (POSITIONAL_ONLY): TensorSpec(shape=(None, 40, 27), dtype=tf.float32, name='pose_sequence')
[2026-05-15 18:26:41]   [tflite] Output Type:
[2026-05-15 18:26:41]   [tflite]   TensorSpec(shape=(None, 2), dtype=tf.float32, name=None)
[2026-05-15 18:26:41]   [tflite] Captures:
[2026-05-15 18:26:41]   [tflite]   128336249214864: TensorSpec(shape=(), dtype=tf.resource, name=None)
[2026-05-15 18:26:41]   [tflite]   128336249215632: TensorSpec(shape=(), dtype=tf.resource, name=None)
[2026-05-15 18:26:41]   [tflite]   128336249215440: TensorSpec(shape=(), dtype=tf.resource, name=None)
[2026-05-15 18:26:41]   [tflite]   128336249215824: TensorSpec(shape=(), dtype=tf.resource, name=None)
[2026-05-15 18:26:41]   [tflite]   128336249213904: TensorSpec(shape=(), dtype=tf.resource, name=None)
[2026-05-15 18:26:41]   [tflite]   128336249216016: TensorSpec(shape=(), dtype=tf.resource, name=None)
[2026-05-15 18:26:41]   [tflite]   128336249216400: TensorSpec(shape=(), dtype=tf.resource, name=None)
[2026-05-15 18:26:41]   [tflite]   128336249216208: TensorSpec(shape=(), dtype=tf.resource, name=None)
[2026-05-15 18:26:41]   [tflite]   128336249215056: TensorSpec(shape=(), dtype=tf.resource, name=None)
[2026-05-15 18:26:41]   [tflite]   128336249216592: TensorSpec(shape=(), dtype=tf.resource, name=None)
[2026-05-15 18:26:41]   [tflite]   128336249217360: TensorSpec(shape=(), dtype=tf.resource, name=None)
[2026-05-15 18:26:41]   [tflite]   128336249218704: TensorSpec(shape=(), dtype=tf.resource, name=None)
[2026-05-15 18:26:41]   [tflite]   128336249217744: TensorSpec(shape=(), dtype=tf.resource, name=None)
[2026-05-15 18:26:41]   [tflite]   128336249218128: TensorSpec(shape=(), dtype=tf.resource, name=None)
[2026-05-15 18:26:41]   [tflite]   128336249217552: TensorSpec(shape=(), dtype=tf.resource, name=None)
[2026-05-15 18:26:41]   [tflite]   128336249219088: TensorSpec(shape=(), dtype=tf.resource, name=None)
[2026-05-15 18:26:41]   [tflite]   128336249218896: TensorSpec(shape=(), dtype=tf.resource, name=None)
[2026-05-15 18:26:41]   [tflite]   128336249219856: TensorSpec(shape=(), dtype=tf.resource, name=None)
[2026-05-15 18:26:41]   [tflite]   128336249216784: TensorSpec(shape=(), dtype=tf.resource, name=None)
[2026-05-15 18:26:41]   [tflite]   128336249219280: TensorSpec(shape=(), dtype=tf.resource, name=None)
[2026-05-15 18:26:41]   [tflite]   128336249220240: TensorSpec(shape=(), dtype=tf.resource, name=None)
[2026-05-15 18:26:41]   [tflite]   128336249220432: TensorSpec(shape=(), dtype=tf.resource, name=None)
[2026-05-15 18:26:41]   [tflite]   128336249218512: TensorSpec(shape=(), dtype=tf.resource, name=None)
[2026-05-15 18:26:41]   [tflite]   128336249221008: TensorSpec(shape=(), dtype=tf.resource, name=None)
[2026-05-15 18:26:41]   [tflite]     int8 OK (1239 KB)
[2026-05-15 18:26:41]   [tflite] 
[2026-05-15 18:26:41]   [tflite] Done.
/home/min/Workspace/Graduate-Project/Falling-Model-Development/.venv/lib/python3.13/site-packages/tensorflow/lite/python/interpreter.py:457: UserWarning:     Warning: tf.lite.Interpreter is deprecated and is scheduled for deletion in
    TF 2.20. Please use the LiteRT interpreter from the ai_edge_litert package.
    See the [migration guide](https://ai.google.dev/edge/litert/migration)
    for details.
    
  warnings.warn(_INTERPRETER_DELETION_WARNING)
INFO: Created TensorFlow Lite XNNPACK delegate for CPU.
[2026-05-15 18:26:43] done P11-v03 val_f1=0.8878 (video=0.9624) test_f1=0.8922 (video=0.9544) test_min_pr=0.8612 threshold=0.525 min_consecutive=4
