WARNING: All log messages before absl::InitializeLog() is called are written to STDERR
I0000 00:00:1778830854.354474   26019 cpu_feature_guard.cc:227] This TensorFlow binary is optimized to use available CPU instructions in performance-critical operations.
To enable the following instructions: AVX2 FMA, in other operations, rebuild TensorFlow with the appropriate compiler flags.
[2026-05-15 16:40:55] loading train split=/home/min/Workspace/Graduate-Project/Falling-Model-Development/dataset/splits_v2_filtered/train.csv
[2026-05-15 16:41:08] train rows=1,274,014 videos=6,344 features=27 data_scope=all
[2026-05-15 16:41:08] loading val split=/home/min/Workspace/Graduate-Project/Falling-Model-Development/dataset/splits_v2_filtered/val.csv
[2026-05-15 16:41:12] val rows=363,918 videos=1,811 features=27 data_scope=all
[2026-05-15 16:41:12] loading test split=/home/min/Workspace/Graduate-Project/Falling-Model-Development/dataset/splits_v2_filtered/test.csv
[2026-05-15 16:41:13] test rows=182,782 videos=911 features=27 data_scope=all
[2026-05-15 16:41:13] hard_negative_ids loaded: 50 videos from /home/min/Workspace/Graduate-Project/Falling-Model-Development/results/phase10_error_analysis/P9O-v01/false_positive_videos.csv
[2026-05-15 16:41:29] train windows=370,921 positive=224,347 videos=6,344
[2026-05-15 16:41:32] val windows=74,251 positive=32,590 videos=1,811
[2026-05-15 16:41:34] test windows=37,351 positive=16,447 videos=911
I0000 00:00:1778830899.593871   26019 gpu_device.cc:2043] Created device /job:localhost/replica:0/task:0/device:GPU:0 with 6073 MB memory:  -> device: 0, name: NVIDIA GeForce RTX 2060 SUPER, pci bus id: 0000:05:00.0, compute capability: 7.5
W0000 00:00:1778830901.059365   26019 cpu_allocator_impl.cc:82] Allocation of 1602378720 exceeds 10% of free system memory.
W0000 00:00:1778830902.428262   26019 cpu_allocator_impl.cc:82] Allocation of 1602378720 exceeds 10% of free system memory.
W0000 00:00:1778830904.702964   26019 cpu_allocator_impl.cc:82] Allocation of 1602378720 exceeds 10% of free system memory.
I0000 00:00:1778830907.207101   26495 cuda_dnn.cc:461] Loaded cuDNN version 92200
[2026-05-15 17:21:38] ValVideoMinPR: restored best weights (val_video_min_pr=0.9042)
W0000 00:00:1778833299.707252   26019 cpu_allocator_impl.cc:82] Allocation of 1602378720 exceeds 10% of free system memory.
W0000 00:00:1778833301.078742   26019 cpu_allocator_impl.cc:82] Allocation of 1602378720 exceeds 10% of free system memory.
[2026-05-15 17:23:03] video-level val: videos=1811 f1=0.9654 fall_recall=0.9654 nfall_recall=0.9042 fall_prec=0.9654 nfall_prec=0.9042 min_pr=0.9042 min_consecutive=3
[2026-05-15 17:23:03] video-level test: videos=911 f1=0.9641 fall_recall=0.9670 nfall_recall=0.8939 fall_prec=0.9612 nfall_prec=0.9087 min_pr=0.8939 min_consecutive=3
[2026-05-15 17:23:04] === VAL VIDEO-LEVEL REPORT ===
              precision    recall  f1-score   support

           0     0.9042    0.9042    0.9042       480
           1     0.9654    0.9654    0.9654      1331

    accuracy                         0.9492      1811
   macro avg     0.9348    0.9348    0.9348      1811
weighted avg     0.9492    0.9492    0.9492      1811

[2026-05-15 17:23:04] === TEST VIDEO-LEVEL REPORT ===
              precision    recall  f1-score   support

           0     0.9087    0.8939    0.9012       245
           1     0.9612    0.9670    0.9641       666

    accuracy                         0.9473       911
   macro avg     0.9350    0.9304    0.9327       911
weighted avg     0.9471    0.9473    0.9472       911

[2026-05-15 17:23:14] tflite export subprocess exit=0
[2026-05-15 17:23:14]   [tflite] [P11-v02]
[2026-05-15 17:23:14]   [tflite]   Loading model.keras ...
[2026-05-15 17:23:14]   [tflite]     rebuilding with unroll=True for TFLite compatibility
[2026-05-15 17:23:14]   [tflite] Saved artifact at '/tmp/tmpo5eexlag'. The following endpoints are available:
[2026-05-15 17:23:14]   [tflite] 
[2026-05-15 17:23:14]   [tflite] * Endpoint 'serve'
[2026-05-15 17:23:14]   [tflite]   args_0 (POSITIONAL_ONLY): TensorSpec(shape=(None, 40, 27), dtype=tf.float32, name='pose_sequence')
[2026-05-15 17:23:14]   [tflite] Output Type:
[2026-05-15 17:23:14]   [tflite]   TensorSpec(shape=(None, 2), dtype=tf.float32, name=None)
[2026-05-15 17:23:14]   [tflite] Captures:
[2026-05-15 17:23:14]   [tflite]   139158219183632: TensorSpec(shape=(), dtype=tf.resource, name=None)
[2026-05-15 17:23:14]   [tflite]   139158219184400: TensorSpec(shape=(), dtype=tf.resource, name=None)
[2026-05-15 17:23:14]   [tflite]   139158219184208: TensorSpec(shape=(), dtype=tf.resource, name=None)
[2026-05-15 17:23:14]   [tflite]   139158219184592: TensorSpec(shape=(), dtype=tf.resource, name=None)
[2026-05-15 17:23:14]   [tflite]   139158219182672: TensorSpec(shape=(), dtype=tf.resource, name=None)
[2026-05-15 17:23:14]   [tflite]   139158219184784: TensorSpec(shape=(), dtype=tf.resource, name=None)
[2026-05-15 17:23:14]   [tflite]   139158219185168: TensorSpec(shape=(), dtype=tf.resource, name=None)
[2026-05-15 17:23:14]   [tflite]   139158219184976: TensorSpec(shape=(), dtype=tf.resource, name=None)
[2026-05-15 17:23:14]   [tflite]   139158219183824: TensorSpec(shape=(), dtype=tf.resource, name=None)
[2026-05-15 17:23:14]   [tflite]   139158219185360: TensorSpec(shape=(), dtype=tf.resource, name=None)
[2026-05-15 17:23:14]   [tflite]   139158219186128: TensorSpec(shape=(), dtype=tf.resource, name=None)
[2026-05-15 17:23:14]   [tflite]   139158219187472: TensorSpec(shape=(), dtype=tf.resource, name=None)
[2026-05-15 17:23:14]   [tflite]   139158219186512: TensorSpec(shape=(), dtype=tf.resource, name=None)
[2026-05-15 17:23:14]   [tflite]   139158219186896: TensorSpec(shape=(), dtype=tf.resource, name=None)
[2026-05-15 17:23:14]   [tflite]   139158219186320: TensorSpec(shape=(), dtype=tf.resource, name=None)
[2026-05-15 17:23:14]   [tflite]   139158219187856: TensorSpec(shape=(), dtype=tf.resource, name=None)
[2026-05-15 17:23:14]   [tflite]   139158219187664: TensorSpec(shape=(), dtype=tf.resource, name=None)
[2026-05-15 17:23:14]   [tflite]   139158219188624: TensorSpec(shape=(), dtype=tf.resource, name=None)
[2026-05-15 17:23:14]   [tflite]   139158219185552: TensorSpec(shape=(), dtype=tf.resource, name=None)
[2026-05-15 17:23:14]   [tflite]   139158219188048: TensorSpec(shape=(), dtype=tf.resource, name=None)
[2026-05-15 17:23:14]   [tflite]   139158219189008: TensorSpec(shape=(), dtype=tf.resource, name=None)
[2026-05-15 17:23:14]   [tflite]   139158219189200: TensorSpec(shape=(), dtype=tf.resource, name=None)
[2026-05-15 17:23:14]   [tflite]   139158219187280: TensorSpec(shape=(), dtype=tf.resource, name=None)
[2026-05-15 17:23:14]   [tflite]   139158219189776: TensorSpec(shape=(), dtype=tf.resource, name=None)
[2026-05-15 17:23:14]   [tflite]     fp32 OK (806 KB)
[2026-05-15 17:23:14]   [tflite] Saved artifact at '/tmp/tmp_i0wedwh'. The following endpoints are available:
[2026-05-15 17:23:14]   [tflite] 
[2026-05-15 17:23:14]   [tflite] * Endpoint 'serve'
[2026-05-15 17:23:14]   [tflite]   args_0 (POSITIONAL_ONLY): TensorSpec(shape=(None, 40, 27), dtype=tf.float32, name='pose_sequence')
[2026-05-15 17:23:14]   [tflite] Output Type:
[2026-05-15 17:23:14]   [tflite]   TensorSpec(shape=(None, 2), dtype=tf.float32, name=None)
[2026-05-15 17:23:14]   [tflite] Captures:
[2026-05-15 17:23:14]   [tflite]   139158219183632: TensorSpec(shape=(), dtype=tf.resource, name=None)
[2026-05-15 17:23:14]   [tflite]   139158219184400: TensorSpec(shape=(), dtype=tf.resource, name=None)
[2026-05-15 17:23:14]   [tflite]   139158219184208: TensorSpec(shape=(), dtype=tf.resource, name=None)
[2026-05-15 17:23:14]   [tflite]   139158219184592: TensorSpec(shape=(), dtype=tf.resource, name=None)
[2026-05-15 17:23:14]   [tflite]   139158219182672: TensorSpec(shape=(), dtype=tf.resource, name=None)
[2026-05-15 17:23:14]   [tflite]   139158219184784: TensorSpec(shape=(), dtype=tf.resource, name=None)
[2026-05-15 17:23:14]   [tflite]   139158219185168: TensorSpec(shape=(), dtype=tf.resource, name=None)
[2026-05-15 17:23:14]   [tflite]   139158219184976: TensorSpec(shape=(), dtype=tf.resource, name=None)
[2026-05-15 17:23:14]   [tflite]   139158219183824: TensorSpec(shape=(), dtype=tf.resource, name=None)
[2026-05-15 17:23:14]   [tflite]   139158219185360: TensorSpec(shape=(), dtype=tf.resource, name=None)
[2026-05-15 17:23:14]   [tflite]   139158219186128: TensorSpec(shape=(), dtype=tf.resource, name=None)
[2026-05-15 17:23:14]   [tflite]   139158219187472: TensorSpec(shape=(), dtype=tf.resource, name=None)
[2026-05-15 17:23:14]   [tflite]   139158219186512: TensorSpec(shape=(), dtype=tf.resource, name=None)
[2026-05-15 17:23:14]   [tflite]   139158219186896: TensorSpec(shape=(), dtype=tf.resource, name=None)
[2026-05-15 17:23:14]   [tflite]   139158219186320: TensorSpec(shape=(), dtype=tf.resource, name=None)
[2026-05-15 17:23:14]   [tflite]   139158219187856: TensorSpec(shape=(), dtype=tf.resource, name=None)
[2026-05-15 17:23:14]   [tflite]   139158219187664: TensorSpec(shape=(), dtype=tf.resource, name=None)
[2026-05-15 17:23:14]   [tflite]   139158219188624: TensorSpec(shape=(), dtype=tf.resource, name=None)
[2026-05-15 17:23:14]   [tflite]   139158219185552: TensorSpec(shape=(), dtype=tf.resource, name=None)
[2026-05-15 17:23:14]   [tflite]   139158219188048: TensorSpec(shape=(), dtype=tf.resource, name=None)
[2026-05-15 17:23:14]   [tflite]   139158219189008: TensorSpec(shape=(), dtype=tf.resource, name=None)
[2026-05-15 17:23:14]   [tflite]   139158219189200: TensorSpec(shape=(), dtype=tf.resource, name=None)
[2026-05-15 17:23:14]   [tflite]   139158219187280: TensorSpec(shape=(), dtype=tf.resource, name=None)
[2026-05-15 17:23:14]   [tflite]   139158219189776: TensorSpec(shape=(), dtype=tf.resource, name=None)
[2026-05-15 17:23:14]   [tflite]     int8 OK (1228 KB)
[2026-05-15 17:23:14]   [tflite] 
[2026-05-15 17:23:14]   [tflite] Done.
/home/min/Workspace/Graduate-Project/Falling-Model-Development/.venv/lib/python3.13/site-packages/tensorflow/lite/python/interpreter.py:457: UserWarning:     Warning: tf.lite.Interpreter is deprecated and is scheduled for deletion in
    TF 2.20. Please use the LiteRT interpreter from the ai_edge_litert package.
    See the [migration guide](https://ai.google.dev/edge/litert/migration)
    for details.
    
  warnings.warn(_INTERPRETER_DELETION_WARNING)
INFO: Created TensorFlow Lite XNNPACK delegate for CPU.
[2026-05-15 17:23:16] done P11-v02 val_f1=0.8820 (video=0.9654) test_f1=0.8836 (video=0.9641) test_min_pr=0.8939 threshold=0.475 min_consecutive=3
