WARNING: All log messages before absl::InitializeLog() is called are written to STDERR
I0000 00:00:1778828935.637742    7114 cpu_feature_guard.cc:227] This TensorFlow binary is optimized to use available CPU instructions in performance-critical operations.
To enable the following instructions: AVX2 FMA, in other operations, rebuild TensorFlow with the appropriate compiler flags.
[2026-05-15 16:08:57] loading train split=/home/min/Workspace/Graduate-Project/Falling-Model-Development/dataset/splits_v2_filtered/train.csv
[2026-05-15 16:09:10] train rows=1,274,014 videos=6,344 features=27 data_scope=all
[2026-05-15 16:09:10] loading val split=/home/min/Workspace/Graduate-Project/Falling-Model-Development/dataset/splits_v2_filtered/val.csv
[2026-05-15 16:09:13] val rows=363,918 videos=1,811 features=27 data_scope=all
[2026-05-15 16:09:13] loading test split=/home/min/Workspace/Graduate-Project/Falling-Model-Development/dataset/splits_v2_filtered/test.csv
[2026-05-15 16:09:15] test rows=182,782 videos=911 features=27 data_scope=all
[2026-05-15 16:09:30] train windows=370,921 positive=224,347 videos=6,344
[2026-05-15 16:09:33] val windows=74,251 positive=32,590 videos=1,811
[2026-05-15 16:09:35] test windows=37,351 positive=16,447 videos=911
I0000 00:00:1778828980.739648    7114 gpu_device.cc:2043] Created device /job:localhost/replica:0/task:0/device:GPU:0 with 6073 MB memory:  -> device: 0, name: NVIDIA GeForce RTX 2060 SUPER, pci bus id: 0000:05:00.0, compute capability: 7.5
W0000 00:00:1778828982.206143    7114 cpu_allocator_impl.cc:82] Allocation of 1602378720 exceeds 10% of free system memory.
W0000 00:00:1778828983.576434    7114 cpu_allocator_impl.cc:82] Allocation of 1602378720 exceeds 10% of free system memory.
W0000 00:00:1778828985.859000    7114 cpu_allocator_impl.cc:82] Allocation of 1602378720 exceeds 10% of free system memory.
I0000 00:00:1778828988.365087    7613 cuda_dnn.cc:461] Loaded cuDNN version 92200
[2026-05-15 16:39:15] ValVideoMinPR: restored best weights (val_video_min_pr=0.9021)
W0000 00:00:1778830756.493950    7114 cpu_allocator_impl.cc:82] Allocation of 1602378720 exceeds 10% of free system memory.
W0000 00:00:1778830757.829342    7114 cpu_allocator_impl.cc:82] Allocation of 1602378720 exceeds 10% of free system memory.
[2026-05-15 16:40:39] video-level val: videos=1811 f1=0.9666 fall_recall=0.9684 nfall_recall=0.9021 fall_prec=0.9648 nfall_prec=0.9116 min_pr=0.9021 min_consecutive=2
[2026-05-15 16:40:40] video-level test: videos=911 f1=0.9652 fall_recall=0.9775 nfall_recall=0.8694 fall_prec=0.9531 nfall_prec=0.9342 min_pr=0.8694 min_consecutive=2
[2026-05-15 16:40:40] === VAL VIDEO-LEVEL REPORT ===
              precision    recall  f1-score   support

           0     0.9116    0.9021    0.9068       480
           1     0.9648    0.9684    0.9666      1331

    accuracy                         0.9509      1811
   macro avg     0.9382    0.9353    0.9367      1811
weighted avg     0.9507    0.9509    0.9508      1811

[2026-05-15 16:40:40] === TEST VIDEO-LEVEL REPORT ===
              precision    recall  f1-score   support

           0     0.9342    0.8694    0.9006       245
           1     0.9531    0.9775    0.9652       666

    accuracy                         0.9484       911
   macro avg     0.9437    0.9234    0.9329       911
weighted avg     0.9481    0.9484    0.9478       911

[2026-05-15 16:40:50] tflite export subprocess exit=0
[2026-05-15 16:40:50]   [tflite] [P11-v01]
[2026-05-15 16:40:50]   [tflite]   Loading model.keras ...
[2026-05-15 16:40:50]   [tflite]     rebuilding with unroll=True for TFLite compatibility
[2026-05-15 16:40:50]   [tflite] Saved artifact at '/tmp/tmpyfbucfzb'. The following endpoints are available:
[2026-05-15 16:40:50]   [tflite] 
[2026-05-15 16:40:50]   [tflite] * Endpoint 'serve'
[2026-05-15 16:40:50]   [tflite]   args_0 (POSITIONAL_ONLY): TensorSpec(shape=(None, 40, 27), dtype=tf.float32, name='pose_sequence')
[2026-05-15 16:40:50]   [tflite] Output Type:
[2026-05-15 16:40:50]   [tflite]   TensorSpec(shape=(None, 2), dtype=tf.float32, name=None)
[2026-05-15 16:40:50]   [tflite] Captures:
[2026-05-15 16:40:50]   [tflite]   136526039291792: TensorSpec(shape=(), dtype=tf.resource, name=None)
[2026-05-15 16:40:50]   [tflite]   136526039292560: TensorSpec(shape=(), dtype=tf.resource, name=None)
[2026-05-15 16:40:50]   [tflite]   136526039292368: TensorSpec(shape=(), dtype=tf.resource, name=None)
[2026-05-15 16:40:50]   [tflite]   136526039292752: TensorSpec(shape=(), dtype=tf.resource, name=None)
[2026-05-15 16:40:50]   [tflite]   136526039290832: TensorSpec(shape=(), dtype=tf.resource, name=None)
[2026-05-15 16:40:50]   [tflite]   136526039292944: TensorSpec(shape=(), dtype=tf.resource, name=None)
[2026-05-15 16:40:50]   [tflite]   136526039293328: TensorSpec(shape=(), dtype=tf.resource, name=None)
[2026-05-15 16:40:50]   [tflite]   136526039293136: TensorSpec(shape=(), dtype=tf.resource, name=None)
[2026-05-15 16:40:50]   [tflite]   136526039291984: TensorSpec(shape=(), dtype=tf.resource, name=None)
[2026-05-15 16:40:50]   [tflite]   136526039293520: TensorSpec(shape=(), dtype=tf.resource, name=None)
[2026-05-15 16:40:50]   [tflite]   136526039294288: TensorSpec(shape=(), dtype=tf.resource, name=None)
[2026-05-15 16:40:50]   [tflite]   136526039295632: TensorSpec(shape=(), dtype=tf.resource, name=None)
[2026-05-15 16:40:50]   [tflite]   136526039294672: TensorSpec(shape=(), dtype=tf.resource, name=None)
[2026-05-15 16:40:50]   [tflite]   136526039295056: TensorSpec(shape=(), dtype=tf.resource, name=None)
[2026-05-15 16:40:50]   [tflite]   136526039294480: TensorSpec(shape=(), dtype=tf.resource, name=None)
[2026-05-15 16:40:50]   [tflite]   136526039296016: TensorSpec(shape=(), dtype=tf.resource, name=None)
[2026-05-15 16:40:50]   [tflite]   136526039295824: TensorSpec(shape=(), dtype=tf.resource, name=None)
[2026-05-15 16:40:50]   [tflite]   136526039296784: TensorSpec(shape=(), dtype=tf.resource, name=None)
[2026-05-15 16:40:50]   [tflite]   136526039293712: TensorSpec(shape=(), dtype=tf.resource, name=None)
[2026-05-15 16:40:50]   [tflite]   136526039296208: TensorSpec(shape=(), dtype=tf.resource, name=None)
[2026-05-15 16:40:50]   [tflite]   136526039297168: TensorSpec(shape=(), dtype=tf.resource, name=None)
[2026-05-15 16:40:50]   [tflite]   136526039297360: TensorSpec(shape=(), dtype=tf.resource, name=None)
[2026-05-15 16:40:50]   [tflite]   136526039295440: TensorSpec(shape=(), dtype=tf.resource, name=None)
[2026-05-15 16:40:50]   [tflite]   136526039297936: TensorSpec(shape=(), dtype=tf.resource, name=None)
[2026-05-15 16:40:50]   [tflite]     fp32 OK (806 KB)
[2026-05-15 16:40:50]   [tflite] Saved artifact at '/tmp/tmp11wlk7vk'. The following endpoints are available:
[2026-05-15 16:40:50]   [tflite] 
[2026-05-15 16:40:50]   [tflite] * Endpoint 'serve'
[2026-05-15 16:40:50]   [tflite]   args_0 (POSITIONAL_ONLY): TensorSpec(shape=(None, 40, 27), dtype=tf.float32, name='pose_sequence')
[2026-05-15 16:40:50]   [tflite] Output Type:
[2026-05-15 16:40:50]   [tflite]   TensorSpec(shape=(None, 2), dtype=tf.float32, name=None)
[2026-05-15 16:40:50]   [tflite] Captures:
[2026-05-15 16:40:50]   [tflite]   136526039291792: TensorSpec(shape=(), dtype=tf.resource, name=None)
[2026-05-15 16:40:50]   [tflite]   136526039292560: TensorSpec(shape=(), dtype=tf.resource, name=None)
[2026-05-15 16:40:50]   [tflite]   136526039292368: TensorSpec(shape=(), dtype=tf.resource, name=None)
[2026-05-15 16:40:50]   [tflite]   136526039292752: TensorSpec(shape=(), dtype=tf.resource, name=None)
[2026-05-15 16:40:50]   [tflite]   136526039290832: TensorSpec(shape=(), dtype=tf.resource, name=None)
[2026-05-15 16:40:50]   [tflite]   136526039292944: TensorSpec(shape=(), dtype=tf.resource, name=None)
[2026-05-15 16:40:50]   [tflite]   136526039293328: TensorSpec(shape=(), dtype=tf.resource, name=None)
[2026-05-15 16:40:50]   [tflite]   136526039293136: TensorSpec(shape=(), dtype=tf.resource, name=None)
[2026-05-15 16:40:50]   [tflite]   136526039291984: TensorSpec(shape=(), dtype=tf.resource, name=None)
[2026-05-15 16:40:50]   [tflite]   136526039293520: TensorSpec(shape=(), dtype=tf.resource, name=None)
[2026-05-15 16:40:50]   [tflite]   136526039294288: TensorSpec(shape=(), dtype=tf.resource, name=None)
[2026-05-15 16:40:50]   [tflite]   136526039295632: TensorSpec(shape=(), dtype=tf.resource, name=None)
[2026-05-15 16:40:50]   [tflite]   136526039294672: TensorSpec(shape=(), dtype=tf.resource, name=None)
[2026-05-15 16:40:50]   [tflite]   136526039295056: TensorSpec(shape=(), dtype=tf.resource, name=None)
[2026-05-15 16:40:50]   [tflite]   136526039294480: TensorSpec(shape=(), dtype=tf.resource, name=None)
[2026-05-15 16:40:50]   [tflite]   136526039296016: TensorSpec(shape=(), dtype=tf.resource, name=None)
[2026-05-15 16:40:50]   [tflite]   136526039295824: TensorSpec(shape=(), dtype=tf.resource, name=None)
[2026-05-15 16:40:50]   [tflite]   136526039296784: TensorSpec(shape=(), dtype=tf.resource, name=None)
[2026-05-15 16:40:50]   [tflite]   136526039293712: TensorSpec(shape=(), dtype=tf.resource, name=None)
[2026-05-15 16:40:50]   [tflite]   136526039296208: TensorSpec(shape=(), dtype=tf.resource, name=None)
[2026-05-15 16:40:50]   [tflite]   136526039297168: TensorSpec(shape=(), dtype=tf.resource, name=None)
[2026-05-15 16:40:50]   [tflite]   136526039297360: TensorSpec(shape=(), dtype=tf.resource, name=None)
[2026-05-15 16:40:50]   [tflite]   136526039295440: TensorSpec(shape=(), dtype=tf.resource, name=None)
[2026-05-15 16:40:50]   [tflite]   136526039297936: TensorSpec(shape=(), dtype=tf.resource, name=None)
[2026-05-15 16:40:50]   [tflite]     int8 OK (1230 KB)
[2026-05-15 16:40:50]   [tflite] 
[2026-05-15 16:40:50]   [tflite] Done.
/home/min/Workspace/Graduate-Project/Falling-Model-Development/.venv/lib/python3.13/site-packages/tensorflow/lite/python/interpreter.py:457: UserWarning:     Warning: tf.lite.Interpreter is deprecated and is scheduled for deletion in
    TF 2.20. Please use the LiteRT interpreter from the ai_edge_litert package.
    See the [migration guide](https://ai.google.dev/edge/litert/migration)
    for details.
    
  warnings.warn(_INTERPRETER_DELETION_WARNING)
INFO: Created TensorFlow Lite XNNPACK delegate for CPU.
[2026-05-15 16:40:52] done P11-v01 val_f1=0.8680 (video=0.9666) test_f1=0.8710 (video=0.9652) test_min_pr=0.8694 threshold=0.475 min_consecutive=2
