WARNING: All log messages before absl::InitializeLog() is called are written to STDERR
I0000 00:00:1778841139.645238  129167 cpu_feature_guard.cc:227] This TensorFlow binary is optimized to use available CPU instructions in performance-critical operations.
To enable the following instructions: AVX2 FMA, in other operations, rebuild TensorFlow with the appropriate compiler flags.
[2026-05-15 19:32:20] loading train split=/home/min/Workspace/Graduate-Project/Falling-Model-Development/dataset/splits_v2_filtered/train.csv
[2026-05-15 19:32:34] train rows=1,274,014 videos=6,344 features=27 data_scope=all
[2026-05-15 19:32:34] loading val split=/home/min/Workspace/Graduate-Project/Falling-Model-Development/dataset/splits_v2_filtered/val.csv
[2026-05-15 19:32:37] val rows=363,918 videos=1,811 features=27 data_scope=all
[2026-05-15 19:32:37] loading test split=/home/min/Workspace/Graduate-Project/Falling-Model-Development/dataset/splits_v2_filtered/test.csv
[2026-05-15 19:32:39] test rows=182,782 videos=911 features=27 data_scope=all
[2026-05-15 19:32:39] hard_negative_ids loaded: 50 videos from /home/min/Workspace/Graduate-Project/Falling-Model-Development/results/phase10_error_analysis/P9O-v01/false_positive_videos.csv
[2026-05-15 19:32:59] train windows=517,979 positive=224,347 videos=6,344
[2026-05-15 19:33:02] val windows=74,251 positive=32,590 videos=1,811
[2026-05-15 19:33:04] test windows=37,351 positive=16,447 videos=911
I0000 00:00:1778841191.158685  129167 gpu_device.cc:2043] Created device /job:localhost/replica:0/task:0/device:GPU:0 with 6073 MB memory:  -> device: 0, name: NVIDIA GeForce RTX 2060 SUPER, pci bus id: 0000:05:00.0, compute capability: 7.5
W0000 00:00:1778841192.935716  129167 cpu_allocator_impl.cc:82] Allocation of 2237669280 exceeds 10% of free system memory.
W0000 00:00:1778841194.830745  129167 cpu_allocator_impl.cc:82] Allocation of 2237669280 exceeds 10% of free system memory.
W0000 00:00:1778841197.435246  129167 cpu_allocator_impl.cc:82] Allocation of 2237669280 exceeds 10% of free system memory.
I0000 00:00:1778841200.304112  129676 cuda_dnn.cc:461] Loaded cuDNN version 92200
[2026-05-15 20:28:52] ValVideoMinPR: restored best weights (val_video_min_pr=0.9004)
W0000 00:00:1778844533.540706  129167 cpu_allocator_impl.cc:82] Allocation of 2237669280 exceeds 10% of free system memory.
W0000 00:00:1778844535.418217  129167 cpu_allocator_impl.cc:82] Allocation of 2237669280 exceeds 10% of free system memory.
[2026-05-15 20:30:19] video-level val: videos=1811 f1=0.9647 fall_recall=0.9639 nfall_recall=0.9042 fall_prec=0.9654 nfall_prec=0.9004 min_pr=0.9004 min_consecutive=1
[2026-05-15 20:30:20] video-level test: videos=911 f1=0.9662 fall_recall=0.9670 nfall_recall=0.9061 fall_prec=0.9655 nfall_prec=0.9098 min_pr=0.9061 min_consecutive=1
[2026-05-15 20:30:20] === VAL VIDEO-LEVEL REPORT ===
              precision    recall  f1-score   support

           0     0.9004    0.9042    0.9023       480
           1     0.9654    0.9639    0.9647      1331

    accuracy                         0.9481      1811
   macro avg     0.9329    0.9341    0.9335      1811
weighted avg     0.9482    0.9481    0.9481      1811

[2026-05-15 20:30:20] === TEST VIDEO-LEVEL REPORT ===
              precision    recall  f1-score   support

           0     0.9098    0.9061    0.9080       245
           1     0.9655    0.9670    0.9662       666

    accuracy                         0.9506       911
   macro avg     0.9377    0.9365    0.9371       911
weighted avg     0.9505    0.9506    0.9506       911

[2026-05-15 20:30:30] tflite export subprocess exit=0
[2026-05-15 20:30:30]   [tflite] [P11-v05]
[2026-05-15 20:30:30]   [tflite]   Loading model.keras ...
[2026-05-15 20:30:30]   [tflite]     rebuilding with unroll=True for TFLite compatibility
[2026-05-15 20:30:30]   [tflite] Saved artifact at '/tmp/tmphjk_axo0'. The following endpoints are available:
[2026-05-15 20:30:30]   [tflite] 
[2026-05-15 20:30:30]   [tflite] * Endpoint 'serve'
[2026-05-15 20:30:30]   [tflite]   args_0 (POSITIONAL_ONLY): TensorSpec(shape=(None, 40, 27), dtype=tf.float32, name='pose_sequence')
[2026-05-15 20:30:30]   [tflite] Output Type:
[2026-05-15 20:30:30]   [tflite]   TensorSpec(shape=(None, 2), dtype=tf.float32, name=None)
[2026-05-15 20:30:30]   [tflite] Captures:
[2026-05-15 20:30:30]   [tflite]   134229144426000: TensorSpec(shape=(), dtype=tf.resource, name=None)
[2026-05-15 20:30:30]   [tflite]   134229144426768: TensorSpec(shape=(), dtype=tf.resource, name=None)
[2026-05-15 20:30:30]   [tflite]   134229144426576: TensorSpec(shape=(), dtype=tf.resource, name=None)
[2026-05-15 20:30:30]   [tflite]   134229144426960: TensorSpec(shape=(), dtype=tf.resource, name=None)
[2026-05-15 20:30:30]   [tflite]   134229144425040: TensorSpec(shape=(), dtype=tf.resource, name=None)
[2026-05-15 20:30:30]   [tflite]   134229144427152: TensorSpec(shape=(), dtype=tf.resource, name=None)
[2026-05-15 20:30:30]   [tflite]   134229144427536: TensorSpec(shape=(), dtype=tf.resource, name=None)
[2026-05-15 20:30:30]   [tflite]   134229144427344: TensorSpec(shape=(), dtype=tf.resource, name=None)
[2026-05-15 20:30:30]   [tflite]   134229144426192: TensorSpec(shape=(), dtype=tf.resource, name=None)
[2026-05-15 20:30:30]   [tflite]   134229144427728: TensorSpec(shape=(), dtype=tf.resource, name=None)
[2026-05-15 20:30:30]   [tflite]   134229144428496: TensorSpec(shape=(), dtype=tf.resource, name=None)
[2026-05-15 20:30:30]   [tflite]   134229144429840: TensorSpec(shape=(), dtype=tf.resource, name=None)
[2026-05-15 20:30:30]   [tflite]   134229144428880: TensorSpec(shape=(), dtype=tf.resource, name=None)
[2026-05-15 20:30:30]   [tflite]   134229144429264: TensorSpec(shape=(), dtype=tf.resource, name=None)
[2026-05-15 20:30:30]   [tflite]   134229144428688: TensorSpec(shape=(), dtype=tf.resource, name=None)
[2026-05-15 20:30:30]   [tflite]   134229144430224: TensorSpec(shape=(), dtype=tf.resource, name=None)
[2026-05-15 20:30:30]   [tflite]   134229144430032: TensorSpec(shape=(), dtype=tf.resource, name=None)
[2026-05-15 20:30:30]   [tflite]   134229144430992: TensorSpec(shape=(), dtype=tf.resource, name=None)
[2026-05-15 20:30:30]   [tflite]   134229144427920: TensorSpec(shape=(), dtype=tf.resource, name=None)
[2026-05-15 20:30:30]   [tflite]   134229144430416: TensorSpec(shape=(), dtype=tf.resource, name=None)
[2026-05-15 20:30:30]   [tflite]   134229144431376: TensorSpec(shape=(), dtype=tf.resource, name=None)
[2026-05-15 20:30:30]   [tflite]   134229144431568: TensorSpec(shape=(), dtype=tf.resource, name=None)
[2026-05-15 20:30:30]   [tflite]   134229144429648: TensorSpec(shape=(), dtype=tf.resource, name=None)
[2026-05-15 20:30:30]   [tflite]   134229144432144: TensorSpec(shape=(), dtype=tf.resource, name=None)
[2026-05-15 20:30:30]   [tflite]     fp32 OK (806 KB)
[2026-05-15 20:30:30]   [tflite] Saved artifact at '/tmp/tmp2bzd9f0l'. The following endpoints are available:
[2026-05-15 20:30:30]   [tflite] 
[2026-05-15 20:30:30]   [tflite] * Endpoint 'serve'
[2026-05-15 20:30:30]   [tflite]   args_0 (POSITIONAL_ONLY): TensorSpec(shape=(None, 40, 27), dtype=tf.float32, name='pose_sequence')
[2026-05-15 20:30:30]   [tflite] Output Type:
[2026-05-15 20:30:30]   [tflite]   TensorSpec(shape=(None, 2), dtype=tf.float32, name=None)
[2026-05-15 20:30:30]   [tflite] Captures:
[2026-05-15 20:30:30]   [tflite]   134229144426000: TensorSpec(shape=(), dtype=tf.resource, name=None)
[2026-05-15 20:30:30]   [tflite]   134229144426768: TensorSpec(shape=(), dtype=tf.resource, name=None)
[2026-05-15 20:30:30]   [tflite]   134229144426576: TensorSpec(shape=(), dtype=tf.resource, name=None)
[2026-05-15 20:30:30]   [tflite]   134229144426960: TensorSpec(shape=(), dtype=tf.resource, name=None)
[2026-05-15 20:30:30]   [tflite]   134229144425040: TensorSpec(shape=(), dtype=tf.resource, name=None)
[2026-05-15 20:30:30]   [tflite]   134229144427152: TensorSpec(shape=(), dtype=tf.resource, name=None)
[2026-05-15 20:30:30]   [tflite]   134229144427536: TensorSpec(shape=(), dtype=tf.resource, name=None)
[2026-05-15 20:30:30]   [tflite]   134229144427344: TensorSpec(shape=(), dtype=tf.resource, name=None)
[2026-05-15 20:30:30]   [tflite]   134229144426192: TensorSpec(shape=(), dtype=tf.resource, name=None)
[2026-05-15 20:30:30]   [tflite]   134229144427728: TensorSpec(shape=(), dtype=tf.resource, name=None)
[2026-05-15 20:30:30]   [tflite]   134229144428496: TensorSpec(shape=(), dtype=tf.resource, name=None)
[2026-05-15 20:30:30]   [tflite]   134229144429840: TensorSpec(shape=(), dtype=tf.resource, name=None)
[2026-05-15 20:30:30]   [tflite]   134229144428880: TensorSpec(shape=(), dtype=tf.resource, name=None)
[2026-05-15 20:30:30]   [tflite]   134229144429264: TensorSpec(shape=(), dtype=tf.resource, name=None)
[2026-05-15 20:30:30]   [tflite]   134229144428688: TensorSpec(shape=(), dtype=tf.resource, name=None)
[2026-05-15 20:30:30]   [tflite]   134229144430224: TensorSpec(shape=(), dtype=tf.resource, name=None)
[2026-05-15 20:30:30]   [tflite]   134229144430032: TensorSpec(shape=(), dtype=tf.resource, name=None)
[2026-05-15 20:30:30]   [tflite]   134229144430992: TensorSpec(shape=(), dtype=tf.resource, name=None)
[2026-05-15 20:30:30]   [tflite]   134229144427920: TensorSpec(shape=(), dtype=tf.resource, name=None)
[2026-05-15 20:30:30]   [tflite]   134229144430416: TensorSpec(shape=(), dtype=tf.resource, name=None)
[2026-05-15 20:30:30]   [tflite]   134229144431376: TensorSpec(shape=(), dtype=tf.resource, name=None)
[2026-05-15 20:30:30]   [tflite]   134229144431568: TensorSpec(shape=(), dtype=tf.resource, name=None)
[2026-05-15 20:30:30]   [tflite]   134229144429648: TensorSpec(shape=(), dtype=tf.resource, name=None)
[2026-05-15 20:30:30]   [tflite]   134229144432144: TensorSpec(shape=(), dtype=tf.resource, name=None)
[2026-05-15 20:30:30]   [tflite]     int8 OK (1229 KB)
[2026-05-15 20:30:30]   [tflite] 
[2026-05-15 20:30:30]   [tflite] Done.
/home/min/Workspace/Graduate-Project/Falling-Model-Development/.venv/lib/python3.13/site-packages/tensorflow/lite/python/interpreter.py:457: UserWarning:     Warning: tf.lite.Interpreter is deprecated and is scheduled for deletion in
    TF 2.20. Please use the LiteRT interpreter from the ai_edge_litert package.
    See the [migration guide](https://ai.google.dev/edge/litert/migration)
    for details.
    
  warnings.warn(_INTERPRETER_DELETION_WARNING)
INFO: Created TensorFlow Lite XNNPACK delegate for CPU.
[2026-05-15 20:30:32] done P11-v05 val_f1=0.8549 (video=0.9647) test_f1=0.8617 (video=0.9662) test_min_pr=0.9061 threshold=0.675 min_consecutive=1
