WARNING: All log messages before absl::InitializeLog() is called are written to STDERR
I0000 00:00:1778845288.492413  171185 cpu_feature_guard.cc:227] This TensorFlow binary is optimized to use available CPU instructions in performance-critical operations.
To enable the following instructions: AVX2 FMA, in other operations, rebuild TensorFlow with the appropriate compiler flags.
[2026-05-15 20:41:29] loading train split=/home/min/Workspace/Graduate-Project/Falling-Model-Development/dataset/splits_v2_filtered/train.csv
[2026-05-15 20:41:43] train rows=1,274,014 videos=6,344 features=27 data_scope=all
[2026-05-15 20:41:43] loading val split=/home/min/Workspace/Graduate-Project/Falling-Model-Development/dataset/splits_v2_filtered/val.csv
[2026-05-15 20:41:46] val rows=363,918 videos=1,811 features=27 data_scope=all
[2026-05-15 20:41:46] loading test split=/home/min/Workspace/Graduate-Project/Falling-Model-Development/dataset/splits_v2_filtered/test.csv
[2026-05-15 20:41:48] test rows=182,782 videos=911 features=27 data_scope=all
[2026-05-15 20:41:48] hard_negative_ids loaded: 50 videos from /home/min/Workspace/Graduate-Project/Falling-Model-Development/results/phase10_error_analysis/P9O-v01/false_positive_videos.csv
[2026-05-15 20:42:04] train windows=370,921 positive=224,347 videos=6,344
[2026-05-15 20:42:07] val windows=74,251 positive=32,590 videos=1,811
[2026-05-15 20:42:09] test windows=37,351 positive=16,447 videos=911
I0000 00:00:1778845334.811695  171185 gpu_device.cc:2043] Created device /job:localhost/replica:0/task:0/device:GPU:0 with 6073 MB memory:  -> device: 0, name: NVIDIA GeForce RTX 2060 SUPER, pci bus id: 0000:05:00.0, compute capability: 7.5
W0000 00:00:1778845336.313979  171185 cpu_allocator_impl.cc:82] Allocation of 1602378720 exceeds 10% of free system memory.
W0000 00:00:1778845337.688637  171185 cpu_allocator_impl.cc:82] Allocation of 1602378720 exceeds 10% of free system memory.
W0000 00:00:1778845339.951350  171185 cpu_allocator_impl.cc:82] Allocation of 1602378720 exceeds 10% of free system memory.
I0000 00:00:1778845342.531159  171697 cuda_dnn.cc:461] Loaded cuDNN version 92200
W0000 00:00:1778845770.366718  171185 cpu_allocator_impl.cc:82] Allocation of 1602378720 exceeds 10% of free system memory.
W0000 00:00:1778845771.742983  171185 cpu_allocator_impl.cc:82] Allocation of 1602378720 exceeds 10% of free system memory.
[2026-05-15 20:50:57] video-level val: videos=1811 f1=0.9640 fall_recall=0.9654 nfall_recall=0.8958 fall_prec=0.9625 nfall_prec=0.9034 min_pr=0.8958 min_consecutive=2
[2026-05-15 20:50:58] video-level test: videos=911 f1=0.9559 fall_recall=0.9595 nfall_recall=0.8694 fall_prec=0.9523 nfall_prec=0.8875 min_pr=0.8694 min_consecutive=2
[2026-05-15 20:50:58] === VAL VIDEO-LEVEL REPORT ===
              precision    recall  f1-score   support

           0     0.9034    0.8958    0.8996       480
           1     0.9625    0.9654    0.9640      1331

    accuracy                         0.9470      1811
   macro avg     0.9330    0.9306    0.9318      1811
weighted avg     0.9469    0.9470    0.9469      1811

[2026-05-15 20:50:58] === TEST VIDEO-LEVEL REPORT ===
              precision    recall  f1-score   support

           0     0.8875    0.8694    0.8784       245
           1     0.9523    0.9595    0.9559       666

    accuracy                         0.9352       911
   macro avg     0.9199    0.9144    0.9171       911
weighted avg     0.9349    0.9352    0.9350       911

[2026-05-15 20:51:09] tflite export subprocess exit=0
[2026-05-15 20:51:09]   [tflite] [P11-v09]
[2026-05-15 20:51:09]   [tflite]   Loading model.keras ...
[2026-05-15 20:51:09]   [tflite]     rebuilding with unroll=True for TFLite compatibility
[2026-05-15 20:51:09]   [tflite] Saved artifact at '/tmp/tmppny0i2__'. The following endpoints are available:
[2026-05-15 20:51:09]   [tflite] 
[2026-05-15 20:51:09]   [tflite] * Endpoint 'serve'
[2026-05-15 20:51:09]   [tflite]   args_0 (POSITIONAL_ONLY): TensorSpec(shape=(None, 40, 27), dtype=tf.float32, name='pose_sequence')
[2026-05-15 20:51:09]   [tflite] Output Type:
[2026-05-15 20:51:09]   [tflite]   TensorSpec(shape=(None, 2), dtype=tf.float32, name=None)
[2026-05-15 20:51:09]   [tflite] Captures:
[2026-05-15 20:51:09]   [tflite]   132253730412048: TensorSpec(shape=(), dtype=tf.resource, name=None)
[2026-05-15 20:51:09]   [tflite]   132253730412816: TensorSpec(shape=(), dtype=tf.resource, name=None)
[2026-05-15 20:51:09]   [tflite]   132253730412624: TensorSpec(shape=(), dtype=tf.resource, name=None)
[2026-05-15 20:51:09]   [tflite]   132253730413008: TensorSpec(shape=(), dtype=tf.resource, name=None)
[2026-05-15 20:51:09]   [tflite]   132253730411088: TensorSpec(shape=(), dtype=tf.resource, name=None)
[2026-05-15 20:51:09]   [tflite]   132253730413200: TensorSpec(shape=(), dtype=tf.resource, name=None)
[2026-05-15 20:51:09]   [tflite]   132253730413584: TensorSpec(shape=(), dtype=tf.resource, name=None)
[2026-05-15 20:51:09]   [tflite]   132253730413392: TensorSpec(shape=(), dtype=tf.resource, name=None)
[2026-05-15 20:51:09]   [tflite]   132253730412240: TensorSpec(shape=(), dtype=tf.resource, name=None)
[2026-05-15 20:51:09]   [tflite]   132253730413776: TensorSpec(shape=(), dtype=tf.resource, name=None)
[2026-05-15 20:51:09]   [tflite]   132253730414544: TensorSpec(shape=(), dtype=tf.resource, name=None)
[2026-05-15 20:51:09]   [tflite]   132253730415888: TensorSpec(shape=(), dtype=tf.resource, name=None)
[2026-05-15 20:51:09]   [tflite]   132253730414928: TensorSpec(shape=(), dtype=tf.resource, name=None)
[2026-05-15 20:51:09]   [tflite]   132253730415312: TensorSpec(shape=(), dtype=tf.resource, name=None)
[2026-05-15 20:51:09]   [tflite]   132253730414736: TensorSpec(shape=(), dtype=tf.resource, name=None)
[2026-05-15 20:51:09]   [tflite]   132253730416272: TensorSpec(shape=(), dtype=tf.resource, name=None)
[2026-05-15 20:51:09]   [tflite]   132253730416080: TensorSpec(shape=(), dtype=tf.resource, name=None)
[2026-05-15 20:51:09]   [tflite]   132253730417040: TensorSpec(shape=(), dtype=tf.resource, name=None)
[2026-05-15 20:51:09]   [tflite]   132253730413968: TensorSpec(shape=(), dtype=tf.resource, name=None)
[2026-05-15 20:51:09]   [tflite]   132253730416464: TensorSpec(shape=(), dtype=tf.resource, name=None)
[2026-05-15 20:51:09]   [tflite]   132253730417424: TensorSpec(shape=(), dtype=tf.resource, name=None)
[2026-05-15 20:51:09]   [tflite]   132253730417616: TensorSpec(shape=(), dtype=tf.resource, name=None)
[2026-05-15 20:51:09]   [tflite]   132253730415696: TensorSpec(shape=(), dtype=tf.resource, name=None)
[2026-05-15 20:51:09]   [tflite]   132253730418192: TensorSpec(shape=(), dtype=tf.resource, name=None)
[2026-05-15 20:51:09]   [tflite]     fp32 OK (1964 KB)
[2026-05-15 20:51:09]   [tflite] Saved artifact at '/tmp/tmp4tiy820d'. The following endpoints are available:
[2026-05-15 20:51:09]   [tflite] 
[2026-05-15 20:51:09]   [tflite] * Endpoint 'serve'
[2026-05-15 20:51:09]   [tflite]   args_0 (POSITIONAL_ONLY): TensorSpec(shape=(None, 40, 27), dtype=tf.float32, name='pose_sequence')
[2026-05-15 20:51:09]   [tflite] Output Type:
[2026-05-15 20:51:09]   [tflite]   TensorSpec(shape=(None, 2), dtype=tf.float32, name=None)
[2026-05-15 20:51:09]   [tflite] Captures:
[2026-05-15 20:51:09]   [tflite]   132253730412048: TensorSpec(shape=(), dtype=tf.resource, name=None)
[2026-05-15 20:51:09]   [tflite]   132253730412816: TensorSpec(shape=(), dtype=tf.resource, name=None)
[2026-05-15 20:51:09]   [tflite]   132253730412624: TensorSpec(shape=(), dtype=tf.resource, name=None)
[2026-05-15 20:51:09]   [tflite]   132253730413008: TensorSpec(shape=(), dtype=tf.resource, name=None)
[2026-05-15 20:51:09]   [tflite]   132253730411088: TensorSpec(shape=(), dtype=tf.resource, name=None)
[2026-05-15 20:51:09]   [tflite]   132253730413200: TensorSpec(shape=(), dtype=tf.resource, name=None)
[2026-05-15 20:51:09]   [tflite]   132253730413584: TensorSpec(shape=(), dtype=tf.resource, name=None)
[2026-05-15 20:51:09]   [tflite]   132253730413392: TensorSpec(shape=(), dtype=tf.resource, name=None)
[2026-05-15 20:51:09]   [tflite]   132253730412240: TensorSpec(shape=(), dtype=tf.resource, name=None)
[2026-05-15 20:51:09]   [tflite]   132253730413776: TensorSpec(shape=(), dtype=tf.resource, name=None)
[2026-05-15 20:51:09]   [tflite]   132253730414544: TensorSpec(shape=(), dtype=tf.resource, name=None)
[2026-05-15 20:51:09]   [tflite]   132253730415888: TensorSpec(shape=(), dtype=tf.resource, name=None)
[2026-05-15 20:51:09]   [tflite]   132253730414928: TensorSpec(shape=(), dtype=tf.resource, name=None)
[2026-05-15 20:51:09]   [tflite]   132253730415312: TensorSpec(shape=(), dtype=tf.resource, name=None)
[2026-05-15 20:51:09]   [tflite]   132253730414736: TensorSpec(shape=(), dtype=tf.resource, name=None)
[2026-05-15 20:51:09]   [tflite]   132253730416272: TensorSpec(shape=(), dtype=tf.resource, name=None)
[2026-05-15 20:51:09]   [tflite]   132253730416080: TensorSpec(shape=(), dtype=tf.resource, name=None)
[2026-05-15 20:51:09]   [tflite]   132253730417040: TensorSpec(shape=(), dtype=tf.resource, name=None)
[2026-05-15 20:51:09]   [tflite]   132253730413968: TensorSpec(shape=(), dtype=tf.resource, name=None)
[2026-05-15 20:51:09]   [tflite]   132253730416464: TensorSpec(shape=(), dtype=tf.resource, name=None)
[2026-05-15 20:51:09]   [tflite]   132253730417424: TensorSpec(shape=(), dtype=tf.resource, name=None)
[2026-05-15 20:51:09]   [tflite]   132253730417616: TensorSpec(shape=(), dtype=tf.resource, name=None)
[2026-05-15 20:51:09]   [tflite]   132253730415696: TensorSpec(shape=(), dtype=tf.resource, name=None)
[2026-05-15 20:51:09]   [tflite]   132253730418192: TensorSpec(shape=(), dtype=tf.resource, name=None)
[2026-05-15 20:51:09]   [tflite]     int8 OK (2264 KB)
[2026-05-15 20:51:09]   [tflite] 
[2026-05-15 20:51:09]   [tflite] Done.
/home/min/Workspace/Graduate-Project/Falling-Model-Development/.venv/lib/python3.13/site-packages/tensorflow/lite/python/interpreter.py:457: UserWarning:     Warning: tf.lite.Interpreter is deprecated and is scheduled for deletion in
    TF 2.20. Please use the LiteRT interpreter from the ai_edge_litert package.
    See the [migration guide](https://ai.google.dev/edge/litert/migration)
    for details.
    
  warnings.warn(_INTERPRETER_DELETION_WARNING)
INFO: Created TensorFlow Lite XNNPACK delegate for CPU.
[2026-05-15 20:51:12] done P11-v09 val_f1=0.8695 (video=0.9640) test_f1=0.8745 (video=0.9559) test_min_pr=0.8694 threshold=0.525 min_consecutive=2
