WARNING: All log messages before absl::InitializeLog() is called are written to STDERR
I0000 00:00:1778858356.204579  345251 cpu_feature_guard.cc:227] This TensorFlow binary is optimized to use available CPU instructions in performance-critical operations.
To enable the following instructions: AVX2 FMA, in other operations, rebuild TensorFlow with the appropriate compiler flags.
[2026-05-16 00:19:18] loading train split=/home/min/Workspace/Graduate-Project/Falling-Model-Development/dataset/splits_v2_filtered_rel/train.csv
[2026-05-16 00:19:38] train rows=1,274,014 videos=6,344 features=35 data_scope=all
[2026-05-16 00:19:38] loading val split=/home/min/Workspace/Graduate-Project/Falling-Model-Development/dataset/splits_v2_filtered_rel/val.csv
[2026-05-16 00:19:45] val rows=363,918 videos=1,811 features=35 data_scope=all
[2026-05-16 00:19:45] loading test split=/home/min/Workspace/Graduate-Project/Falling-Model-Development/dataset/splits_v2_filtered_rel/test.csv
[2026-05-16 00:19:48] test rows=182,782 videos=911 features=35 data_scope=all
[2026-05-16 00:20:09] train windows=370,921 positive=224,347 videos=6,344
[2026-05-16 00:20:12] val windows=74,251 positive=32,590 videos=1,811
[2026-05-16 00:20:14] test windows=37,351 positive=16,447 videos=911
I0000 00:00:1778858423.398445  345251 gpu_device.cc:2043] Created device /job:localhost/replica:0/task:0/device:GPU:0 with 707 MB memory:  -> device: 0, name: NVIDIA GeForce RTX 2060 SUPER, pci bus id: 0000:05:00.0, compute capability: 7.5
W0000 00:00:1778858426.406451  345251 cpu_allocator_impl.cc:82] Allocation of 2077157600 exceeds 10% of free system memory.
W0000 00:00:1778858437.952420  345251 bfc_allocator.cc:502] Allocator (GPU_0_bfc) ran out of memory trying to allocate 1.93GiB (rounded to 2077157632)requested by op _EagerConst
If the cause is memory fragmentation maybe the environment variable 'TF_GPU_ALLOCATOR=cuda_malloc_async' will improve the situation. 
Current allocation summary follows.
Current allocation summary follows.
I0000 00:00:1778858437.952459  345251 bfc_allocator.cc:1049] BFCAllocator dump for GPU_0_bfc
I0000 00:00:1778858437.952462  345251 bfc_allocator.cc:1056] Bin (256): 	Total Chunks: 37, Chunks in use: 37. 9.2KiB allocated for chunks. 9.2KiB in use in bin. 2.2KiB client-requested in use in bin.
I0000 00:00:1778858437.952466  345251 bfc_allocator.cc:1056] Bin (512): 	Total Chunks: 1, Chunks in use: 1. 512B allocated for chunks. 512B in use in bin. 512B client-requested in use in bin.
I0000 00:00:1778858437.952469  345251 bfc_allocator.cc:1056] Bin (1024): 	Total Chunks: 5, Chunks in use: 4. 5.2KiB allocated for chunks. 4.2KiB in use in bin. 4.0KiB client-requested in use in bin.
I0000 00:00:1778858437.952472  345251 bfc_allocator.cc:1056] Bin (2048): 	Total Chunks: 1, Chunks in use: 1. 3.0KiB allocated for chunks. 3.0KiB in use in bin. 3.0KiB client-requested in use in bin.
I0000 00:00:1778858437.952474  345251 bfc_allocator.cc:1056] Bin (4096): 	Total Chunks: 1, Chunks in use: 1. 6.0KiB allocated for chunks. 6.0KiB in use in bin. 6.0KiB client-requested in use in bin.
I0000 00:00:1778858437.952476  345251 bfc_allocator.cc:1056] Bin (8192): 	Total Chunks: 0, Chunks in use: 0. 0B allocated for chunks. 0B in use in bin. 0B client-requested in use in bin.
I0000 00:00:1778858437.952479  345251 bfc_allocator.cc:1056] Bin (16384): 	Total Chunks: 1, Chunks in use: 0. 28.2KiB allocated for chunks. 0B in use in bin. 0B client-requested in use in bin.
I0000 00:00:1778858437.952481  345251 bfc_allocator.cc:1056] Bin (32768): 	Total Chunks: 2, Chunks in use: 2. 91.8KiB allocated for chunks. 91.8KiB in use in bin. 91.8KiB client-requested in use in bin.
I0000 00:00:1778858437.952484  345251 bfc_allocator.cc:1056] Bin (65536): 	Total Chunks: 4, Chunks in use: 1. 278.5KiB allocated for chunks. 64.0KiB in use in bin. 64.0KiB client-requested in use in bin.
I0000 00:00:1778858437.952486  345251 bfc_allocator.cc:1056] Bin (131072): 	Total Chunks: 2, Chunks in use: 2. 384.0KiB allocated for chunks. 384.0KiB in use in bin. 384.0KiB client-requested in use in bin.
I0000 00:00:1778858437.952489  345251 bfc_allocator.cc:1056] Bin (262144): 	Total Chunks: 2, Chunks in use: 1. 768.0KiB allocated for chunks. 384.0KiB in use in bin. 384.0KiB client-requested in use in bin.
I0000 00:00:1778858437.952491  345251 bfc_allocator.cc:1056] Bin (524288): 	Total Chunks: 1, Chunks in use: 1. 768.0KiB allocated for chunks. 768.0KiB in use in bin. 768.0KiB client-requested in use in bin.
I0000 00:00:1778858437.952493  345251 bfc_allocator.cc:1056] Bin (1048576): 	Total Chunks: 0, Chunks in use: 0. 0B allocated for chunks. 0B in use in bin. 0B client-requested in use in bin.
I0000 00:00:1778858437.952496  345251 bfc_allocator.cc:1056] Bin (2097152): 	Total Chunks: 0, Chunks in use: 0. 0B allocated for chunks. 0B in use in bin. 0B client-requested in use in bin.
I0000 00:00:1778858437.952498  345251 bfc_allocator.cc:1056] Bin (4194304): 	Total Chunks: 0, Chunks in use: 0. 0B allocated for chunks. 0B in use in bin. 0B client-requested in use in bin.
I0000 00:00:1778858437.952500  345251 bfc_allocator.cc:1056] Bin (8388608): 	Total Chunks: 0, Chunks in use: 0. 0B allocated for chunks. 0B in use in bin. 0B client-requested in use in bin.
I0000 00:00:1778858437.952502  345251 bfc_allocator.cc:1056] Bin (16777216): 	Total Chunks: 0, Chunks in use: 0. 0B allocated for chunks. 0B in use in bin. 0B client-requested in use in bin.
I0000 00:00:1778858437.952504  345251 bfc_allocator.cc:1056] Bin (33554432): 	Total Chunks: 0, Chunks in use: 0. 0B allocated for chunks. 0B in use in bin. 0B client-requested in use in bin.
I0000 00:00:1778858437.952506  345251 bfc_allocator.cc:1056] Bin (67108864): 	Total Chunks: 0, Chunks in use: 0. 0B allocated for chunks. 0B in use in bin. 0B client-requested in use in bin.
I0000 00:00:1778858437.952508  345251 bfc_allocator.cc:1056] Bin (134217728): 	Total Chunks: 0, Chunks in use: 0. 0B allocated for chunks. 0B in use in bin. 0B client-requested in use in bin.
I0000 00:00:1778858437.952510  345251 bfc_allocator.cc:1056] Bin (268435456): 	Total Chunks: 1, Chunks in use: 0. 705.34MiB allocated for chunks. 0B in use in bin. 0B client-requested in use in bin.
I0000 00:00:1778858437.952512  345251 bfc_allocator.cc:1072] Bin for 1.93GiB was 256.00MiB, Chunk State: 
I0000 00:00:1778858437.952515  345251 bfc_allocator.cc:1078]   Size: 705.34MiB | Requested Size: 768.0KiB | in_use: 0 | bin_num: 20, prev:   Size: 768.0KiB | Requested Size: 768.0KiB | in_use: 1 | bin_num: -1
I0000 00:00:1778858437.952519  345251 bfc_allocator.cc:1085] Next region of size 741998592
I0000 00:00:1778858437.952522  345251 bfc_allocator.cc:1105] InUse at 79282e000000 of size 1280 next 1
I0000 00:00:1778858437.952524  345251 bfc_allocator.cc:1105] InUse at 79282e000500 of size 256 next 2
I0000 00:00:1778858437.952525  345251 bfc_allocator.cc:1105] InUse at 79282e000600 of size 256 next 3
I0000 00:00:1778858437.952527  345251 bfc_allocator.cc:1105] InUse at 79282e000700 of size 256 next 4
I0000 00:00:1778858437.952528  345251 bfc_allocator.cc:1105] InUse at 79282e000800 of size 256 next 5
I0000 00:00:1778858437.952530  345251 bfc_allocator.cc:1105] InUse at 79282e000900 of size 256 next 7
I0000 00:00:1778858437.952531  345251 bfc_allocator.cc:1105] InUse at 79282e000a00 of size 256 next 8
I0000 00:00:1778858437.952533  345251 bfc_allocator.cc:1105] InUse at 79282e000b00 of size 256 next 6
I0000 00:00:1778858437.952534  345251 bfc_allocator.cc:1105] InUse at 79282e000c00 of size 256 next 9
I0000 00:00:1778858437.952536  345251 bfc_allocator.cc:1105] InUse at 79282e000d00 of size 256 next 12
I0000 00:00:1778858437.952537  345251 bfc_allocator.cc:1105] InUse at 79282e000e00 of size 256 next 13
I0000 00:00:1778858437.952539  345251 bfc_allocator.cc:1105] InUse at 79282e000f00 of size 256 next 14
I0000 00:00:1778858437.952541  345251 bfc_allocator.cc:1105] Free  at 79282e001000 of size 88576 next 10
I0000 00:00:1778858437.952542  345251 bfc_allocator.cc:1105] InUse at 79282e016a00 of size 44800 next 11
I0000 00:00:1778858437.952544  345251 bfc_allocator.cc:1105] InUse at 79282e021900 of size 256 next 15
I0000 00:00:1778858437.952545  345251 bfc_allocator.cc:1105] InUse at 79282e021a00 of size 256 next 17
I0000 00:00:1778858437.952547  345251 bfc_allocator.cc:1105] InUse at 79282e021b00 of size 256 next 16
I0000 00:00:1778858437.952548  345251 bfc_allocator.cc:1105] InUse at 79282e021c00 of size 256 next 18
I0000 00:00:1778858437.952550  345251 bfc_allocator.cc:1105] InUse at 79282e021d00 of size 256 next 21
I0000 00:00:1778858437.952551  345251 bfc_allocator.cc:1105] InUse at 79282e021e00 of size 256 next 22
I0000 00:00:1778858437.952553  345251 bfc_allocator.cc:1105] InUse at 79282e021f00 of size 256 next 23
I0000 00:00:1778858437.952554  345251 bfc_allocator.cc:1105] InUse at 79282e022000 of size 256 next 24
I0000 00:00:1778858437.952556  345251 bfc_allocator.cc:1105] InUse at 79282e022100 of size 256 next 25
I0000 00:00:1778858437.952557  345251 bfc_allocator.cc:1105] InUse at 79282e022200 of size 256 next 28
I0000 00:00:1778858437.952559  345251 bfc_allocator.cc:1105] InUse at 79282e022300 of size 6144 next 32
I0000 00:00:1778858437.952561  345251 bfc_allocator.cc:1105] InUse at 79282e023b00 of size 1024 next 34
I0000 00:00:1778858437.952563  345251 bfc_allocator.cc:1105] InUse at 79282e023f00 of size 1024 next 27
I0000 00:00:1778858437.952564  345251 bfc_allocator.cc:1105] InUse at 79282e024300 of size 256 next 31
I0000 00:00:1778858437.952566  345251 bfc_allocator.cc:1105] InUse at 79282e024400 of size 256 next 35
I0000 00:00:1778858437.952567  345251 bfc_allocator.cc:1105] InUse at 79282e024500 of size 256 next 36
I0000 00:00:1778858437.952569  345251 bfc_allocator.cc:1105] InUse at 79282e024600 of size 3072 next 38
I0000 00:00:1778858437.952571  345251 bfc_allocator.cc:1105] InUse at 79282e025200 of size 256 next 42
I0000 00:00:1778858437.952573  345251 bfc_allocator.cc:1105] InUse at 79282e025300 of size 256 next 39
I0000 00:00:1778858437.952574  345251 bfc_allocator.cc:1105] InUse at 79282e025400 of size 512 next 37
I0000 00:00:1778858437.952576  345251 bfc_allocator.cc:1105] InUse at 79282e025600 of size 256 next 43
I0000 00:00:1778858437.952578  345251 bfc_allocator.cc:1105] InUse at 79282e025700 of size 256 next 44
I0000 00:00:1778858437.952579  345251 bfc_allocator.cc:1105] InUse at 79282e025800 of size 256 next 47
I0000 00:00:1778858437.952581  345251 bfc_allocator.cc:1105] InUse at 79282e025900 of size 256 next 48
I0000 00:00:1778858437.952582  345251 bfc_allocator.cc:1105] InUse at 79282e025a00 of size 256 next 50
I0000 00:00:1778858437.952584  345251 bfc_allocator.cc:1105] InUse at 79282e025b00 of size 256 next 51
I0000 00:00:1778858437.952585  345251 bfc_allocator.cc:1105] InUse at 79282e025c00 of size 256 next 49
I0000 00:00:1778858437.952587  345251 bfc_allocator.cc:1105] InUse at 79282e025d00 of size 256 next 52
I0000 00:00:1778858437.952588  345251 bfc_allocator.cc:1105] InUse at 79282e025e00 of size 256 next 55
I0000 00:00:1778858437.952590  345251 bfc_allocator.cc:1105] InUse at 79282e025f00 of size 256 next 56
I0000 00:00:1778858437.952591  345251 bfc_allocator.cc:1105] InUse at 79282e026000 of size 256 next 57
I0000 00:00:1778858437.952593  345251 bfc_allocator.cc:1105] Free  at 79282e026100 of size 1024 next 53
I0000 00:00:1778858437.952594  345251 bfc_allocator.cc:1105] InUse at 79282e026500 of size 1024 next 54
I0000 00:00:1778858437.952596  345251 bfc_allocator.cc:1105] Free  at 79282e026900 of size 28928 next 19
I0000 00:00:1778858437.952598  345251 bfc_allocator.cc:1105] InUse at 79282e02da00 of size 49152 next 20
I0000 00:00:1778858437.952600  345251 bfc_allocator.cc:1105] InUse at 79282e039a00 of size 196608 next 40
I0000 00:00:1778858437.952601  345251 bfc_allocator.cc:1105] Free  at 79282e069a00 of size 65536 next 46
I0000 00:00:1778858437.952603  345251 bfc_allocator.cc:1105] InUse at 79282e079a00 of size 65536 next 45
I0000 00:00:1778858437.952604  345251 bfc_allocator.cc:1105] Free  at 79282e089a00 of size 65536 next 30
I0000 00:00:1778858437.952606  345251 bfc_allocator.cc:1105] InUse at 79282e099a00 of size 196608 next 29
I0000 00:00:1778858437.952608  345251 bfc_allocator.cc:1105] Free  at 79282e0c9a00 of size 393216 next 41
I0000 00:00:1778858437.952609  345251 bfc_allocator.cc:1105] InUse at 79282e129a00 of size 393216 next 26
I0000 00:00:1778858437.952611  345251 bfc_allocator.cc:1105] InUse at 79282e189a00 of size 786432 next 33
I0000 00:00:1778858437.952613  345251 bfc_allocator.cc:1105] Free  at 79282e249a00 of size 739599872 next 18446744073709551615
I0000 00:00:1778858437.952614  345251 bfc_allocator.cc:1110]      Summary of in-use Chunks by size: 
I0000 00:00:1778858437.952616  345251 bfc_allocator.cc:1113] 37 Chunks of size 256 totalling 9.2KiB
I0000 00:00:1778858437.952619  345251 bfc_allocator.cc:1113] 1 Chunks of size 512 totalling 512B
I0000 00:00:1778858437.952621  345251 bfc_allocator.cc:1113] 3 Chunks of size 1024 totalling 3.0KiB
I0000 00:00:1778858437.952623  345251 bfc_allocator.cc:1113] 1 Chunks of size 1280 totalling 1.2KiB
I0000 00:00:1778858437.952625  345251 bfc_allocator.cc:1113] 1 Chunks of size 3072 totalling 3.0KiB
I0000 00:00:1778858437.952627  345251 bfc_allocator.cc:1113] 1 Chunks of size 6144 totalling 6.0KiB
I0000 00:00:1778858437.952629  345251 bfc_allocator.cc:1113] 1 Chunks of size 44800 totalling 43.8KiB
I0000 00:00:1778858437.952631  345251 bfc_allocator.cc:1113] 1 Chunks of size 49152 totalling 48.0KiB
I0000 00:00:1778858437.952633  345251 bfc_allocator.cc:1113] 1 Chunks of size 65536 totalling 64.0KiB
I0000 00:00:1778858437.952634  345251 bfc_allocator.cc:1113] 2 Chunks of size 196608 totalling 384.0KiB
I0000 00:00:1778858437.952636  345251 bfc_allocator.cc:1113] 1 Chunks of size 393216 totalling 384.0KiB
I0000 00:00:1778858437.952638  345251 bfc_allocator.cc:1113] 1 Chunks of size 786432 totalling 768.0KiB
I0000 00:00:1778858437.952640  345251 bfc_allocator.cc:1117] Sum Total of in-use chunks: 1.67MiB
I0000 00:00:1778858437.952642  345251 bfc_allocator.cc:1119] Total size in pool: 707.62MiB memory_limit_: 707.62MiB available size: 0B curr_region_allocation_bytes_: 1.38GiB
I0000 00:00:1778858437.952644  345251 bfc_allocator.cc:1128] Stats: 
Limit:                       707.62MiB
InUse:                         1.67MiB
MaxInUse:                      2.91MiB
NumAllocs:                         139
MaxAllocSize:                 768.0KiB
Reserved:                           0B
PeakReserved:                       0B
LargestFreeBlock:                   0B

W0000 00:00:1778858437.952652  345251 bfc_allocator.cc:513] *___________________________________________________________________________________________________
Traceback (most recent call last):
  File "/home/min/Workspace/Graduate-Project/Falling-Model-Development/scripts/train_baseline.py", line 1519, in <module>
    main()
    ~~~~^^
  File "/home/min/Workspace/Graduate-Project/Falling-Model-Development/scripts/train_baseline.py", line 1390, in main
    history = train_model(model, x, y, y_eval, groups, config)
  File "/home/min/Workspace/Graduate-Project/Falling-Model-Development/scripts/train_baseline.py", line 899, in train_model
    make_tf_dataset(x["train"], y["train"], config.batch_size, True, config.noise_std),
    ~~~~~~~~~~~~~~~^^^^^^^^^^^^^^^^^^^^^^^^^^^^^^^^^^^^^^^^^^^^^^^^^^^^^^^^^^^^^^^^^^^
  File "/home/min/Workspace/Graduate-Project/Falling-Model-Development/scripts/train_baseline.py", line 648, in make_tf_dataset
    ds = tf.data.Dataset.from_tensor_slices((x, y))
  File "/home/min/Workspace/Graduate-Project/Falling-Model-Development/.venv/lib/python3.13/site-packages/tensorflow/python/data/ops/dataset_ops.py", line 827, in from_tensor_slices
    return from_tensor_slices_op._from_tensor_slices(tensors, name)
           ~~~~~~~~~~~~~~~~~~~~~~~~~~~~~~~~~~~~~~~~~^^^^^^^^^^^^^^^
  File "/home/min/Workspace/Graduate-Project/Falling-Model-Development/.venv/lib/python3.13/site-packages/tensorflow/python/data/ops/from_tensor_slices_op.py", line 25, in _from_tensor_slices
    return _TensorSliceDataset(tensors, name=name)
  File "/home/min/Workspace/Graduate-Project/Falling-Model-Development/.venv/lib/python3.13/site-packages/tensorflow/python/data/ops/from_tensor_slices_op.py", line 33, in __init__
    element = structure.normalize_element(element)
  File "/home/min/Workspace/Graduate-Project/Falling-Model-Development/.venv/lib/python3.13/site-packages/tensorflow/python/data/util/structure.py", line 134, in normalize_element
    ops.convert_to_tensor(t, name="component_%d" % i, dtype=dtype))
    ~~~~~~~~~~~~~~~~~~~~~^^^^^^^^^^^^^^^^^^^^^^^^^^^^^^^^^^^^^^^^^
  File "/home/min/Workspace/Graduate-Project/Falling-Model-Development/.venv/lib/python3.13/site-packages/tensorflow/python/profiler/trace.py", line 183, in wrapped
    return func(*args, **kwargs)
  File "/home/min/Workspace/Graduate-Project/Falling-Model-Development/.venv/lib/python3.13/site-packages/tensorflow/python/framework/ops.py", line 757, in convert_to_tensor
    return tensor_conversion_registry.convert(
           ~~~~~~~~~~~~~~~~~~~~~~~~~~~~~~~~~~^
        value, dtype, name, as_ref, preferred_dtype, accepted_result_types
        ^^^^^^^^^^^^^^^^^^^^^^^^^^^^^^^^^^^^^^^^^^^^^^^^^^^^^^^^^^^^^^^^^^
    )
    ^
  File "/home/min/Workspace/Graduate-Project/Falling-Model-Development/.venv/lib/python3.13/site-packages/tensorflow/python/framework/tensor_conversion_registry.py", line 234, in convert
    ret = conversion_func(value, dtype=dtype, name=name, as_ref=as_ref)
  File "/home/min/Workspace/Graduate-Project/Falling-Model-Development/.venv/lib/python3.13/site-packages/tensorflow/python/framework/constant_tensor_conversion.py", line 29, in _constant_tensor_conversion_function
    return constant_op.constant(v, dtype=dtype, name=name)
           ~~~~~~~~~~~~~~~~~~~~^^^^^^^^^^^^^^^^^^^^^^^^^^^
  File "/home/min/Workspace/Graduate-Project/Falling-Model-Development/.venv/lib/python3.13/site-packages/tensorflow/python/ops/weak_tensor_ops.py", line 142, in wrapper
    return op(*args, **kwargs)
  File "/home/min/Workspace/Graduate-Project/Falling-Model-Development/.venv/lib/python3.13/site-packages/tensorflow/python/framework/constant_op.py", line 276, in constant
    return _constant_impl(value, dtype, shape, name, verify_shape=False,
                          allow_broadcast=True)
  File "/home/min/Workspace/Graduate-Project/Falling-Model-Development/.venv/lib/python3.13/site-packages/tensorflow/python/framework/constant_op.py", line 288, in _constant_impl
    return _constant_eager_impl(ctx, value, dtype, shape, verify_shape)
  File "/home/min/Workspace/Graduate-Project/Falling-Model-Development/.venv/lib/python3.13/site-packages/tensorflow/python/framework/constant_op.py", line 301, in _constant_eager_impl
    t = convert_to_eager_tensor(value, ctx, dtype)
  File "/home/min/Workspace/Graduate-Project/Falling-Model-Development/.venv/lib/python3.13/site-packages/tensorflow/python/framework/constant_op.py", line 108, in convert_to_eager_tensor
    return ops.EagerTensor(value, ctx.device_name, dtype)
           ~~~~~~~~~~~~~~~^^^^^^^^^^^^^^^^^^^^^^^^^^^^^^^
tensorflow.python.framework.errors_impl.InternalError: Failed copying input tensor from /job:localhost/replica:0/task:0/device:CPU:0 to /job:localhost/replica:0/task:0/device:GPU:0 in order to run _EagerConst: Dst tensor is not initialized.
