WARNING: All log messages before absl::InitializeLog() is called are written to STDERR
I0000 00:00:1778858279.551653  343953 cpu_feature_guard.cc:227] This TensorFlow binary is optimized to use available CPU instructions in performance-critical operations.
To enable the following instructions: AVX2 FMA, in other operations, rebuild TensorFlow with the appropriate compiler flags.
[2026-05-16 00:18:00] loading train split=/home/min/Workspace/Graduate-Project/Falling-Model-Development/dataset/splits_v2_filtered_rel/train.csv
[2026-05-16 00:18:20] train rows=1,274,014 videos=6,344 features=35 data_scope=all
[2026-05-16 00:18:20] loading val split=/home/min/Workspace/Graduate-Project/Falling-Model-Development/dataset/splits_v2_filtered_rel/val.csv
[2026-05-16 00:18:26] val rows=363,918 videos=1,811 features=35 data_scope=all
[2026-05-16 00:18:26] loading test split=/home/min/Workspace/Graduate-Project/Falling-Model-Development/dataset/splits_v2_filtered_rel/test.csv
[2026-05-16 00:18:29] test rows=182,782 videos=911 features=35 data_scope=all
[2026-05-16 00:18:46] train windows=370,921 positive=224,347 videos=6,344
[2026-05-16 00:18:50] val windows=74,251 positive=32,590 videos=1,811
[2026-05-16 00:18:51] test windows=37,351 positive=16,447 videos=911
I0000 00:00:1778858341.288373  343953 gpu_device.cc:2043] Created device /job:localhost/replica:0/task:0/device:GPU:0 with 726 MB memory:  -> device: 0, name: NVIDIA GeForce RTX 2060 SUPER, pci bus id: 0000:05:00.0, compute capability: 7.5
W0000 00:00:1778858342.887725  343953 cpu_allocator_impl.cc:82] Allocation of 2077157600 exceeds 10% of free system memory.
W0000 00:00:1778858354.362921  343953 bfc_allocator.cc:502] Allocator (GPU_0_bfc) ran out of memory trying to allocate 1.93GiB (rounded to 2077157632)requested by op _EagerConst
If the cause is memory fragmentation maybe the environment variable 'TF_GPU_ALLOCATOR=cuda_malloc_async' will improve the situation. 
Current allocation summary follows.
Current allocation summary follows.
I0000 00:00:1778858354.362962  343953 bfc_allocator.cc:1049] BFCAllocator dump for GPU_0_bfc
I0000 00:00:1778858354.362964  343953 bfc_allocator.cc:1056] Bin (256): 	Total Chunks: 38, Chunks in use: 38. 9.5KiB allocated for chunks. 9.5KiB in use in bin. 2.4KiB client-requested in use in bin.
I0000 00:00:1778858354.362968  343953 bfc_allocator.cc:1056] Bin (512): 	Total Chunks: 3, Chunks in use: 3. 1.5KiB allocated for chunks. 1.5KiB in use in bin. 1.5KiB client-requested in use in bin.
I0000 00:00:1778858354.362971  343953 bfc_allocator.cc:1056] Bin (1024): 	Total Chunks: 2, Chunks in use: 2. 2.8KiB allocated for chunks. 2.8KiB in use in bin. 2.5KiB client-requested in use in bin.
I0000 00:00:1778858354.362973  343953 bfc_allocator.cc:1056] Bin (2048): 	Total Chunks: 1, Chunks in use: 1. 3.0KiB allocated for chunks. 3.0KiB in use in bin. 3.0KiB client-requested in use in bin.
I0000 00:00:1778858354.362976  343953 bfc_allocator.cc:1056] Bin (4096): 	Total Chunks: 0, Chunks in use: 0. 0B allocated for chunks. 0B in use in bin. 0B client-requested in use in bin.
I0000 00:00:1778858354.362978  343953 bfc_allocator.cc:1056] Bin (8192): 	Total Chunks: 0, Chunks in use: 0. 0B allocated for chunks. 0B in use in bin. 0B client-requested in use in bin.
I0000 00:00:1778858354.362980  343953 bfc_allocator.cc:1056] Bin (16384): 	Total Chunks: 1, Chunks in use: 1. 16.0KiB allocated for chunks. 16.0KiB in use in bin. 16.0KiB client-requested in use in bin.
I0000 00:00:1778858354.362982  343953 bfc_allocator.cc:1056] Bin (32768): 	Total Chunks: 3, Chunks in use: 2. 127.2KiB allocated for chunks. 91.8KiB in use in bin. 91.8KiB client-requested in use in bin.
I0000 00:00:1778858354.362985  343953 bfc_allocator.cc:1056] Bin (65536): 	Total Chunks: 3, Chunks in use: 3. 278.5KiB allocated for chunks. 278.5KiB in use in bin. 240.0KiB client-requested in use in bin.
I0000 00:00:1778858354.362987  343953 bfc_allocator.cc:1056] Bin (131072): 	Total Chunks: 2, Chunks in use: 1. 368.0KiB allocated for chunks. 192.0KiB in use in bin. 192.0KiB client-requested in use in bin.
I0000 00:00:1778858354.362989  343953 bfc_allocator.cc:1056] Bin (262144): 	Total Chunks: 0, Chunks in use: 0. 0B allocated for chunks. 0B in use in bin. 0B client-requested in use in bin.
I0000 00:00:1778858354.362992  343953 bfc_allocator.cc:1056] Bin (524288): 	Total Chunks: 0, Chunks in use: 0. 0B allocated for chunks. 0B in use in bin. 0B client-requested in use in bin.
I0000 00:00:1778858354.362993  343953 bfc_allocator.cc:1056] Bin (1048576): 	Total Chunks: 0, Chunks in use: 0. 0B allocated for chunks. 0B in use in bin. 0B client-requested in use in bin.
I0000 00:00:1778858354.362996  343953 bfc_allocator.cc:1056] Bin (2097152): 	Total Chunks: 0, Chunks in use: 0. 0B allocated for chunks. 0B in use in bin. 0B client-requested in use in bin.
I0000 00:00:1778858354.363000  343953 bfc_allocator.cc:1056] Bin (4194304): 	Total Chunks: 0, Chunks in use: 0. 0B allocated for chunks. 0B in use in bin. 0B client-requested in use in bin.
I0000 00:00:1778858354.363003  343953 bfc_allocator.cc:1056] Bin (8388608): 	Total Chunks: 0, Chunks in use: 0. 0B allocated for chunks. 0B in use in bin. 0B client-requested in use in bin.
I0000 00:00:1778858354.363006  343953 bfc_allocator.cc:1056] Bin (16777216): 	Total Chunks: 0, Chunks in use: 0. 0B allocated for chunks. 0B in use in bin. 0B client-requested in use in bin.
I0000 00:00:1778858354.363010  343953 bfc_allocator.cc:1056] Bin (33554432): 	Total Chunks: 0, Chunks in use: 0. 0B allocated for chunks. 0B in use in bin. 0B client-requested in use in bin.
I0000 00:00:1778858354.363013  343953 bfc_allocator.cc:1056] Bin (67108864): 	Total Chunks: 0, Chunks in use: 0. 0B allocated for chunks. 0B in use in bin. 0B client-requested in use in bin.
I0000 00:00:1778858354.363015  343953 bfc_allocator.cc:1056] Bin (134217728): 	Total Chunks: 0, Chunks in use: 0. 0B allocated for chunks. 0B in use in bin. 0B client-requested in use in bin.
I0000 00:00:1778858354.363017  343953 bfc_allocator.cc:1056] Bin (268435456): 	Total Chunks: 1, Chunks in use: 0. 725.21MiB allocated for chunks. 0B in use in bin. 0B client-requested in use in bin.
I0000 00:00:1778858354.363019  343953 bfc_allocator.cc:1072] Bin for 1.93GiB was 256.00MiB, Chunk State: 
I0000 00:00:1778858354.363022  343953 bfc_allocator.cc:1078]   Size: 725.21MiB | Requested Size: 0B | in_use: 0 | bin_num: 20, prev:   Size: 96.0KiB | Requested Size: 96.0KiB | in_use: 1 | bin_num: -1
I0000 00:00:1778858354.363031  343953 bfc_allocator.cc:1085] Next region of size 761266176
I0000 00:00:1778858354.363036  343953 bfc_allocator.cc:1105] InUse at 7a7aea000000 of size 1280 next 1
I0000 00:00:1778858354.363039  343953 bfc_allocator.cc:1105] InUse at 7a7aea000500 of size 256 next 2
I0000 00:00:1778858354.363041  343953 bfc_allocator.cc:1105] InUse at 7a7aea000600 of size 256 next 3
I0000 00:00:1778858354.363043  343953 bfc_allocator.cc:1105] InUse at 7a7aea000700 of size 256 next 4
I0000 00:00:1778858354.363045  343953 bfc_allocator.cc:1105] InUse at 7a7aea000800 of size 256 next 5
I0000 00:00:1778858354.363046  343953 bfc_allocator.cc:1105] InUse at 7a7aea000900 of size 256 next 7
I0000 00:00:1778858354.363048  343953 bfc_allocator.cc:1105] InUse at 7a7aea000a00 of size 256 next 8
I0000 00:00:1778858354.363049  343953 bfc_allocator.cc:1105] InUse at 7a7aea000b00 of size 256 next 6
I0000 00:00:1778858354.363051  343953 bfc_allocator.cc:1105] InUse at 7a7aea000c00 of size 256 next 9
I0000 00:00:1778858354.363052  343953 bfc_allocator.cc:1105] InUse at 7a7aea000d00 of size 256 next 12
I0000 00:00:1778858354.363054  343953 bfc_allocator.cc:1105] InUse at 7a7aea000e00 of size 256 next 13
I0000 00:00:1778858354.363055  343953 bfc_allocator.cc:1105] InUse at 7a7aea000f00 of size 256 next 14
I0000 00:00:1778858354.363057  343953 bfc_allocator.cc:1105] InUse at 7a7aea001000 of size 88576 next 10
I0000 00:00:1778858354.363058  343953 bfc_allocator.cc:1105] InUse at 7a7aea016a00 of size 44800 next 11
I0000 00:00:1778858354.363060  343953 bfc_allocator.cc:1105] InUse at 7a7aea021900 of size 256 next 15
I0000 00:00:1778858354.363061  343953 bfc_allocator.cc:1105] InUse at 7a7aea021a00 of size 256 next 17
I0000 00:00:1778858354.363063  343953 bfc_allocator.cc:1105] InUse at 7a7aea021b00 of size 256 next 16
I0000 00:00:1778858354.363066  343953 bfc_allocator.cc:1105] InUse at 7a7aea021c00 of size 256 next 18
I0000 00:00:1778858354.363068  343953 bfc_allocator.cc:1105] InUse at 7a7aea021d00 of size 256 next 21
I0000 00:00:1778858354.363070  343953 bfc_allocator.cc:1105] InUse at 7a7aea021e00 of size 256 next 22
I0000 00:00:1778858354.363073  343953 bfc_allocator.cc:1105] InUse at 7a7aea021f00 of size 256 next 23
I0000 00:00:1778858354.363075  343953 bfc_allocator.cc:1105] InUse at 7a7aea022000 of size 256 next 24
I0000 00:00:1778858354.363078  343953 bfc_allocator.cc:1105] InUse at 7a7aea022100 of size 256 next 25
I0000 00:00:1778858354.363079  343953 bfc_allocator.cc:1105] InUse at 7a7aea022200 of size 256 next 28
I0000 00:00:1778858354.363081  343953 bfc_allocator.cc:1105] InUse at 7a7aea022300 of size 3072 next 26
I0000 00:00:1778858354.363083  343953 bfc_allocator.cc:1105] InUse at 7a7aea022f00 of size 512 next 33
I0000 00:00:1778858354.363084  343953 bfc_allocator.cc:1105] InUse at 7a7aea023100 of size 512 next 27
I0000 00:00:1778858354.363086  343953 bfc_allocator.cc:1105] InUse at 7a7aea023300 of size 256 next 31
I0000 00:00:1778858354.363087  343953 bfc_allocator.cc:1105] InUse at 7a7aea023400 of size 256 next 34
I0000 00:00:1778858354.363088  343953 bfc_allocator.cc:1105] InUse at 7a7aea023500 of size 256 next 35
I0000 00:00:1778858354.363090  343953 bfc_allocator.cc:1105] InUse at 7a7aea023600 of size 1536 next 39
I0000 00:00:1778858354.363091  343953 bfc_allocator.cc:1105] InUse at 7a7aea023c00 of size 256 next 37
I0000 00:00:1778858354.363093  343953 bfc_allocator.cc:1105] InUse at 7a7aea023d00 of size 256 next 38
I0000 00:00:1778858354.363094  343953 bfc_allocator.cc:1105] InUse at 7a7aea023e00 of size 256 next 41
I0000 00:00:1778858354.363096  343953 bfc_allocator.cc:1105] InUse at 7a7aea023f00 of size 256 next 42
I0000 00:00:1778858354.363098  343953 bfc_allocator.cc:1105] InUse at 7a7aea024000 of size 256 next 43
I0000 00:00:1778858354.363101  343953 bfc_allocator.cc:1105] InUse at 7a7aea024100 of size 256 next 36
I0000 00:00:1778858354.363103  343953 bfc_allocator.cc:1105] InUse at 7a7aea024200 of size 256 next 44
I0000 00:00:1778858354.363105  343953 bfc_allocator.cc:1105] InUse at 7a7aea024300 of size 256 next 47
I0000 00:00:1778858354.363109  343953 bfc_allocator.cc:1105] InUse at 7a7aea024400 of size 256 next 48
I0000 00:00:1778858354.363111  343953 bfc_allocator.cc:1105] InUse at 7a7aea024500 of size 256 next 46
I0000 00:00:1778858354.363114  343953 bfc_allocator.cc:1105] InUse at 7a7aea024600 of size 256 next 49
I0000 00:00:1778858354.363117  343953 bfc_allocator.cc:1105] InUse at 7a7aea024700 of size 256 next 52
I0000 00:00:1778858354.363119  343953 bfc_allocator.cc:1105] InUse at 7a7aea024800 of size 256 next 53
I0000 00:00:1778858354.363122  343953 bfc_allocator.cc:1105] InUse at 7a7aea024900 of size 256 next 50
I0000 00:00:1778858354.363124  343953 bfc_allocator.cc:1105] InUse at 7a7aea024a00 of size 512 next 51
I0000 00:00:1778858354.363127  343953 bfc_allocator.cc:1105] Free  at 7a7aea024c00 of size 36352 next 19
I0000 00:00:1778858354.363130  343953 bfc_allocator.cc:1105] InUse at 7a7aea02da00 of size 49152 next 20
I0000 00:00:1778858354.363133  343953 bfc_allocator.cc:1105] InUse at 7a7aea039a00 of size 16384 next 45
I0000 00:00:1778858354.363135  343953 bfc_allocator.cc:1105] Free  at 7a7aea03da00 of size 180224 next 30
I0000 00:00:1778858354.363137  343953 bfc_allocator.cc:1105] InUse at 7a7aea069a00 of size 98304 next 29
I0000 00:00:1778858354.363139  343953 bfc_allocator.cc:1105] InUse at 7a7aea081a00 of size 196608 next 32
I0000 00:00:1778858354.363140  343953 bfc_allocator.cc:1105] InUse at 7a7aea0b1a00 of size 98304 next 40
I0000 00:00:1778858354.363142  343953 bfc_allocator.cc:1105] Free  at 7a7aea0c9a00 of size 760440320 next 18446744073709551615
I0000 00:00:1778858354.363143  343953 bfc_allocator.cc:1110]      Summary of in-use Chunks by size: 
I0000 00:00:1778858354.363145  343953 bfc_allocator.cc:1113] 38 Chunks of size 256 totalling 9.5KiB
I0000 00:00:1778858354.363148  343953 bfc_allocator.cc:1113] 3 Chunks of size 512 totalling 1.5KiB
I0000 00:00:1778858354.363150  343953 bfc_allocator.cc:1113] 1 Chunks of size 1280 totalling 1.2KiB
I0000 00:00:1778858354.363152  343953 bfc_allocator.cc:1113] 1 Chunks of size 1536 totalling 1.5KiB
I0000 00:00:1778858354.363153  343953 bfc_allocator.cc:1113] 1 Chunks of size 3072 totalling 3.0KiB
I0000 00:00:1778858354.363155  343953 bfc_allocator.cc:1113] 1 Chunks of size 16384 totalling 16.0KiB
I0000 00:00:1778858354.363157  343953 bfc_allocator.cc:1113] 1 Chunks of size 44800 totalling 43.8KiB
I0000 00:00:1778858354.363159  343953 bfc_allocator.cc:1113] 1 Chunks of size 49152 totalling 48.0KiB
I0000 00:00:1778858354.363161  343953 bfc_allocator.cc:1113] 1 Chunks of size 88576 totalling 86.5KiB
I0000 00:00:1778858354.363162  343953 bfc_allocator.cc:1113] 2 Chunks of size 98304 totalling 192.0KiB
I0000 00:00:1778858354.363164  343953 bfc_allocator.cc:1113] 1 Chunks of size 196608 totalling 192.0KiB
I0000 00:00:1778858354.363166  343953 bfc_allocator.cc:1117] Sum Total of in-use chunks: 595.0KiB
I0000 00:00:1778858354.363168  343953 bfc_allocator.cc:1119] Total size in pool: 726.00MiB memory_limit_: 726.00MiB available size: 0B curr_region_allocation_bytes_: 1.42GiB
I0000 00:00:1778858354.363170  343953 bfc_allocator.cc:1128] Stats: 
Limit:                       726.00MiB
InUse:                        595.0KiB
MaxInUse:                     857.8KiB
NumAllocs:                         139
MaxAllocSize:                 192.0KiB
Reserved:                           0B
PeakReserved:                       0B
LargestFreeBlock:                   0B

W0000 00:00:1778858354.363174  343953 bfc_allocator.cc:513] *___________________________________________________________________________________________________
Traceback (most recent call last):
  File "/home/min/Workspace/Graduate-Project/Falling-Model-Development/scripts/train_baseline.py", line 1519, in <module>
    main()
    ~~~~^^
  File "/home/min/Workspace/Graduate-Project/Falling-Model-Development/scripts/train_baseline.py", line 1390, in main
    history = train_model(model, x, y, y_eval, groups, config)
  File "/home/min/Workspace/Graduate-Project/Falling-Model-Development/scripts/train_baseline.py", line 899, in train_model
    make_tf_dataset(x["train"], y["train"], config.batch_size, True, config.noise_std),
    ~~~~~~~~~~~~~~~^^^^^^^^^^^^^^^^^^^^^^^^^^^^^^^^^^^^^^^^^^^^^^^^^^^^^^^^^^^^^^^^^^^
  File "/home/min/Workspace/Graduate-Project/Falling-Model-Development/scripts/train_baseline.py", line 648, in make_tf_dataset
    ds = tf.data.Dataset.from_tensor_slices((x, y))
  File "/home/min/Workspace/Graduate-Project/Falling-Model-Development/.venv/lib/python3.13/site-packages/tensorflow/python/data/ops/dataset_ops.py", line 827, in from_tensor_slices
    return from_tensor_slices_op._from_tensor_slices(tensors, name)
           ~~~~~~~~~~~~~~~~~~~~~~~~~~~~~~~~~~~~~~~~~^^^^^^^^^^^^^^^
  File "/home/min/Workspace/Graduate-Project/Falling-Model-Development/.venv/lib/python3.13/site-packages/tensorflow/python/data/ops/from_tensor_slices_op.py", line 25, in _from_tensor_slices
    return _TensorSliceDataset(tensors, name=name)
  File "/home/min/Workspace/Graduate-Project/Falling-Model-Development/.venv/lib/python3.13/site-packages/tensorflow/python/data/ops/from_tensor_slices_op.py", line 33, in __init__
    element = structure.normalize_element(element)
  File "/home/min/Workspace/Graduate-Project/Falling-Model-Development/.venv/lib/python3.13/site-packages/tensorflow/python/data/util/structure.py", line 134, in normalize_element
    ops.convert_to_tensor(t, name="component_%d" % i, dtype=dtype))
    ~~~~~~~~~~~~~~~~~~~~~^^^^^^^^^^^^^^^^^^^^^^^^^^^^^^^^^^^^^^^^^
  File "/home/min/Workspace/Graduate-Project/Falling-Model-Development/.venv/lib/python3.13/site-packages/tensorflow/python/profiler/trace.py", line 183, in wrapped
    return func(*args, **kwargs)
  File "/home/min/Workspace/Graduate-Project/Falling-Model-Development/.venv/lib/python3.13/site-packages/tensorflow/python/framework/ops.py", line 757, in convert_to_tensor
    return tensor_conversion_registry.convert(
           ~~~~~~~~~~~~~~~~~~~~~~~~~~~~~~~~~~^
        value, dtype, name, as_ref, preferred_dtype, accepted_result_types
        ^^^^^^^^^^^^^^^^^^^^^^^^^^^^^^^^^^^^^^^^^^^^^^^^^^^^^^^^^^^^^^^^^^
    )
    ^
  File "/home/min/Workspace/Graduate-Project/Falling-Model-Development/.venv/lib/python3.13/site-packages/tensorflow/python/framework/tensor_conversion_registry.py", line 234, in convert
    ret = conversion_func(value, dtype=dtype, name=name, as_ref=as_ref)
  File "/home/min/Workspace/Graduate-Project/Falling-Model-Development/.venv/lib/python3.13/site-packages/tensorflow/python/framework/constant_tensor_conversion.py", line 29, in _constant_tensor_conversion_function
    return constant_op.constant(v, dtype=dtype, name=name)
           ~~~~~~~~~~~~~~~~~~~~^^^^^^^^^^^^^^^^^^^^^^^^^^^
  File "/home/min/Workspace/Graduate-Project/Falling-Model-Development/.venv/lib/python3.13/site-packages/tensorflow/python/ops/weak_tensor_ops.py", line 142, in wrapper
    return op(*args, **kwargs)
  File "/home/min/Workspace/Graduate-Project/Falling-Model-Development/.venv/lib/python3.13/site-packages/tensorflow/python/framework/constant_op.py", line 276, in constant
    return _constant_impl(value, dtype, shape, name, verify_shape=False,
                          allow_broadcast=True)
  File "/home/min/Workspace/Graduate-Project/Falling-Model-Development/.venv/lib/python3.13/site-packages/tensorflow/python/framework/constant_op.py", line 288, in _constant_impl
    return _constant_eager_impl(ctx, value, dtype, shape, verify_shape)
  File "/home/min/Workspace/Graduate-Project/Falling-Model-Development/.venv/lib/python3.13/site-packages/tensorflow/python/framework/constant_op.py", line 301, in _constant_eager_impl
    t = convert_to_eager_tensor(value, ctx, dtype)
  File "/home/min/Workspace/Graduate-Project/Falling-Model-Development/.venv/lib/python3.13/site-packages/tensorflow/python/framework/constant_op.py", line 108, in convert_to_eager_tensor
    return ops.EagerTensor(value, ctx.device_name, dtype)
           ~~~~~~~~~~~~~~~^^^^^^^^^^^^^^^^^^^^^^^^^^^^^^^
tensorflow.python.framework.errors_impl.InternalError: Failed copying input tensor from /job:localhost/replica:0/task:0/device:CPU:0 to /job:localhost/replica:0/task:0/device:GPU:0 in order to run _EagerConst: Dst tensor is not initialized.
