WARNING: All log messages before absl::InitializeLog() is called are written to STDERR
I0000 00:00:1778858439.651607  346969 cpu_feature_guard.cc:227] This TensorFlow binary is optimized to use available CPU instructions in performance-critical operations.
To enable the following instructions: AVX2 FMA, in other operations, rebuild TensorFlow with the appropriate compiler flags.
[2026-05-16 00:20:41] loading train split=/home/min/Workspace/Graduate-Project/Falling-Model-Development/dataset/splits_v2_filtered_rel/train.csv
[2026-05-16 00:21:02] train rows=1,274,014 videos=6,344 features=35 data_scope=all
[2026-05-16 00:21:02] loading val split=/home/min/Workspace/Graduate-Project/Falling-Model-Development/dataset/splits_v2_filtered_rel/val.csv
[2026-05-16 00:21:09] val rows=363,918 videos=1,811 features=35 data_scope=all
[2026-05-16 00:21:09] loading test split=/home/min/Workspace/Graduate-Project/Falling-Model-Development/dataset/splits_v2_filtered_rel/test.csv
[2026-05-16 00:21:12] test rows=182,782 videos=911 features=35 data_scope=all
[2026-05-16 00:21:33] train windows=370,921 positive=224,347 videos=6,344
[2026-05-16 00:21:37] val windows=74,251 positive=32,590 videos=1,811
[2026-05-16 00:21:39] test windows=37,351 positive=16,447 videos=911
I0000 00:00:1778858509.382553  346969 gpu_device.cc:2043] Created device /job:localhost/replica:0/task:0/device:GPU:0 with 707 MB memory:  -> device: 0, name: NVIDIA GeForce RTX 2060 SUPER, pci bus id: 0000:05:00.0, compute capability: 7.5
W0000 00:00:1778858512.233917  346969 cpu_allocator_impl.cc:82] Allocation of 2077157600 exceeds 10% of free system memory.
W0000 00:00:1778858523.789258  346969 bfc_allocator.cc:502] Allocator (GPU_0_bfc) ran out of memory trying to allocate 1.93GiB (rounded to 2077157632)requested by op _EagerConst
If the cause is memory fragmentation maybe the environment variable 'TF_GPU_ALLOCATOR=cuda_malloc_async' will improve the situation. 
Current allocation summary follows.
Current allocation summary follows.
I0000 00:00:1778858523.789297  346969 bfc_allocator.cc:1049] BFCAllocator dump for GPU_0_bfc
I0000 00:00:1778858523.789300  346969 bfc_allocator.cc:1056] Bin (256): 	Total Chunks: 68, Chunks in use: 68. 17.0KiB allocated for chunks. 17.0KiB in use in bin. 5.7KiB client-requested in use in bin.
I0000 00:00:1778858523.789303  346969 bfc_allocator.cc:1056] Bin (512): 	Total Chunks: 15, Chunks in use: 14. 8.0KiB allocated for chunks. 7.5KiB in use in bin. 5.6KiB client-requested in use in bin.
I0000 00:00:1778858523.789306  346969 bfc_allocator.cc:1056] Bin (1024): 	Total Chunks: 1, Chunks in use: 1. 1.2KiB allocated for chunks. 1.2KiB in use in bin. 1.0KiB client-requested in use in bin.
I0000 00:00:1778858523.789308  346969 bfc_allocator.cc:1056] Bin (2048): 	Total Chunks: 0, Chunks in use: 0. 0B allocated for chunks. 0B in use in bin. 0B client-requested in use in bin.
I0000 00:00:1778858523.789311  346969 bfc_allocator.cc:1056] Bin (4096): 	Total Chunks: 2, Chunks in use: 1. 9.2KiB allocated for chunks. 4.5KiB in use in bin. 4.4KiB client-requested in use in bin.
I0000 00:00:1778858523.789313  346969 bfc_allocator.cc:1056] Bin (8192): 	Total Chunks: 6, Chunks in use: 5. 67.2KiB allocated for chunks. 57.2KiB in use in bin. 57.1KiB client-requested in use in bin.
I0000 00:00:1778858523.789315  346969 bfc_allocator.cc:1056] Bin (16384): 	Total Chunks: 5, Chunks in use: 2. 120.0KiB allocated for chunks. 48.0KiB in use in bin. 48.0KiB client-requested in use in bin.
I0000 00:00:1778858523.789318  346969 bfc_allocator.cc:1056] Bin (32768): 	Total Chunks: 1, Chunks in use: 1. 48.0KiB allocated for chunks. 48.0KiB in use in bin. 48.0KiB client-requested in use in bin.
I0000 00:00:1778858523.789320  346969 bfc_allocator.cc:1056] Bin (65536): 	Total Chunks: 6, Chunks in use: 3. 492.0KiB allocated for chunks. 252.0KiB in use in bin. 252.0KiB client-requested in use in bin.
I0000 00:00:1778858523.789322  346969 bfc_allocator.cc:1056] Bin (131072): 	Total Chunks: 0, Chunks in use: 0. 0B allocated for chunks. 0B in use in bin. 0B client-requested in use in bin.
I0000 00:00:1778858523.789324  346969 bfc_allocator.cc:1056] Bin (262144): 	Total Chunks: 0, Chunks in use: 0. 0B allocated for chunks. 0B in use in bin. 0B client-requested in use in bin.
I0000 00:00:1778858523.789326  346969 bfc_allocator.cc:1056] Bin (524288): 	Total Chunks: 0, Chunks in use: 0. 0B allocated for chunks. 0B in use in bin. 0B client-requested in use in bin.
I0000 00:00:1778858523.789328  346969 bfc_allocator.cc:1056] Bin (1048576): 	Total Chunks: 0, Chunks in use: 0. 0B allocated for chunks. 0B in use in bin. 0B client-requested in use in bin.
I0000 00:00:1778858523.789330  346969 bfc_allocator.cc:1056] Bin (2097152): 	Total Chunks: 0, Chunks in use: 0. 0B allocated for chunks. 0B in use in bin. 0B client-requested in use in bin.
I0000 00:00:1778858523.789332  346969 bfc_allocator.cc:1056] Bin (4194304): 	Total Chunks: 0, Chunks in use: 0. 0B allocated for chunks. 0B in use in bin. 0B client-requested in use in bin.
I0000 00:00:1778858523.789334  346969 bfc_allocator.cc:1056] Bin (8388608): 	Total Chunks: 0, Chunks in use: 0. 0B allocated for chunks. 0B in use in bin. 0B client-requested in use in bin.
I0000 00:00:1778858523.789336  346969 bfc_allocator.cc:1056] Bin (16777216): 	Total Chunks: 0, Chunks in use: 0. 0B allocated for chunks. 0B in use in bin. 0B client-requested in use in bin.
I0000 00:00:1778858523.789338  346969 bfc_allocator.cc:1056] Bin (33554432): 	Total Chunks: 0, Chunks in use: 0. 0B allocated for chunks. 0B in use in bin. 0B client-requested in use in bin.
I0000 00:00:1778858523.789340  346969 bfc_allocator.cc:1056] Bin (67108864): 	Total Chunks: 0, Chunks in use: 0. 0B allocated for chunks. 0B in use in bin. 0B client-requested in use in bin.
I0000 00:00:1778858523.789342  346969 bfc_allocator.cc:1056] Bin (134217728): 	Total Chunks: 0, Chunks in use: 0. 0B allocated for chunks. 0B in use in bin. 0B client-requested in use in bin.
I0000 00:00:1778858523.789344  346969 bfc_allocator.cc:1056] Bin (268435456): 	Total Chunks: 1, Chunks in use: 0. 707.00MiB allocated for chunks. 0B in use in bin. 0B client-requested in use in bin.
I0000 00:00:1778858523.789346  346969 bfc_allocator.cc:1072] Bin for 1.93GiB was 256.00MiB, Chunk State: 
I0000 00:00:1778858523.789348  346969 bfc_allocator.cc:1078]   Size: 707.00MiB | Requested Size: 0B | in_use: 0 | bin_num: 20, prev:   Size: 108.0KiB | Requested Size: 108.0KiB | in_use: 1 | bin_num: -1
I0000 00:00:1778858523.789352  346969 bfc_allocator.cc:1085] Next region of size 742129664
I0000 00:00:1778858523.789355  346969 bfc_allocator.cc:1105] InUse at 72eb96000000 of size 1280 next 1
I0000 00:00:1778858523.789357  346969 bfc_allocator.cc:1105] InUse at 72eb96000500 of size 256 next 2
I0000 00:00:1778858523.789358  346969 bfc_allocator.cc:1105] InUse at 72eb96000600 of size 256 next 3
I0000 00:00:1778858523.789360  346969 bfc_allocator.cc:1105] InUse at 72eb96000700 of size 256 next 4
I0000 00:00:1778858523.789361  346969 bfc_allocator.cc:1105] InUse at 72eb96000800 of size 256 next 5
I0000 00:00:1778858523.789363  346969 bfc_allocator.cc:1105] InUse at 72eb96000900 of size 256 next 7
I0000 00:00:1778858523.789364  346969 bfc_allocator.cc:1105] InUse at 72eb96000a00 of size 256 next 8
I0000 00:00:1778858523.789366  346969 bfc_allocator.cc:1105] InUse at 72eb96000b00 of size 256 next 6
I0000 00:00:1778858523.789367  346969 bfc_allocator.cc:1105] InUse at 72eb96000c00 of size 256 next 9
I0000 00:00:1778858523.789369  346969 bfc_allocator.cc:1105] InUse at 72eb96000d00 of size 256 next 12
I0000 00:00:1778858523.789370  346969 bfc_allocator.cc:1105] InUse at 72eb96000e00 of size 256 next 13
I0000 00:00:1778858523.789372  346969 bfc_allocator.cc:1105] InUse at 72eb96000f00 of size 256 next 14
I0000 00:00:1778858523.789373  346969 bfc_allocator.cc:1105] InUse at 72eb96001000 of size 256 next 15
I0000 00:00:1778858523.789374  346969 bfc_allocator.cc:1105] InUse at 72eb96001100 of size 256 next 16
I0000 00:00:1778858523.789376  346969 bfc_allocator.cc:1105] InUse at 72eb96001200 of size 256 next 18
I0000 00:00:1778858523.789377  346969 bfc_allocator.cc:1105] InUse at 72eb96001300 of size 256 next 19
I0000 00:00:1778858523.789379  346969 bfc_allocator.cc:1105] InUse at 72eb96001400 of size 256 next 17
I0000 00:00:1778858523.789380  346969 bfc_allocator.cc:1105] InUse at 72eb96001500 of size 256 next 20
I0000 00:00:1778858523.789381  346969 bfc_allocator.cc:1105] InUse at 72eb96001600 of size 256 next 22
I0000 00:00:1778858523.789383  346969 bfc_allocator.cc:1105] Free  at 72eb96001700 of size 10240 next 28
I0000 00:00:1778858523.789384  346969 bfc_allocator.cc:1105] InUse at 72eb96003f00 of size 4608 next 29
I0000 00:00:1778858523.789386  346969 bfc_allocator.cc:1105] InUse at 72eb96005100 of size 256 next 23
I0000 00:00:1778858523.789387  346969 bfc_allocator.cc:1105] InUse at 72eb96005200 of size 256 next 25
I0000 00:00:1778858523.789388  346969 bfc_allocator.cc:1105] InUse at 72eb96005300 of size 256 next 26
I0000 00:00:1778858523.789390  346969 bfc_allocator.cc:1105] InUse at 72eb96005400 of size 256 next 24
I0000 00:00:1778858523.789391  346969 bfc_allocator.cc:1105] InUse at 72eb96005500 of size 256 next 30
I0000 00:00:1778858523.789393  346969 bfc_allocator.cc:1105] InUse at 72eb96005600 of size 256 next 31
I0000 00:00:1778858523.789394  346969 bfc_allocator.cc:1105] InUse at 72eb96005700 of size 256 next 32
I0000 00:00:1778858523.789395  346969 bfc_allocator.cc:1105] InUse at 72eb96005800 of size 256 next 27
I0000 00:00:1778858523.789397  346969 bfc_allocator.cc:1105] InUse at 72eb96005900 of size 256 next 35
I0000 00:00:1778858523.789398  346969 bfc_allocator.cc:1105] InUse at 72eb96005a00 of size 256 next 36
I0000 00:00:1778858523.789400  346969 bfc_allocator.cc:1105] InUse at 72eb96005b00 of size 256 next 37
I0000 00:00:1778858523.789401  346969 bfc_allocator.cc:1105] InUse at 72eb96005c00 of size 256 next 38
I0000 00:00:1778858523.789402  346969 bfc_allocator.cc:1105] InUse at 72eb96005d00 of size 256 next 39
I0000 00:00:1778858523.789404  346969 bfc_allocator.cc:1105] InUse at 72eb96005e00 of size 256 next 41
I0000 00:00:1778858523.789405  346969 bfc_allocator.cc:1105] InUse at 72eb96005f00 of size 256 next 42
I0000 00:00:1778858523.789406  346969 bfc_allocator.cc:1105] InUse at 72eb96006000 of size 256 next 43
I0000 00:00:1778858523.789408  346969 bfc_allocator.cc:1105] InUse at 72eb96006100 of size 256 next 44
I0000 00:00:1778858523.789409  346969 bfc_allocator.cc:1105] InUse at 72eb96006200 of size 256 next 45
I0000 00:00:1778858523.789411  346969 bfc_allocator.cc:1105] InUse at 72eb96006300 of size 256 next 48
I0000 00:00:1778858523.789412  346969 bfc_allocator.cc:1105] InUse at 72eb96006400 of size 256 next 49
I0000 00:00:1778858523.789413  346969 bfc_allocator.cc:1105] InUse at 72eb96006500 of size 256 next 50
I0000 00:00:1778858523.789415  346969 bfc_allocator.cc:1105] InUse at 72eb96006600 of size 256 next 51
I0000 00:00:1778858523.789416  346969 bfc_allocator.cc:1105] InUse at 72eb96006700 of size 256 next 52
I0000 00:00:1778858523.789418  346969 bfc_allocator.cc:1105] InUse at 72eb96006800 of size 256 next 55
I0000 00:00:1778858523.789419  346969 bfc_allocator.cc:1105] InUse at 72eb96006900 of size 256 next 53
I0000 00:00:1778858523.789420  346969 bfc_allocator.cc:1105] InUse at 72eb96006a00 of size 256 next 54
I0000 00:00:1778858523.789422  346969 bfc_allocator.cc:1105] InUse at 72eb96006b00 of size 256 next 58
I0000 00:00:1778858523.789423  346969 bfc_allocator.cc:1105] InUse at 72eb96006c00 of size 256 next 59
I0000 00:00:1778858523.789425  346969 bfc_allocator.cc:1105] InUse at 72eb96006d00 of size 256 next 60
I0000 00:00:1778858523.789426  346969 bfc_allocator.cc:1105] InUse at 72eb96006e00 of size 256 next 61
I0000 00:00:1778858523.789427  346969 bfc_allocator.cc:1105] InUse at 72eb96006f00 of size 256 next 62
I0000 00:00:1778858523.789429  346969 bfc_allocator.cc:1105] InUse at 72eb96007000 of size 256 next 65
I0000 00:00:1778858523.789430  346969 bfc_allocator.cc:1105] InUse at 72eb96007100 of size 256 next 66
I0000 00:00:1778858523.789432  346969 bfc_allocator.cc:1105] InUse at 72eb96007200 of size 256 next 67
I0000 00:00:1778858523.789433  346969 bfc_allocator.cc:1105] InUse at 72eb96007300 of size 768 next 10
I0000 00:00:1778858523.789435  346969 bfc_allocator.cc:1105] InUse at 72eb96007600 of size 13568 next 11
I0000 00:00:1778858523.789437  346969 bfc_allocator.cc:1105] InUse at 72eb9600ab00 of size 12288 next 21
I0000 00:00:1778858523.789439  346969 bfc_allocator.cc:1105] InUse at 72eb9600db00 of size 512 next 68
I0000 00:00:1778858523.789440  346969 bfc_allocator.cc:1105] InUse at 72eb9600dd00 of size 512 next 69
I0000 00:00:1778858523.789441  346969 bfc_allocator.cc:1105] InUse at 72eb9600df00 of size 512 next 72
I0000 00:00:1778858523.789443  346969 bfc_allocator.cc:1105] InUse at 72eb9600e100 of size 256 next 73
I0000 00:00:1778858523.789444  346969 bfc_allocator.cc:1105] InUse at 72eb9600e200 of size 256 next 74
I0000 00:00:1778858523.789445  346969 bfc_allocator.cc:1105] InUse at 72eb9600e300 of size 256 next 75
I0000 00:00:1778858523.789447  346969 bfc_allocator.cc:1105] InUse at 72eb9600e400 of size 512 next 76
I0000 00:00:1778858523.789448  346969 bfc_allocator.cc:1105] InUse at 72eb9600e600 of size 512 next 79
I0000 00:00:1778858523.789450  346969 bfc_allocator.cc:1105] InUse at 72eb9600e800 of size 512 next 77
I0000 00:00:1778858523.789451  346969 bfc_allocator.cc:1105] InUse at 72eb9600ea00 of size 512 next 78
I0000 00:00:1778858523.789452  346969 bfc_allocator.cc:1105] InUse at 72eb9600ec00 of size 256 next 82
I0000 00:00:1778858523.789454  346969 bfc_allocator.cc:1105] InUse at 72eb9600ed00 of size 256 next 83
I0000 00:00:1778858523.789455  346969 bfc_allocator.cc:1105] InUse at 72eb9600ee00 of size 512 next 84
I0000 00:00:1778858523.789456  346969 bfc_allocator.cc:1105] InUse at 72eb9600f000 of size 512 next 85
I0000 00:00:1778858523.789458  346969 bfc_allocator.cc:1105] InUse at 72eb9600f200 of size 512 next 86
I0000 00:00:1778858523.789459  346969 bfc_allocator.cc:1105] InUse at 72eb9600f400 of size 512 next 89
I0000 00:00:1778858523.789461  346969 bfc_allocator.cc:1105] InUse at 72eb9600f600 of size 512 next 91
I0000 00:00:1778858523.789462  346969 bfc_allocator.cc:1105] InUse at 72eb9600f800 of size 256 next 92
I0000 00:00:1778858523.789464  346969 bfc_allocator.cc:1105] InUse at 72eb9600f900 of size 256 next 90
I0000 00:00:1778858523.789465  346969 bfc_allocator.cc:1105] InUse at 72eb9600fa00 of size 256 next 64
I0000 00:00:1778858523.789466  346969 bfc_allocator.cc:1105] InUse at 72eb9600fb00 of size 8192 next 63
I0000 00:00:1778858523.789468  346969 bfc_allocator.cc:1105] InUse at 72eb96011b00 of size 256 next 95
I0000 00:00:1778858523.789469  346969 bfc_allocator.cc:1105] InUse at 72eb96011c00 of size 256 next 97
I0000 00:00:1778858523.789471  346969 bfc_allocator.cc:1105] InUse at 72eb96011d00 of size 256 next 98
I0000 00:00:1778858523.789472  346969 bfc_allocator.cc:1105] InUse at 72eb96011e00 of size 256 next 96
I0000 00:00:1778858523.789473  346969 bfc_allocator.cc:1105] InUse at 72eb96011f00 of size 256 next 99
I0000 00:00:1778858523.789475  346969 bfc_allocator.cc:1105] InUse at 72eb96012000 of size 256 next 102
I0000 00:00:1778858523.789476  346969 bfc_allocator.cc:1105] InUse at 72eb96012100 of size 256 next 103
I0000 00:00:1778858523.789478  346969 bfc_allocator.cc:1105] InUse at 72eb96012200 of size 256 next 104
I0000 00:00:1778858523.789479  346969 bfc_allocator.cc:1105] Free  at 72eb96012300 of size 512 next 100
I0000 00:00:1778858523.789480  346969 bfc_allocator.cc:1105] InUse at 72eb96012500 of size 768 next 101
I0000 00:00:1778858523.789482  346969 bfc_allocator.cc:1105] Free  at 72eb96012800 of size 4864 next 34
I0000 00:00:1778858523.789483  346969 bfc_allocator.cc:1105] InUse at 72eb96013b00 of size 12288 next 33
I0000 00:00:1778858523.789485  346969 bfc_allocator.cc:1105] InUse at 72eb96016b00 of size 12288 next 40
I0000 00:00:1778858523.789486  346969 bfc_allocator.cc:1105] Free  at 72eb96019b00 of size 24576 next 47
I0000 00:00:1778858523.789488  346969 bfc_allocator.cc:1105] InUse at 72eb9601fb00 of size 24576 next 46
I0000 00:00:1778858523.789489  346969 bfc_allocator.cc:1105] Free  at 72eb96025b00 of size 98304 next 57
I0000 00:00:1778858523.789491  346969 bfc_allocator.cc:1105] InUse at 72eb9603db00 of size 49152 next 56
I0000 00:00:1778858523.789492  346969 bfc_allocator.cc:1105] Free  at 72eb96049b00 of size 24576 next 88
I0000 00:00:1778858523.789494  346969 bfc_allocator.cc:1105] InUse at 72eb9604fb00 of size 24576 next 87
I0000 00:00:1778858523.789495  346969 bfc_allocator.cc:1105] Free  at 72eb96055b00 of size 24576 next 71
I0000 00:00:1778858523.789497  346969 bfc_allocator.cc:1105] InUse at 72eb9605bb00 of size 73728 next 70
I0000 00:00:1778858523.789498  346969 bfc_allocator.cc:1105] Free  at 72eb9606db00 of size 73728 next 94
I0000 00:00:1778858523.789499  346969 bfc_allocator.cc:1105] InUse at 72eb9607fb00 of size 73728 next 93
I0000 00:00:1778858523.789501  346969 bfc_allocator.cc:1105] Free  at 72eb96091b00 of size 73728 next 81
I0000 00:00:1778858523.789503  346969 bfc_allocator.cc:1105] InUse at 72eb960a3b00 of size 110592 next 80
I0000 00:00:1778858523.789504  346969 bfc_allocator.cc:1105] Free  at 72eb960beb00 of size 741348608 next 18446744073709551615
I0000 00:00:1778858523.789506  346969 bfc_allocator.cc:1110]      Summary of in-use Chunks by size: 
I0000 00:00:1778858523.789507  346969 bfc_allocator.cc:1113] 68 Chunks of size 256 totalling 17.0KiB
I0000 00:00:1778858523.789510  346969 bfc_allocator.cc:1113] 12 Chunks of size 512 totalling 6.0KiB
I0000 00:00:1778858523.789512  346969 bfc_allocator.cc:1113] 2 Chunks of size 768 totalling 1.5KiB
I0000 00:00:1778858523.789514  346969 bfc_allocator.cc:1113] 1 Chunks of size 1280 totalling 1.2KiB
I0000 00:00:1778858523.789516  346969 bfc_allocator.cc:1113] 1 Chunks of size 4608 totalling 4.5KiB
I0000 00:00:1778858523.789517  346969 bfc_allocator.cc:1113] 1 Chunks of size 8192 totalling 8.0KiB
I0000 00:00:1778858523.789519  346969 bfc_allocator.cc:1113] 3 Chunks of size 12288 totalling 36.0KiB
I0000 00:00:1778858523.789521  346969 bfc_allocator.cc:1113] 1 Chunks of size 13568 totalling 13.2KiB
I0000 00:00:1778858523.789524  346969 bfc_allocator.cc:1113] 2 Chunks of size 24576 totalling 48.0KiB
I0000 00:00:1778858523.789528  346969 bfc_allocator.cc:1113] 1 Chunks of size 49152 totalling 48.0KiB
I0000 00:00:1778858523.789530  346969 bfc_allocator.cc:1113] 2 Chunks of size 73728 totalling 144.0KiB
I0000 00:00:1778858523.789533  346969 bfc_allocator.cc:1113] 1 Chunks of size 110592 totalling 108.0KiB
I0000 00:00:1778858523.789536  346969 bfc_allocator.cc:1117] Sum Total of in-use chunks: 435.5KiB
I0000 00:00:1778858523.789538  346969 bfc_allocator.cc:1119] Total size in pool: 707.75MiB memory_limit_: 707.75MiB available size: 0B curr_region_allocation_bytes_: 1.38GiB
I0000 00:00:1778858523.789542  346969 bfc_allocator.cc:1128] Stats: 
Limit:                       707.75MiB
InUse:                        435.5KiB
MaxInUse:                     600.2KiB
NumAllocs:                         217
MaxAllocSize:                 108.0KiB
Reserved:                           0B
PeakReserved:                       0B
LargestFreeBlock:                   0B

W0000 00:00:1778858523.789550  346969 bfc_allocator.cc:513] *___________________________________________________________________________________________________
Traceback (most recent call last):
  File "/home/min/Workspace/Graduate-Project/Falling-Model-Development/scripts/train_baseline.py", line 1519, in <module>
    main()
    ~~~~^^
  File "/home/min/Workspace/Graduate-Project/Falling-Model-Development/scripts/train_baseline.py", line 1390, in main
    history = train_model(model, x, y, y_eval, groups, config)
  File "/home/min/Workspace/Graduate-Project/Falling-Model-Development/scripts/train_baseline.py", line 899, in train_model
    make_tf_dataset(x["train"], y["train"], config.batch_size, True, config.noise_std),
    ~~~~~~~~~~~~~~~^^^^^^^^^^^^^^^^^^^^^^^^^^^^^^^^^^^^^^^^^^^^^^^^^^^^^^^^^^^^^^^^^^^
  File "/home/min/Workspace/Graduate-Project/Falling-Model-Development/scripts/train_baseline.py", line 648, in make_tf_dataset
    ds = tf.data.Dataset.from_tensor_slices((x, y))
  File "/home/min/Workspace/Graduate-Project/Falling-Model-Development/.venv/lib/python3.13/site-packages/tensorflow/python/data/ops/dataset_ops.py", line 827, in from_tensor_slices
    return from_tensor_slices_op._from_tensor_slices(tensors, name)
           ~~~~~~~~~~~~~~~~~~~~~~~~~~~~~~~~~~~~~~~~~^^^^^^^^^^^^^^^
  File "/home/min/Workspace/Graduate-Project/Falling-Model-Development/.venv/lib/python3.13/site-packages/tensorflow/python/data/ops/from_tensor_slices_op.py", line 25, in _from_tensor_slices
    return _TensorSliceDataset(tensors, name=name)
  File "/home/min/Workspace/Graduate-Project/Falling-Model-Development/.venv/lib/python3.13/site-packages/tensorflow/python/data/ops/from_tensor_slices_op.py", line 33, in __init__
    element = structure.normalize_element(element)
  File "/home/min/Workspace/Graduate-Project/Falling-Model-Development/.venv/lib/python3.13/site-packages/tensorflow/python/data/util/structure.py", line 134, in normalize_element
    ops.convert_to_tensor(t, name="component_%d" % i, dtype=dtype))
    ~~~~~~~~~~~~~~~~~~~~~^^^^^^^^^^^^^^^^^^^^^^^^^^^^^^^^^^^^^^^^^
  File "/home/min/Workspace/Graduate-Project/Falling-Model-Development/.venv/lib/python3.13/site-packages/tensorflow/python/profiler/trace.py", line 183, in wrapped
    return func(*args, **kwargs)
  File "/home/min/Workspace/Graduate-Project/Falling-Model-Development/.venv/lib/python3.13/site-packages/tensorflow/python/framework/ops.py", line 757, in convert_to_tensor
    return tensor_conversion_registry.convert(
           ~~~~~~~~~~~~~~~~~~~~~~~~~~~~~~~~~~^
        value, dtype, name, as_ref, preferred_dtype, accepted_result_types
        ^^^^^^^^^^^^^^^^^^^^^^^^^^^^^^^^^^^^^^^^^^^^^^^^^^^^^^^^^^^^^^^^^^
    )
    ^
  File "/home/min/Workspace/Graduate-Project/Falling-Model-Development/.venv/lib/python3.13/site-packages/tensorflow/python/framework/tensor_conversion_registry.py", line 234, in convert
    ret = conversion_func(value, dtype=dtype, name=name, as_ref=as_ref)
  File "/home/min/Workspace/Graduate-Project/Falling-Model-Development/.venv/lib/python3.13/site-packages/tensorflow/python/framework/constant_tensor_conversion.py", line 29, in _constant_tensor_conversion_function
    return constant_op.constant(v, dtype=dtype, name=name)
           ~~~~~~~~~~~~~~~~~~~~^^^^^^^^^^^^^^^^^^^^^^^^^^^
  File "/home/min/Workspace/Graduate-Project/Falling-Model-Development/.venv/lib/python3.13/site-packages/tensorflow/python/ops/weak_tensor_ops.py", line 142, in wrapper
    return op(*args, **kwargs)
  File "/home/min/Workspace/Graduate-Project/Falling-Model-Development/.venv/lib/python3.13/site-packages/tensorflow/python/framework/constant_op.py", line 276, in constant
    return _constant_impl(value, dtype, shape, name, verify_shape=False,
                          allow_broadcast=True)
  File "/home/min/Workspace/Graduate-Project/Falling-Model-Development/.venv/lib/python3.13/site-packages/tensorflow/python/framework/constant_op.py", line 288, in _constant_impl
    return _constant_eager_impl(ctx, value, dtype, shape, verify_shape)
  File "/home/min/Workspace/Graduate-Project/Falling-Model-Development/.venv/lib/python3.13/site-packages/tensorflow/python/framework/constant_op.py", line 301, in _constant_eager_impl
    t = convert_to_eager_tensor(value, ctx, dtype)
  File "/home/min/Workspace/Graduate-Project/Falling-Model-Development/.venv/lib/python3.13/site-packages/tensorflow/python/framework/constant_op.py", line 108, in convert_to_eager_tensor
    return ops.EagerTensor(value, ctx.device_name, dtype)
           ~~~~~~~~~~~~~~~^^^^^^^^^^^^^^^^^^^^^^^^^^^^^^^
tensorflow.python.framework.errors_impl.InternalError: Failed copying input tensor from /job:localhost/replica:0/task:0/device:CPU:0 to /job:localhost/replica:0/task:0/device:GPU:0 in order to run _EagerConst: Dst tensor is not initialized.
