WARNING: All log messages before absl::InitializeLog() is called are written to STDERR
I0000 00:00:1778857843.828061  337393 cpu_feature_guard.cc:227] This TensorFlow binary is optimized to use available CPU instructions in performance-critical operations.
To enable the following instructions: AVX2 FMA, in other operations, rebuild TensorFlow with the appropriate compiler flags.
[2026-05-16 00:10:45] loading train split=/home/min/Workspace/Graduate-Project/Falling-Model-Development/dataset/splits_v2_filtered_rel/train.csv
[2026-05-16 00:11:06] train rows=1,274,014 videos=6,344 features=41 data_scope=all
[2026-05-16 00:11:06] loading val split=/home/min/Workspace/Graduate-Project/Falling-Model-Development/dataset/splits_v2_filtered_rel/val.csv
[2026-05-16 00:11:11] val rows=363,918 videos=1,811 features=41 data_scope=all
[2026-05-16 00:11:11] loading test split=/home/min/Workspace/Graduate-Project/Falling-Model-Development/dataset/splits_v2_filtered_rel/test.csv
[2026-05-16 00:11:14] test rows=182,782 videos=911 features=41 data_scope=all
[2026-05-16 00:11:33] train windows=370,921 positive=224,347 videos=6,344
[2026-05-16 00:11:36] val windows=74,251 positive=32,590 videos=1,811
[2026-05-16 00:11:38] test windows=37,351 positive=16,447 videos=911
I0000 00:00:1778857906.762923  337393 gpu_device.cc:2043] Created device /job:localhost/replica:0/task:0/device:GPU:0 with 707 MB memory:  -> device: 0, name: NVIDIA GeForce RTX 2060 SUPER, pci bus id: 0000:05:00.0, compute capability: 7.5
W0000 00:00:1778857909.964516  337393 cpu_allocator_impl.cc:82] Allocation of 2433241760 exceeds 10% of free system memory.
W0000 00:00:1778857921.720265  337393 bfc_allocator.cc:502] Allocator (GPU_0_bfc) ran out of memory trying to allocate 2.27GiB (rounded to 2433241856)requested by op _EagerConst
If the cause is memory fragmentation maybe the environment variable 'TF_GPU_ALLOCATOR=cuda_malloc_async' will improve the situation. 
Current allocation summary follows.
Current allocation summary follows.
I0000 00:00:1778857921.720304  337393 bfc_allocator.cc:1049] BFCAllocator dump for GPU_0_bfc
I0000 00:00:1778857921.720307  337393 bfc_allocator.cc:1056] Bin (256): 	Total Chunks: 38, Chunks in use: 38. 9.5KiB allocated for chunks. 9.5KiB in use in bin. 2.4KiB client-requested in use in bin.
I0000 00:00:1778857921.720311  337393 bfc_allocator.cc:1056] Bin (512): 	Total Chunks: 3, Chunks in use: 3. 1.5KiB allocated for chunks. 1.5KiB in use in bin. 1.5KiB client-requested in use in bin.
I0000 00:00:1778857921.720313  337393 bfc_allocator.cc:1056] Bin (1024): 	Total Chunks: 2, Chunks in use: 2. 2.8KiB allocated for chunks. 2.8KiB in use in bin. 2.5KiB client-requested in use in bin.
I0000 00:00:1778857921.720315  337393 bfc_allocator.cc:1056] Bin (2048): 	Total Chunks: 1, Chunks in use: 1. 3.0KiB allocated for chunks. 3.0KiB in use in bin. 3.0KiB client-requested in use in bin.
I0000 00:00:1778857921.720318  337393 bfc_allocator.cc:1056] Bin (4096): 	Total Chunks: 0, Chunks in use: 0. 0B allocated for chunks. 0B in use in bin. 0B client-requested in use in bin.
I0000 00:00:1778857921.720321  337393 bfc_allocator.cc:1056] Bin (8192): 	Total Chunks: 1, Chunks in use: 0. 10.8KiB allocated for chunks. 0B in use in bin. 0B client-requested in use in bin.
I0000 00:00:1778857921.720324  337393 bfc_allocator.cc:1056] Bin (16384): 	Total Chunks: 1, Chunks in use: 1. 16.0KiB allocated for chunks. 16.0KiB in use in bin. 16.0KiB client-requested in use in bin.
I0000 00:00:1778857921.720326  337393 bfc_allocator.cc:1056] Bin (32768): 	Total Chunks: 4, Chunks in use: 2. 179.2KiB allocated for chunks. 99.2KiB in use in bin. 99.2KiB client-requested in use in bin.
I0000 00:00:1778857921.720328  337393 bfc_allocator.cc:1056] Bin (65536): 	Total Chunks: 4, Chunks in use: 3. 366.2KiB allocated for chunks. 266.8KiB in use in bin. 240.0KiB client-requested in use in bin.
I0000 00:00:1778857921.720331  337393 bfc_allocator.cc:1056] Bin (131072): 	Total Chunks: 1, Chunks in use: 1. 192.0KiB allocated for chunks. 192.0KiB in use in bin. 192.0KiB client-requested in use in bin.
I0000 00:00:1778857921.720333  337393 bfc_allocator.cc:1056] Bin (262144): 	Total Chunks: 0, Chunks in use: 0. 0B allocated for chunks. 0B in use in bin. 0B client-requested in use in bin.
I0000 00:00:1778857921.720335  337393 bfc_allocator.cc:1056] Bin (524288): 	Total Chunks: 0, Chunks in use: 0. 0B allocated for chunks. 0B in use in bin. 0B client-requested in use in bin.
I0000 00:00:1778857921.720337  337393 bfc_allocator.cc:1056] Bin (1048576): 	Total Chunks: 0, Chunks in use: 0. 0B allocated for chunks. 0B in use in bin. 0B client-requested in use in bin.
I0000 00:00:1778857921.720340  337393 bfc_allocator.cc:1056] Bin (2097152): 	Total Chunks: 0, Chunks in use: 0. 0B allocated for chunks. 0B in use in bin. 0B client-requested in use in bin.
I0000 00:00:1778857921.720342  337393 bfc_allocator.cc:1056] Bin (4194304): 	Total Chunks: 0, Chunks in use: 0. 0B allocated for chunks. 0B in use in bin. 0B client-requested in use in bin.
I0000 00:00:1778857921.720344  337393 bfc_allocator.cc:1056] Bin (8388608): 	Total Chunks: 0, Chunks in use: 0. 0B allocated for chunks. 0B in use in bin. 0B client-requested in use in bin.
I0000 00:00:1778857921.720346  337393 bfc_allocator.cc:1056] Bin (16777216): 	Total Chunks: 0, Chunks in use: 0. 0B allocated for chunks. 0B in use in bin. 0B client-requested in use in bin.
I0000 00:00:1778857921.720348  337393 bfc_allocator.cc:1056] Bin (33554432): 	Total Chunks: 0, Chunks in use: 0. 0B allocated for chunks. 0B in use in bin. 0B client-requested in use in bin.
I0000 00:00:1778857921.720350  337393 bfc_allocator.cc:1056] Bin (67108864): 	Total Chunks: 0, Chunks in use: 0. 0B allocated for chunks. 0B in use in bin. 0B client-requested in use in bin.
I0000 00:00:1778857921.720352  337393 bfc_allocator.cc:1056] Bin (134217728): 	Total Chunks: 0, Chunks in use: 0. 0B allocated for chunks. 0B in use in bin. 0B client-requested in use in bin.
I0000 00:00:1778857921.720354  337393 bfc_allocator.cc:1056] Bin (268435456): 	Total Chunks: 1, Chunks in use: 0. 706.92MiB allocated for chunks. 0B in use in bin. 0B client-requested in use in bin.
I0000 00:00:1778857921.720356  337393 bfc_allocator.cc:1072] Bin for 2.27GiB was 256.00MiB, Chunk State: 
I0000 00:00:1778857921.720358  337393 bfc_allocator.cc:1078]   Size: 706.92MiB | Requested Size: 192.0KiB | in_use: 0 | bin_num: 20, prev:   Size: 192.0KiB | Requested Size: 192.0KiB | in_use: 1 | bin_num: -1
I0000 00:00:1778857921.720362  337393 bfc_allocator.cc:1085] Next region of size 742064128
I0000 00:00:1778857921.720366  337393 bfc_allocator.cc:1105] InUse at 7523f0000000 of size 1280 next 1
I0000 00:00:1778857921.720368  337393 bfc_allocator.cc:1105] InUse at 7523f0000500 of size 256 next 2
I0000 00:00:1778857921.720369  337393 bfc_allocator.cc:1105] InUse at 7523f0000600 of size 256 next 3
I0000 00:00:1778857921.720371  337393 bfc_allocator.cc:1105] InUse at 7523f0000700 of size 256 next 4
I0000 00:00:1778857921.720372  337393 bfc_allocator.cc:1105] InUse at 7523f0000800 of size 256 next 5
I0000 00:00:1778857921.720373  337393 bfc_allocator.cc:1105] InUse at 7523f0000900 of size 256 next 7
I0000 00:00:1778857921.720375  337393 bfc_allocator.cc:1105] InUse at 7523f0000a00 of size 256 next 8
I0000 00:00:1778857921.720376  337393 bfc_allocator.cc:1105] InUse at 7523f0000b00 of size 256 next 6
I0000 00:00:1778857921.720378  337393 bfc_allocator.cc:1105] InUse at 7523f0000c00 of size 256 next 9
I0000 00:00:1778857921.720379  337393 bfc_allocator.cc:1105] InUse at 7523f0000d00 of size 256 next 12
I0000 00:00:1778857921.720381  337393 bfc_allocator.cc:1105] InUse at 7523f0000e00 of size 256 next 13
I0000 00:00:1778857921.720382  337393 bfc_allocator.cc:1105] InUse at 7523f0000f00 of size 256 next 14
I0000 00:00:1778857921.720384  337393 bfc_allocator.cc:1105] InUse at 7523f0001000 of size 256 next 15
I0000 00:00:1778857921.720386  337393 bfc_allocator.cc:1105] InUse at 7523f0001100 of size 256 next 17
I0000 00:00:1778857921.720388  337393 bfc_allocator.cc:1105] InUse at 7523f0001200 of size 256 next 18
I0000 00:00:1778857921.720391  337393 bfc_allocator.cc:1105] InUse at 7523f0001300 of size 256 next 16
I0000 00:00:1778857921.720394  337393 bfc_allocator.cc:1105] InUse at 7523f0001400 of size 256 next 19
I0000 00:00:1778857921.720396  337393 bfc_allocator.cc:1105] InUse at 7523f0001500 of size 256 next 21
I0000 00:00:1778857921.720398  337393 bfc_allocator.cc:1105] InUse at 7523f0001600 of size 256 next 22
I0000 00:00:1778857921.720401  337393 bfc_allocator.cc:1105] InUse at 7523f0001700 of size 256 next 23
I0000 00:00:1778857921.720403  337393 bfc_allocator.cc:1105] Free  at 7523f0001800 of size 101888 next 10
I0000 00:00:1778857921.720406  337393 bfc_allocator.cc:1105] InUse at 7523f001a600 of size 52480 next 11
I0000 00:00:1778857921.720409  337393 bfc_allocator.cc:1105] InUse at 7523f0027300 of size 49152 next 20
I0000 00:00:1778857921.720411  337393 bfc_allocator.cc:1105] InUse at 7523f0033300 of size 256 next 24
I0000 00:00:1778857921.720413  337393 bfc_allocator.cc:1105] InUse at 7523f0033400 of size 256 next 26
I0000 00:00:1778857921.720416  337393 bfc_allocator.cc:1105] InUse at 7523f0033500 of size 3072 next 31
I0000 00:00:1778857921.720419  337393 bfc_allocator.cc:1105] InUse at 7523f0034100 of size 512 next 33
I0000 00:00:1778857921.720421  337393 bfc_allocator.cc:1105] InUse at 7523f0034300 of size 512 next 27
I0000 00:00:1778857921.720424  337393 bfc_allocator.cc:1105] InUse at 7523f0034500 of size 256 next 30
I0000 00:00:1778857921.720426  337393 bfc_allocator.cc:1105] InUse at 7523f0034600 of size 256 next 34
I0000 00:00:1778857921.720429  337393 bfc_allocator.cc:1105] InUse at 7523f0034700 of size 256 next 35
I0000 00:00:1778857921.720431  337393 bfc_allocator.cc:1105] InUse at 7523f0034800 of size 1536 next 37
I0000 00:00:1778857921.720433  337393 bfc_allocator.cc:1105] InUse at 7523f0034e00 of size 256 next 39
I0000 00:00:1778857921.720434  337393 bfc_allocator.cc:1105] InUse at 7523f0034f00 of size 256 next 36
I0000 00:00:1778857921.720436  337393 bfc_allocator.cc:1105] InUse at 7523f0035000 of size 256 next 41
I0000 00:00:1778857921.720437  337393 bfc_allocator.cc:1105] InUse at 7523f0035100 of size 256 next 44
I0000 00:00:1778857921.720439  337393 bfc_allocator.cc:1105] InUse at 7523f0035200 of size 256 next 42
I0000 00:00:1778857921.720440  337393 bfc_allocator.cc:1105] InUse at 7523f0035300 of size 256 next 43
I0000 00:00:1778857921.720442  337393 bfc_allocator.cc:1105] InUse at 7523f0035400 of size 256 next 47
I0000 00:00:1778857921.720443  337393 bfc_allocator.cc:1105] InUse at 7523f0035500 of size 256 next 49
I0000 00:00:1778857921.720445  337393 bfc_allocator.cc:1105] InUse at 7523f0035600 of size 256 next 50
I0000 00:00:1778857921.720446  337393 bfc_allocator.cc:1105] InUse at 7523f0035700 of size 256 next 48
I0000 00:00:1778857921.720448  337393 bfc_allocator.cc:1105] InUse at 7523f0035800 of size 256 next 51
I0000 00:00:1778857921.720449  337393 bfc_allocator.cc:1105] InUse at 7523f0035900 of size 256 next 54
I0000 00:00:1778857921.720451  337393 bfc_allocator.cc:1105] InUse at 7523f0035a00 of size 256 next 55
I0000 00:00:1778857921.720452  337393 bfc_allocator.cc:1105] InUse at 7523f0035b00 of size 256 next 52
I0000 00:00:1778857921.720455  337393 bfc_allocator.cc:1105] InUse at 7523f0035c00 of size 512 next 53
I0000 00:00:1778857921.720458  337393 bfc_allocator.cc:1105] Free  at 7523f0035e00 of size 11008 next 38
I0000 00:00:1778857921.720461  337393 bfc_allocator.cc:1105] InUse at 7523f0038900 of size 76544 next 28
I0000 00:00:1778857921.720463  337393 bfc_allocator.cc:1105] InUse at 7523f004b400 of size 98304 next 29
I0000 00:00:1778857921.720466  337393 bfc_allocator.cc:1105] Free  at 7523f0063400 of size 32768 next 46
I0000 00:00:1778857921.720469  337393 bfc_allocator.cc:1105] InUse at 7523f006b400 of size 16384 next 45
I0000 00:00:1778857921.720471  337393 bfc_allocator.cc:1105] Free  at 7523f006f400 of size 49152 next 40
I0000 00:00:1778857921.720473  337393 bfc_allocator.cc:1105] InUse at 7523f007b400 of size 98304 next 25
I0000 00:00:1778857921.720475  337393 bfc_allocator.cc:1105] InUse at 7523f0093400 of size 196608 next 32
I0000 00:00:1778857921.720478  337393 bfc_allocator.cc:1105] Free  at 7523f00c3400 of size 741264384 next 18446744073709551615
I0000 00:00:1778857921.720480  337393 bfc_allocator.cc:1110]      Summary of in-use Chunks by size: 
I0000 00:00:1778857921.720483  337393 bfc_allocator.cc:1113] 38 Chunks of size 256 totalling 9.5KiB
I0000 00:00:1778857921.720487  337393 bfc_allocator.cc:1113] 3 Chunks of size 512 totalling 1.5KiB
I0000 00:00:1778857921.720490  337393 bfc_allocator.cc:1113] 1 Chunks of size 1280 totalling 1.2KiB
I0000 00:00:1778857921.720493  337393 bfc_allocator.cc:1113] 1 Chunks of size 1536 totalling 1.5KiB
I0000 00:00:1778857921.720496  337393 bfc_allocator.cc:1113] 1 Chunks of size 3072 totalling 3.0KiB
I0000 00:00:1778857921.720499  337393 bfc_allocator.cc:1113] 1 Chunks of size 16384 totalling 16.0KiB
I0000 00:00:1778857921.720502  337393 bfc_allocator.cc:1113] 1 Chunks of size 49152 totalling 48.0KiB
I0000 00:00:1778857921.720506  337393 bfc_allocator.cc:1113] 1 Chunks of size 52480 totalling 51.2KiB
I0000 00:00:1778857921.720508  337393 bfc_allocator.cc:1113] 1 Chunks of size 76544 totalling 74.8KiB
I0000 00:00:1778857921.720510  337393 bfc_allocator.cc:1113] 2 Chunks of size 98304 totalling 192.0KiB
I0000 00:00:1778857921.720514  337393 bfc_allocator.cc:1113] 1 Chunks of size 196608 totalling 192.0KiB
I0000 00:00:1778857921.720516  337393 bfc_allocator.cc:1117] Sum Total of in-use chunks: 590.8KiB
I0000 00:00:1778857921.720518  337393 bfc_allocator.cc:1119] Total size in pool: 707.69MiB memory_limit_: 707.69MiB available size: 0B curr_region_allocation_bytes_: 1.38GiB
I0000 00:00:1778857921.720522  337393 bfc_allocator.cc:1128] Stats: 
Limit:                       707.69MiB
InUse:                        590.8KiB
MaxInUse:                     874.5KiB
NumAllocs:                         139
MaxAllocSize:                 192.0KiB
Reserved:                           0B
PeakReserved:                       0B
LargestFreeBlock:                   0B

W0000 00:00:1778857921.720528  337393 bfc_allocator.cc:513] *___________________________________________________________________________________________________
Traceback (most recent call last):
  File "/home/min/Workspace/Graduate-Project/Falling-Model-Development/scripts/train_baseline.py", line 1519, in <module>
    main()
    ~~~~^^
  File "/home/min/Workspace/Graduate-Project/Falling-Model-Development/scripts/train_baseline.py", line 1390, in main
    history = train_model(model, x, y, y_eval, groups, config)
  File "/home/min/Workspace/Graduate-Project/Falling-Model-Development/scripts/train_baseline.py", line 899, in train_model
    make_tf_dataset(x["train"], y["train"], config.batch_size, True, config.noise_std),
    ~~~~~~~~~~~~~~~^^^^^^^^^^^^^^^^^^^^^^^^^^^^^^^^^^^^^^^^^^^^^^^^^^^^^^^^^^^^^^^^^^^
  File "/home/min/Workspace/Graduate-Project/Falling-Model-Development/scripts/train_baseline.py", line 648, in make_tf_dataset
    ds = tf.data.Dataset.from_tensor_slices((x, y))
  File "/home/min/Workspace/Graduate-Project/Falling-Model-Development/.venv/lib/python3.13/site-packages/tensorflow/python/data/ops/dataset_ops.py", line 827, in from_tensor_slices
    return from_tensor_slices_op._from_tensor_slices(tensors, name)
           ~~~~~~~~~~~~~~~~~~~~~~~~~~~~~~~~~~~~~~~~~^^^^^^^^^^^^^^^
  File "/home/min/Workspace/Graduate-Project/Falling-Model-Development/.venv/lib/python3.13/site-packages/tensorflow/python/data/ops/from_tensor_slices_op.py", line 25, in _from_tensor_slices
    return _TensorSliceDataset(tensors, name=name)
  File "/home/min/Workspace/Graduate-Project/Falling-Model-Development/.venv/lib/python3.13/site-packages/tensorflow/python/data/ops/from_tensor_slices_op.py", line 33, in __init__
    element = structure.normalize_element(element)
  File "/home/min/Workspace/Graduate-Project/Falling-Model-Development/.venv/lib/python3.13/site-packages/tensorflow/python/data/util/structure.py", line 134, in normalize_element
    ops.convert_to_tensor(t, name="component_%d" % i, dtype=dtype))
    ~~~~~~~~~~~~~~~~~~~~~^^^^^^^^^^^^^^^^^^^^^^^^^^^^^^^^^^^^^^^^^
  File "/home/min/Workspace/Graduate-Project/Falling-Model-Development/.venv/lib/python3.13/site-packages/tensorflow/python/profiler/trace.py", line 183, in wrapped
    return func(*args, **kwargs)
  File "/home/min/Workspace/Graduate-Project/Falling-Model-Development/.venv/lib/python3.13/site-packages/tensorflow/python/framework/ops.py", line 757, in convert_to_tensor
    return tensor_conversion_registry.convert(
           ~~~~~~~~~~~~~~~~~~~~~~~~~~~~~~~~~~^
        value, dtype, name, as_ref, preferred_dtype, accepted_result_types
        ^^^^^^^^^^^^^^^^^^^^^^^^^^^^^^^^^^^^^^^^^^^^^^^^^^^^^^^^^^^^^^^^^^
    )
    ^
  File "/home/min/Workspace/Graduate-Project/Falling-Model-Development/.venv/lib/python3.13/site-packages/tensorflow/python/framework/tensor_conversion_registry.py", line 234, in convert
    ret = conversion_func(value, dtype=dtype, name=name, as_ref=as_ref)
  File "/home/min/Workspace/Graduate-Project/Falling-Model-Development/.venv/lib/python3.13/site-packages/tensorflow/python/framework/constant_tensor_conversion.py", line 29, in _constant_tensor_conversion_function
    return constant_op.constant(v, dtype=dtype, name=name)
           ~~~~~~~~~~~~~~~~~~~~^^^^^^^^^^^^^^^^^^^^^^^^^^^
  File "/home/min/Workspace/Graduate-Project/Falling-Model-Development/.venv/lib/python3.13/site-packages/tensorflow/python/ops/weak_tensor_ops.py", line 142, in wrapper
    return op(*args, **kwargs)
  File "/home/min/Workspace/Graduate-Project/Falling-Model-Development/.venv/lib/python3.13/site-packages/tensorflow/python/framework/constant_op.py", line 276, in constant
    return _constant_impl(value, dtype, shape, name, verify_shape=False,
                          allow_broadcast=True)
  File "/home/min/Workspace/Graduate-Project/Falling-Model-Development/.venv/lib/python3.13/site-packages/tensorflow/python/framework/constant_op.py", line 288, in _constant_impl
    return _constant_eager_impl(ctx, value, dtype, shape, verify_shape)
  File "/home/min/Workspace/Graduate-Project/Falling-Model-Development/.venv/lib/python3.13/site-packages/tensorflow/python/framework/constant_op.py", line 301, in _constant_eager_impl
    t = convert_to_eager_tensor(value, ctx, dtype)
  File "/home/min/Workspace/Graduate-Project/Falling-Model-Development/.venv/lib/python3.13/site-packages/tensorflow/python/framework/constant_op.py", line 108, in convert_to_eager_tensor
    return ops.EagerTensor(value, ctx.device_name, dtype)
           ~~~~~~~~~~~~~~~^^^^^^^^^^^^^^^^^^^^^^^^^^^^^^^
tensorflow.python.framework.errors_impl.InternalError: Failed copying input tensor from /job:localhost/replica:0/task:0/device:CPU:0 to /job:localhost/replica:0/task:0/device:GPU:0 in order to run _EagerConst: Dst tensor is not initialized.
