WARNING: All log messages before absl::InitializeLog() is called are written to STDERR
I0000 00:00:1778858525.641880  348294 cpu_feature_guard.cc:227] This TensorFlow binary is optimized to use available CPU instructions in performance-critical operations.
To enable the following instructions: AVX2 FMA, in other operations, rebuild TensorFlow with the appropriate compiler flags.
[2026-05-16 00:22:07] loading train split=/home/min/Workspace/Graduate-Project/Falling-Model-Development/dataset/splits_v2_filtered_rel/train.csv
[2026-05-16 00:22:29] train rows=1,274,014 videos=6,344 features=35 data_scope=all
[2026-05-16 00:22:29] loading val split=/home/min/Workspace/Graduate-Project/Falling-Model-Development/dataset/splits_v2_filtered_rel/val.csv
[2026-05-16 00:22:35] val rows=363,918 videos=1,811 features=35 data_scope=all
[2026-05-16 00:22:35] loading test split=/home/min/Workspace/Graduate-Project/Falling-Model-Development/dataset/splits_v2_filtered_rel/test.csv
[2026-05-16 00:22:38] test rows=182,782 videos=911 features=35 data_scope=all
[2026-05-16 00:22:55] train windows=370,921 positive=224,347 videos=6,344
[2026-05-16 00:22:59] val windows=74,251 positive=32,590 videos=1,811
[2026-05-16 00:23:00] test windows=37,351 positive=16,447 videos=911
I0000 00:00:1778858592.823136  348294 gpu_device.cc:2043] Created device /job:localhost/replica:0/task:0/device:GPU:0 with 705 MB memory:  -> device: 0, name: NVIDIA GeForce RTX 2060 SUPER, pci bus id: 0000:05:00.0, compute capability: 7.5
W0000 00:00:1778858594.262894  348294 cpu_allocator_impl.cc:82] Allocation of 2077157600 exceeds 10% of free system memory.
W0000 00:00:1778858605.760159  348294 bfc_allocator.cc:502] Allocator (GPU_0_bfc) ran out of memory trying to allocate 1.93GiB (rounded to 2077157632)requested by op _EagerConst
If the cause is memory fragmentation maybe the environment variable 'TF_GPU_ALLOCATOR=cuda_malloc_async' will improve the situation. 
Current allocation summary follows.
Current allocation summary follows.
I0000 00:00:1778858605.760201  348294 bfc_allocator.cc:1049] BFCAllocator dump for GPU_0_bfc
I0000 00:00:1778858605.760204  348294 bfc_allocator.cc:1056] Bin (256): 	Total Chunks: 38, Chunks in use: 38. 9.5KiB allocated for chunks. 9.5KiB in use in bin. 2.4KiB client-requested in use in bin.
I0000 00:00:1778858605.760209  348294 bfc_allocator.cc:1056] Bin (512): 	Total Chunks: 3, Chunks in use: 3. 1.5KiB allocated for chunks. 1.5KiB in use in bin. 1.5KiB client-requested in use in bin.
I0000 00:00:1778858605.760212  348294 bfc_allocator.cc:1056] Bin (1024): 	Total Chunks: 2, Chunks in use: 2. 2.8KiB allocated for chunks. 2.8KiB in use in bin. 2.5KiB client-requested in use in bin.
I0000 00:00:1778858605.760215  348294 bfc_allocator.cc:1056] Bin (2048): 	Total Chunks: 1, Chunks in use: 1. 3.0KiB allocated for chunks. 3.0KiB in use in bin. 3.0KiB client-requested in use in bin.
I0000 00:00:1778858605.760218  348294 bfc_allocator.cc:1056] Bin (4096): 	Total Chunks: 0, Chunks in use: 0. 0B allocated for chunks. 0B in use in bin. 0B client-requested in use in bin.
I0000 00:00:1778858605.760221  348294 bfc_allocator.cc:1056] Bin (8192): 	Total Chunks: 0, Chunks in use: 0. 0B allocated for chunks. 0B in use in bin. 0B client-requested in use in bin.
I0000 00:00:1778858605.760223  348294 bfc_allocator.cc:1056] Bin (16384): 	Total Chunks: 1, Chunks in use: 1. 16.0KiB allocated for chunks. 16.0KiB in use in bin. 16.0KiB client-requested in use in bin.
I0000 00:00:1778858605.760226  348294 bfc_allocator.cc:1056] Bin (32768): 	Total Chunks: 3, Chunks in use: 2. 127.2KiB allocated for chunks. 91.8KiB in use in bin. 91.8KiB client-requested in use in bin.
I0000 00:00:1778858605.760230  348294 bfc_allocator.cc:1056] Bin (65536): 	Total Chunks: 3, Chunks in use: 3. 278.5KiB allocated for chunks. 278.5KiB in use in bin. 240.0KiB client-requested in use in bin.
I0000 00:00:1778858605.760233  348294 bfc_allocator.cc:1056] Bin (131072): 	Total Chunks: 2, Chunks in use: 1. 368.0KiB allocated for chunks. 192.0KiB in use in bin. 192.0KiB client-requested in use in bin.
I0000 00:00:1778858605.760236  348294 bfc_allocator.cc:1056] Bin (262144): 	Total Chunks: 0, Chunks in use: 0. 0B allocated for chunks. 0B in use in bin. 0B client-requested in use in bin.
I0000 00:00:1778858605.760238  348294 bfc_allocator.cc:1056] Bin (524288): 	Total Chunks: 0, Chunks in use: 0. 0B allocated for chunks. 0B in use in bin. 0B client-requested in use in bin.
I0000 00:00:1778858605.760241  348294 bfc_allocator.cc:1056] Bin (1048576): 	Total Chunks: 0, Chunks in use: 0. 0B allocated for chunks. 0B in use in bin. 0B client-requested in use in bin.
I0000 00:00:1778858605.760243  348294 bfc_allocator.cc:1056] Bin (2097152): 	Total Chunks: 0, Chunks in use: 0. 0B allocated for chunks. 0B in use in bin. 0B client-requested in use in bin.
I0000 00:00:1778858605.760246  348294 bfc_allocator.cc:1056] Bin (4194304): 	Total Chunks: 0, Chunks in use: 0. 0B allocated for chunks. 0B in use in bin. 0B client-requested in use in bin.
I0000 00:00:1778858605.760248  348294 bfc_allocator.cc:1056] Bin (8388608): 	Total Chunks: 0, Chunks in use: 0. 0B allocated for chunks. 0B in use in bin. 0B client-requested in use in bin.
I0000 00:00:1778858605.760251  348294 bfc_allocator.cc:1056] Bin (16777216): 	Total Chunks: 0, Chunks in use: 0. 0B allocated for chunks. 0B in use in bin. 0B client-requested in use in bin.
I0000 00:00:1778858605.760254  348294 bfc_allocator.cc:1056] Bin (33554432): 	Total Chunks: 0, Chunks in use: 0. 0B allocated for chunks. 0B in use in bin. 0B client-requested in use in bin.
I0000 00:00:1778858605.760256  348294 bfc_allocator.cc:1056] Bin (67108864): 	Total Chunks: 0, Chunks in use: 0. 0B allocated for chunks. 0B in use in bin. 0B client-requested in use in bin.
I0000 00:00:1778858605.760259  348294 bfc_allocator.cc:1056] Bin (134217728): 	Total Chunks: 0, Chunks in use: 0. 0B allocated for chunks. 0B in use in bin. 0B client-requested in use in bin.
I0000 00:00:1778858605.760262  348294 bfc_allocator.cc:1056] Bin (268435456): 	Total Chunks: 1, Chunks in use: 0. 704.96MiB allocated for chunks. 0B in use in bin. 0B client-requested in use in bin.
I0000 00:00:1778858605.760265  348294 bfc_allocator.cc:1072] Bin for 1.93GiB was 256.00MiB, Chunk State: 
I0000 00:00:1778858605.760267  348294 bfc_allocator.cc:1078]   Size: 704.96MiB | Requested Size: 0B | in_use: 0 | bin_num: 20, prev:   Size: 96.0KiB | Requested Size: 96.0KiB | in_use: 1 | bin_num: -1
I0000 00:00:1778858605.760273  348294 bfc_allocator.cc:1085] Next region of size 740032512
I0000 00:00:1778858605.760276  348294 bfc_allocator.cc:1105] InUse at 7fe88a000000 of size 1280 next 1
I0000 00:00:1778858605.760278  348294 bfc_allocator.cc:1105] InUse at 7fe88a000500 of size 256 next 2
I0000 00:00:1778858605.760280  348294 bfc_allocator.cc:1105] InUse at 7fe88a000600 of size 256 next 3
I0000 00:00:1778858605.760282  348294 bfc_allocator.cc:1105] InUse at 7fe88a000700 of size 256 next 4
I0000 00:00:1778858605.760284  348294 bfc_allocator.cc:1105] InUse at 7fe88a000800 of size 256 next 5
I0000 00:00:1778858605.760285  348294 bfc_allocator.cc:1105] InUse at 7fe88a000900 of size 256 next 7
I0000 00:00:1778858605.760287  348294 bfc_allocator.cc:1105] InUse at 7fe88a000a00 of size 256 next 8
I0000 00:00:1778858605.760289  348294 bfc_allocator.cc:1105] InUse at 7fe88a000b00 of size 256 next 6
I0000 00:00:1778858605.760291  348294 bfc_allocator.cc:1105] InUse at 7fe88a000c00 of size 256 next 9
I0000 00:00:1778858605.760293  348294 bfc_allocator.cc:1105] InUse at 7fe88a000d00 of size 256 next 12
I0000 00:00:1778858605.760294  348294 bfc_allocator.cc:1105] InUse at 7fe88a000e00 of size 256 next 13
I0000 00:00:1778858605.760296  348294 bfc_allocator.cc:1105] InUse at 7fe88a000f00 of size 256 next 14
I0000 00:00:1778858605.760298  348294 bfc_allocator.cc:1105] InUse at 7fe88a001000 of size 88576 next 10
I0000 00:00:1778858605.760300  348294 bfc_allocator.cc:1105] InUse at 7fe88a016a00 of size 44800 next 11
I0000 00:00:1778858605.760302  348294 bfc_allocator.cc:1105] InUse at 7fe88a021900 of size 256 next 15
I0000 00:00:1778858605.760304  348294 bfc_allocator.cc:1105] InUse at 7fe88a021a00 of size 256 next 17
I0000 00:00:1778858605.760306  348294 bfc_allocator.cc:1105] InUse at 7fe88a021b00 of size 256 next 16
I0000 00:00:1778858605.760308  348294 bfc_allocator.cc:1105] InUse at 7fe88a021c00 of size 256 next 18
I0000 00:00:1778858605.760310  348294 bfc_allocator.cc:1105] InUse at 7fe88a021d00 of size 256 next 21
I0000 00:00:1778858605.760311  348294 bfc_allocator.cc:1105] InUse at 7fe88a021e00 of size 256 next 22
I0000 00:00:1778858605.760313  348294 bfc_allocator.cc:1105] InUse at 7fe88a021f00 of size 256 next 23
I0000 00:00:1778858605.760315  348294 bfc_allocator.cc:1105] InUse at 7fe88a022000 of size 256 next 24
I0000 00:00:1778858605.760317  348294 bfc_allocator.cc:1105] InUse at 7fe88a022100 of size 256 next 25
I0000 00:00:1778858605.760319  348294 bfc_allocator.cc:1105] InUse at 7fe88a022200 of size 256 next 28
I0000 00:00:1778858605.760322  348294 bfc_allocator.cc:1105] InUse at 7fe88a022300 of size 3072 next 26
I0000 00:00:1778858605.760324  348294 bfc_allocator.cc:1105] InUse at 7fe88a022f00 of size 512 next 33
I0000 00:00:1778858605.760326  348294 bfc_allocator.cc:1105] InUse at 7fe88a023100 of size 512 next 27
I0000 00:00:1778858605.760328  348294 bfc_allocator.cc:1105] InUse at 7fe88a023300 of size 256 next 31
I0000 00:00:1778858605.760329  348294 bfc_allocator.cc:1105] InUse at 7fe88a023400 of size 256 next 34
I0000 00:00:1778858605.760331  348294 bfc_allocator.cc:1105] InUse at 7fe88a023500 of size 256 next 35
I0000 00:00:1778858605.760333  348294 bfc_allocator.cc:1105] InUse at 7fe88a023600 of size 1536 next 39
I0000 00:00:1778858605.760335  348294 bfc_allocator.cc:1105] InUse at 7fe88a023c00 of size 256 next 37
I0000 00:00:1778858605.760337  348294 bfc_allocator.cc:1105] InUse at 7fe88a023d00 of size 256 next 38
I0000 00:00:1778858605.760339  348294 bfc_allocator.cc:1105] InUse at 7fe88a023e00 of size 256 next 41
I0000 00:00:1778858605.760341  348294 bfc_allocator.cc:1105] InUse at 7fe88a023f00 of size 256 next 42
I0000 00:00:1778858605.760343  348294 bfc_allocator.cc:1105] InUse at 7fe88a024000 of size 256 next 43
I0000 00:00:1778858605.760345  348294 bfc_allocator.cc:1105] InUse at 7fe88a024100 of size 256 next 36
I0000 00:00:1778858605.760346  348294 bfc_allocator.cc:1105] InUse at 7fe88a024200 of size 256 next 44
I0000 00:00:1778858605.760348  348294 bfc_allocator.cc:1105] InUse at 7fe88a024300 of size 256 next 47
I0000 00:00:1778858605.760350  348294 bfc_allocator.cc:1105] InUse at 7fe88a024400 of size 256 next 48
I0000 00:00:1778858605.760352  348294 bfc_allocator.cc:1105] InUse at 7fe88a024500 of size 256 next 46
I0000 00:00:1778858605.760353  348294 bfc_allocator.cc:1105] InUse at 7fe88a024600 of size 256 next 49
I0000 00:00:1778858605.760355  348294 bfc_allocator.cc:1105] InUse at 7fe88a024700 of size 256 next 52
I0000 00:00:1778858605.760357  348294 bfc_allocator.cc:1105] InUse at 7fe88a024800 of size 256 next 53
I0000 00:00:1778858605.760359  348294 bfc_allocator.cc:1105] InUse at 7fe88a024900 of size 256 next 50
I0000 00:00:1778858605.760361  348294 bfc_allocator.cc:1105] InUse at 7fe88a024a00 of size 512 next 51
I0000 00:00:1778858605.760364  348294 bfc_allocator.cc:1105] Free  at 7fe88a024c00 of size 36352 next 19
I0000 00:00:1778858605.760366  348294 bfc_allocator.cc:1105] InUse at 7fe88a02da00 of size 49152 next 20
I0000 00:00:1778858605.760368  348294 bfc_allocator.cc:1105] InUse at 7fe88a039a00 of size 16384 next 45
I0000 00:00:1778858605.760370  348294 bfc_allocator.cc:1105] Free  at 7fe88a03da00 of size 180224 next 30
I0000 00:00:1778858605.760373  348294 bfc_allocator.cc:1105] InUse at 7fe88a069a00 of size 98304 next 29
I0000 00:00:1778858605.760375  348294 bfc_allocator.cc:1105] InUse at 7fe88a081a00 of size 196608 next 32
I0000 00:00:1778858605.760377  348294 bfc_allocator.cc:1105] InUse at 7fe88a0b1a00 of size 98304 next 40
I0000 00:00:1778858605.760379  348294 bfc_allocator.cc:1105] Free  at 7fe88a0c9a00 of size 739206656 next 18446744073709551615
I0000 00:00:1778858605.760382  348294 bfc_allocator.cc:1110]      Summary of in-use Chunks by size: 
I0000 00:00:1778858605.760383  348294 bfc_allocator.cc:1113] 38 Chunks of size 256 totalling 9.5KiB
I0000 00:00:1778858605.760387  348294 bfc_allocator.cc:1113] 3 Chunks of size 512 totalling 1.5KiB
I0000 00:00:1778858605.760390  348294 bfc_allocator.cc:1113] 1 Chunks of size 1280 totalling 1.2KiB
I0000 00:00:1778858605.760392  348294 bfc_allocator.cc:1113] 1 Chunks of size 1536 totalling 1.5KiB
I0000 00:00:1778858605.760395  348294 bfc_allocator.cc:1113] 1 Chunks of size 3072 totalling 3.0KiB
I0000 00:00:1778858605.760397  348294 bfc_allocator.cc:1113] 1 Chunks of size 16384 totalling 16.0KiB
I0000 00:00:1778858605.760399  348294 bfc_allocator.cc:1113] 1 Chunks of size 44800 totalling 43.8KiB
I0000 00:00:1778858605.760402  348294 bfc_allocator.cc:1113] 1 Chunks of size 49152 totalling 48.0KiB
I0000 00:00:1778858605.760404  348294 bfc_allocator.cc:1113] 1 Chunks of size 88576 totalling 86.5KiB
I0000 00:00:1778858605.760407  348294 bfc_allocator.cc:1113] 2 Chunks of size 98304 totalling 192.0KiB
I0000 00:00:1778858605.760409  348294 bfc_allocator.cc:1113] 1 Chunks of size 196608 totalling 192.0KiB
I0000 00:00:1778858605.760411  348294 bfc_allocator.cc:1117] Sum Total of in-use chunks: 595.0KiB
I0000 00:00:1778858605.760413  348294 bfc_allocator.cc:1119] Total size in pool: 705.75MiB memory_limit_: 705.75MiB available size: 0B curr_region_allocation_bytes_: 1.38GiB
I0000 00:00:1778858605.760416  348294 bfc_allocator.cc:1128] Stats: 
Limit:                       705.75MiB
InUse:                        595.0KiB
MaxInUse:                     857.8KiB
NumAllocs:                         139
MaxAllocSize:                 192.0KiB
Reserved:                           0B
PeakReserved:                       0B
LargestFreeBlock:                   0B

W0000 00:00:1778858605.760422  348294 bfc_allocator.cc:513] *___________________________________________________________________________________________________
Traceback (most recent call last):
  File "/home/min/Workspace/Graduate-Project/Falling-Model-Development/scripts/train_baseline.py", line 1519, in <module>
    main()
    ~~~~^^
  File "/home/min/Workspace/Graduate-Project/Falling-Model-Development/scripts/train_baseline.py", line 1390, in main
    history = train_model(model, x, y, y_eval, groups, config)
  File "/home/min/Workspace/Graduate-Project/Falling-Model-Development/scripts/train_baseline.py", line 899, in train_model
    make_tf_dataset(x["train"], y["train"], config.batch_size, True, config.noise_std),
    ~~~~~~~~~~~~~~~^^^^^^^^^^^^^^^^^^^^^^^^^^^^^^^^^^^^^^^^^^^^^^^^^^^^^^^^^^^^^^^^^^^
  File "/home/min/Workspace/Graduate-Project/Falling-Model-Development/scripts/train_baseline.py", line 648, in make_tf_dataset
    ds = tf.data.Dataset.from_tensor_slices((x, y))
  File "/home/min/Workspace/Graduate-Project/Falling-Model-Development/.venv/lib/python3.13/site-packages/tensorflow/python/data/ops/dataset_ops.py", line 827, in from_tensor_slices
    return from_tensor_slices_op._from_tensor_slices(tensors, name)
           ~~~~~~~~~~~~~~~~~~~~~~~~~~~~~~~~~~~~~~~~~^^^^^^^^^^^^^^^
  File "/home/min/Workspace/Graduate-Project/Falling-Model-Development/.venv/lib/python3.13/site-packages/tensorflow/python/data/ops/from_tensor_slices_op.py", line 25, in _from_tensor_slices
    return _TensorSliceDataset(tensors, name=name)
  File "/home/min/Workspace/Graduate-Project/Falling-Model-Development/.venv/lib/python3.13/site-packages/tensorflow/python/data/ops/from_tensor_slices_op.py", line 33, in __init__
    element = structure.normalize_element(element)
  File "/home/min/Workspace/Graduate-Project/Falling-Model-Development/.venv/lib/python3.13/site-packages/tensorflow/python/data/util/structure.py", line 134, in normalize_element
    ops.convert_to_tensor(t, name="component_%d" % i, dtype=dtype))
    ~~~~~~~~~~~~~~~~~~~~~^^^^^^^^^^^^^^^^^^^^^^^^^^^^^^^^^^^^^^^^^
  File "/home/min/Workspace/Graduate-Project/Falling-Model-Development/.venv/lib/python3.13/site-packages/tensorflow/python/profiler/trace.py", line 183, in wrapped
    return func(*args, **kwargs)
  File "/home/min/Workspace/Graduate-Project/Falling-Model-Development/.venv/lib/python3.13/site-packages/tensorflow/python/framework/ops.py", line 757, in convert_to_tensor
    return tensor_conversion_registry.convert(
           ~~~~~~~~~~~~~~~~~~~~~~~~~~~~~~~~~~^
        value, dtype, name, as_ref, preferred_dtype, accepted_result_types
        ^^^^^^^^^^^^^^^^^^^^^^^^^^^^^^^^^^^^^^^^^^^^^^^^^^^^^^^^^^^^^^^^^^
    )
    ^
  File "/home/min/Workspace/Graduate-Project/Falling-Model-Development/.venv/lib/python3.13/site-packages/tensorflow/python/framework/tensor_conversion_registry.py", line 234, in convert
    ret = conversion_func(value, dtype=dtype, name=name, as_ref=as_ref)
  File "/home/min/Workspace/Graduate-Project/Falling-Model-Development/.venv/lib/python3.13/site-packages/tensorflow/python/framework/constant_tensor_conversion.py", line 29, in _constant_tensor_conversion_function
    return constant_op.constant(v, dtype=dtype, name=name)
           ~~~~~~~~~~~~~~~~~~~~^^^^^^^^^^^^^^^^^^^^^^^^^^^
  File "/home/min/Workspace/Graduate-Project/Falling-Model-Development/.venv/lib/python3.13/site-packages/tensorflow/python/ops/weak_tensor_ops.py", line 142, in wrapper
    return op(*args, **kwargs)
  File "/home/min/Workspace/Graduate-Project/Falling-Model-Development/.venv/lib/python3.13/site-packages/tensorflow/python/framework/constant_op.py", line 276, in constant
    return _constant_impl(value, dtype, shape, name, verify_shape=False,
                          allow_broadcast=True)
  File "/home/min/Workspace/Graduate-Project/Falling-Model-Development/.venv/lib/python3.13/site-packages/tensorflow/python/framework/constant_op.py", line 288, in _constant_impl
    return _constant_eager_impl(ctx, value, dtype, shape, verify_shape)
  File "/home/min/Workspace/Graduate-Project/Falling-Model-Development/.venv/lib/python3.13/site-packages/tensorflow/python/framework/constant_op.py", line 301, in _constant_eager_impl
    t = convert_to_eager_tensor(value, ctx, dtype)
  File "/home/min/Workspace/Graduate-Project/Falling-Model-Development/.venv/lib/python3.13/site-packages/tensorflow/python/framework/constant_op.py", line 108, in convert_to_eager_tensor
    return ops.EagerTensor(value, ctx.device_name, dtype)
           ~~~~~~~~~~~~~~~^^^^^^^^^^^^^^^^^^^^^^^^^^^^^^^
tensorflow.python.framework.errors_impl.InternalError: Failed copying input tensor from /job:localhost/replica:0/task:0/device:CPU:0 to /job:localhost/replica:0/task:0/device:GPU:0 in order to run _EagerConst: Dst tensor is not initialized.
