WARNING: All log messages before absl::InitializeLog() is called are written to STDERR
I0000 00:00:1778857409.678666  331245 cpu_feature_guard.cc:227] This TensorFlow binary is optimized to use available CPU instructions in performance-critical operations.
To enable the following instructions: AVX2 FMA, in other operations, rebuild TensorFlow with the appropriate compiler flags.
[2026-05-16 00:03:31] loading train split=/home/min/Workspace/Graduate-Project/Falling-Model-Development/dataset/splits_v2_filtered_kv/train.csv
[2026-05-16 00:03:47] train rows=1,274,014 videos=6,344 features=37 data_scope=all
[2026-05-16 00:03:47] loading val split=/home/min/Workspace/Graduate-Project/Falling-Model-Development/dataset/splits_v2_filtered_kv/val.csv
[2026-05-16 00:03:51] val rows=363,918 videos=1,811 features=37 data_scope=all
[2026-05-16 00:03:51] loading test split=/home/min/Workspace/Graduate-Project/Falling-Model-Development/dataset/splits_v2_filtered_kv/test.csv
[2026-05-16 00:03:54] test rows=182,782 videos=911 features=37 data_scope=all
[2026-05-16 00:04:10] train windows=370,921 positive=224,347 videos=6,344
[2026-05-16 00:04:14] val windows=74,251 positive=32,590 videos=1,811
[2026-05-16 00:04:16] test windows=37,351 positive=16,447 videos=911
I0000 00:00:1778857462.907999  331245 gpu_device.cc:2043] Created device /job:localhost/replica:0/task:0/device:GPU:0 with 6096 MB memory:  -> device: 0, name: NVIDIA GeForce RTX 2060 SUPER, pci bus id: 0000:05:00.0, compute capability: 7.5
W0000 00:00:1778857464.658748  331245 cpu_allocator_impl.cc:82] Allocation of 2195852320 exceeds 10% of free system memory.
W0000 00:00:1778857466.526193  331245 cpu_allocator_impl.cc:82] Allocation of 2195852320 exceeds 10% of free system memory.
W0000 00:00:1778857469.318719  331245 cpu_allocator_impl.cc:82] Allocation of 2195852320 exceeds 10% of free system memory.
I0000 00:00:1778857472.244008  331936 cuda_dnn.cc:461] Loaded cuDNN version 92200
W0000 00:00:1778857846.094577  331245 cpu_allocator_impl.cc:82] Allocation of 2195852320 exceeds 10% of free system memory.
W0000 00:00:1778857848.033799  331245 cpu_allocator_impl.cc:82] Allocation of 2195852320 exceeds 10% of free system memory.
[2026-05-16 00:12:13] video-level val: videos=1811 f1=0.9716 fall_recall=0.9752 nfall_recall=0.9104 fall_prec=0.9679 nfall_prec=0.9298 min_pr=0.9104 min_consecutive=4
[2026-05-16 00:12:13] video-level test: videos=911 f1=0.9672 fall_recall=0.9730 nfall_recall=0.8939 fall_prec=0.9614 nfall_prec=0.9241 min_pr=0.8939 min_consecutive=4
[2026-05-16 00:12:13] === VAL VIDEO-LEVEL REPORT ===
              precision    recall  f1-score   support

           0     0.9298    0.9104    0.9200       480
           1     0.9679    0.9752    0.9716      1331

    accuracy                         0.9580      1811
   macro avg     0.9489    0.9428    0.9458      1811
weighted avg     0.9578    0.9580    0.9579      1811

[2026-05-16 00:12:13] === TEST VIDEO-LEVEL REPORT ===
              precision    recall  f1-score   support

           0     0.9241    0.8939    0.9087       245
           1     0.9614    0.9730    0.9672       666

    accuracy                         0.9517       911
   macro avg     0.9427    0.9334    0.9379       911
weighted avg     0.9514    0.9517    0.9514       911

[2026-05-16 00:12:24] tflite export subprocess exit=0
[2026-05-16 00:12:24]   [tflite] [P17-v02]
[2026-05-16 00:12:24]   [tflite]   Loading model.keras ...
[2026-05-16 00:12:24]   [tflite]     rebuilding with unroll=True for TFLite compatibility
[2026-05-16 00:12:24]   [tflite] Saved artifact at '/tmp/tmpwpea4etz'. The following endpoints are available:
[2026-05-16 00:12:24]   [tflite] 
[2026-05-16 00:12:24]   [tflite] * Endpoint 'serve'
[2026-05-16 00:12:24]   [tflite]   args_0 (POSITIONAL_ONLY): TensorSpec(shape=(None, 40, 37), dtype=tf.float32, name='pose_sequence')
[2026-05-16 00:12:24]   [tflite] Output Type:
[2026-05-16 00:12:24]   [tflite]   TensorSpec(shape=(None, 2), dtype=tf.float32, name=None)
[2026-05-16 00:12:24]   [tflite] Captures:
[2026-05-16 00:12:24]   [tflite]   132113359001104: TensorSpec(shape=(), dtype=tf.resource, name=None)
[2026-05-16 00:12:24]   [tflite]   132113359001872: TensorSpec(shape=(), dtype=tf.resource, name=None)
[2026-05-16 00:12:24]   [tflite]   132113359001680: TensorSpec(shape=(), dtype=tf.resource, name=None)
[2026-05-16 00:12:24]   [tflite]   132113359002064: TensorSpec(shape=(), dtype=tf.resource, name=None)
[2026-05-16 00:12:24]   [tflite]   132113359000144: TensorSpec(shape=(), dtype=tf.resource, name=None)
[2026-05-16 00:12:24]   [tflite]   132113359002256: TensorSpec(shape=(), dtype=tf.resource, name=None)
[2026-05-16 00:12:24]   [tflite]   132113359002640: TensorSpec(shape=(), dtype=tf.resource, name=None)
[2026-05-16 00:12:24]   [tflite]   132113359002448: TensorSpec(shape=(), dtype=tf.resource, name=None)
[2026-05-16 00:12:24]   [tflite]   132113359001296: TensorSpec(shape=(), dtype=tf.resource, name=None)
[2026-05-16 00:12:24]   [tflite]   132113359002832: TensorSpec(shape=(), dtype=tf.resource, name=None)
[2026-05-16 00:12:24]   [tflite]   132113359003600: TensorSpec(shape=(), dtype=tf.resource, name=None)
[2026-05-16 00:12:24]   [tflite]   132113359004944: TensorSpec(shape=(), dtype=tf.resource, name=None)
[2026-05-16 00:12:24]   [tflite]   132113359003984: TensorSpec(shape=(), dtype=tf.resource, name=None)
[2026-05-16 00:12:24]   [tflite]   132113359004368: TensorSpec(shape=(), dtype=tf.resource, name=None)
[2026-05-16 00:12:24]   [tflite]   132113359003792: TensorSpec(shape=(), dtype=tf.resource, name=None)
[2026-05-16 00:12:24]   [tflite]   132113359005328: TensorSpec(shape=(), dtype=tf.resource, name=None)
[2026-05-16 00:12:24]   [tflite]   132113359005136: TensorSpec(shape=(), dtype=tf.resource, name=None)
[2026-05-16 00:12:24]   [tflite]   132113359006096: TensorSpec(shape=(), dtype=tf.resource, name=None)
[2026-05-16 00:12:24]   [tflite]   132113359003024: TensorSpec(shape=(), dtype=tf.resource, name=None)
[2026-05-16 00:12:24]   [tflite]   132113359005520: TensorSpec(shape=(), dtype=tf.resource, name=None)
[2026-05-16 00:12:24]   [tflite]   132113359006480: TensorSpec(shape=(), dtype=tf.resource, name=None)
[2026-05-16 00:12:24]   [tflite]   132113359006672: TensorSpec(shape=(), dtype=tf.resource, name=None)
[2026-05-16 00:12:24]   [tflite]   132113359004752: TensorSpec(shape=(), dtype=tf.resource, name=None)
[2026-05-16 00:12:24]   [tflite]   132113359007248: TensorSpec(shape=(), dtype=tf.resource, name=None)
[2026-05-16 00:12:24]   [tflite]     fp32 OK (819 KB)
[2026-05-16 00:12:24]   [tflite] Saved artifact at '/tmp/tmp64de_pb4'. The following endpoints are available:
[2026-05-16 00:12:24]   [tflite] 
[2026-05-16 00:12:24]   [tflite] * Endpoint 'serve'
[2026-05-16 00:12:24]   [tflite]   args_0 (POSITIONAL_ONLY): TensorSpec(shape=(None, 40, 37), dtype=tf.float32, name='pose_sequence')
[2026-05-16 00:12:24]   [tflite] Output Type:
[2026-05-16 00:12:24]   [tflite]   TensorSpec(shape=(None, 2), dtype=tf.float32, name=None)
[2026-05-16 00:12:24]   [tflite] Captures:
[2026-05-16 00:12:24]   [tflite]   132113359001104: TensorSpec(shape=(), dtype=tf.resource, name=None)
[2026-05-16 00:12:24]   [tflite]   132113359001872: TensorSpec(shape=(), dtype=tf.resource, name=None)
[2026-05-16 00:12:24]   [tflite]   132113359001680: TensorSpec(shape=(), dtype=tf.resource, name=None)
[2026-05-16 00:12:24]   [tflite]   132113359002064: TensorSpec(shape=(), dtype=tf.resource, name=None)
[2026-05-16 00:12:24]   [tflite]   132113359000144: TensorSpec(shape=(), dtype=tf.resource, name=None)
[2026-05-16 00:12:24]   [tflite]   132113359002256: TensorSpec(shape=(), dtype=tf.resource, name=None)
[2026-05-16 00:12:24]   [tflite]   132113359002640: TensorSpec(shape=(), dtype=tf.resource, name=None)
[2026-05-16 00:12:24]   [tflite]   132113359002448: TensorSpec(shape=(), dtype=tf.resource, name=None)
[2026-05-16 00:12:24]   [tflite]   132113359001296: TensorSpec(shape=(), dtype=tf.resource, name=None)
[2026-05-16 00:12:24]   [tflite]   132113359002832: TensorSpec(shape=(), dtype=tf.resource, name=None)
[2026-05-16 00:12:24]   [tflite]   132113359003600: TensorSpec(shape=(), dtype=tf.resource, name=None)
[2026-05-16 00:12:24]   [tflite]   132113359004944: TensorSpec(shape=(), dtype=tf.resource, name=None)
[2026-05-16 00:12:24]   [tflite]   132113359003984: TensorSpec(shape=(), dtype=tf.resource, name=None)
[2026-05-16 00:12:24]   [tflite]   132113359004368: TensorSpec(shape=(), dtype=tf.resource, name=None)
[2026-05-16 00:12:24]   [tflite]   132113359003792: TensorSpec(shape=(), dtype=tf.resource, name=None)
[2026-05-16 00:12:24]   [tflite]   132113359005328: TensorSpec(shape=(), dtype=tf.resource, name=None)
[2026-05-16 00:12:24]   [tflite]   132113359005136: TensorSpec(shape=(), dtype=tf.resource, name=None)
[2026-05-16 00:12:24]   [tflite]   132113359006096: TensorSpec(shape=(), dtype=tf.resource, name=None)
[2026-05-16 00:12:24]   [tflite]   132113359003024: TensorSpec(shape=(), dtype=tf.resource, name=None)
[2026-05-16 00:12:24]   [tflite]   132113359005520: TensorSpec(shape=(), dtype=tf.resource, name=None)
[2026-05-16 00:12:24]   [tflite]   132113359006480: TensorSpec(shape=(), dtype=tf.resource, name=None)
[2026-05-16 00:12:24]   [tflite]   132113359006672: TensorSpec(shape=(), dtype=tf.resource, name=None)
[2026-05-16 00:12:24]   [tflite]   132113359004752: TensorSpec(shape=(), dtype=tf.resource, name=None)
[2026-05-16 00:12:24]   [tflite]   132113359007248: TensorSpec(shape=(), dtype=tf.resource, name=None)
[2026-05-16 00:12:24]   [tflite]     int8 OK (1232 KB)
[2026-05-16 00:12:24]   [tflite] 
[2026-05-16 00:12:24]   [tflite] Done.
/home/min/Workspace/Graduate-Project/Falling-Model-Development/.venv/lib/python3.13/site-packages/tensorflow/lite/python/interpreter.py:457: UserWarning:     Warning: tf.lite.Interpreter is deprecated and is scheduled for deletion in
    TF 2.20. Please use the LiteRT interpreter from the ai_edge_litert package.
    See the [migration guide](https://ai.google.dev/edge/litert/migration)
    for details.
    
  warnings.warn(_INTERPRETER_DELETION_WARNING)
INFO: Created TensorFlow Lite XNNPACK delegate for CPU.
[2026-05-16 00:12:26] done P17-v02 val_f1=0.9009 (video=0.9716) test_f1=0.9051 (video=0.9672) test_min_pr=0.8939 threshold=0.450 min_consecutive=4
