WARNING: All log messages before absl::InitializeLog() is called are written to STDERR
I0000 00:00:1778857093.819800  326504 cpu_feature_guard.cc:227] This TensorFlow binary is optimized to use available CPU instructions in performance-critical operations.
To enable the following instructions: AVX2 FMA, in other operations, rebuild TensorFlow with the appropriate compiler flags.
[2026-05-15 23:58:15] loading train split=/home/min/Workspace/Graduate-Project/Falling-Model-Development/dataset/splits_v2_filtered_kv/train.csv
[2026-05-15 23:58:31] train rows=1,274,014 videos=6,344 features=37 data_scope=all
[2026-05-15 23:58:31] loading val split=/home/min/Workspace/Graduate-Project/Falling-Model-Development/dataset/splits_v2_filtered_kv/val.csv
[2026-05-15 23:58:35] val rows=363,918 videos=1,811 features=37 data_scope=all
[2026-05-15 23:58:35] loading test split=/home/min/Workspace/Graduate-Project/Falling-Model-Development/dataset/splits_v2_filtered_kv/test.csv
[2026-05-15 23:58:37] test rows=182,782 videos=911 features=37 data_scope=all
[2026-05-15 23:58:54] train windows=370,921 positive=224,347 videos=6,344
[2026-05-15 23:58:57] val windows=74,251 positive=32,590 videos=1,811
[2026-05-15 23:58:59] test windows=37,351 positive=16,447 videos=911
I0000 00:00:1778857146.468026  326504 gpu_device.cc:2043] Created device /job:localhost/replica:0/task:0/device:GPU:0 with 6097 MB memory:  -> device: 0, name: NVIDIA GeForce RTX 2060 SUPER, pci bus id: 0000:05:00.0, compute capability: 7.5
W0000 00:00:1778857148.242475  326504 cpu_allocator_impl.cc:82] Allocation of 2195852320 exceeds 10% of free system memory.
W0000 00:00:1778857150.132379  326504 cpu_allocator_impl.cc:82] Allocation of 2195852320 exceeds 10% of free system memory.
W0000 00:00:1778857152.979859  326504 cpu_allocator_impl.cc:82] Allocation of 2195852320 exceeds 10% of free system memory.
I0000 00:00:1778857155.936784  327037 cuda_dnn.cc:461] Loaded cuDNN version 92200
W0000 00:00:1778857308.636491  326504 cpu_allocator_impl.cc:82] Allocation of 2195852320 exceeds 10% of free system memory.
W0000 00:00:1778857310.531283  326504 cpu_allocator_impl.cc:82] Allocation of 2195852320 exceeds 10% of free system memory.
[2026-05-16 00:03:14] video-level val: videos=1811 f1=0.9613 fall_recall=0.9602 nfall_recall=0.8958 fall_prec=0.9623 nfall_prec=0.8903 min_pr=0.8903 min_consecutive=3
[2026-05-16 00:03:15] video-level test: videos=911 f1=0.9647 fall_recall=0.9655 nfall_recall=0.9020 fall_prec=0.9640 nfall_prec=0.9057 min_pr=0.9020 min_consecutive=3
[2026-05-16 00:03:15] === VAL VIDEO-LEVEL REPORT ===
              precision    recall  f1-score   support

           0     0.8903    0.8958    0.8930       480
           1     0.9623    0.9602    0.9613      1331

    accuracy                         0.9431      1811
   macro avg     0.9263    0.9280    0.9272      1811
weighted avg     0.9432    0.9431    0.9432      1811

[2026-05-16 00:03:15] === TEST VIDEO-LEVEL REPORT ===
              precision    recall  f1-score   support

           0     0.9057    0.9020    0.9039       245
           1     0.9640    0.9655    0.9647       666

    accuracy                         0.9484       911
   macro avg     0.9349    0.9338    0.9343       911
weighted avg     0.9483    0.9484    0.9484       911

[2026-05-16 00:03:26] tflite export subprocess exit=0
[2026-05-16 00:03:26]   [tflite] [P17-v01]
[2026-05-16 00:03:26]   [tflite]   Loading model.keras ...
[2026-05-16 00:03:26]   [tflite]     rebuilding with unroll=True for TFLite compatibility
[2026-05-16 00:03:26]   [tflite] Saved artifact at '/tmp/tmpnby7n1k_'. The following endpoints are available:
[2026-05-16 00:03:26]   [tflite] 
[2026-05-16 00:03:26]   [tflite] * Endpoint 'serve'
[2026-05-16 00:03:26]   [tflite]   args_0 (POSITIONAL_ONLY): TensorSpec(shape=(None, 40, 37), dtype=tf.float32, name='pose_sequence')
[2026-05-16 00:03:26]   [tflite] Output Type:
[2026-05-16 00:03:26]   [tflite]   TensorSpec(shape=(None, 2), dtype=tf.float32, name=None)
[2026-05-16 00:03:26]   [tflite] Captures:
[2026-05-16 00:03:26]   [tflite]   131411707368976: TensorSpec(shape=(), dtype=tf.resource, name=None)
[2026-05-16 00:03:26]   [tflite]   131411707369744: TensorSpec(shape=(), dtype=tf.resource, name=None)
[2026-05-16 00:03:26]   [tflite]   131411707369552: TensorSpec(shape=(), dtype=tf.resource, name=None)
[2026-05-16 00:03:26]   [tflite]   131411707369936: TensorSpec(shape=(), dtype=tf.resource, name=None)
[2026-05-16 00:03:26]   [tflite]   131411707368016: TensorSpec(shape=(), dtype=tf.resource, name=None)
[2026-05-16 00:03:26]   [tflite]   131411707370128: TensorSpec(shape=(), dtype=tf.resource, name=None)
[2026-05-16 00:03:26]   [tflite]   131411707370512: TensorSpec(shape=(), dtype=tf.resource, name=None)
[2026-05-16 00:03:26]   [tflite]   131411707370320: TensorSpec(shape=(), dtype=tf.resource, name=None)
[2026-05-16 00:03:26]   [tflite]   131411707369168: TensorSpec(shape=(), dtype=tf.resource, name=None)
[2026-05-16 00:03:26]   [tflite]   131411707370704: TensorSpec(shape=(), dtype=tf.resource, name=None)
[2026-05-16 00:03:26]   [tflite]   131411707371472: TensorSpec(shape=(), dtype=tf.resource, name=None)
[2026-05-16 00:03:26]   [tflite]   131411707372816: TensorSpec(shape=(), dtype=tf.resource, name=None)
[2026-05-16 00:03:26]   [tflite]   131411707371856: TensorSpec(shape=(), dtype=tf.resource, name=None)
[2026-05-16 00:03:26]   [tflite]   131411707372240: TensorSpec(shape=(), dtype=tf.resource, name=None)
[2026-05-16 00:03:26]   [tflite]   131411707371664: TensorSpec(shape=(), dtype=tf.resource, name=None)
[2026-05-16 00:03:26]   [tflite]   131411707373200: TensorSpec(shape=(), dtype=tf.resource, name=None)
[2026-05-16 00:03:26]   [tflite]   131411707373008: TensorSpec(shape=(), dtype=tf.resource, name=None)
[2026-05-16 00:03:26]   [tflite]   131411707373968: TensorSpec(shape=(), dtype=tf.resource, name=None)
[2026-05-16 00:03:26]   [tflite]   131411707370896: TensorSpec(shape=(), dtype=tf.resource, name=None)
[2026-05-16 00:03:26]   [tflite]   131411707373392: TensorSpec(shape=(), dtype=tf.resource, name=None)
[2026-05-16 00:03:26]   [tflite]   131411707374352: TensorSpec(shape=(), dtype=tf.resource, name=None)
[2026-05-16 00:03:26]   [tflite]   131411707374544: TensorSpec(shape=(), dtype=tf.resource, name=None)
[2026-05-16 00:03:26]   [tflite]   131411707372624: TensorSpec(shape=(), dtype=tf.resource, name=None)
[2026-05-16 00:03:26]   [tflite]   131411707375120: TensorSpec(shape=(), dtype=tf.resource, name=None)
[2026-05-16 00:03:26]   [tflite]     fp32 OK (819 KB)
[2026-05-16 00:03:26]   [tflite] Saved artifact at '/tmp/tmpiwzedcow'. The following endpoints are available:
[2026-05-16 00:03:26]   [tflite] 
[2026-05-16 00:03:26]   [tflite] * Endpoint 'serve'
[2026-05-16 00:03:26]   [tflite]   args_0 (POSITIONAL_ONLY): TensorSpec(shape=(None, 40, 37), dtype=tf.float32, name='pose_sequence')
[2026-05-16 00:03:26]   [tflite] Output Type:
[2026-05-16 00:03:26]   [tflite]   TensorSpec(shape=(None, 2), dtype=tf.float32, name=None)
[2026-05-16 00:03:26]   [tflite] Captures:
[2026-05-16 00:03:26]   [tflite]   131411707368976: TensorSpec(shape=(), dtype=tf.resource, name=None)
[2026-05-16 00:03:26]   [tflite]   131411707369744: TensorSpec(shape=(), dtype=tf.resource, name=None)
[2026-05-16 00:03:26]   [tflite]   131411707369552: TensorSpec(shape=(), dtype=tf.resource, name=None)
[2026-05-16 00:03:26]   [tflite]   131411707369936: TensorSpec(shape=(), dtype=tf.resource, name=None)
[2026-05-16 00:03:26]   [tflite]   131411707368016: TensorSpec(shape=(), dtype=tf.resource, name=None)
[2026-05-16 00:03:26]   [tflite]   131411707370128: TensorSpec(shape=(), dtype=tf.resource, name=None)
[2026-05-16 00:03:26]   [tflite]   131411707370512: TensorSpec(shape=(), dtype=tf.resource, name=None)
[2026-05-16 00:03:26]   [tflite]   131411707370320: TensorSpec(shape=(), dtype=tf.resource, name=None)
[2026-05-16 00:03:26]   [tflite]   131411707369168: TensorSpec(shape=(), dtype=tf.resource, name=None)
[2026-05-16 00:03:26]   [tflite]   131411707370704: TensorSpec(shape=(), dtype=tf.resource, name=None)
[2026-05-16 00:03:26]   [tflite]   131411707371472: TensorSpec(shape=(), dtype=tf.resource, name=None)
[2026-05-16 00:03:26]   [tflite]   131411707372816: TensorSpec(shape=(), dtype=tf.resource, name=None)
[2026-05-16 00:03:26]   [tflite]   131411707371856: TensorSpec(shape=(), dtype=tf.resource, name=None)
[2026-05-16 00:03:26]   [tflite]   131411707372240: TensorSpec(shape=(), dtype=tf.resource, name=None)
[2026-05-16 00:03:26]   [tflite]   131411707371664: TensorSpec(shape=(), dtype=tf.resource, name=None)
[2026-05-16 00:03:26]   [tflite]   131411707373200: TensorSpec(shape=(), dtype=tf.resource, name=None)
[2026-05-16 00:03:26]   [tflite]   131411707373008: TensorSpec(shape=(), dtype=tf.resource, name=None)
[2026-05-16 00:03:26]   [tflite]   131411707373968: TensorSpec(shape=(), dtype=tf.resource, name=None)
[2026-05-16 00:03:26]   [tflite]   131411707370896: TensorSpec(shape=(), dtype=tf.resource, name=None)
[2026-05-16 00:03:26]   [tflite]   131411707373392: TensorSpec(shape=(), dtype=tf.resource, name=None)
[2026-05-16 00:03:26]   [tflite]   131411707374352: TensorSpec(shape=(), dtype=tf.resource, name=None)
[2026-05-16 00:03:26]   [tflite]   131411707374544: TensorSpec(shape=(), dtype=tf.resource, name=None)
[2026-05-16 00:03:26]   [tflite]   131411707372624: TensorSpec(shape=(), dtype=tf.resource, name=None)
[2026-05-16 00:03:26]   [tflite]   131411707375120: TensorSpec(shape=(), dtype=tf.resource, name=None)
[2026-05-16 00:03:26]   [tflite]     int8 OK (1235 KB)
[2026-05-16 00:03:26]   [tflite] 
[2026-05-16 00:03:26]   [tflite] Done.
/home/min/Workspace/Graduate-Project/Falling-Model-Development/.venv/lib/python3.13/site-packages/tensorflow/lite/python/interpreter.py:457: UserWarning:     Warning: tf.lite.Interpreter is deprecated and is scheduled for deletion in
    TF 2.20. Please use the LiteRT interpreter from the ai_edge_litert package.
    See the [migration guide](https://ai.google.dev/edge/litert/migration)
    for details.
    
  warnings.warn(_INTERPRETER_DELETION_WARNING)
INFO: Created TensorFlow Lite XNNPACK delegate for CPU.
[2026-05-16 00:03:27] done P17-v01 val_f1=0.8786 (video=0.9613) test_f1=0.8894 (video=0.9647) test_min_pr=0.9020 threshold=0.550 min_consecutive=3
