WARNING: All log messages before absl::InitializeLog() is called are written to STDERR
I0000 00:00:1778853716.324466  275639 cpu_feature_guard.cc:227] This TensorFlow binary is optimized to use available CPU instructions in performance-critical operations.
To enable the following instructions: AVX2 FMA, in other operations, rebuild TensorFlow with the appropriate compiler flags.
[2026-05-15 23:01:57] loading train split=/home/min/Workspace/Graduate-Project/Falling-Model-Development/dataset/splits_v2_filtered/train.csv
[2026-05-15 23:02:10] train rows=1,274,014 videos=6,344 features=27 data_scope=all
[2026-05-15 23:02:10] loading val split=/home/min/Workspace/Graduate-Project/Falling-Model-Development/dataset/splits_v2_filtered/val.csv
[2026-05-15 23:02:14] val rows=363,918 videos=1,811 features=27 data_scope=all
[2026-05-15 23:02:14] loading test split=/home/min/Workspace/Graduate-Project/Falling-Model-Development/dataset/splits_v2_filtered/test.csv
[2026-05-15 23:02:16] test rows=182,782 videos=911 features=27 data_scope=all
[2026-05-15 23:02:32] train windows=370,921 positive=224,347 videos=6,344
[2026-05-15 23:02:35] val windows=74,251 positive=32,590 videos=1,811
[2026-05-15 23:02:37] test windows=37,351 positive=16,447 videos=911
I0000 00:00:1778853762.875232  275639 gpu_device.cc:2043] Created device /job:localhost/replica:0/task:0/device:GPU:0 with 6097 MB memory:  -> device: 0, name: NVIDIA GeForce RTX 2060 SUPER, pci bus id: 0000:05:00.0, compute capability: 7.5
W0000 00:00:1778853764.370707  275639 cpu_allocator_impl.cc:82] Allocation of 1602378720 exceeds 10% of free system memory.
W0000 00:00:1778853765.751762  275639 cpu_allocator_impl.cc:82] Allocation of 1602378720 exceeds 10% of free system memory.
W0000 00:00:1778853768.047384  275639 cpu_allocator_impl.cc:82] Allocation of 1602378720 exceeds 10% of free system memory.
I0000 00:00:1778853770.593062  277899 cuda_dnn.cc:461] Loaded cuDNN version 92200
W0000 00:00:1778854068.524386  275639 cpu_allocator_impl.cc:82] Allocation of 1602378720 exceeds 10% of free system memory.
W0000 00:00:1778854069.897249  275639 cpu_allocator_impl.cc:82] Allocation of 1602378720 exceeds 10% of free system memory.
[2026-05-15 23:09:14] video-level val: videos=1811 f1=0.9617 fall_recall=0.9624 nfall_recall=0.8917 fall_prec=0.9610 nfall_prec=0.8954 min_pr=0.8917 min_consecutive=3
[2026-05-15 23:09:14] video-level test: videos=911 f1=0.9656 fall_recall=0.9700 nfall_recall=0.8939 fall_prec=0.9613 nfall_prec=0.9163 min_pr=0.8939 min_consecutive=3
[2026-05-15 23:09:14] === VAL VIDEO-LEVEL REPORT ===
              precision    recall  f1-score   support

           0     0.8954    0.8917    0.8935       480
           1     0.9610    0.9624    0.9617      1331

    accuracy                         0.9437      1811
   macro avg     0.9282    0.9271    0.9276      1811
weighted avg     0.9436    0.9437    0.9436      1811

[2026-05-15 23:09:14] === TEST VIDEO-LEVEL REPORT ===
              precision    recall  f1-score   support

           0     0.9163    0.8939    0.9050       245
           1     0.9613    0.9700    0.9656       666

    accuracy                         0.9495       911
   macro avg     0.9388    0.9319    0.9353       911
weighted avg     0.9492    0.9495    0.9493       911

[2026-05-15 23:09:25] tflite export subprocess exit=0
[2026-05-15 23:09:25]   [tflite] [P15-v04]
[2026-05-15 23:09:25]   [tflite]   Loading model.keras ...
[2026-05-15 23:09:25]   [tflite]     rebuilding with unroll=True for TFLite compatibility
[2026-05-15 23:09:25]   [tflite] Saved artifact at '/tmp/tmpz013qgun'. The following endpoints are available:
[2026-05-15 23:09:25]   [tflite] 
[2026-05-15 23:09:25]   [tflite] * Endpoint 'serve'
[2026-05-15 23:09:25]   [tflite]   args_0 (POSITIONAL_ONLY): TensorSpec(shape=(None, 40, 27), dtype=tf.float32, name='pose_sequence')
[2026-05-15 23:09:25]   [tflite] Output Type:
[2026-05-15 23:09:25]   [tflite]   TensorSpec(shape=(None, 2), dtype=tf.float32, name=None)
[2026-05-15 23:09:25]   [tflite] Captures:
[2026-05-15 23:09:25]   [tflite]   132738387138064: TensorSpec(shape=(), dtype=tf.resource, name=None)
[2026-05-15 23:09:25]   [tflite]   132738387138832: TensorSpec(shape=(), dtype=tf.resource, name=None)
[2026-05-15 23:09:25]   [tflite]   132738387138640: TensorSpec(shape=(), dtype=tf.resource, name=None)
[2026-05-15 23:09:25]   [tflite]   132738387139024: TensorSpec(shape=(), dtype=tf.resource, name=None)
[2026-05-15 23:09:25]   [tflite]   132738387137104: TensorSpec(shape=(), dtype=tf.resource, name=None)
[2026-05-15 23:09:25]   [tflite]   132738387139216: TensorSpec(shape=(), dtype=tf.resource, name=None)
[2026-05-15 23:09:25]   [tflite]   132738387139600: TensorSpec(shape=(), dtype=tf.resource, name=None)
[2026-05-15 23:09:25]   [tflite]   132738387139408: TensorSpec(shape=(), dtype=tf.resource, name=None)
[2026-05-15 23:09:25]   [tflite]   132738387138256: TensorSpec(shape=(), dtype=tf.resource, name=None)
[2026-05-15 23:09:25]   [tflite]   132738387139792: TensorSpec(shape=(), dtype=tf.resource, name=None)
[2026-05-15 23:09:25]   [tflite]   132738387140560: TensorSpec(shape=(), dtype=tf.resource, name=None)
[2026-05-15 23:09:25]   [tflite]   132738387141904: TensorSpec(shape=(), dtype=tf.resource, name=None)
[2026-05-15 23:09:25]   [tflite]   132738387140944: TensorSpec(shape=(), dtype=tf.resource, name=None)
[2026-05-15 23:09:25]   [tflite]   132738387141328: TensorSpec(shape=(), dtype=tf.resource, name=None)
[2026-05-15 23:09:25]   [tflite]   132738387140752: TensorSpec(shape=(), dtype=tf.resource, name=None)
[2026-05-15 23:09:25]   [tflite]   132738387142288: TensorSpec(shape=(), dtype=tf.resource, name=None)
[2026-05-15 23:09:25]   [tflite]   132738387142096: TensorSpec(shape=(), dtype=tf.resource, name=None)
[2026-05-15 23:09:25]   [tflite]   132738387143056: TensorSpec(shape=(), dtype=tf.resource, name=None)
[2026-05-15 23:09:25]   [tflite]   132738387139984: TensorSpec(shape=(), dtype=tf.resource, name=None)
[2026-05-15 23:09:25]   [tflite]   132738387142480: TensorSpec(shape=(), dtype=tf.resource, name=None)
[2026-05-15 23:09:25]   [tflite]   132738387143440: TensorSpec(shape=(), dtype=tf.resource, name=None)
[2026-05-15 23:09:25]   [tflite]   132738387143632: TensorSpec(shape=(), dtype=tf.resource, name=None)
[2026-05-15 23:09:25]   [tflite]   132738387141712: TensorSpec(shape=(), dtype=tf.resource, name=None)
[2026-05-15 23:09:25]   [tflite]   132738387144208: TensorSpec(shape=(), dtype=tf.resource, name=None)
[2026-05-15 23:09:25]   [tflite]     fp32 OK (806 KB)
[2026-05-15 23:09:25]   [tflite] Saved artifact at '/tmp/tmpn4v4lu4_'. The following endpoints are available:
[2026-05-15 23:09:25]   [tflite] 
[2026-05-15 23:09:25]   [tflite] * Endpoint 'serve'
[2026-05-15 23:09:25]   [tflite]   args_0 (POSITIONAL_ONLY): TensorSpec(shape=(None, 40, 27), dtype=tf.float32, name='pose_sequence')
[2026-05-15 23:09:25]   [tflite] Output Type:
[2026-05-15 23:09:25]   [tflite]   TensorSpec(shape=(None, 2), dtype=tf.float32, name=None)
[2026-05-15 23:09:25]   [tflite] Captures:
[2026-05-15 23:09:25]   [tflite]   132738387138064: TensorSpec(shape=(), dtype=tf.resource, name=None)
[2026-05-15 23:09:25]   [tflite]   132738387138832: TensorSpec(shape=(), dtype=tf.resource, name=None)
[2026-05-15 23:09:25]   [tflite]   132738387138640: TensorSpec(shape=(), dtype=tf.resource, name=None)
[2026-05-15 23:09:25]   [tflite]   132738387139024: TensorSpec(shape=(), dtype=tf.resource, name=None)
[2026-05-15 23:09:25]   [tflite]   132738387137104: TensorSpec(shape=(), dtype=tf.resource, name=None)
[2026-05-15 23:09:25]   [tflite]   132738387139216: TensorSpec(shape=(), dtype=tf.resource, name=None)
[2026-05-15 23:09:25]   [tflite]   132738387139600: TensorSpec(shape=(), dtype=tf.resource, name=None)
[2026-05-15 23:09:25]   [tflite]   132738387139408: TensorSpec(shape=(), dtype=tf.resource, name=None)
[2026-05-15 23:09:25]   [tflite]   132738387138256: TensorSpec(shape=(), dtype=tf.resource, name=None)
[2026-05-15 23:09:25]   [tflite]   132738387139792: TensorSpec(shape=(), dtype=tf.resource, name=None)
[2026-05-15 23:09:25]   [tflite]   132738387140560: TensorSpec(shape=(), dtype=tf.resource, name=None)
[2026-05-15 23:09:25]   [tflite]   132738387141904: TensorSpec(shape=(), dtype=tf.resource, name=None)
[2026-05-15 23:09:25]   [tflite]   132738387140944: TensorSpec(shape=(), dtype=tf.resource, name=None)
[2026-05-15 23:09:25]   [tflite]   132738387141328: TensorSpec(shape=(), dtype=tf.resource, name=None)
[2026-05-15 23:09:25]   [tflite]   132738387140752: TensorSpec(shape=(), dtype=tf.resource, name=None)
[2026-05-15 23:09:25]   [tflite]   132738387142288: TensorSpec(shape=(), dtype=tf.resource, name=None)
[2026-05-15 23:09:25]   [tflite]   132738387142096: TensorSpec(shape=(), dtype=tf.resource, name=None)
[2026-05-15 23:09:25]   [tflite]   132738387143056: TensorSpec(shape=(), dtype=tf.resource, name=None)
[2026-05-15 23:09:25]   [tflite]   132738387139984: TensorSpec(shape=(), dtype=tf.resource, name=None)
[2026-05-15 23:09:25]   [tflite]   132738387142480: TensorSpec(shape=(), dtype=tf.resource, name=None)
[2026-05-15 23:09:25]   [tflite]   132738387143440: TensorSpec(shape=(), dtype=tf.resource, name=None)
[2026-05-15 23:09:25]   [tflite]   132738387143632: TensorSpec(shape=(), dtype=tf.resource, name=None)
[2026-05-15 23:09:25]   [tflite]   132738387141712: TensorSpec(shape=(), dtype=tf.resource, name=None)
[2026-05-15 23:09:25]   [tflite]   132738387144208: TensorSpec(shape=(), dtype=tf.resource, name=None)
[2026-05-15 23:09:25]   [tflite]     int8 OK (1232 KB)
[2026-05-15 23:09:25]   [tflite] 
[2026-05-15 23:09:25]   [tflite] Done.
/home/min/Workspace/Graduate-Project/Falling-Model-Development/.venv/lib/python3.13/site-packages/tensorflow/lite/python/interpreter.py:457: UserWarning:     Warning: tf.lite.Interpreter is deprecated and is scheduled for deletion in
    TF 2.20. Please use the LiteRT interpreter from the ai_edge_litert package.
    See the [migration guide](https://ai.google.dev/edge/litert/migration)
    for details.
    
  warnings.warn(_INTERPRETER_DELETION_WARNING)
INFO: Created TensorFlow Lite XNNPACK delegate for CPU.
[2026-05-15 23:09:26] done P15-v04 val_f1=0.8802 (video=0.9617) test_f1=0.8863 (video=0.9656) test_min_pr=0.8939 threshold=0.525 min_consecutive=3
