WARNING: All log messages before absl::InitializeLog() is called are written to STDERR
I0000 00:00:1778852281.914311  256186 cpu_feature_guard.cc:227] This TensorFlow binary is optimized to use available CPU instructions in performance-critical operations.
To enable the following instructions: AVX2 FMA, in other operations, rebuild TensorFlow with the appropriate compiler flags.
[2026-05-15 22:38:03] loading train split=/home/min/Workspace/Graduate-Project/Falling-Model-Development/dataset/splits_v2_filtered/train.csv
[2026-05-15 22:38:16] train rows=1,274,014 videos=6,344 features=27 data_scope=all
[2026-05-15 22:38:16] loading val split=/home/min/Workspace/Graduate-Project/Falling-Model-Development/dataset/splits_v2_filtered/val.csv
[2026-05-15 22:38:20] val rows=363,918 videos=1,811 features=27 data_scope=all
[2026-05-15 22:38:20] loading test split=/home/min/Workspace/Graduate-Project/Falling-Model-Development/dataset/splits_v2_filtered/test.csv
[2026-05-15 22:38:22] test rows=182,782 videos=911 features=27 data_scope=all
[2026-05-15 22:38:37] train windows=370,921 positive=224,347 videos=6,344
[2026-05-15 22:38:41] val windows=74,251 positive=32,590 videos=1,811
[2026-05-15 22:38:42] test windows=37,351 positive=16,447 videos=911
I0000 00:00:1778852328.216600  256186 gpu_device.cc:2043] Created device /job:localhost/replica:0/task:0/device:GPU:0 with 6096 MB memory:  -> device: 0, name: NVIDIA GeForce RTX 2060 SUPER, pci bus id: 0000:05:00.0, compute capability: 7.5
W0000 00:00:1778852329.691767  256186 cpu_allocator_impl.cc:82] Allocation of 1602378720 exceeds 10% of free system memory.
W0000 00:00:1778852331.056482  256186 cpu_allocator_impl.cc:82] Allocation of 1602378720 exceeds 10% of free system memory.
W0000 00:00:1778852333.300350  256186 cpu_allocator_impl.cc:82] Allocation of 1602378720 exceeds 10% of free system memory.
I0000 00:00:1778852335.889154  256674 cuda_dnn.cc:461] Loaded cuDNN version 92200
W0000 00:00:1778852654.223727  256186 cpu_allocator_impl.cc:82] Allocation of 1602378720 exceeds 10% of free system memory.
W0000 00:00:1778852655.595723  256186 cpu_allocator_impl.cc:82] Allocation of 1602378720 exceeds 10% of free system memory.
[2026-05-15 22:45:38] video-level val: videos=1811 f1=0.9652 fall_recall=0.9692 nfall_recall=0.8917 fall_prec=0.9613 nfall_prec=0.9126 min_pr=0.8917 min_consecutive=5
[2026-05-15 22:45:38] video-level test: videos=911 f1=0.9650 fall_recall=0.9730 nfall_recall=0.8816 fall_prec=0.9572 nfall_prec=0.9231 min_pr=0.8816 min_consecutive=5
[2026-05-15 22:45:38] === VAL VIDEO-LEVEL REPORT ===
              precision    recall  f1-score   support

           0     0.9126    0.8917    0.9020       480
           1     0.9613    0.9692    0.9652      1331

    accuracy                         0.9486      1811
   macro avg     0.9369    0.9304    0.9336      1811
weighted avg     0.9484    0.9486    0.9485      1811

[2026-05-15 22:45:38] === TEST VIDEO-LEVEL REPORT ===
              precision    recall  f1-score   support

           0     0.9231    0.8816    0.9019       245
           1     0.9572    0.9730    0.9650       666

    accuracy                         0.9484       911
   macro avg     0.9401    0.9273    0.9334       911
weighted avg     0.9480    0.9484    0.9480       911

[2026-05-15 22:45:48] tflite export subprocess exit=0
[2026-05-15 22:45:48]   [tflite] [P15-v01]
[2026-05-15 22:45:48]   [tflite]   Loading model.keras ...
[2026-05-15 22:45:48]   [tflite]     rebuilding with unroll=True for TFLite compatibility
[2026-05-15 22:45:48]   [tflite] Saved artifact at '/tmp/tmpa8ccic0q'. The following endpoints are available:
[2026-05-15 22:45:48]   [tflite] 
[2026-05-15 22:45:48]   [tflite] * Endpoint 'serve'
[2026-05-15 22:45:48]   [tflite]   args_0 (POSITIONAL_ONLY): TensorSpec(shape=(None, 40, 27), dtype=tf.float32, name='pose_sequence')
[2026-05-15 22:45:48]   [tflite] Output Type:
[2026-05-15 22:45:48]   [tflite]   TensorSpec(shape=(None, 2), dtype=tf.float32, name=None)
[2026-05-15 22:45:48]   [tflite] Captures:
[2026-05-15 22:45:48]   [tflite]   130138049107472: TensorSpec(shape=(), dtype=tf.resource, name=None)
[2026-05-15 22:45:48]   [tflite]   130138049108240: TensorSpec(shape=(), dtype=tf.resource, name=None)
[2026-05-15 22:45:48]   [tflite]   130138049108048: TensorSpec(shape=(), dtype=tf.resource, name=None)
[2026-05-15 22:45:48]   [tflite]   130138049108432: TensorSpec(shape=(), dtype=tf.resource, name=None)
[2026-05-15 22:45:48]   [tflite]   130138049106512: TensorSpec(shape=(), dtype=tf.resource, name=None)
[2026-05-15 22:45:48]   [tflite]   130138049108624: TensorSpec(shape=(), dtype=tf.resource, name=None)
[2026-05-15 22:45:48]   [tflite]   130138049109008: TensorSpec(shape=(), dtype=tf.resource, name=None)
[2026-05-15 22:45:48]   [tflite]   130138049108816: TensorSpec(shape=(), dtype=tf.resource, name=None)
[2026-05-15 22:45:48]   [tflite]   130138049107664: TensorSpec(shape=(), dtype=tf.resource, name=None)
[2026-05-15 22:45:48]   [tflite]   130138049109200: TensorSpec(shape=(), dtype=tf.resource, name=None)
[2026-05-15 22:45:48]   [tflite]   130138049109968: TensorSpec(shape=(), dtype=tf.resource, name=None)
[2026-05-15 22:45:48]   [tflite]   130138049111312: TensorSpec(shape=(), dtype=tf.resource, name=None)
[2026-05-15 22:45:48]   [tflite]   130138049110352: TensorSpec(shape=(), dtype=tf.resource, name=None)
[2026-05-15 22:45:48]   [tflite]   130138049110736: TensorSpec(shape=(), dtype=tf.resource, name=None)
[2026-05-15 22:45:48]   [tflite]   130138049110160: TensorSpec(shape=(), dtype=tf.resource, name=None)
[2026-05-15 22:45:48]   [tflite]   130138049111696: TensorSpec(shape=(), dtype=tf.resource, name=None)
[2026-05-15 22:45:48]   [tflite]   130138049111504: TensorSpec(shape=(), dtype=tf.resource, name=None)
[2026-05-15 22:45:48]   [tflite]   130138049112464: TensorSpec(shape=(), dtype=tf.resource, name=None)
[2026-05-15 22:45:48]   [tflite]   130138049109392: TensorSpec(shape=(), dtype=tf.resource, name=None)
[2026-05-15 22:45:48]   [tflite]   130138049111888: TensorSpec(shape=(), dtype=tf.resource, name=None)
[2026-05-15 22:45:48]   [tflite]   130138049112848: TensorSpec(shape=(), dtype=tf.resource, name=None)
[2026-05-15 22:45:48]   [tflite]   130138049113040: TensorSpec(shape=(), dtype=tf.resource, name=None)
[2026-05-15 22:45:48]   [tflite]   130138049111120: TensorSpec(shape=(), dtype=tf.resource, name=None)
[2026-05-15 22:45:48]   [tflite]   130138049113616: TensorSpec(shape=(), dtype=tf.resource, name=None)
[2026-05-15 22:45:48]   [tflite]     fp32 OK (806 KB)
[2026-05-15 22:45:48]   [tflite] Saved artifact at '/tmp/tmps_zi5a2e'. The following endpoints are available:
[2026-05-15 22:45:48]   [tflite] 
[2026-05-15 22:45:48]   [tflite] * Endpoint 'serve'
[2026-05-15 22:45:48]   [tflite]   args_0 (POSITIONAL_ONLY): TensorSpec(shape=(None, 40, 27), dtype=tf.float32, name='pose_sequence')
[2026-05-15 22:45:48]   [tflite] Output Type:
[2026-05-15 22:45:48]   [tflite]   TensorSpec(shape=(None, 2), dtype=tf.float32, name=None)
[2026-05-15 22:45:48]   [tflite] Captures:
[2026-05-15 22:45:48]   [tflite]   130138049107472: TensorSpec(shape=(), dtype=tf.resource, name=None)
[2026-05-15 22:45:48]   [tflite]   130138049108240: TensorSpec(shape=(), dtype=tf.resource, name=None)
[2026-05-15 22:45:48]   [tflite]   130138049108048: TensorSpec(shape=(), dtype=tf.resource, name=None)
[2026-05-15 22:45:48]   [tflite]   130138049108432: TensorSpec(shape=(), dtype=tf.resource, name=None)
[2026-05-15 22:45:48]   [tflite]   130138049106512: TensorSpec(shape=(), dtype=tf.resource, name=None)
[2026-05-15 22:45:48]   [tflite]   130138049108624: TensorSpec(shape=(), dtype=tf.resource, name=None)
[2026-05-15 22:45:48]   [tflite]   130138049109008: TensorSpec(shape=(), dtype=tf.resource, name=None)
[2026-05-15 22:45:48]   [tflite]   130138049108816: TensorSpec(shape=(), dtype=tf.resource, name=None)
[2026-05-15 22:45:48]   [tflite]   130138049107664: TensorSpec(shape=(), dtype=tf.resource, name=None)
[2026-05-15 22:45:48]   [tflite]   130138049109200: TensorSpec(shape=(), dtype=tf.resource, name=None)
[2026-05-15 22:45:48]   [tflite]   130138049109968: TensorSpec(shape=(), dtype=tf.resource, name=None)
[2026-05-15 22:45:48]   [tflite]   130138049111312: TensorSpec(shape=(), dtype=tf.resource, name=None)
[2026-05-15 22:45:48]   [tflite]   130138049110352: TensorSpec(shape=(), dtype=tf.resource, name=None)
[2026-05-15 22:45:48]   [tflite]   130138049110736: TensorSpec(shape=(), dtype=tf.resource, name=None)
[2026-05-15 22:45:48]   [tflite]   130138049110160: TensorSpec(shape=(), dtype=tf.resource, name=None)
[2026-05-15 22:45:48]   [tflite]   130138049111696: TensorSpec(shape=(), dtype=tf.resource, name=None)
[2026-05-15 22:45:48]   [tflite]   130138049111504: TensorSpec(shape=(), dtype=tf.resource, name=None)
[2026-05-15 22:45:48]   [tflite]   130138049112464: TensorSpec(shape=(), dtype=tf.resource, name=None)
[2026-05-15 22:45:48]   [tflite]   130138049109392: TensorSpec(shape=(), dtype=tf.resource, name=None)
[2026-05-15 22:45:48]   [tflite]   130138049111888: TensorSpec(shape=(), dtype=tf.resource, name=None)
[2026-05-15 22:45:48]   [tflite]   130138049112848: TensorSpec(shape=(), dtype=tf.resource, name=None)
[2026-05-15 22:45:48]   [tflite]   130138049113040: TensorSpec(shape=(), dtype=tf.resource, name=None)
[2026-05-15 22:45:48]   [tflite]   130138049111120: TensorSpec(shape=(), dtype=tf.resource, name=None)
[2026-05-15 22:45:48]   [tflite]   130138049113616: TensorSpec(shape=(), dtype=tf.resource, name=None)
[2026-05-15 22:45:48]   [tflite]     int8 OK (1229 KB)
[2026-05-15 22:45:48]   [tflite] 
[2026-05-15 22:45:48]   [tflite] Done.
/home/min/Workspace/Graduate-Project/Falling-Model-Development/.venv/lib/python3.13/site-packages/tensorflow/lite/python/interpreter.py:457: UserWarning:     Warning: tf.lite.Interpreter is deprecated and is scheduled for deletion in
    TF 2.20. Please use the LiteRT interpreter from the ai_edge_litert package.
    See the [migration guide](https://ai.google.dev/edge/litert/migration)
    for details.
    
  warnings.warn(_INTERPRETER_DELETION_WARNING)
INFO: Created TensorFlow Lite XNNPACK delegate for CPU.
[2026-05-15 22:45:50] done P15-v01 val_f1=0.8963 (video=0.9652) test_f1=0.8975 (video=0.9650) test_min_pr=0.8816 threshold=0.425 min_consecutive=5
