WARNING: All log messages before absl::InitializeLog() is called are written to STDERR
I0000 00:00:1778853228.671090  268258 cpu_feature_guard.cc:227] This TensorFlow binary is optimized to use available CPU instructions in performance-critical operations.
To enable the following instructions: AVX2 FMA, in other operations, rebuild TensorFlow with the appropriate compiler flags.
[2026-05-15 22:53:50] loading train split=/home/min/Workspace/Graduate-Project/Falling-Model-Development/dataset/splits_v2_filtered/train.csv
[2026-05-15 22:54:03] train rows=1,274,014 videos=6,344 features=45 data_scope=all
[2026-05-15 22:54:03] loading val split=/home/min/Workspace/Graduate-Project/Falling-Model-Development/dataset/splits_v2_filtered/val.csv
[2026-05-15 22:54:07] val rows=363,918 videos=1,811 features=45 data_scope=all
[2026-05-15 22:54:07] loading test split=/home/min/Workspace/Graduate-Project/Falling-Model-Development/dataset/splits_v2_filtered/test.csv
[2026-05-15 22:54:09] test rows=182,782 videos=911 features=45 data_scope=all
[2026-05-15 22:54:25] train windows=370,921 positive=224,347 videos=6,344
[2026-05-15 22:54:29] val windows=74,251 positive=32,590 videos=1,811
[2026-05-15 22:54:31] test windows=37,351 positive=16,447 videos=911
I0000 00:00:1778853279.453428  268258 gpu_device.cc:2043] Created device /job:localhost/replica:0/task:0/device:GPU:0 with 6097 MB memory:  -> device: 0, name: NVIDIA GeForce RTX 2060 SUPER, pci bus id: 0000:05:00.0, compute capability: 7.5
W0000 00:00:1778853281.414374  268258 cpu_allocator_impl.cc:82] Allocation of 2670631200 exceeds 10% of free system memory.
W0000 00:00:1778853283.744967  268258 cpu_allocator_impl.cc:82] Allocation of 2670631200 exceeds 10% of free system memory.
W0000 00:00:1778853287.041883  268258 cpu_allocator_impl.cc:82] Allocation of 2670631200 exceeds 10% of free system memory.
I0000 00:00:1778853290.169208  268762 cuda_dnn.cc:461] Loaded cuDNN version 92200
W0000 00:00:1778853614.885154  268258 cpu_allocator_impl.cc:82] Allocation of 2670631200 exceeds 10% of free system memory.
W0000 00:00:1778853617.146499  268258 cpu_allocator_impl.cc:82] Allocation of 2670631200 exceeds 10% of free system memory.
[2026-05-15 23:01:41] video-level val: videos=1811 f1=0.9621 fall_recall=0.9639 nfall_recall=0.8896 fall_prec=0.9603 nfall_prec=0.8989 min_pr=0.8896 min_consecutive=4
[2026-05-15 23:01:42] video-level test: videos=911 f1=0.9613 fall_recall=0.9700 nfall_recall=0.8694 fall_prec=0.9528 nfall_prec=0.9142 min_pr=0.8694 min_consecutive=4
[2026-05-15 23:01:42] === VAL VIDEO-LEVEL REPORT ===
              precision    recall  f1-score   support

           0     0.8989    0.8896    0.8942       480
           1     0.9603    0.9639    0.9621      1331

    accuracy                         0.9442      1811
   macro avg     0.9296    0.9268    0.9282      1811
weighted avg     0.9441    0.9442    0.9441      1811

[2026-05-15 23:01:42] === TEST VIDEO-LEVEL REPORT ===
              precision    recall  f1-score   support

           0     0.9142    0.8694    0.8912       245
           1     0.9528    0.9700    0.9613       666

    accuracy                         0.9429       911
   macro avg     0.9335    0.9197    0.9263       911
weighted avg     0.9424    0.9429    0.9425       911

[2026-05-15 23:01:52] tflite export subprocess exit=0
[2026-05-15 23:01:52]   [tflite] [P15-v03]
[2026-05-15 23:01:52]   [tflite]   Loading model.keras ...
[2026-05-15 23:01:52]   [tflite]     rebuilding with unroll=True for TFLite compatibility
[2026-05-15 23:01:52]   [tflite] Saved artifact at '/tmp/tmp7fvl7m_v'. The following endpoints are available:
[2026-05-15 23:01:52]   [tflite] 
[2026-05-15 23:01:52]   [tflite] * Endpoint 'serve'
[2026-05-15 23:01:52]   [tflite]   args_0 (POSITIONAL_ONLY): TensorSpec(shape=(None, 40, 45), dtype=tf.float32, name='pose_sequence')
[2026-05-15 23:01:52]   [tflite] Output Type:
[2026-05-15 23:01:52]   [tflite]   TensorSpec(shape=(None, 2), dtype=tf.float32, name=None)
[2026-05-15 23:01:52]   [tflite] Captures:
[2026-05-15 23:01:52]   [tflite]   134685744436752: TensorSpec(shape=(), dtype=tf.resource, name=None)
[2026-05-15 23:01:52]   [tflite]   134685744437520: TensorSpec(shape=(), dtype=tf.resource, name=None)
[2026-05-15 23:01:52]   [tflite]   134685744437328: TensorSpec(shape=(), dtype=tf.resource, name=None)
[2026-05-15 23:01:52]   [tflite]   134685744437712: TensorSpec(shape=(), dtype=tf.resource, name=None)
[2026-05-15 23:01:52]   [tflite]   134685744435792: TensorSpec(shape=(), dtype=tf.resource, name=None)
[2026-05-15 23:01:52]   [tflite]   134685744437904: TensorSpec(shape=(), dtype=tf.resource, name=None)
[2026-05-15 23:01:52]   [tflite]   134685744438288: TensorSpec(shape=(), dtype=tf.resource, name=None)
[2026-05-15 23:01:52]   [tflite]   134685744438096: TensorSpec(shape=(), dtype=tf.resource, name=None)
[2026-05-15 23:01:52]   [tflite]   134685744436944: TensorSpec(shape=(), dtype=tf.resource, name=None)
[2026-05-15 23:01:52]   [tflite]   134685744438480: TensorSpec(shape=(), dtype=tf.resource, name=None)
[2026-05-15 23:01:52]   [tflite]   134685744439248: TensorSpec(shape=(), dtype=tf.resource, name=None)
[2026-05-15 23:01:52]   [tflite]   134685744440592: TensorSpec(shape=(), dtype=tf.resource, name=None)
[2026-05-15 23:01:52]   [tflite]   134685744439632: TensorSpec(shape=(), dtype=tf.resource, name=None)
[2026-05-15 23:01:52]   [tflite]   134685744440016: TensorSpec(shape=(), dtype=tf.resource, name=None)
[2026-05-15 23:01:52]   [tflite]   134685744439440: TensorSpec(shape=(), dtype=tf.resource, name=None)
[2026-05-15 23:01:52]   [tflite]   134685744440976: TensorSpec(shape=(), dtype=tf.resource, name=None)
[2026-05-15 23:01:52]   [tflite]   134685744440784: TensorSpec(shape=(), dtype=tf.resource, name=None)
[2026-05-15 23:01:52]   [tflite]   134685744441744: TensorSpec(shape=(), dtype=tf.resource, name=None)
[2026-05-15 23:01:52]   [tflite]   134685744438672: TensorSpec(shape=(), dtype=tf.resource, name=None)
[2026-05-15 23:01:52]   [tflite]   134685744441168: TensorSpec(shape=(), dtype=tf.resource, name=None)
[2026-05-15 23:01:52]   [tflite]   134685744442128: TensorSpec(shape=(), dtype=tf.resource, name=None)
[2026-05-15 23:01:52]   [tflite]   134685744442320: TensorSpec(shape=(), dtype=tf.resource, name=None)
[2026-05-15 23:01:52]   [tflite]   134685744440400: TensorSpec(shape=(), dtype=tf.resource, name=None)
[2026-05-15 23:01:52]   [tflite]   134685744442896: TensorSpec(shape=(), dtype=tf.resource, name=None)
[2026-05-15 23:01:52]   [tflite]     fp32 OK (829 KB)
[2026-05-15 23:01:52]   [tflite] Saved artifact at '/tmp/tmp3bykm86t'. The following endpoints are available:
[2026-05-15 23:01:52]   [tflite] 
[2026-05-15 23:01:52]   [tflite] * Endpoint 'serve'
[2026-05-15 23:01:52]   [tflite]   args_0 (POSITIONAL_ONLY): TensorSpec(shape=(None, 40, 45), dtype=tf.float32, name='pose_sequence')
[2026-05-15 23:01:52]   [tflite] Output Type:
[2026-05-15 23:01:52]   [tflite]   TensorSpec(shape=(None, 2), dtype=tf.float32, name=None)
[2026-05-15 23:01:52]   [tflite] Captures:
[2026-05-15 23:01:52]   [tflite]   134685744436752: TensorSpec(shape=(), dtype=tf.resource, name=None)
[2026-05-15 23:01:52]   [tflite]   134685744437520: TensorSpec(shape=(), dtype=tf.resource, name=None)
[2026-05-15 23:01:52]   [tflite]   134685744437328: TensorSpec(shape=(), dtype=tf.resource, name=None)
[2026-05-15 23:01:52]   [tflite]   134685744437712: TensorSpec(shape=(), dtype=tf.resource, name=None)
[2026-05-15 23:01:52]   [tflite]   134685744435792: TensorSpec(shape=(), dtype=tf.resource, name=None)
[2026-05-15 23:01:52]   [tflite]   134685744437904: TensorSpec(shape=(), dtype=tf.resource, name=None)
[2026-05-15 23:01:52]   [tflite]   134685744438288: TensorSpec(shape=(), dtype=tf.resource, name=None)
[2026-05-15 23:01:52]   [tflite]   134685744438096: TensorSpec(shape=(), dtype=tf.resource, name=None)
[2026-05-15 23:01:52]   [tflite]   134685744436944: TensorSpec(shape=(), dtype=tf.resource, name=None)
[2026-05-15 23:01:52]   [tflite]   134685744438480: TensorSpec(shape=(), dtype=tf.resource, name=None)
[2026-05-15 23:01:52]   [tflite]   134685744439248: TensorSpec(shape=(), dtype=tf.resource, name=None)
[2026-05-15 23:01:52]   [tflite]   134685744440592: TensorSpec(shape=(), dtype=tf.resource, name=None)
[2026-05-15 23:01:52]   [tflite]   134685744439632: TensorSpec(shape=(), dtype=tf.resource, name=None)
[2026-05-15 23:01:52]   [tflite]   134685744440016: TensorSpec(shape=(), dtype=tf.resource, name=None)
[2026-05-15 23:01:52]   [tflite]   134685744439440: TensorSpec(shape=(), dtype=tf.resource, name=None)
[2026-05-15 23:01:52]   [tflite]   134685744440976: TensorSpec(shape=(), dtype=tf.resource, name=None)
[2026-05-15 23:01:52]   [tflite]   134685744440784: TensorSpec(shape=(), dtype=tf.resource, name=None)
[2026-05-15 23:01:52]   [tflite]   134685744441744: TensorSpec(shape=(), dtype=tf.resource, name=None)
[2026-05-15 23:01:52]   [tflite]   134685744438672: TensorSpec(shape=(), dtype=tf.resource, name=None)
[2026-05-15 23:01:52]   [tflite]   134685744441168: TensorSpec(shape=(), dtype=tf.resource, name=None)
[2026-05-15 23:01:52]   [tflite]   134685744442128: TensorSpec(shape=(), dtype=tf.resource, name=None)
[2026-05-15 23:01:52]   [tflite]   134685744442320: TensorSpec(shape=(), dtype=tf.resource, name=None)
[2026-05-15 23:01:52]   [tflite]   134685744440400: TensorSpec(shape=(), dtype=tf.resource, name=None)
[2026-05-15 23:01:52]   [tflite]   134685744442896: TensorSpec(shape=(), dtype=tf.resource, name=None)
[2026-05-15 23:01:52]   [tflite]     int8 OK (1235 KB)
[2026-05-15 23:01:52]   [tflite] 
[2026-05-15 23:01:52]   [tflite] Done.
/home/min/Workspace/Graduate-Project/Falling-Model-Development/.venv/lib/python3.13/site-packages/tensorflow/lite/python/interpreter.py:457: UserWarning:     Warning: tf.lite.Interpreter is deprecated and is scheduled for deletion in
    TF 2.20. Please use the LiteRT interpreter from the ai_edge_litert package.
    See the [migration guide](https://ai.google.dev/edge/litert/migration)
    for details.
    
  warnings.warn(_INTERPRETER_DELETION_WARNING)
INFO: Created TensorFlow Lite XNNPACK delegate for CPU.
[2026-05-15 23:01:54] done P15-v03 val_f1=0.8823 (video=0.9621) test_f1=0.8873 (video=0.9613) test_min_pr=0.8694 threshold=0.475 min_consecutive=4
