[2026-05-15 22:38:01] === P15-v01: α=0.25 + neg_stride=2 + no hard-neg, kp7 ===
[2026-05-15 22:38:01] START P15-v01
[2026-05-15 22:45:51] OK    P15-v01  test_min_pr=0.8816
[2026-05-15 22:45:51] === P15-v02: α=0.30 + neg_stride=2 + no hard-neg ===
[2026-05-15 22:45:51] START P15-v02
[2026-05-15 22:53:48] OK    P15-v02  test_min_pr=0.8939
[2026-05-15 22:53:48] === P15-v03: α=0.25 + neg_stride=2 + kp12 ===
[2026-05-15 22:53:48] START P15-v03
[2026-05-15 23:01:55] OK    P15-v03  test_min_pr=0.8694
[2026-05-15 23:01:55] === P15-v04: α=0.35 + neg_stride=2 + no hard-neg ===
[2026-05-15 23:01:55] START P15-v04
[2026-05-15 23:09:28] OK    P15-v04  test_min_pr=0.8939
[2026-05-15 23:09:28] === Phase 15 summary ===
[2026-05-15 23:09:28] === Phase 15 summary ===
P15-v01          0.8816   0.9231   0.8816   0.9572   0.9730  0.425   5 
  CM: TN=216 FP=29 FN=18 TP=648
P15-v02          0.8939   0.9319   0.8939   0.9615   0.9760  0.525   4 
  CM: TN=219 FP=26 FN=16 TP=650
P15-v03          0.8694   0.9142   0.8694   0.9528   0.9700  0.475   4 
  CM: TN=213 FP=32 FN=20 TP=646
P15-v04          0.8939   0.9163   0.8939   0.9613   0.9700  0.525   3 
  CM: TN=219 FP=26 FN=20 TP=646
