WARNING: All log messages before absl::InitializeLog() is called are written to STDERR
I0000 00:00:1779449541.410049   67841 cpu_feature_guard.cc:227] This TensorFlow binary is optimized to use available CPU instructions in performance-critical operations.
To enable the following instructions: AVX2 FMA, in other operations, rebuild TensorFlow with the appropriate compiler flags.
[2026-05-22 20:32:22] loading train split=/home/min/Workspace/Graduate-Project/Falling-Model-Development/dataset/splits_v2/train.csv
[2026-05-22 20:32:33] train rows=1,208,593 videos=6,022 features=55 data_scope=all
[2026-05-22 20:32:33] loading val split=/home/min/Workspace/Graduate-Project/Falling-Model-Development/dataset/splits_v2/val.csv
[2026-05-22 20:32:36] val rows=345,348 videos=1,720 features=55 data_scope=all
[2026-05-22 20:32:36] loading test split=/home/min/Workspace/Graduate-Project/Falling-Model-Development/dataset/splits_v2/test.csv
[2026-05-22 20:32:37] test rows=173,653 videos=864 features=55 data_scope=all
[2026-05-22 20:32:46] train windows=153,339 positive=56,331 videos=6,022
[2026-05-22 20:32:50] val windows=71,606 positive=15,589 videos=1,720
[2026-05-22 20:32:52] test windows=35,988 positive=7,892 videos=864
I0000 00:00:1779449577.131095   67841 gpu_device.cc:2043] Created device /job:localhost/replica:0/task:0/device:GPU:0 with 6623 MB memory:  -> device: 0, name: NVIDIA GeForce RTX 2060 SUPER, pci bus id: 0000:05:00.0, compute capability: 7.5
[2026-05-22 20:32:57] model Model: "A-all-w40_gru"
┏━━━━━━━━━━━━━━━━━━━━━━━━━━━━━━━━━┳━━━━━━━━━━━━━━━━━━━━━━━━┳━━━━━━━━━━━━━━━┓
┃ Layer (type)                    ┃ Output Shape           ┃       Param # ┃
┡━━━━━━━━━━━━━━━━━━━━━━━━━━━━━━━━━╇━━━━━━━━━━━━━━━━━━━━━━━━╇━━━━━━━━━━━━━━━┩
│ pose_sequence (InputLayer)      │ (None, 40, 55)         │             0 │
├─────────────────────────────────┼────────────────────────┼───────────────┤
│ gru_1 (GRU)                     │ (None, 40, 128)        │        71,040 │
├─────────────────────────────────┼────────────────────────┼───────────────┤
│ ln_1 (LayerNormalization)       │ (None, 40, 128)        │           256 │
├─────────────────────────────────┼────────────────────────┼───────────────┤
│ gru_2 (GRU)                     │ (None, 64)             │        37,248 │
├─────────────────────────────────┼────────────────────────┼───────────────┤
│ head_dense (Dense)              │ (None, 64)             │         4,160 │
├─────────────────────────────────┼────────────────────────┼───────────────┤
│ head_drop (Dropout)             │ (None, 64)             │             0 │
├─────────────────────────────────┼────────────────────────┼───────────────┤
│ classifier (Dense)              │ (None, 2)              │           130 │
└─────────────────────────────────┴────────────────────────┴───────────────┘
 Total params: 112,834 (440.76 KB)
 Trainable params: 112,834 (440.76 KB)
 Non-trainable params: 0 (0.00 B)

I0000 00:00:1779449584.899504   68042 cuda_dnn.cc:461] Loaded cuDNN version 92200
[2026-05-22 20:33:20] epoch 1/100 accuracy=0.7362 loss=0.0570 val_accuracy=0.8674 val_loss=0.0459 learning_rate=0.0010
[2026-05-22 20:33:34] epoch 2/100 accuracy=0.7936 loss=0.0488 val_accuracy=0.8823 val_loss=0.0431 learning_rate=0.0010
[2026-05-22 20:33:49] epoch 3/100 accuracy=0.8059 loss=0.0467 val_accuracy=0.8905 val_loss=0.0447 learning_rate=0.0010
[2026-05-22 20:34:03] epoch 4/100 accuracy=0.8152 loss=0.0452 val_accuracy=0.8977 val_loss=0.0425 learning_rate=0.0010
[2026-05-22 20:34:17] epoch 5/100 accuracy=0.8218 loss=0.0438 val_accuracy=0.8992 val_loss=0.0381 learning_rate=0.0010
[2026-05-22 20:34:31] epoch 6/100 accuracy=0.8232 loss=0.0434 val_accuracy=0.8982 val_loss=0.0359 learning_rate=0.0010
[2026-05-22 20:34:45] epoch 7/100 accuracy=0.8276 loss=0.0425 val_accuracy=0.9002 val_loss=0.0333 learning_rate=0.0010
[2026-05-22 20:35:00] epoch 8/100 accuracy=0.8312 loss=0.0419 val_accuracy=0.9038 val_loss=0.0352 learning_rate=0.0010
[2026-05-22 20:35:14] epoch 9/100 accuracy=0.8329 loss=0.0413 val_accuracy=0.9030 val_loss=0.0353 learning_rate=0.0010
[2026-05-22 20:35:28] epoch 10/100 accuracy=0.8349 loss=0.0411 val_accuracy=0.9028 val_loss=0.0293 learning_rate=0.0010
[2026-05-22 20:35:42] epoch 11/100 accuracy=0.8371 loss=0.0405 val_accuracy=0.9016 val_loss=0.0369 learning_rate=0.0010
[2026-05-22 20:35:57] epoch 12/100 accuracy=0.8390 loss=0.0403 val_accuracy=0.9075 val_loss=0.0344 learning_rate=0.0010
[2026-05-22 20:36:11] epoch 13/100 accuracy=0.8406 loss=0.0399 val_accuracy=0.9060 val_loss=0.0321 learning_rate=0.0010
[2026-05-22 20:36:25] epoch 14/100 accuracy=0.8465 loss=0.0387 val_accuracy=0.9056 val_loss=0.0329 learning_rate=0.0005
[2026-05-22 20:36:39] epoch 15/100 accuracy=0.8485 loss=0.0383 val_accuracy=0.9081 val_loss=0.0357 learning_rate=0.0005
[2026-05-22 20:36:53] epoch 16/100 accuracy=0.8478 loss=0.0383 val_accuracy=0.9058 val_loss=0.0348 learning_rate=0.0005
[2026-05-22 20:37:08] epoch 17/100 accuracy=0.8512 loss=0.0376 val_accuracy=0.9088 val_loss=0.0323 learning_rate=0.0003
[2026-05-22 20:37:22] epoch 18/100 accuracy=0.8522 loss=0.0373 val_accuracy=0.9079 val_loss=0.0338 learning_rate=0.0003
[2026-05-22 20:37:36] epoch 19/100 accuracy=0.8528 loss=0.0372 val_accuracy=0.9063 val_loss=0.0351 learning_rate=0.0003
[2026-05-22 20:37:51] epoch 20/100 accuracy=0.8546 loss=0.0368 val_accuracy=0.9065 val_loss=0.0339 learning_rate=0.0001
[2026-05-22 20:38:05] epoch 21/100 accuracy=0.8549 loss=0.0367 val_accuracy=0.9068 val_loss=0.0346 learning_rate=0.0001
[2026-05-22 20:38:19] epoch 22/100 accuracy=0.8552 loss=0.0367 val_accuracy=0.9077 val_loss=0.0339 learning_rate=0.0001
[2026-05-22 20:38:33] epoch 23/100 accuracy=0.8562 loss=0.0365 val_accuracy=0.9080 val_loss=0.0339 learning_rate=0.0001
[2026-05-22 20:38:48] epoch 24/100 accuracy=0.8561 loss=0.0365 val_accuracy=0.9062 val_loss=0.0345 learning_rate=0.0001
[2026-05-22 20:39:02] epoch 25/100 accuracy=0.8560 loss=0.0364 val_accuracy=0.9071 val_loss=0.0336 learning_rate=0.0001
[2026-05-22 20:39:30] video-level val: videos=1720 f1=0.8977 fall_recall=0.9002 nfall_recall=0.8256 fall_prec=0.8952 nfall_prec=0.8333 min_pr=0.8256 min_consecutive=3
[2026-05-22 20:39:31] event-level val: videos=1720 f1=0.8831 fall_recall=0.8741 nfall_recall=0.8256 fall_prec=0.8924 nfall_prec=0.7985 min_pr=0.7985 tolerance_windows=2
[2026-05-22 20:39:31] video-level test: videos=864 f1=0.8779 fall_recall=0.8728 nfall_recall=0.8261 fall_prec=0.8830 nfall_prec=0.8120 min_pr=0.8120 min_consecutive=3
[2026-05-22 20:39:31] event-level test: videos=864 f1=0.8680 fall_recall=0.8555 nfall_recall=0.8261 fall_prec=0.8810 nfall_prec=0.7917 min_pr=0.7917 tolerance_windows=2
[2026-05-22 20:39:32] === VAL VIDEO-LEVEL REPORT ===
              precision    recall  f1-score   support

           0     0.8333    0.8256    0.8295       648
           1     0.8952    0.9002    0.8977      1072

    accuracy                         0.8721      1720
   macro avg     0.8643    0.8629    0.8636      1720
weighted avg     0.8719    0.8721    0.8720      1720

[2026-05-22 20:39:32] === TEST VIDEO-LEVEL REPORT ===
              precision    recall  f1-score   support

           0     0.8120    0.8261    0.8190       345
           1     0.8830    0.8728    0.8779       519

    accuracy                         0.8542       864
   macro avg     0.8475    0.8495    0.8484       864
weighted avg     0.8547    0.8542    0.8544       864

[2026-05-22 20:39:42] tflite export subprocess exit=0
[2026-05-22 20:39:42]   [tflite] [A-all-w40]
[2026-05-22 20:39:42]   [tflite]   Loading model.keras ...
[2026-05-22 20:39:42]   [tflite]     rebuilding with unroll=True for TFLite compatibility
[2026-05-22 20:39:42]   [tflite] Saved artifact at '/tmp/tmpksinpli3'. The following endpoints are available:
[2026-05-22 20:39:42]   [tflite] 
[2026-05-22 20:39:42]   [tflite] * Endpoint 'serve'
[2026-05-22 20:39:42]   [tflite]   args_0 (POSITIONAL_ONLY): TensorSpec(shape=(None, 40, 55), dtype=tf.float32, name='pose_sequence')
[2026-05-22 20:39:42]   [tflite] Output Type:
[2026-05-22 20:39:42]   [tflite]   TensorSpec(shape=(None, 2), dtype=tf.float32, name=None)
[2026-05-22 20:39:42]   [tflite] Captures:
[2026-05-22 20:39:42]   [tflite]   124426552770832: TensorSpec(shape=(), dtype=tf.resource, name=None)
[2026-05-22 20:39:42]   [tflite]   124426552773904: TensorSpec(shape=(), dtype=tf.resource, name=None)
[2026-05-22 20:39:42]   [tflite]   124426552771024: TensorSpec(shape=(), dtype=tf.resource, name=None)
[2026-05-22 20:39:42]   [tflite]   124426552773328: TensorSpec(shape=(), dtype=tf.resource, name=None)
[2026-05-22 20:39:42]   [tflite]   124426552774096: TensorSpec(shape=(), dtype=tf.resource, name=None)
[2026-05-22 20:39:42]   [tflite]   124426552773712: TensorSpec(shape=(), dtype=tf.resource, name=None)
[2026-05-22 20:39:42]   [tflite]   124426552774288: TensorSpec(shape=(), dtype=tf.resource, name=None)
[2026-05-22 20:39:42]   [tflite]   124426552775248: TensorSpec(shape=(), dtype=tf.resource, name=None)
[2026-05-22 20:39:42]   [tflite]   124426552773136: TensorSpec(shape=(), dtype=tf.resource, name=None)
[2026-05-22 20:39:42]   [tflite]   124426552774672: TensorSpec(shape=(), dtype=tf.resource, name=None)
[2026-05-22 20:39:42]   [tflite]   124426552775632: TensorSpec(shape=(), dtype=tf.resource, name=None)
[2026-05-22 20:39:42]   [tflite]   124426552775824: TensorSpec(shape=(), dtype=tf.resource, name=None)
[2026-05-22 20:39:42]   [tflite]   124426552773520: TensorSpec(shape=(), dtype=tf.resource, name=None)
[2026-05-22 20:39:42]   [tflite]   124426552776400: TensorSpec(shape=(), dtype=tf.resource, name=None)
[2026-05-22 20:39:42]   [tflite]     fp32 OK (711 KB)
[2026-05-22 20:39:42]   [tflite] Saved artifact at '/tmp/tmp66t4y84_'. The following endpoints are available:
[2026-05-22 20:39:42]   [tflite] 
[2026-05-22 20:39:42]   [tflite] * Endpoint 'serve'
[2026-05-22 20:39:42]   [tflite]   args_0 (POSITIONAL_ONLY): TensorSpec(shape=(None, 40, 55), dtype=tf.float32, name='pose_sequence')
[2026-05-22 20:39:42]   [tflite] Output Type:
[2026-05-22 20:39:42]   [tflite]   TensorSpec(shape=(None, 2), dtype=tf.float32, name=None)
[2026-05-22 20:39:42]   [tflite] Captures:
[2026-05-22 20:39:42]   [tflite]   124426552770832: TensorSpec(shape=(), dtype=tf.resource, name=None)
[2026-05-22 20:39:42]   [tflite]   124426552773904: TensorSpec(shape=(), dtype=tf.resource, name=None)
[2026-05-22 20:39:42]   [tflite]   124426552771024: TensorSpec(shape=(), dtype=tf.resource, name=None)
[2026-05-22 20:39:42]   [tflite]   124426552773328: TensorSpec(shape=(), dtype=tf.resource, name=None)
[2026-05-22 20:39:42]   [tflite]   124426552774096: TensorSpec(shape=(), dtype=tf.resource, name=None)
[2026-05-22 20:39:42]   [tflite]   124426552773712: TensorSpec(shape=(), dtype=tf.resource, name=None)
[2026-05-22 20:39:42]   [tflite]   124426552774288: TensorSpec(shape=(), dtype=tf.resource, name=None)
[2026-05-22 20:39:42]   [tflite]   124426552775248: TensorSpec(shape=(), dtype=tf.resource, name=None)
[2026-05-22 20:39:42]   [tflite]   124426552773136: TensorSpec(shape=(), dtype=tf.resource, name=None)
[2026-05-22 20:39:42]   [tflite]   124426552774672: TensorSpec(shape=(), dtype=tf.resource, name=None)
[2026-05-22 20:39:42]   [tflite]   124426552775632: TensorSpec(shape=(), dtype=tf.resource, name=None)
[2026-05-22 20:39:42]   [tflite]   124426552775824: TensorSpec(shape=(), dtype=tf.resource, name=None)
[2026-05-22 20:39:42]   [tflite]   124426552773520: TensorSpec(shape=(), dtype=tf.resource, name=None)
[2026-05-22 20:39:42]   [tflite]   124426552776400: TensorSpec(shape=(), dtype=tf.resource, name=None)
[2026-05-22 20:39:42]   [tflite]     int8 OK (1204 KB)
[2026-05-22 20:39:42]   [tflite] 
[2026-05-22 20:39:42]   [tflite] Done.
/home/min/Workspace/Graduate-Project/Falling-Model-Development/.venv/lib/python3.13/site-packages/tensorflow/lite/python/interpreter.py:457: UserWarning:     Warning: tf.lite.Interpreter is deprecated and is scheduled for deletion in
    TF 2.20. Please use the LiteRT interpreter from the ai_edge_litert package.
    See the [migration guide](https://ai.google.dev/edge/litert/migration)
    for details.
    
  warnings.warn(_INTERPRETER_DELETION_WARNING)
INFO: Created TensorFlow Lite XNNPACK delegate for CPU.
[2026-05-22 20:39:43] done A-all-w40 val_f1=0.7504 (video=0.8977) test_f1=0.7439 (video=0.8779) test_min_pr=0.8120 threshold=0.400 min_consecutive=3
