WARNING: All log messages before absl::InitializeLog() is called are written to STDERR
I0000 00:00:1779448471.828194   60491 cpu_feature_guard.cc:227] This TensorFlow binary is optimized to use available CPU instructions in performance-critical operations.
To enable the following instructions: AVX2 FMA, in other operations, rebuild TensorFlow with the appropriate compiler flags.
[2026-05-22 20:14:33] loading train split=/home/min/Workspace/Graduate-Project/Falling-Model-Development/dataset/splits_v2/train.csv
[2026-05-22 20:14:43] train rows=1,208,593 videos=6,022 features=43 data_scope=all
[2026-05-22 20:14:43] loading val split=/home/min/Workspace/Graduate-Project/Falling-Model-Development/dataset/splits_v2/val.csv
[2026-05-22 20:14:46] val rows=345,348 videos=1,720 features=43 data_scope=all
[2026-05-22 20:14:46] loading test split=/home/min/Workspace/Graduate-Project/Falling-Model-Development/dataset/splits_v2/test.csv
[2026-05-22 20:14:47] test rows=173,653 videos=864 features=43 data_scope=all
[2026-05-22 20:14:57] train windows=183,690 positive=56,835 videos=6,022
[2026-05-22 20:15:01] val windows=88,806 positive=15,691 videos=1,720
[2026-05-22 20:15:03] test windows=44,628 positive=7,936 videos=864
I0000 00:00:1779448507.085270   60491 gpu_device.cc:2043] Created device /job:localhost/replica:0/task:0/device:GPU:0 with 6623 MB memory:  -> device: 0, name: NVIDIA GeForce RTX 2060 SUPER, pci bus id: 0000:05:00.0, compute capability: 7.5
[2026-05-22 20:15:07] model Model: "A-kp12-w30_gru"
┏━━━━━━━━━━━━━━━━━━━━━━━━━━━━━━━━━┳━━━━━━━━━━━━━━━━━━━━━━━━┳━━━━━━━━━━━━━━━┓
┃ Layer (type)                    ┃ Output Shape           ┃       Param # ┃
┡━━━━━━━━━━━━━━━━━━━━━━━━━━━━━━━━━╇━━━━━━━━━━━━━━━━━━━━━━━━╇━━━━━━━━━━━━━━━┩
│ pose_sequence (InputLayer)      │ (None, 30, 43)         │             0 │
├─────────────────────────────────┼────────────────────────┼───────────────┤
│ gru_1 (GRU)                     │ (None, 30, 128)        │        66,432 │
├─────────────────────────────────┼────────────────────────┼───────────────┤
│ ln_1 (LayerNormalization)       │ (None, 30, 128)        │           256 │
├─────────────────────────────────┼────────────────────────┼───────────────┤
│ gru_2 (GRU)                     │ (None, 64)             │        37,248 │
├─────────────────────────────────┼────────────────────────┼───────────────┤
│ head_dense (Dense)              │ (None, 64)             │         4,160 │
├─────────────────────────────────┼────────────────────────┼───────────────┤
│ head_drop (Dropout)             │ (None, 64)             │             0 │
├─────────────────────────────────┼────────────────────────┼───────────────┤
│ classifier (Dense)              │ (None, 2)              │           130 │
└─────────────────────────────────┴────────────────────────┴───────────────┘
 Total params: 108,226 (422.76 KB)
 Trainable params: 108,226 (422.76 KB)
 Non-trainable params: 0 (0.00 B)

I0000 00:00:1779448513.631804   60692 cuda_dnn.cc:461] Loaded cuDNN version 92200
[2026-05-22 20:15:30] epoch 1/100 accuracy=0.7824 loss=0.0564 val_accuracy=0.8955 val_loss=0.0371 learning_rate=0.0010
[2026-05-22 20:15:46] epoch 2/100 accuracy=0.8249 loss=0.0486 val_accuracy=0.9033 val_loss=0.0395 learning_rate=0.0010
[2026-05-22 20:16:02] epoch 3/100 accuracy=0.8359 loss=0.0461 val_accuracy=0.9064 val_loss=0.0413 learning_rate=0.0010
[2026-05-22 20:16:18] epoch 4/100 accuracy=0.8424 loss=0.0448 val_accuracy=0.9099 val_loss=0.0331 learning_rate=0.0010
[2026-05-22 20:16:34] epoch 5/100 accuracy=0.8466 loss=0.0437 val_accuracy=0.9110 val_loss=0.0300 learning_rate=0.0010
[2026-05-22 20:16:50] epoch 6/100 accuracy=0.8499 loss=0.0429 val_accuracy=0.9119 val_loss=0.0322 learning_rate=0.0010
[2026-05-22 20:17:06] epoch 7/100 accuracy=0.8516 loss=0.0424 val_accuracy=0.9160 val_loss=0.0358 learning_rate=0.0010
[2026-05-22 20:17:22] epoch 8/100 accuracy=0.8536 loss=0.0418 val_accuracy=0.9166 val_loss=0.0356 learning_rate=0.0010
[2026-05-22 20:17:38] epoch 9/100 accuracy=0.8591 loss=0.0404 val_accuracy=0.9189 val_loss=0.0338 learning_rate=0.0005
[2026-05-22 20:17:53] epoch 10/100 accuracy=0.8601 loss=0.0401 val_accuracy=0.9176 val_loss=0.0336 learning_rate=0.0005
[2026-05-22 20:18:10] epoch 11/100 accuracy=0.8620 loss=0.0398 val_accuracy=0.9197 val_loss=0.0324 learning_rate=0.0005
[2026-05-22 20:18:26] epoch 12/100 accuracy=0.8642 loss=0.0392 val_accuracy=0.9199 val_loss=0.0317 learning_rate=0.0003
[2026-05-22 20:18:41] epoch 13/100 accuracy=0.8652 loss=0.0391 val_accuracy=0.9216 val_loss=0.0296 learning_rate=0.0003
[2026-05-22 20:18:57] epoch 14/100 accuracy=0.8664 loss=0.0388 val_accuracy=0.9174 val_loss=0.0340 learning_rate=0.0003
[2026-05-22 20:19:13] epoch 15/100 accuracy=0.8673 loss=0.0386 val_accuracy=0.9184 val_loss=0.0336 learning_rate=0.0003
[2026-05-22 20:19:29] epoch 16/100 accuracy=0.8678 loss=0.0384 val_accuracy=0.9209 val_loss=0.0320 learning_rate=0.0003
[2026-05-22 20:19:44] epoch 17/100 accuracy=0.8679 loss=0.0382 val_accuracy=0.9204 val_loss=0.0309 learning_rate=0.0001
[2026-05-22 20:20:00] epoch 18/100 accuracy=0.8693 loss=0.0380 val_accuracy=0.9202 val_loss=0.0316 learning_rate=0.0001
[2026-05-22 20:20:17] epoch 19/100 accuracy=0.8697 loss=0.0379 val_accuracy=0.9208 val_loss=0.0309 learning_rate=0.0001
[2026-05-22 20:20:32] epoch 20/100 accuracy=0.8706 loss=0.0378 val_accuracy=0.9199 val_loss=0.0306 learning_rate=0.0001
[2026-05-22 20:20:48] epoch 21/100 accuracy=0.8698 loss=0.0378 val_accuracy=0.9206 val_loss=0.0308 learning_rate=0.0001
[2026-05-22 20:21:04] epoch 22/100 accuracy=0.8699 loss=0.0378 val_accuracy=0.9202 val_loss=0.0306 learning_rate=0.0001
[2026-05-22 20:21:20] epoch 23/100 accuracy=0.8701 loss=0.0376 val_accuracy=0.9204 val_loss=0.0313 learning_rate=0.0000
[2026-05-22 20:21:36] epoch 24/100 accuracy=0.8711 loss=0.0376 val_accuracy=0.9201 val_loss=0.0299 learning_rate=0.0000
[2026-05-22 20:21:51] epoch 25/100 accuracy=0.8714 loss=0.0374 val_accuracy=0.9196 val_loss=0.0307 learning_rate=0.0000
[2026-05-22 20:22:07] epoch 26/100 accuracy=0.8715 loss=0.0375 val_accuracy=0.9207 val_loss=0.0302 learning_rate=0.0000
[2026-05-22 20:22:23] epoch 27/100 accuracy=0.8710 loss=0.0374 val_accuracy=0.9202 val_loss=0.0303 learning_rate=0.0000
[2026-05-22 20:22:39] epoch 28/100 accuracy=0.8712 loss=0.0375 val_accuracy=0.9197 val_loss=0.0306 learning_rate=0.0000
[2026-05-22 20:23:09] video-level val: videos=1720 f1=0.9009 fall_recall=0.8993 nfall_recall=0.8395 fall_prec=0.9026 nfall_prec=0.8344 min_pr=0.8344 min_consecutive=1
[2026-05-22 20:23:10] event-level val: videos=1720 f1=0.8853 fall_recall=0.8713 nfall_recall=0.8395 fall_prec=0.8998 nfall_prec=0.7977 min_pr=0.7977 tolerance_windows=2
[2026-05-22 20:23:10] video-level test: videos=864 f1=0.8786 fall_recall=0.8786 nfall_recall=0.8174 fall_prec=0.8786 nfall_prec=0.8174 min_pr=0.8174 min_consecutive=1
[2026-05-22 20:23:11] event-level test: videos=864 f1=0.8655 fall_recall=0.8555 nfall_recall=0.8174 fall_prec=0.8757 nfall_prec=0.7899 min_pr=0.7899 tolerance_windows=2
[2026-05-22 20:23:11] === VAL VIDEO-LEVEL REPORT ===
              precision    recall  f1-score   support

           0     0.8344    0.8395    0.8369       648
           1     0.9026    0.8993    0.9009      1072

    accuracy                         0.8767      1720
   macro avg     0.8685    0.8694    0.8689      1720
weighted avg     0.8769    0.8767    0.8768      1720

[2026-05-22 20:23:11] === TEST VIDEO-LEVEL REPORT ===
              precision    recall  f1-score   support

           0     0.8174    0.8174    0.8174       345
           1     0.8786    0.8786    0.8786       519

    accuracy                         0.8542       864
   macro avg     0.8480    0.8480    0.8480       864
weighted avg     0.8542    0.8542    0.8542       864

[2026-05-22 20:23:19] tflite export subprocess exit=0
[2026-05-22 20:23:19]   [tflite] [A-kp12-w30]
[2026-05-22 20:23:19]   [tflite]   Loading model.keras ...
[2026-05-22 20:23:19]   [tflite]     rebuilding with unroll=True for TFLite compatibility
[2026-05-22 20:23:19]   [tflite] Saved artifact at '/tmp/tmpkfq7jkua'. The following endpoints are available:
[2026-05-22 20:23:19]   [tflite] 
[2026-05-22 20:23:19]   [tflite] * Endpoint 'serve'
[2026-05-22 20:23:19]   [tflite]   args_0 (POSITIONAL_ONLY): TensorSpec(shape=(None, 30, 43), dtype=tf.float32, name='pose_sequence')
[2026-05-22 20:23:19]   [tflite] Output Type:
[2026-05-22 20:23:19]   [tflite]   TensorSpec(shape=(None, 2), dtype=tf.float32, name=None)
[2026-05-22 20:23:19]   [tflite] Captures:
[2026-05-22 20:23:19]   [tflite]   137391643558160: TensorSpec(shape=(), dtype=tf.resource, name=None)
[2026-05-22 20:23:19]   [tflite]   137391643561232: TensorSpec(shape=(), dtype=tf.resource, name=None)
[2026-05-22 20:23:19]   [tflite]   137391643558352: TensorSpec(shape=(), dtype=tf.resource, name=None)
[2026-05-22 20:23:19]   [tflite]   137391643560656: TensorSpec(shape=(), dtype=tf.resource, name=None)
[2026-05-22 20:23:19]   [tflite]   137391643561424: TensorSpec(shape=(), dtype=tf.resource, name=None)
[2026-05-22 20:23:19]   [tflite]   137391643561040: TensorSpec(shape=(), dtype=tf.resource, name=None)
[2026-05-22 20:23:19]   [tflite]   137391643561616: TensorSpec(shape=(), dtype=tf.resource, name=None)
[2026-05-22 20:23:19]   [tflite]   137391643562576: TensorSpec(shape=(), dtype=tf.resource, name=None)
[2026-05-22 20:23:19]   [tflite]   137391643560464: TensorSpec(shape=(), dtype=tf.resource, name=None)
[2026-05-22 20:23:19]   [tflite]   137391643562000: TensorSpec(shape=(), dtype=tf.resource, name=None)
[2026-05-22 20:23:19]   [tflite]   137391643562960: TensorSpec(shape=(), dtype=tf.resource, name=None)
[2026-05-22 20:23:19]   [tflite]   137391643563152: TensorSpec(shape=(), dtype=tf.resource, name=None)
[2026-05-22 20:23:19]   [tflite]   137391643560848: TensorSpec(shape=(), dtype=tf.resource, name=None)
[2026-05-22 20:23:19]   [tflite]   137391643563728: TensorSpec(shape=(), dtype=tf.resource, name=None)
[2026-05-22 20:23:19]   [tflite]     fp32 OK (629 KB)
[2026-05-22 20:23:19]   [tflite] Saved artifact at '/tmp/tmph2fvovmu'. The following endpoints are available:
[2026-05-22 20:23:19]   [tflite] 
[2026-05-22 20:23:19]   [tflite] * Endpoint 'serve'
[2026-05-22 20:23:19]   [tflite]   args_0 (POSITIONAL_ONLY): TensorSpec(shape=(None, 30, 43), dtype=tf.float32, name='pose_sequence')
[2026-05-22 20:23:19]   [tflite] Output Type:
[2026-05-22 20:23:19]   [tflite]   TensorSpec(shape=(None, 2), dtype=tf.float32, name=None)
[2026-05-22 20:23:19]   [tflite] Captures:
[2026-05-22 20:23:19]   [tflite]   137391643558160: TensorSpec(shape=(), dtype=tf.resource, name=None)
[2026-05-22 20:23:19]   [tflite]   137391643561232: TensorSpec(shape=(), dtype=tf.resource, name=None)
[2026-05-22 20:23:19]   [tflite]   137391643558352: TensorSpec(shape=(), dtype=tf.resource, name=None)
[2026-05-22 20:23:19]   [tflite]   137391643560656: TensorSpec(shape=(), dtype=tf.resource, name=None)
[2026-05-22 20:23:19]   [tflite]   137391643561424: TensorSpec(shape=(), dtype=tf.resource, name=None)
[2026-05-22 20:23:19]   [tflite]   137391643561040: TensorSpec(shape=(), dtype=tf.resource, name=None)
[2026-05-22 20:23:19]   [tflite]   137391643561616: TensorSpec(shape=(), dtype=tf.resource, name=None)
[2026-05-22 20:23:19]   [tflite]   137391643562576: TensorSpec(shape=(), dtype=tf.resource, name=None)
[2026-05-22 20:23:19]   [tflite]   137391643560464: TensorSpec(shape=(), dtype=tf.resource, name=None)
[2026-05-22 20:23:19]   [tflite]   137391643562000: TensorSpec(shape=(), dtype=tf.resource, name=None)
[2026-05-22 20:23:19]   [tflite]   137391643562960: TensorSpec(shape=(), dtype=tf.resource, name=None)
[2026-05-22 20:23:19]   [tflite]   137391643563152: TensorSpec(shape=(), dtype=tf.resource, name=None)
[2026-05-22 20:23:19]   [tflite]   137391643560848: TensorSpec(shape=(), dtype=tf.resource, name=None)
[2026-05-22 20:23:19]   [tflite]   137391643563728: TensorSpec(shape=(), dtype=tf.resource, name=None)
[2026-05-22 20:23:19]   [tflite]     int8 OK (939 KB)
[2026-05-22 20:23:19]   [tflite] 
[2026-05-22 20:23:19]   [tflite] Done.
/home/min/Workspace/Graduate-Project/Falling-Model-Development/.venv/lib/python3.13/site-packages/tensorflow/lite/python/interpreter.py:457: UserWarning:     Warning: tf.lite.Interpreter is deprecated and is scheduled for deletion in
    TF 2.20. Please use the LiteRT interpreter from the ai_edge_litert package.
    See the [migration guide](https://ai.google.dev/edge/litert/migration)
    for details.
    
  warnings.warn(_INTERPRETER_DELETION_WARNING)
INFO: Created TensorFlow Lite XNNPACK delegate for CPU.
[2026-05-22 20:23:21] done A-kp12-w30 val_f1=0.7483 (video=0.9009) test_f1=0.7312 (video=0.8786) test_min_pr=0.8174 threshold=0.500 min_consecutive=1
