WARNING: All log messages before absl::InitializeLog() is called are written to STDERR
I0000 00:00:1779456112.847366  115622 cpu_feature_guard.cc:227] This TensorFlow binary is optimized to use available CPU instructions in performance-critical operations.
To enable the following instructions: AVX2 FMA, in other operations, rebuild TensorFlow with the appropriate compiler flags.
[2026-05-22 22:21:54] loading train split=/home/min/Workspace/Graduate-Project/Falling-Model-Development/dataset/splits_v2_filtered/train.csv
[2026-05-22 22:22:06] train rows=1,208,593 videos=6,022 features=45 data_scope=all
[2026-05-22 22:22:06] loading val split=/home/min/Workspace/Graduate-Project/Falling-Model-Development/dataset/splits_v2_filtered/val.csv
[2026-05-22 22:22:09] val rows=345,348 videos=1,720 features=45 data_scope=all
[2026-05-22 22:22:09] loading test split=/home/min/Workspace/Graduate-Project/Falling-Model-Development/dataset/splits_v2_filtered/test.csv
[2026-05-22 22:22:11] test rows=173,653 videos=864 features=45 data_scope=all
[2026-05-22 22:22:20] train windows=153,339 positive=56,331 videos=6,022
[2026-05-22 22:22:23] val windows=71,606 positive=15,589 videos=1,720
[2026-05-22 22:22:25] test windows=35,988 positive=7,892 videos=864
I0000 00:00:1779456149.365487  115622 gpu_device.cc:2043] Created device /job:localhost/replica:0/task:0/device:GPU:0 with 6623 MB memory:  -> device: 0, name: NVIDIA GeForce RTX 2060 SUPER, pci bus id: 0000:05:00.0, compute capability: 7.5
[2026-05-22 22:22:29] model Model: "D-kp12-w40_gru"
┏━━━━━━━━━━━━━━━━━━━━━━━━━━━━━━━━━┳━━━━━━━━━━━━━━━━━━━━━━━━┳━━━━━━━━━━━━━━━┓
┃ Layer (type)                    ┃ Output Shape           ┃       Param # ┃
┡━━━━━━━━━━━━━━━━━━━━━━━━━━━━━━━━━╇━━━━━━━━━━━━━━━━━━━━━━━━╇━━━━━━━━━━━━━━━┩
│ pose_sequence (InputLayer)      │ (None, 40, 45)         │             0 │
├─────────────────────────────────┼────────────────────────┼───────────────┤
│ gru_1 (GRU)                     │ (None, 40, 128)        │        67,200 │
├─────────────────────────────────┼────────────────────────┼───────────────┤
│ ln_1 (LayerNormalization)       │ (None, 40, 128)        │           256 │
├─────────────────────────────────┼────────────────────────┼───────────────┤
│ gru_2 (GRU)                     │ (None, 64)             │        37,248 │
├─────────────────────────────────┼────────────────────────┼───────────────┤
│ head_dense (Dense)              │ (None, 64)             │         4,160 │
├─────────────────────────────────┼────────────────────────┼───────────────┤
│ head_drop (Dropout)             │ (None, 64)             │             0 │
├─────────────────────────────────┼────────────────────────┼───────────────┤
│ classifier (Dense)              │ (None, 2)              │           130 │
└─────────────────────────────────┴────────────────────────┴───────────────┘
 Total params: 108,994 (425.76 KB)
 Trainable params: 108,994 (425.76 KB)
 Non-trainable params: 0 (0.00 B)

I0000 00:00:1779456156.330019  115715 cuda_dnn.cc:461] Loaded cuDNN version 92200
[2026-05-22 22:22:52] epoch 1/100 accuracy=0.7671 loss=0.0536 val_accuracy=0.8844 val_loss=0.0351 learning_rate=0.0010
[2026-05-22 22:23:06] epoch 2/100 accuracy=0.8215 loss=0.0452 val_accuracy=0.8974 val_loss=0.0347 learning_rate=0.0010
[2026-05-22 22:23:20] epoch 3/100 accuracy=0.8329 loss=0.0427 val_accuracy=0.9052 val_loss=0.0361 learning_rate=0.0010
[2026-05-22 22:23:34] epoch 4/100 accuracy=0.8413 loss=0.0413 val_accuracy=0.9089 val_loss=0.0324 learning_rate=0.0010
[2026-05-22 22:23:48] epoch 5/100 accuracy=0.8450 loss=0.0404 val_accuracy=0.9110 val_loss=0.0355 learning_rate=0.0010
[2026-05-22 22:24:03] epoch 6/100 accuracy=0.8472 loss=0.0397 val_accuracy=0.9137 val_loss=0.0361 learning_rate=0.0010
[2026-05-22 22:24:17] epoch 7/100 accuracy=0.8518 loss=0.0389 val_accuracy=0.9142 val_loss=0.0281 learning_rate=0.0010
[2026-05-22 22:24:31] epoch 8/100 accuracy=0.8531 loss=0.0383 val_accuracy=0.9150 val_loss=0.0340 learning_rate=0.0010
[2026-05-22 22:24:45] epoch 9/100 accuracy=0.8561 loss=0.0376 val_accuracy=0.9152 val_loss=0.0274 learning_rate=0.0010
[2026-05-22 22:25:00] epoch 10/100 accuracy=0.8578 loss=0.0374 val_accuracy=0.9128 val_loss=0.0269 learning_rate=0.0010
[2026-05-22 22:25:14] epoch 11/100 accuracy=0.8589 loss=0.0369 val_accuracy=0.9186 val_loss=0.0286 learning_rate=0.0010
[2026-05-22 22:25:28] epoch 12/100 accuracy=0.8604 loss=0.0365 val_accuracy=0.9177 val_loss=0.0273 learning_rate=0.0010
[2026-05-22 22:25:42] epoch 13/100 accuracy=0.8627 loss=0.0360 val_accuracy=0.9105 val_loss=0.0304 learning_rate=0.0010
[2026-05-22 22:25:56] epoch 14/100 accuracy=0.8689 loss=0.0347 val_accuracy=0.9138 val_loss=0.0282 learning_rate=0.0005
[2026-05-22 22:26:11] epoch 15/100 accuracy=0.8716 loss=0.0341 val_accuracy=0.9179 val_loss=0.0306 learning_rate=0.0005
[2026-05-22 22:26:25] epoch 16/100 accuracy=0.8708 loss=0.0340 val_accuracy=0.9147 val_loss=0.0291 learning_rate=0.0005
[2026-05-22 22:26:39] epoch 17/100 accuracy=0.8731 loss=0.0333 val_accuracy=0.9182 val_loss=0.0269 learning_rate=0.0003
[2026-05-22 22:26:53] epoch 18/100 accuracy=0.8755 loss=0.0330 val_accuracy=0.9108 val_loss=0.0320 learning_rate=0.0003
[2026-05-22 22:27:08] epoch 19/100 accuracy=0.8756 loss=0.0329 val_accuracy=0.9154 val_loss=0.0289 learning_rate=0.0003
[2026-05-22 22:27:22] epoch 20/100 accuracy=0.8769 loss=0.0326 val_accuracy=0.9131 val_loss=0.0280 learning_rate=0.0001
[2026-05-22 22:27:36] epoch 21/100 accuracy=0.8775 loss=0.0325 val_accuracy=0.9115 val_loss=0.0287 learning_rate=0.0001
[2026-05-22 22:27:50] epoch 22/100 accuracy=0.8787 loss=0.0322 val_accuracy=0.9171 val_loss=0.0287 learning_rate=0.0001
[2026-05-22 22:28:05] epoch 23/100 accuracy=0.8789 loss=0.0322 val_accuracy=0.9151 val_loss=0.0296 learning_rate=0.0001
[2026-05-22 22:28:19] epoch 24/100 accuracy=0.8796 loss=0.0319 val_accuracy=0.9117 val_loss=0.0301 learning_rate=0.0001
[2026-05-22 22:28:33] epoch 25/100 accuracy=0.8795 loss=0.0320 val_accuracy=0.9142 val_loss=0.0286 learning_rate=0.0001
[2026-05-22 22:28:47] epoch 26/100 accuracy=0.8808 loss=0.0318 val_accuracy=0.9132 val_loss=0.0281 learning_rate=0.0000
[2026-05-22 22:29:01] epoch 27/100 accuracy=0.8798 loss=0.0318 val_accuracy=0.9125 val_loss=0.0286 learning_rate=0.0000
[2026-05-22 22:29:15] epoch 28/100 accuracy=0.8809 loss=0.0317 val_accuracy=0.9133 val_loss=0.0301 learning_rate=0.0000
[2026-05-22 22:29:29] epoch 29/100 accuracy=0.8807 loss=0.0317 val_accuracy=0.9131 val_loss=0.0286 learning_rate=0.0000
[2026-05-22 22:29:44] epoch 30/100 accuracy=0.8816 loss=0.0316 val_accuracy=0.9133 val_loss=0.0296 learning_rate=0.0000
[2026-05-22 22:29:58] epoch 31/100 accuracy=0.8811 loss=0.0317 val_accuracy=0.9122 val_loss=0.0293 learning_rate=0.0000
[2026-05-22 22:30:12] epoch 32/100 accuracy=0.8801 loss=0.0315 val_accuracy=0.9121 val_loss=0.0294 learning_rate=0.0000
[2026-05-22 22:30:40] video-level val: videos=1720 f1=0.9293 fall_recall=0.9440 nfall_recall=0.8549 fall_prec=0.9150 nfall_prec=0.9023 min_pr=0.8549 min_consecutive=3
[2026-05-22 22:30:40] event-level val: videos=1720 f1=0.9239 fall_recall=0.9338 nfall_recall=0.8549 fall_prec=0.9142 nfall_prec=0.8864 min_pr=0.8549 tolerance_windows=2
[2026-05-22 22:30:40] video-level test: videos=864 f1=0.9084 fall_recall=0.9171 nfall_recall=0.8464 fall_prec=0.8998 nfall_prec=0.8716 min_pr=0.8464 min_consecutive=3
[2026-05-22 22:30:41] event-level test: videos=864 f1=0.9053 fall_recall=0.9114 nfall_recall=0.8464 fall_prec=0.8992 nfall_prec=0.8639 min_pr=0.8464 tolerance_windows=2
[2026-05-22 22:30:41] === VAL VIDEO-LEVEL REPORT ===
              precision    recall  f1-score   support

           0     0.9023    0.8549    0.8780       648
           1     0.9150    0.9440    0.9293      1072

    accuracy                         0.9105      1720
   macro avg     0.9086    0.8995    0.9036      1720
weighted avg     0.9102    0.9105    0.9100      1720

[2026-05-22 22:30:41] === TEST VIDEO-LEVEL REPORT ===
              precision    recall  f1-score   support

           0     0.8716    0.8464    0.8588       345
           1     0.8998    0.9171    0.9084       519

    accuracy                         0.8889       864
   macro avg     0.8857    0.8818    0.8836       864
weighted avg     0.8886    0.8889    0.8886       864

[2026-05-22 22:30:51] tflite export subprocess exit=0
[2026-05-22 22:30:51]   [tflite] [D-kp12-w40]
[2026-05-22 22:30:51]   [tflite]   Loading model.keras ...
[2026-05-22 22:30:51]   [tflite]     rebuilding with unroll=True for TFLite compatibility
[2026-05-22 22:30:51]   [tflite] Saved artifact at '/tmp/tmppy8e_ajb'. The following endpoints are available:
[2026-05-22 22:30:51]   [tflite] 
[2026-05-22 22:30:51]   [tflite] * Endpoint 'serve'
[2026-05-22 22:30:51]   [tflite]   args_0 (POSITIONAL_ONLY): TensorSpec(shape=(None, 40, 45), dtype=tf.float32, name='pose_sequence')
[2026-05-22 22:30:51]   [tflite] Output Type:
[2026-05-22 22:30:51]   [tflite]   TensorSpec(shape=(None, 2), dtype=tf.float32, name=None)
[2026-05-22 22:30:51]   [tflite] Captures:
[2026-05-22 22:30:51]   [tflite]   124870902956304: TensorSpec(shape=(), dtype=tf.resource, name=None)
[2026-05-22 22:30:51]   [tflite]   124870902959376: TensorSpec(shape=(), dtype=tf.resource, name=None)
[2026-05-22 22:30:51]   [tflite]   124870902956496: TensorSpec(shape=(), dtype=tf.resource, name=None)
[2026-05-22 22:30:51]   [tflite]   124870902958800: TensorSpec(shape=(), dtype=tf.resource, name=None)
[2026-05-22 22:30:51]   [tflite]   124870902959568: TensorSpec(shape=(), dtype=tf.resource, name=None)
[2026-05-22 22:30:51]   [tflite]   124870902959184: TensorSpec(shape=(), dtype=tf.resource, name=None)
[2026-05-22 22:30:51]   [tflite]   124870902959760: TensorSpec(shape=(), dtype=tf.resource, name=None)
[2026-05-22 22:30:51]   [tflite]   124870902960720: TensorSpec(shape=(), dtype=tf.resource, name=None)
[2026-05-22 22:30:51]   [tflite]   124870902958608: TensorSpec(shape=(), dtype=tf.resource, name=None)
[2026-05-22 22:30:51]   [tflite]   124870902960144: TensorSpec(shape=(), dtype=tf.resource, name=None)
[2026-05-22 22:30:51]   [tflite]   124870902961104: TensorSpec(shape=(), dtype=tf.resource, name=None)
[2026-05-22 22:30:51]   [tflite]   124870902961296: TensorSpec(shape=(), dtype=tf.resource, name=None)
[2026-05-22 22:30:51]   [tflite]   124870902958992: TensorSpec(shape=(), dtype=tf.resource, name=None)
[2026-05-22 22:30:51]   [tflite]   124870902961872: TensorSpec(shape=(), dtype=tf.resource, name=None)
[2026-05-22 22:30:51]   [tflite]     fp32 OK (698 KB)
[2026-05-22 22:30:51]   [tflite] Saved artifact at '/tmp/tmpjc59jmcu'. The following endpoints are available:
[2026-05-22 22:30:51]   [tflite] 
[2026-05-22 22:30:51]   [tflite] * Endpoint 'serve'
[2026-05-22 22:30:51]   [tflite]   args_0 (POSITIONAL_ONLY): TensorSpec(shape=(None, 40, 45), dtype=tf.float32, name='pose_sequence')
[2026-05-22 22:30:51]   [tflite] Output Type:
[2026-05-22 22:30:51]   [tflite]   TensorSpec(shape=(None, 2), dtype=tf.float32, name=None)
[2026-05-22 22:30:51]   [tflite] Captures:
[2026-05-22 22:30:51]   [tflite]   124870902956304: TensorSpec(shape=(), dtype=tf.resource, name=None)
[2026-05-22 22:30:51]   [tflite]   124870902959376: TensorSpec(shape=(), dtype=tf.resource, name=None)
[2026-05-22 22:30:51]   [tflite]   124870902956496: TensorSpec(shape=(), dtype=tf.resource, name=None)
[2026-05-22 22:30:51]   [tflite]   124870902958800: TensorSpec(shape=(), dtype=tf.resource, name=None)
[2026-05-22 22:30:51]   [tflite]   124870902959568: TensorSpec(shape=(), dtype=tf.resource, name=None)
[2026-05-22 22:30:51]   [tflite]   124870902959184: TensorSpec(shape=(), dtype=tf.resource, name=None)
[2026-05-22 22:30:51]   [tflite]   124870902959760: TensorSpec(shape=(), dtype=tf.resource, name=None)
[2026-05-22 22:30:51]   [tflite]   124870902960720: TensorSpec(shape=(), dtype=tf.resource, name=None)
[2026-05-22 22:30:51]   [tflite]   124870902958608: TensorSpec(shape=(), dtype=tf.resource, name=None)
[2026-05-22 22:30:51]   [tflite]   124870902960144: TensorSpec(shape=(), dtype=tf.resource, name=None)
[2026-05-22 22:30:51]   [tflite]   124870902961104: TensorSpec(shape=(), dtype=tf.resource, name=None)
[2026-05-22 22:30:51]   [tflite]   124870902961296: TensorSpec(shape=(), dtype=tf.resource, name=None)
[2026-05-22 22:30:51]   [tflite]   124870902958992: TensorSpec(shape=(), dtype=tf.resource, name=None)
[2026-05-22 22:30:51]   [tflite]   124870902961872: TensorSpec(shape=(), dtype=tf.resource, name=None)
[2026-05-22 22:30:51]   [tflite]     int8 OK (1204 KB)
[2026-05-22 22:30:51]   [tflite] 
[2026-05-22 22:30:51]   [tflite] Done.
/home/min/Workspace/Graduate-Project/Falling-Model-Development/.venv/lib/python3.13/site-packages/tensorflow/lite/python/interpreter.py:457: UserWarning:     Warning: tf.lite.Interpreter is deprecated and is scheduled for deletion in
    TF 2.20. Please use the LiteRT interpreter from the ai_edge_litert package.
    See the [migration guide](https://ai.google.dev/edge/litert/migration)
    for details.
    
  warnings.warn(_INTERPRETER_DELETION_WARNING)
INFO: Created TensorFlow Lite XNNPACK delegate for CPU.
[2026-05-22 22:30:52] done D-kp12-w40 val_f1=0.7758 (video=0.9293) test_f1=0.7668 (video=0.9084) test_min_pr=0.8464 threshold=0.400 min_consecutive=3
