WARNING: All log messages before absl::InitializeLog() is called are written to STDERR
I0000 00:00:1779456654.443862  119366 cpu_feature_guard.cc:227] This TensorFlow binary is optimized to use available CPU instructions in performance-critical operations.
To enable the following instructions: AVX2 FMA, in other operations, rebuild TensorFlow with the appropriate compiler flags.
[2026-05-22 22:30:55] loading train split=/home/min/Workspace/Graduate-Project/Falling-Model-Development/dataset/splits_v2_filtered/train.csv
[2026-05-22 22:31:07] train rows=1,208,593 videos=6,022 features=45 data_scope=all
[2026-05-22 22:31:07] loading val split=/home/min/Workspace/Graduate-Project/Falling-Model-Development/dataset/splits_v2_filtered/val.csv
[2026-05-22 22:31:11] val rows=345,348 videos=1,720 features=45 data_scope=all
[2026-05-22 22:31:11] loading test split=/home/min/Workspace/Graduate-Project/Falling-Model-Development/dataset/splits_v2_filtered/test.csv
[2026-05-22 22:31:13] test rows=173,653 videos=864 features=45 data_scope=all
[2026-05-22 22:31:21] train windows=122,169 positive=54,145 videos=6,022
[2026-05-22 22:31:24] val windows=54,406 positive=15,129 videos=1,720
[2026-05-22 22:31:25] test windows=27,348 positive=7,633 videos=864
I0000 00:00:1779456689.393109  119366 gpu_device.cc:2043] Created device /job:localhost/replica:0/task:0/device:GPU:0 with 6623 MB memory:  -> device: 0, name: NVIDIA GeForce RTX 2060 SUPER, pci bus id: 0000:05:00.0, compute capability: 7.5
[2026-05-22 22:31:30] model Model: "D-kp12-w50_gru"
┏━━━━━━━━━━━━━━━━━━━━━━━━━━━━━━━━━┳━━━━━━━━━━━━━━━━━━━━━━━━┳━━━━━━━━━━━━━━━┓
┃ Layer (type)                    ┃ Output Shape           ┃       Param # ┃
┡━━━━━━━━━━━━━━━━━━━━━━━━━━━━━━━━━╇━━━━━━━━━━━━━━━━━━━━━━━━╇━━━━━━━━━━━━━━━┩
│ pose_sequence (InputLayer)      │ (None, 50, 45)         │             0 │
├─────────────────────────────────┼────────────────────────┼───────────────┤
│ gru_1 (GRU)                     │ (None, 50, 128)        │        67,200 │
├─────────────────────────────────┼────────────────────────┼───────────────┤
│ ln_1 (LayerNormalization)       │ (None, 50, 128)        │           256 │
├─────────────────────────────────┼────────────────────────┼───────────────┤
│ gru_2 (GRU)                     │ (None, 64)             │        37,248 │
├─────────────────────────────────┼────────────────────────┼───────────────┤
│ head_dense (Dense)              │ (None, 64)             │         4,160 │
├─────────────────────────────────┼────────────────────────┼───────────────┤
│ head_drop (Dropout)             │ (None, 64)             │             0 │
├─────────────────────────────────┼────────────────────────┼───────────────┤
│ classifier (Dense)              │ (None, 2)              │           130 │
└─────────────────────────────────┴────────────────────────┴───────────────┘
 Total params: 108,994 (425.76 KB)
 Trainable params: 108,994 (425.76 KB)
 Non-trainable params: 0 (0.00 B)

I0000 00:00:1779456696.652457  119564 cuda_dnn.cc:461] Loaded cuDNN version 92200
[2026-05-22 22:31:50] epoch 1/100 accuracy=0.6880 loss=0.0565 val_accuracy=0.8678 val_loss=0.0431 learning_rate=0.0010
[2026-05-22 22:32:03] epoch 2/100 accuracy=0.7815 loss=0.0462 val_accuracy=0.8719 val_loss=0.0401 learning_rate=0.0010
[2026-05-22 22:32:15] epoch 3/100 accuracy=0.7956 loss=0.0441 val_accuracy=0.8804 val_loss=0.0357 learning_rate=0.0010
[2026-05-22 22:32:28] epoch 4/100 accuracy=0.8039 loss=0.0426 val_accuracy=0.8668 val_loss=0.0346 learning_rate=0.0010
[2026-05-22 22:32:40] epoch 5/100 accuracy=0.8095 loss=0.0415 val_accuracy=0.8852 val_loss=0.0315 learning_rate=0.0010
[2026-05-22 22:32:53] epoch 6/100 accuracy=0.8139 loss=0.0409 val_accuracy=0.8936 val_loss=0.0392 learning_rate=0.0010
[2026-05-22 22:33:06] epoch 7/100 accuracy=0.8178 loss=0.0403 val_accuracy=0.8924 val_loss=0.0379 learning_rate=0.0010
[2026-05-22 22:33:18] epoch 8/100 accuracy=0.8195 loss=0.0395 val_accuracy=0.8975 val_loss=0.0324 learning_rate=0.0010
[2026-05-22 22:33:31] epoch 9/100 accuracy=0.8276 loss=0.0382 val_accuracy=0.8961 val_loss=0.0288 learning_rate=0.0005
[2026-05-22 22:33:43] epoch 10/100 accuracy=0.8318 loss=0.0375 val_accuracy=0.8979 val_loss=0.0295 learning_rate=0.0005
[2026-05-22 22:33:56] epoch 11/100 accuracy=0.8345 loss=0.0372 val_accuracy=0.8962 val_loss=0.0281 learning_rate=0.0005
[2026-05-22 22:34:08] epoch 12/100 accuracy=0.8348 loss=0.0369 val_accuracy=0.9009 val_loss=0.0312 learning_rate=0.0005
[2026-05-22 22:34:21] epoch 13/100 accuracy=0.8371 loss=0.0364 val_accuracy=0.8930 val_loss=0.0280 learning_rate=0.0005
[2026-05-22 22:34:34] epoch 14/100 accuracy=0.8366 loss=0.0362 val_accuracy=0.8968 val_loss=0.0288 learning_rate=0.0005
[2026-05-22 22:34:46] epoch 15/100 accuracy=0.8414 loss=0.0353 val_accuracy=0.8984 val_loss=0.0289 learning_rate=0.0003
[2026-05-22 22:34:59] epoch 16/100 accuracy=0.8446 loss=0.0350 val_accuracy=0.8963 val_loss=0.0270 learning_rate=0.0003
[2026-05-22 22:35:11] epoch 17/100 accuracy=0.8442 loss=0.0348 val_accuracy=0.8992 val_loss=0.0287 learning_rate=0.0003
[2026-05-22 22:35:24] epoch 18/100 accuracy=0.8441 loss=0.0348 val_accuracy=0.9013 val_loss=0.0278 learning_rate=0.0003
[2026-05-22 22:35:37] epoch 19/100 accuracy=0.8460 loss=0.0347 val_accuracy=0.9020 val_loss=0.0309 learning_rate=0.0003
[2026-05-22 22:35:50] epoch 20/100 accuracy=0.8482 loss=0.0342 val_accuracy=0.9006 val_loss=0.0268 learning_rate=0.0001
[2026-05-22 22:36:02] epoch 21/100 accuracy=0.8494 loss=0.0339 val_accuracy=0.8985 val_loss=0.0272 learning_rate=0.0001
[2026-05-22 22:36:15] epoch 22/100 accuracy=0.8489 loss=0.0338 val_accuracy=0.9011 val_loss=0.0275 learning_rate=0.0001
[2026-05-22 22:36:27] epoch 23/100 accuracy=0.8502 loss=0.0339 val_accuracy=0.9024 val_loss=0.0303 learning_rate=0.0001
[2026-05-22 22:36:40] epoch 24/100 accuracy=0.8518 loss=0.0334 val_accuracy=0.9019 val_loss=0.0287 learning_rate=0.0001
[2026-05-22 22:36:52] epoch 25/100 accuracy=0.8533 loss=0.0333 val_accuracy=0.9032 val_loss=0.0288 learning_rate=0.0001
[2026-05-22 22:37:05] epoch 26/100 accuracy=0.8509 loss=0.0334 val_accuracy=0.9011 val_loss=0.0277 learning_rate=0.0001
[2026-05-22 22:37:17] epoch 27/100 accuracy=0.8530 loss=0.0333 val_accuracy=0.9025 val_loss=0.0291 learning_rate=0.0000
[2026-05-22 22:37:30] epoch 28/100 accuracy=0.8525 loss=0.0333 val_accuracy=0.9035 val_loss=0.0285 learning_rate=0.0000
[2026-05-22 22:37:43] epoch 29/100 accuracy=0.8518 loss=0.0331 val_accuracy=0.9018 val_loss=0.0272 learning_rate=0.0000
[2026-05-22 22:37:56] epoch 30/100 accuracy=0.8527 loss=0.0331 val_accuracy=0.9018 val_loss=0.0276 learning_rate=0.0000
[2026-05-22 22:38:08] epoch 31/100 accuracy=0.8537 loss=0.0330 val_accuracy=0.9023 val_loss=0.0277 learning_rate=0.0000
[2026-05-22 22:38:21] epoch 32/100 accuracy=0.8535 loss=0.0330 val_accuracy=0.9015 val_loss=0.0282 learning_rate=0.0000
[2026-05-22 22:38:34] epoch 33/100 accuracy=0.8531 loss=0.0332 val_accuracy=0.9024 val_loss=0.0278 learning_rate=0.0000
[2026-05-22 22:38:46] epoch 34/100 accuracy=0.8532 loss=0.0331 val_accuracy=0.9027 val_loss=0.0279 learning_rate=0.0000
[2026-05-22 22:38:59] epoch 35/100 accuracy=0.8542 loss=0.0330 val_accuracy=0.9025 val_loss=0.0275 learning_rate=0.0000
[2026-05-22 22:39:22] video-level val: videos=1720 f1=0.9317 fall_recall=0.9487 nfall_recall=0.8549 fall_prec=0.9154 nfall_prec=0.9097 min_pr=0.8549 min_consecutive=1
[2026-05-22 22:39:22] event-level val: videos=1720 f1=0.9283 fall_recall=0.9422 nfall_recall=0.8549 fall_prec=0.9149 nfall_prec=0.8994 min_pr=0.8549 tolerance_windows=2
[2026-05-22 22:39:23] video-level test: videos=864 f1=0.9130 fall_recall=0.9403 nfall_recall=0.8203 fall_prec=0.8873 nfall_prec=0.9013 min_pr=0.8203 min_consecutive=1
[2026-05-22 22:39:23] event-level test: videos=864 f1=0.9099 fall_recall=0.9345 nfall_recall=0.8203 fall_prec=0.8867 nfall_prec=0.8927 min_pr=0.8203 tolerance_windows=2
[2026-05-22 22:39:23] === VAL VIDEO-LEVEL REPORT ===
              precision    recall  f1-score   support

           0     0.9097    0.8549    0.8815       648
           1     0.9154    0.9487    0.9317      1072

    accuracy                         0.9134      1720
   macro avg     0.9125    0.9018    0.9066      1720
weighted avg     0.9132    0.9134    0.9128      1720

[2026-05-22 22:39:23] === TEST VIDEO-LEVEL REPORT ===
              precision    recall  f1-score   support

           0     0.9013    0.8203    0.8589       345
           1     0.8873    0.9403    0.9130       519

    accuracy                         0.8924       864
   macro avg     0.8943    0.8803    0.8859       864
weighted avg     0.8929    0.8924    0.8914       864

[2026-05-22 22:39:35] tflite export subprocess exit=0
[2026-05-22 22:39:35]   [tflite] [D-kp12-w50]
[2026-05-22 22:39:35]   [tflite]   Loading model.keras ...
[2026-05-22 22:39:35]   [tflite]     rebuilding with unroll=True for TFLite compatibility
[2026-05-22 22:39:35]   [tflite] Saved artifact at '/tmp/tmpxn1bb8us'. The following endpoints are available:
[2026-05-22 22:39:35]   [tflite] 
[2026-05-22 22:39:35]   [tflite] * Endpoint 'serve'
[2026-05-22 22:39:35]   [tflite]   args_0 (POSITIONAL_ONLY): TensorSpec(shape=(None, 50, 45), dtype=tf.float32, name='pose_sequence')
[2026-05-22 22:39:35]   [tflite] Output Type:
[2026-05-22 22:39:35]   [tflite]   TensorSpec(shape=(None, 2), dtype=tf.float32, name=None)
[2026-05-22 22:39:35]   [tflite] Captures:
[2026-05-22 22:39:35]   [tflite]   133301929705744: TensorSpec(shape=(), dtype=tf.resource, name=None)
[2026-05-22 22:39:35]   [tflite]   133301929708816: TensorSpec(shape=(), dtype=tf.resource, name=None)
[2026-05-22 22:39:35]   [tflite]   133301929705936: TensorSpec(shape=(), dtype=tf.resource, name=None)
[2026-05-22 22:39:35]   [tflite]   133301929708240: TensorSpec(shape=(), dtype=tf.resource, name=None)
[2026-05-22 22:39:35]   [tflite]   133301929709008: TensorSpec(shape=(), dtype=tf.resource, name=None)
[2026-05-22 22:39:35]   [tflite]   133301929708624: TensorSpec(shape=(), dtype=tf.resource, name=None)
[2026-05-22 22:39:35]   [tflite]   133301929709200: TensorSpec(shape=(), dtype=tf.resource, name=None)
[2026-05-22 22:39:35]   [tflite]   133301929710160: TensorSpec(shape=(), dtype=tf.resource, name=None)
[2026-05-22 22:39:35]   [tflite]   133301929708048: TensorSpec(shape=(), dtype=tf.resource, name=None)
[2026-05-22 22:39:35]   [tflite]   133301929709584: TensorSpec(shape=(), dtype=tf.resource, name=None)
[2026-05-22 22:39:35]   [tflite]   133301929710544: TensorSpec(shape=(), dtype=tf.resource, name=None)
[2026-05-22 22:39:35]   [tflite]   133301929710736: TensorSpec(shape=(), dtype=tf.resource, name=None)
[2026-05-22 22:39:35]   [tflite]   133301929708432: TensorSpec(shape=(), dtype=tf.resource, name=None)
[2026-05-22 22:39:35]   [tflite]   133301929711312: TensorSpec(shape=(), dtype=tf.resource, name=None)
[2026-05-22 22:39:35]   [tflite]     fp32 OK (764 KB)
[2026-05-22 22:39:35]   [tflite] Saved artifact at '/tmp/tmpq8b0n1i5'. The following endpoints are available:
[2026-05-22 22:39:35]   [tflite] 
[2026-05-22 22:39:35]   [tflite] * Endpoint 'serve'
[2026-05-22 22:39:35]   [tflite]   args_0 (POSITIONAL_ONLY): TensorSpec(shape=(None, 50, 45), dtype=tf.float32, name='pose_sequence')
[2026-05-22 22:39:35]   [tflite] Output Type:
[2026-05-22 22:39:35]   [tflite]   TensorSpec(shape=(None, 2), dtype=tf.float32, name=None)
[2026-05-22 22:39:35]   [tflite] Captures:
[2026-05-22 22:39:35]   [tflite]   133301929705744: TensorSpec(shape=(), dtype=tf.resource, name=None)
[2026-05-22 22:39:35]   [tflite]   133301929708816: TensorSpec(shape=(), dtype=tf.resource, name=None)
[2026-05-22 22:39:35]   [tflite]   133301929705936: TensorSpec(shape=(), dtype=tf.resource, name=None)
[2026-05-22 22:39:35]   [tflite]   133301929708240: TensorSpec(shape=(), dtype=tf.resource, name=None)
[2026-05-22 22:39:35]   [tflite]   133301929709008: TensorSpec(shape=(), dtype=tf.resource, name=None)
[2026-05-22 22:39:35]   [tflite]   133301929708624: TensorSpec(shape=(), dtype=tf.resource, name=None)
[2026-05-22 22:39:35]   [tflite]   133301929709200: TensorSpec(shape=(), dtype=tf.resource, name=None)
[2026-05-22 22:39:35]   [tflite]   133301929710160: TensorSpec(shape=(), dtype=tf.resource, name=None)
[2026-05-22 22:39:35]   [tflite]   133301929708048: TensorSpec(shape=(), dtype=tf.resource, name=None)
[2026-05-22 22:39:35]   [tflite]   133301929709584: TensorSpec(shape=(), dtype=tf.resource, name=None)
[2026-05-22 22:39:35]   [tflite]   133301929710544: TensorSpec(shape=(), dtype=tf.resource, name=None)
[2026-05-22 22:39:35]   [tflite]   133301929710736: TensorSpec(shape=(), dtype=tf.resource, name=None)
[2026-05-22 22:39:35]   [tflite]   133301929708432: TensorSpec(shape=(), dtype=tf.resource, name=None)
[2026-05-22 22:39:35]   [tflite]   133301929711312: TensorSpec(shape=(), dtype=tf.resource, name=None)
[2026-05-22 22:39:35]   [tflite]     int8 OK (1489 KB)
[2026-05-22 22:39:35]   [tflite] 
[2026-05-22 22:39:35]   [tflite] Done.
/home/min/Workspace/Graduate-Project/Falling-Model-Development/.venv/lib/python3.13/site-packages/tensorflow/lite/python/interpreter.py:457: UserWarning:     Warning: tf.lite.Interpreter is deprecated and is scheduled for deletion in
    TF 2.20. Please use the LiteRT interpreter from the ai_edge_litert package.
    See the [migration guide](https://ai.google.dev/edge/litert/migration)
    for details.
    
  warnings.warn(_INTERPRETER_DELETION_WARNING)
INFO: Created TensorFlow Lite XNNPACK delegate for CPU.
[2026-05-22 22:39:37] done D-kp12-w50 val_f1=0.8125 (video=0.9317) test_f1=0.8116 (video=0.9130) test_min_pr=0.8203 threshold=0.400 min_consecutive=1
