WARNING: All log messages before absl::InitializeLog() is called are written to STDERR
I0000 00:00:1779455137.360806  107899 cpu_feature_guard.cc:227] This TensorFlow binary is optimized to use available CPU instructions in performance-critical operations.
To enable the following instructions: AVX2 FMA, in other operations, rebuild TensorFlow with the appropriate compiler flags.
[2026-05-22 22:05:38] loading train split=/home/min/Workspace/Graduate-Project/Falling-Model-Development/dataset/splits_v2_filtered/train.csv
[2026-05-22 22:05:50] train rows=1,208,593 videos=6,022 features=27 data_scope=all
[2026-05-22 22:05:50] loading val split=/home/min/Workspace/Graduate-Project/Falling-Model-Development/dataset/splits_v2_filtered/val.csv
[2026-05-22 22:05:54] val rows=345,348 videos=1,720 features=27 data_scope=all
[2026-05-22 22:05:54] loading test split=/home/min/Workspace/Graduate-Project/Falling-Model-Development/dataset/splits_v2_filtered/test.csv
[2026-05-22 22:05:55] test rows=173,653 videos=864 features=27 data_scope=all
[2026-05-22 22:06:03] train windows=153,339 positive=56,331 videos=6,022
[2026-05-22 22:06:06] val windows=71,606 positive=15,589 videos=1,720
[2026-05-22 22:06:08] test windows=35,988 positive=7,892 videos=864
I0000 00:00:1779455171.303831  107899 gpu_device.cc:2043] Created device /job:localhost/replica:0/task:0/device:GPU:0 with 6623 MB memory:  -> device: 0, name: NVIDIA GeForce RTX 2060 SUPER, pci bus id: 0000:05:00.0, compute capability: 7.5
[2026-05-22 22:06:11] model Model: "D-kp7-w40_gru"
┏━━━━━━━━━━━━━━━━━━━━━━━━━━━━━━━━━┳━━━━━━━━━━━━━━━━━━━━━━━━┳━━━━━━━━━━━━━━━┓
┃ Layer (type)                    ┃ Output Shape           ┃       Param # ┃
┡━━━━━━━━━━━━━━━━━━━━━━━━━━━━━━━━━╇━━━━━━━━━━━━━━━━━━━━━━━━╇━━━━━━━━━━━━━━━┩
│ pose_sequence (InputLayer)      │ (None, 40, 27)         │             0 │
├─────────────────────────────────┼────────────────────────┼───────────────┤
│ gru_1 (GRU)                     │ (None, 40, 128)        │        60,288 │
├─────────────────────────────────┼────────────────────────┼───────────────┤
│ ln_1 (LayerNormalization)       │ (None, 40, 128)        │           256 │
├─────────────────────────────────┼────────────────────────┼───────────────┤
│ gru_2 (GRU)                     │ (None, 64)             │        37,248 │
├─────────────────────────────────┼────────────────────────┼───────────────┤
│ head_dense (Dense)              │ (None, 64)             │         4,160 │
├─────────────────────────────────┼────────────────────────┼───────────────┤
│ head_drop (Dropout)             │ (None, 64)             │             0 │
├─────────────────────────────────┼────────────────────────┼───────────────┤
│ classifier (Dense)              │ (None, 2)              │           130 │
└─────────────────────────────────┴────────────────────────┴───────────────┘
 Total params: 102,082 (398.76 KB)
 Trainable params: 102,082 (398.76 KB)
 Non-trainable params: 0 (0.00 B)

I0000 00:00:1779455176.927423  108104 cuda_dnn.cc:461] Loaded cuDNN version 92200
[2026-05-22 22:06:32] epoch 1/100 accuracy=0.7623 loss=0.0545 val_accuracy=0.8849 val_loss=0.0339 learning_rate=0.0010
[2026-05-22 22:06:46] epoch 2/100 accuracy=0.8195 loss=0.0457 val_accuracy=0.8976 val_loss=0.0352 learning_rate=0.0010
[2026-05-22 22:07:00] epoch 3/100 accuracy=0.8290 loss=0.0439 val_accuracy=0.9013 val_loss=0.0372 learning_rate=0.0010
[2026-05-22 22:07:15] epoch 4/100 accuracy=0.8352 loss=0.0426 val_accuracy=0.9058 val_loss=0.0338 learning_rate=0.0010
[2026-05-22 22:07:29] epoch 5/100 accuracy=0.8416 loss=0.0412 val_accuracy=0.9115 val_loss=0.0332 learning_rate=0.0010
[2026-05-22 22:07:43] epoch 6/100 accuracy=0.8470 loss=0.0400 val_accuracy=0.8980 val_loss=0.0305 learning_rate=0.0010
[2026-05-22 22:07:57] epoch 7/100 accuracy=0.8507 loss=0.0391 val_accuracy=0.8872 val_loss=0.0297 learning_rate=0.0010
[2026-05-22 22:08:11] epoch 8/100 accuracy=0.8516 loss=0.0385 val_accuracy=0.9035 val_loss=0.0274 learning_rate=0.0010
[2026-05-22 22:08:25] epoch 9/100 accuracy=0.8538 loss=0.0379 val_accuracy=0.8844 val_loss=0.0322 learning_rate=0.0010
[2026-05-22 22:08:39] epoch 10/100 accuracy=0.8585 loss=0.0374 val_accuracy=0.8810 val_loss=0.0304 learning_rate=0.0010
[2026-05-22 22:08:53] epoch 11/100 accuracy=0.8591 loss=0.0370 val_accuracy=0.9014 val_loss=0.0286 learning_rate=0.0010
[2026-05-22 22:09:07] epoch 12/100 accuracy=0.8645 loss=0.0356 val_accuracy=0.8741 val_loss=0.0338 learning_rate=0.0005
[2026-05-22 22:09:22] epoch 13/100 accuracy=0.8667 loss=0.0351 val_accuracy=0.8815 val_loss=0.0325 learning_rate=0.0005
[2026-05-22 22:09:36] epoch 14/100 accuracy=0.8667 loss=0.0351 val_accuracy=0.8810 val_loss=0.0309 learning_rate=0.0005
[2026-05-22 22:09:50] epoch 15/100 accuracy=0.8701 loss=0.0343 val_accuracy=0.8911 val_loss=0.0310 learning_rate=0.0003
[2026-05-22 22:10:04] epoch 16/100 accuracy=0.8723 loss=0.0340 val_accuracy=0.8937 val_loss=0.0310 learning_rate=0.0003
[2026-05-22 22:10:19] epoch 17/100 accuracy=0.8719 loss=0.0339 val_accuracy=0.8887 val_loss=0.0297 learning_rate=0.0003
[2026-05-22 22:10:33] epoch 18/100 accuracy=0.8737 loss=0.0335 val_accuracy=0.8832 val_loss=0.0316 learning_rate=0.0001
[2026-05-22 22:10:47] epoch 19/100 accuracy=0.8731 loss=0.0334 val_accuracy=0.8856 val_loss=0.0318 learning_rate=0.0001
[2026-05-22 22:11:01] epoch 20/100 accuracy=0.8735 loss=0.0334 val_accuracy=0.8849 val_loss=0.0313 learning_rate=0.0001
[2026-05-22 22:11:15] epoch 21/100 accuracy=0.8763 loss=0.0331 val_accuracy=0.8865 val_loss=0.0313 learning_rate=0.0001
[2026-05-22 22:11:29] epoch 22/100 accuracy=0.8754 loss=0.0330 val_accuracy=0.8869 val_loss=0.0314 learning_rate=0.0001
[2026-05-22 22:11:43] epoch 23/100 accuracy=0.8757 loss=0.0329 val_accuracy=0.8876 val_loss=0.0319 learning_rate=0.0001
[2026-05-22 22:12:09] video-level val: videos=1720 f1=0.9179 fall_recall=0.9179 nfall_recall=0.8642 fall_prec=0.9179 nfall_prec=0.8642 min_pr=0.8642 min_consecutive=1
[2026-05-22 22:12:09] event-level val: videos=1720 f1=0.9113 fall_recall=0.9058 nfall_recall=0.8642 fall_prec=0.9169 nfall_prec=0.8472 min_pr=0.8472 tolerance_windows=2
[2026-05-22 22:12:10] video-level test: videos=864 f1=0.8893 fall_recall=0.8825 nfall_recall=0.8464 fall_prec=0.8963 nfall_prec=0.8272 min_pr=0.8272 min_consecutive=1
[2026-05-22 22:12:10] event-level test: videos=864 f1=0.8839 fall_recall=0.8728 nfall_recall=0.8464 fall_prec=0.8953 nfall_prec=0.8156 min_pr=0.8156 tolerance_windows=2
[2026-05-22 22:12:10] === VAL VIDEO-LEVEL REPORT ===
              precision    recall  f1-score   support

           0     0.8642    0.8642    0.8642       648
           1     0.9179    0.9179    0.9179      1072

    accuracy                         0.8977      1720
   macro avg     0.8911    0.8911    0.8911      1720
weighted avg     0.8977    0.8977    0.8977      1720

[2026-05-22 22:12:10] === TEST VIDEO-LEVEL REPORT ===
              precision    recall  f1-score   support

           0     0.8272    0.8464    0.8367       345
           1     0.8963    0.8825    0.8893       519

    accuracy                         0.8681       864
   macro avg     0.8617    0.8644    0.8630       864
weighted avg     0.8687    0.8681    0.8683       864

[2026-05-22 22:12:20] tflite export subprocess exit=0
[2026-05-22 22:12:20]   [tflite] [D-kp7-w40]
[2026-05-22 22:12:20]   [tflite]   Loading model.keras ...
[2026-05-22 22:12:20]   [tflite]     rebuilding with unroll=True for TFLite compatibility
[2026-05-22 22:12:20]   [tflite] Saved artifact at '/tmp/tmpbdqkouzo'. The following endpoints are available:
[2026-05-22 22:12:20]   [tflite] 
[2026-05-22 22:12:20]   [tflite] * Endpoint 'serve'
[2026-05-22 22:12:20]   [tflite]   args_0 (POSITIONAL_ONLY): TensorSpec(shape=(None, 40, 27), dtype=tf.float32, name='pose_sequence')
[2026-05-22 22:12:20]   [tflite] Output Type:
[2026-05-22 22:12:20]   [tflite]   TensorSpec(shape=(None, 2), dtype=tf.float32, name=None)
[2026-05-22 22:12:20]   [tflite] Captures:
[2026-05-22 22:12:20]   [tflite]   134081165345040: TensorSpec(shape=(), dtype=tf.resource, name=None)
[2026-05-22 22:12:20]   [tflite]   134081165348112: TensorSpec(shape=(), dtype=tf.resource, name=None)
[2026-05-22 22:12:20]   [tflite]   134081165345232: TensorSpec(shape=(), dtype=tf.resource, name=None)
[2026-05-22 22:12:20]   [tflite]   134081165347536: TensorSpec(shape=(), dtype=tf.resource, name=None)
[2026-05-22 22:12:20]   [tflite]   134081165348304: TensorSpec(shape=(), dtype=tf.resource, name=None)
[2026-05-22 22:12:20]   [tflite]   134081165347920: TensorSpec(shape=(), dtype=tf.resource, name=None)
[2026-05-22 22:12:20]   [tflite]   134081165348496: TensorSpec(shape=(), dtype=tf.resource, name=None)
[2026-05-22 22:12:20]   [tflite]   134081165349456: TensorSpec(shape=(), dtype=tf.resource, name=None)
[2026-05-22 22:12:20]   [tflite]   134081165347344: TensorSpec(shape=(), dtype=tf.resource, name=None)
[2026-05-22 22:12:20]   [tflite]   134081165348880: TensorSpec(shape=(), dtype=tf.resource, name=None)
[2026-05-22 22:12:20]   [tflite]   134081165349840: TensorSpec(shape=(), dtype=tf.resource, name=None)
[2026-05-22 22:12:20]   [tflite]   134081165350032: TensorSpec(shape=(), dtype=tf.resource, name=None)
[2026-05-22 22:12:20]   [tflite]   134081165347728: TensorSpec(shape=(), dtype=tf.resource, name=None)
[2026-05-22 22:12:20]   [tflite]   134081165350608: TensorSpec(shape=(), dtype=tf.resource, name=None)
[2026-05-22 22:12:20]   [tflite]     fp32 OK (669 KB)
[2026-05-22 22:12:20]   [tflite] Saved artifact at '/tmp/tmp708p2sja'. The following endpoints are available:
[2026-05-22 22:12:20]   [tflite] 
[2026-05-22 22:12:20]   [tflite] * Endpoint 'serve'
[2026-05-22 22:12:20]   [tflite]   args_0 (POSITIONAL_ONLY): TensorSpec(shape=(None, 40, 27), dtype=tf.float32, name='pose_sequence')
[2026-05-22 22:12:20]   [tflite] Output Type:
[2026-05-22 22:12:20]   [tflite]   TensorSpec(shape=(None, 2), dtype=tf.float32, name=None)
[2026-05-22 22:12:20]   [tflite] Captures:
[2026-05-22 22:12:20]   [tflite]   134081165345040: TensorSpec(shape=(), dtype=tf.resource, name=None)
[2026-05-22 22:12:20]   [tflite]   134081165348112: TensorSpec(shape=(), dtype=tf.resource, name=None)
[2026-05-22 22:12:20]   [tflite]   134081165345232: TensorSpec(shape=(), dtype=tf.resource, name=None)
[2026-05-22 22:12:20]   [tflite]   134081165347536: TensorSpec(shape=(), dtype=tf.resource, name=None)
[2026-05-22 22:12:20]   [tflite]   134081165348304: TensorSpec(shape=(), dtype=tf.resource, name=None)
[2026-05-22 22:12:20]   [tflite]   134081165347920: TensorSpec(shape=(), dtype=tf.resource, name=None)
[2026-05-22 22:12:20]   [tflite]   134081165348496: TensorSpec(shape=(), dtype=tf.resource, name=None)
[2026-05-22 22:12:20]   [tflite]   134081165349456: TensorSpec(shape=(), dtype=tf.resource, name=None)
[2026-05-22 22:12:20]   [tflite]   134081165347344: TensorSpec(shape=(), dtype=tf.resource, name=None)
[2026-05-22 22:12:20]   [tflite]   134081165348880: TensorSpec(shape=(), dtype=tf.resource, name=None)
[2026-05-22 22:12:20]   [tflite]   134081165349840: TensorSpec(shape=(), dtype=tf.resource, name=None)
[2026-05-22 22:12:20]   [tflite]   134081165350032: TensorSpec(shape=(), dtype=tf.resource, name=None)
[2026-05-22 22:12:20]   [tflite]   134081165347728: TensorSpec(shape=(), dtype=tf.resource, name=None)
[2026-05-22 22:12:20]   [tflite]   134081165350608: TensorSpec(shape=(), dtype=tf.resource, name=None)
[2026-05-22 22:12:20]   [tflite]     int8 OK (1192 KB)
[2026-05-22 22:12:20]   [tflite] 
[2026-05-22 22:12:20]   [tflite] Done.
/home/min/Workspace/Graduate-Project/Falling-Model-Development/.venv/lib/python3.13/site-packages/tensorflow/lite/python/interpreter.py:457: UserWarning:     Warning: tf.lite.Interpreter is deprecated and is scheduled for deletion in
    TF 2.20. Please use the LiteRT interpreter from the ai_edge_litert package.
    See the [migration guide](https://ai.google.dev/edge/litert/migration)
    for details.
    
  warnings.warn(_INTERPRETER_DELETION_WARNING)
INFO: Created TensorFlow Lite XNNPACK delegate for CPU.
[2026-05-22 22:12:22] done D-kp7-w40 val_f1=0.7657 (video=0.9179) test_f1=0.7561 (video=0.8893) test_min_pr=0.8272 threshold=0.400 min_consecutive=1
