WARNING: All log messages before absl::InitializeLog() is called are written to STDERR
I0000 00:00:1779455543.914913  110903 cpu_feature_guard.cc:227] This TensorFlow binary is optimized to use available CPU instructions in performance-critical operations.
To enable the following instructions: AVX2 FMA, in other operations, rebuild TensorFlow with the appropriate compiler flags.
[2026-05-22 22:12:25] loading train split=/home/min/Workspace/Graduate-Project/Falling-Model-Development/dataset/splits_v2_filtered/train.csv
[2026-05-22 22:12:37] train rows=1,208,593 videos=6,022 features=45 data_scope=all
[2026-05-22 22:12:37] loading val split=/home/min/Workspace/Graduate-Project/Falling-Model-Development/dataset/splits_v2_filtered/val.csv
[2026-05-22 22:12:41] val rows=345,348 videos=1,720 features=45 data_scope=all
[2026-05-22 22:12:41] loading test split=/home/min/Workspace/Graduate-Project/Falling-Model-Development/dataset/splits_v2_filtered/test.csv
[2026-05-22 22:12:42] test rows=173,653 videos=864 features=45 data_scope=all
[2026-05-22 22:12:51] train windows=183,690 positive=56,835 videos=6,022
[2026-05-22 22:12:55] val windows=88,806 positive=15,691 videos=1,720
[2026-05-22 22:12:57] test windows=44,628 positive=7,936 videos=864
I0000 00:00:1779455581.461837  110903 gpu_device.cc:2043] Created device /job:localhost/replica:0/task:0/device:GPU:0 with 6623 MB memory:  -> device: 0, name: NVIDIA GeForce RTX 2060 SUPER, pci bus id: 0000:05:00.0, compute capability: 7.5
[2026-05-22 22:13:02] model Model: "D-kp12-w30_gru"
┏━━━━━━━━━━━━━━━━━━━━━━━━━━━━━━━━━┳━━━━━━━━━━━━━━━━━━━━━━━━┳━━━━━━━━━━━━━━━┓
┃ Layer (type)                    ┃ Output Shape           ┃       Param # ┃
┡━━━━━━━━━━━━━━━━━━━━━━━━━━━━━━━━━╇━━━━━━━━━━━━━━━━━━━━━━━━╇━━━━━━━━━━━━━━━┩
│ pose_sequence (InputLayer)      │ (None, 30, 45)         │             0 │
├─────────────────────────────────┼────────────────────────┼───────────────┤
│ gru_1 (GRU)                     │ (None, 30, 128)        │        67,200 │
├─────────────────────────────────┼────────────────────────┼───────────────┤
│ ln_1 (LayerNormalization)       │ (None, 30, 128)        │           256 │
├─────────────────────────────────┼────────────────────────┼───────────────┤
│ gru_2 (GRU)                     │ (None, 64)             │        37,248 │
├─────────────────────────────────┼────────────────────────┼───────────────┤
│ head_dense (Dense)              │ (None, 64)             │         4,160 │
├─────────────────────────────────┼────────────────────────┼───────────────┤
│ head_drop (Dropout)             │ (None, 64)             │             0 │
├─────────────────────────────────┼────────────────────────┼───────────────┤
│ classifier (Dense)              │ (None, 2)              │           130 │
└─────────────────────────────────┴────────────────────────┴───────────────┘
 Total params: 108,994 (425.76 KB)
 Trainable params: 108,994 (425.76 KB)
 Non-trainable params: 0 (0.00 B)

I0000 00:00:1779455588.253382  110997 cuda_dnn.cc:461] Loaded cuDNN version 92200
[2026-05-22 22:13:25] epoch 1/100 accuracy=0.8123 loss=0.0518 val_accuracy=0.9106 val_loss=0.0389 learning_rate=0.0010
[2026-05-22 22:13:41] epoch 2/100 accuracy=0.8505 loss=0.0437 val_accuracy=0.9118 val_loss=0.0288 learning_rate=0.0010
[2026-05-22 22:13:57] epoch 3/100 accuracy=0.8610 loss=0.0412 val_accuracy=0.9204 val_loss=0.0345 learning_rate=0.0010
[2026-05-22 22:14:13] epoch 4/100 accuracy=0.8664 loss=0.0398 val_accuracy=0.9216 val_loss=0.0259 learning_rate=0.0010
[2026-05-22 22:14:29] epoch 5/100 accuracy=0.8700 loss=0.0387 val_accuracy=0.9244 val_loss=0.0267 learning_rate=0.0010
[2026-05-22 22:14:45] epoch 6/100 accuracy=0.8730 loss=0.0380 val_accuracy=0.9250 val_loss=0.0258 learning_rate=0.0010
[2026-05-22 22:15:01] epoch 7/100 accuracy=0.8748 loss=0.0373 val_accuracy=0.9255 val_loss=0.0364 learning_rate=0.0010
[2026-05-22 22:15:17] epoch 8/100 accuracy=0.8773 loss=0.0367 val_accuracy=0.9278 val_loss=0.0289 learning_rate=0.0010
[2026-05-22 22:15:33] epoch 9/100 accuracy=0.8783 loss=0.0363 val_accuracy=0.9302 val_loss=0.0267 learning_rate=0.0010
[2026-05-22 22:15:49] epoch 10/100 accuracy=0.8834 loss=0.0347 val_accuracy=0.9307 val_loss=0.0273 learning_rate=0.0005
[2026-05-22 22:16:04] epoch 11/100 accuracy=0.8862 loss=0.0342 val_accuracy=0.9313 val_loss=0.0283 learning_rate=0.0005
[2026-05-22 22:16:20] epoch 12/100 accuracy=0.8861 loss=0.0343 val_accuracy=0.9306 val_loss=0.0267 learning_rate=0.0005
[2026-05-22 22:16:37] epoch 13/100 accuracy=0.8885 loss=0.0333 val_accuracy=0.9322 val_loss=0.0258 learning_rate=0.0003
[2026-05-22 22:16:53] epoch 14/100 accuracy=0.8901 loss=0.0329 val_accuracy=0.9316 val_loss=0.0255 learning_rate=0.0003
[2026-05-22 22:17:08] epoch 15/100 accuracy=0.8916 loss=0.0327 val_accuracy=0.9315 val_loss=0.0253 learning_rate=0.0003
[2026-05-22 22:17:24] epoch 16/100 accuracy=0.8923 loss=0.0325 val_accuracy=0.9309 val_loss=0.0270 learning_rate=0.0003
[2026-05-22 22:17:41] epoch 17/100 accuracy=0.8927 loss=0.0324 val_accuracy=0.9246 val_loss=0.0295 learning_rate=0.0003
[2026-05-22 22:17:56] epoch 18/100 accuracy=0.8930 loss=0.0323 val_accuracy=0.9314 val_loss=0.0285 learning_rate=0.0003
[2026-05-22 22:18:12] epoch 19/100 accuracy=0.8937 loss=0.0320 val_accuracy=0.9302 val_loss=0.0295 learning_rate=0.0001
[2026-05-22 22:18:28] epoch 20/100 accuracy=0.8942 loss=0.0318 val_accuracy=0.9302 val_loss=0.0278 learning_rate=0.0001
[2026-05-22 22:18:44] epoch 21/100 accuracy=0.8948 loss=0.0316 val_accuracy=0.9317 val_loss=0.0269 learning_rate=0.0001
[2026-05-22 22:19:00] epoch 22/100 accuracy=0.8960 loss=0.0315 val_accuracy=0.9319 val_loss=0.0274 learning_rate=0.0001
[2026-05-22 22:19:16] epoch 23/100 accuracy=0.8962 loss=0.0314 val_accuracy=0.9298 val_loss=0.0304 learning_rate=0.0001
[2026-05-22 22:19:32] epoch 24/100 accuracy=0.8958 loss=0.0316 val_accuracy=0.9305 val_loss=0.0278 learning_rate=0.0001
[2026-05-22 22:19:49] epoch 25/100 accuracy=0.8969 loss=0.0312 val_accuracy=0.9284 val_loss=0.0291 learning_rate=0.0000
[2026-05-22 22:20:05] epoch 26/100 accuracy=0.8964 loss=0.0313 val_accuracy=0.9304 val_loss=0.0285 learning_rate=0.0000
[2026-05-22 22:20:20] epoch 27/100 accuracy=0.8961 loss=0.0314 val_accuracy=0.9298 val_loss=0.0283 learning_rate=0.0000
[2026-05-22 22:20:37] epoch 28/100 accuracy=0.8973 loss=0.0310 val_accuracy=0.9296 val_loss=0.0293 learning_rate=0.0000
[2026-05-22 22:20:53] epoch 29/100 accuracy=0.8972 loss=0.0311 val_accuracy=0.9284 val_loss=0.0298 learning_rate=0.0000
[2026-05-22 22:21:09] epoch 30/100 accuracy=0.8974 loss=0.0311 val_accuracy=0.9295 val_loss=0.0288 learning_rate=0.0000
[2026-05-22 22:21:40] video-level val: videos=1720 f1=0.9225 fall_recall=0.9272 nfall_recall=0.8627 fall_prec=0.9178 nfall_prec=0.8776 min_pr=0.8627 min_consecutive=1
[2026-05-22 22:21:40] event-level val: videos=1720 f1=0.9200 fall_recall=0.9226 nfall_recall=0.8627 fall_prec=0.9174 nfall_prec=0.8707 min_pr=0.8627 tolerance_windows=2
[2026-05-22 22:21:40] video-level test: videos=864 f1=0.9089 fall_recall=0.9133 nfall_recall=0.8551 fall_prec=0.9046 nfall_prec=0.8676 min_pr=0.8551 min_consecutive=1
[2026-05-22 22:21:41] event-level test: videos=864 f1=0.8973 fall_recall=0.8921 nfall_recall=0.8551 fall_prec=0.9025 nfall_prec=0.8405 min_pr=0.8405 tolerance_windows=2
[2026-05-22 22:21:41] === VAL VIDEO-LEVEL REPORT ===
              precision    recall  f1-score   support

           0     0.8776    0.8627    0.8700       648
           1     0.9178    0.9272    0.9225      1072

    accuracy                         0.9029      1720
   macro avg     0.8977    0.8949    0.8963      1720
weighted avg     0.9026    0.9029    0.9027      1720

[2026-05-22 22:21:41] === TEST VIDEO-LEVEL REPORT ===
              precision    recall  f1-score   support

           0     0.8676    0.8551    0.8613       345
           1     0.9046    0.9133    0.9089       519

    accuracy                         0.8900       864
   macro avg     0.8861    0.8842    0.8851       864
weighted avg     0.8898    0.8900    0.8899       864

[2026-05-22 22:21:49] tflite export subprocess exit=0
[2026-05-22 22:21:49]   [tflite] [D-kp12-w30]
[2026-05-22 22:21:49]   [tflite]   Loading model.keras ...
[2026-05-22 22:21:49]   [tflite]     rebuilding with unroll=True for TFLite compatibility
[2026-05-22 22:21:49]   [tflite] Saved artifact at '/tmp/tmpke9n0p8o'. The following endpoints are available:
[2026-05-22 22:21:49]   [tflite] 
[2026-05-22 22:21:49]   [tflite] * Endpoint 'serve'
[2026-05-22 22:21:49]   [tflite]   args_0 (POSITIONAL_ONLY): TensorSpec(shape=(None, 30, 45), dtype=tf.float32, name='pose_sequence')
[2026-05-22 22:21:49]   [tflite] Output Type:
[2026-05-22 22:21:49]   [tflite]   TensorSpec(shape=(None, 2), dtype=tf.float32, name=None)
[2026-05-22 22:21:49]   [tflite] Captures:
[2026-05-22 22:21:49]   [tflite]   127140877402384: TensorSpec(shape=(), dtype=tf.resource, name=None)
[2026-05-22 22:21:49]   [tflite]   127140877405456: TensorSpec(shape=(), dtype=tf.resource, name=None)
[2026-05-22 22:21:49]   [tflite]   127140877402576: TensorSpec(shape=(), dtype=tf.resource, name=None)
[2026-05-22 22:21:49]   [tflite]   127140877404880: TensorSpec(shape=(), dtype=tf.resource, name=None)
[2026-05-22 22:21:49]   [tflite]   127140877405648: TensorSpec(shape=(), dtype=tf.resource, name=None)
[2026-05-22 22:21:49]   [tflite]   127140877405264: TensorSpec(shape=(), dtype=tf.resource, name=None)
[2026-05-22 22:21:49]   [tflite]   127140877405840: TensorSpec(shape=(), dtype=tf.resource, name=None)
[2026-05-22 22:21:49]   [tflite]   127140877406800: TensorSpec(shape=(), dtype=tf.resource, name=None)
[2026-05-22 22:21:49]   [tflite]   127140877404688: TensorSpec(shape=(), dtype=tf.resource, name=None)
[2026-05-22 22:21:49]   [tflite]   127140877406224: TensorSpec(shape=(), dtype=tf.resource, name=None)
[2026-05-22 22:21:49]   [tflite]   127140877407184: TensorSpec(shape=(), dtype=tf.resource, name=None)
[2026-05-22 22:21:49]   [tflite]   127140877407376: TensorSpec(shape=(), dtype=tf.resource, name=None)
[2026-05-22 22:21:49]   [tflite]   127140877405072: TensorSpec(shape=(), dtype=tf.resource, name=None)
[2026-05-22 22:21:49]   [tflite]   127140877407952: TensorSpec(shape=(), dtype=tf.resource, name=None)
[2026-05-22 22:21:49]   [tflite]     fp32 OK (632 KB)
[2026-05-22 22:21:49]   [tflite] Saved artifact at '/tmp/tmp2p67gipe'. The following endpoints are available:
[2026-05-22 22:21:49]   [tflite] 
[2026-05-22 22:21:49]   [tflite] * Endpoint 'serve'
[2026-05-22 22:21:49]   [tflite]   args_0 (POSITIONAL_ONLY): TensorSpec(shape=(None, 30, 45), dtype=tf.float32, name='pose_sequence')
[2026-05-22 22:21:49]   [tflite] Output Type:
[2026-05-22 22:21:49]   [tflite]   TensorSpec(shape=(None, 2), dtype=tf.float32, name=None)
[2026-05-22 22:21:49]   [tflite] Captures:
[2026-05-22 22:21:49]   [tflite]   127140877402384: TensorSpec(shape=(), dtype=tf.resource, name=None)
[2026-05-22 22:21:49]   [tflite]   127140877405456: TensorSpec(shape=(), dtype=tf.resource, name=None)
[2026-05-22 22:21:49]   [tflite]   127140877402576: TensorSpec(shape=(), dtype=tf.resource, name=None)
[2026-05-22 22:21:49]   [tflite]   127140877404880: TensorSpec(shape=(), dtype=tf.resource, name=None)
[2026-05-22 22:21:49]   [tflite]   127140877405648: TensorSpec(shape=(), dtype=tf.resource, name=None)
[2026-05-22 22:21:49]   [tflite]   127140877405264: TensorSpec(shape=(), dtype=tf.resource, name=None)
[2026-05-22 22:21:49]   [tflite]   127140877405840: TensorSpec(shape=(), dtype=tf.resource, name=None)
[2026-05-22 22:21:49]   [tflite]   127140877406800: TensorSpec(shape=(), dtype=tf.resource, name=None)
[2026-05-22 22:21:49]   [tflite]   127140877404688: TensorSpec(shape=(), dtype=tf.resource, name=None)
[2026-05-22 22:21:49]   [tflite]   127140877406224: TensorSpec(shape=(), dtype=tf.resource, name=None)
[2026-05-22 22:21:49]   [tflite]   127140877407184: TensorSpec(shape=(), dtype=tf.resource, name=None)
[2026-05-22 22:21:49]   [tflite]   127140877407376: TensorSpec(shape=(), dtype=tf.resource, name=None)
[2026-05-22 22:21:49]   [tflite]   127140877405072: TensorSpec(shape=(), dtype=tf.resource, name=None)
[2026-05-22 22:21:49]   [tflite]   127140877407952: TensorSpec(shape=(), dtype=tf.resource, name=None)
[2026-05-22 22:21:49]   [tflite]     int8 OK (934 KB)
[2026-05-22 22:21:49]   [tflite] 
[2026-05-22 22:21:49]   [tflite] Done.
/home/min/Workspace/Graduate-Project/Falling-Model-Development/.venv/lib/python3.13/site-packages/tensorflow/lite/python/interpreter.py:457: UserWarning:     Warning: tf.lite.Interpreter is deprecated and is scheduled for deletion in
    TF 2.20. Please use the LiteRT interpreter from the ai_edge_litert package.
    See the [migration guide](https://ai.google.dev/edge/litert/migration)
    for details.
    
  warnings.warn(_INTERPRETER_DELETION_WARNING)
INFO: Created TensorFlow Lite XNNPACK delegate for CPU.
[2026-05-22 22:21:51] done D-kp12-w30 val_f1=0.7986 (video=0.9225) test_f1=0.7821 (video=0.9089) test_min_pr=0.8551 threshold=0.500 min_consecutive=1
