WARNING: All log messages before absl::InitializeLog() is called are written to STDERR
I0000 00:00:1779451277.402860   81265 cpu_feature_guard.cc:227] This TensorFlow binary is optimized to use available CPU instructions in performance-critical operations.
To enable the following instructions: AVX2 FMA, in other operations, rebuild TensorFlow with the appropriate compiler flags.
[2026-05-22 21:01:18] loading train split=/home/min/Workspace/Graduate-Project/Falling-Model-Development/dataset/splits_v2_ema/train.csv
[2026-05-22 21:01:30] train rows=1,208,593 videos=6,022 features=45 data_scope=all
[2026-05-22 21:01:30] loading val split=/home/min/Workspace/Graduate-Project/Falling-Model-Development/dataset/splits_v2_ema/val.csv
[2026-05-22 21:01:34] val rows=345,348 videos=1,720 features=45 data_scope=all
[2026-05-22 21:01:34] loading test split=/home/min/Workspace/Graduate-Project/Falling-Model-Development/dataset/splits_v2_ema/test.csv
[2026-05-22 21:01:35] test rows=173,653 videos=864 features=45 data_scope=all
[2026-05-22 21:01:45] train windows=213,379 positive=55,944 videos=6,022
[2026-05-22 21:01:49] val windows=106,006 positive=15,515 videos=1,720
[2026-05-22 21:01:51] test windows=53,268 positive=7,851 videos=864
I0000 00:00:1779451315.603482   81265 gpu_device.cc:2043] Created device /job:localhost/replica:0/task:0/device:GPU:0 with 6623 MB memory:  -> device: 0, name: NVIDIA GeForce RTX 2060 SUPER, pci bus id: 0000:05:00.0, compute capability: 7.5
[2026-05-22 21:01:56] model Model: "EMA-kp12-w20_gru"
┏━━━━━━━━━━━━━━━━━━━━━━━━━━━━━━━━━┳━━━━━━━━━━━━━━━━━━━━━━━━┳━━━━━━━━━━━━━━━┓
┃ Layer (type)                    ┃ Output Shape           ┃       Param # ┃
┡━━━━━━━━━━━━━━━━━━━━━━━━━━━━━━━━━╇━━━━━━━━━━━━━━━━━━━━━━━━╇━━━━━━━━━━━━━━━┩
│ pose_sequence (InputLayer)      │ (None, 20, 45)         │             0 │
├─────────────────────────────────┼────────────────────────┼───────────────┤
│ gru_1 (GRU)                     │ (None, 20, 128)        │        67,200 │
├─────────────────────────────────┼────────────────────────┼───────────────┤
│ ln_1 (LayerNormalization)       │ (None, 20, 128)        │           256 │
├─────────────────────────────────┼────────────────────────┼───────────────┤
│ gru_2 (GRU)                     │ (None, 64)             │        37,248 │
├─────────────────────────────────┼────────────────────────┼───────────────┤
│ head_dense (Dense)              │ (None, 64)             │         4,160 │
├─────────────────────────────────┼────────────────────────┼───────────────┤
│ head_drop (Dropout)             │ (None, 64)             │             0 │
├─────────────────────────────────┼────────────────────────┼───────────────┤
│ classifier (Dense)              │ (None, 2)              │           130 │
└─────────────────────────────────┴────────────────────────┴───────────────┘
 Total params: 108,994 (425.76 KB)
 Trainable params: 108,994 (425.76 KB)
 Non-trainable params: 0 (0.00 B)

I0000 00:00:1779451321.448622   81362 cuda_dnn.cc:461] Loaded cuDNN version 92200
[2026-05-22 21:02:20] epoch 1/100 accuracy=0.8288 loss=0.0540 val_accuracy=0.9146 val_loss=0.0411 learning_rate=0.0010
[2026-05-22 21:02:38] epoch 2/100 accuracy=0.8597 loss=0.0462 val_accuracy=0.9227 val_loss=0.0345 learning_rate=0.0010
[2026-05-22 21:02:56] epoch 3/100 accuracy=0.8669 loss=0.0439 val_accuracy=0.9202 val_loss=0.0329 learning_rate=0.0010
[2026-05-22 21:03:14] epoch 4/100 accuracy=0.8729 loss=0.0424 val_accuracy=0.9278 val_loss=0.0246 learning_rate=0.0010
[2026-05-22 21:03:31] epoch 5/100 accuracy=0.8761 loss=0.0413 val_accuracy=0.9255 val_loss=0.0316 learning_rate=0.0010
[2026-05-22 21:03:49] epoch 6/100 accuracy=0.8780 loss=0.0406 val_accuracy=0.9233 val_loss=0.0407 learning_rate=0.0010
[2026-05-22 21:04:07] epoch 7/100 accuracy=0.8802 loss=0.0398 val_accuracy=0.9247 val_loss=0.0416 learning_rate=0.0010
[2026-05-22 21:04:25] epoch 8/100 accuracy=0.8856 loss=0.0382 val_accuracy=0.9316 val_loss=0.0299 learning_rate=0.0005
[2026-05-22 21:04:43] epoch 9/100 accuracy=0.8861 loss=0.0377 val_accuracy=0.9342 val_loss=0.0280 learning_rate=0.0005
[2026-05-22 21:05:00] epoch 10/100 accuracy=0.8873 loss=0.0376 val_accuracy=0.9331 val_loss=0.0320 learning_rate=0.0005
[2026-05-22 21:05:18] epoch 11/100 accuracy=0.8889 loss=0.0367 val_accuracy=0.9357 val_loss=0.0259 learning_rate=0.0003
[2026-05-22 21:05:36] epoch 12/100 accuracy=0.8897 loss=0.0365 val_accuracy=0.9362 val_loss=0.0276 learning_rate=0.0003
[2026-05-22 21:05:54] epoch 13/100 accuracy=0.8906 loss=0.0362 val_accuracy=0.9345 val_loss=0.0266 learning_rate=0.0003
[2026-05-22 21:06:12] epoch 14/100 accuracy=0.8917 loss=0.0359 val_accuracy=0.9366 val_loss=0.0288 learning_rate=0.0001
[2026-05-22 21:06:30] epoch 15/100 accuracy=0.8933 loss=0.0356 val_accuracy=0.9344 val_loss=0.0272 learning_rate=0.0001
[2026-05-22 21:06:47] epoch 16/100 accuracy=0.8924 loss=0.0356 val_accuracy=0.9348 val_loss=0.0312 learning_rate=0.0001
[2026-05-22 21:07:05] epoch 17/100 accuracy=0.8935 loss=0.0354 val_accuracy=0.9346 val_loss=0.0285 learning_rate=0.0001
[2026-05-22 21:07:23] epoch 18/100 accuracy=0.8933 loss=0.0353 val_accuracy=0.9362 val_loss=0.0277 learning_rate=0.0001
[2026-05-22 21:07:41] epoch 19/100 accuracy=0.8925 loss=0.0354 val_accuracy=0.9355 val_loss=0.0280 learning_rate=0.0001
[2026-05-22 21:08:14] video-level val: videos=1720 f1=0.8953 fall_recall=0.8937 nfall_recall=0.8302 fall_prec=0.8970 nfall_prec=0.8252 min_pr=0.8252 min_consecutive=1
[2026-05-22 21:08:15] event-level val: videos=1720 f1=0.8870 fall_recall=0.8787 nfall_recall=0.8302 fall_prec=0.8954 nfall_prec=0.8054 min_pr=0.8054 tolerance_windows=2
[2026-05-22 21:08:15] video-level test: videos=864 f1=0.8679 fall_recall=0.8671 nfall_recall=0.8029 fall_prec=0.8687 nfall_prec=0.8006 min_pr=0.8006 min_consecutive=1
[2026-05-22 21:08:16] event-level test: videos=864 f1=0.8569 fall_recall=0.8478 nfall_recall=0.8029 fall_prec=0.8661 nfall_prec=0.7781 min_pr=0.7781 tolerance_windows=2
[2026-05-22 21:08:16] === VAL VIDEO-LEVEL REPORT ===
              precision    recall  f1-score   support

           0     0.8252    0.8302    0.8277       648
           1     0.8970    0.8937    0.8953      1072

    accuracy                         0.8698      1720
   macro avg     0.8611    0.8620    0.8615      1720
weighted avg     0.8699    0.8698    0.8698      1720

[2026-05-22 21:08:16] === TEST VIDEO-LEVEL REPORT ===
              precision    recall  f1-score   support

           0     0.8006    0.8029    0.8017       345
           1     0.8687    0.8671    0.8679       519

    accuracy                         0.8414       864
   macro avg     0.8347    0.8350    0.8348       864
weighted avg     0.8415    0.8414    0.8415       864

[2026-05-22 21:08:22] tflite export subprocess exit=0
[2026-05-22 21:08:22]   [tflite] [EMA-kp12-w20]
[2026-05-22 21:08:22]   [tflite]   Loading model.keras ...
[2026-05-22 21:08:22]   [tflite]     rebuilding with unroll=True for TFLite compatibility
[2026-05-22 21:08:22]   [tflite] Saved artifact at '/tmp/tmpymb4qvtb'. The following endpoints are available:
[2026-05-22 21:08:22]   [tflite] 
[2026-05-22 21:08:22]   [tflite] * Endpoint 'serve'
[2026-05-22 21:08:22]   [tflite]   args_0 (POSITIONAL_ONLY): TensorSpec(shape=(None, 20, 45), dtype=tf.float32, name='pose_sequence')
[2026-05-22 21:08:22]   [tflite] Output Type:
[2026-05-22 21:08:22]   [tflite]   TensorSpec(shape=(None, 2), dtype=tf.float32, name=None)
[2026-05-22 21:08:22]   [tflite] Captures:
[2026-05-22 21:08:22]   [tflite]   129340403171600: TensorSpec(shape=(), dtype=tf.resource, name=None)
[2026-05-22 21:08:22]   [tflite]   129340403174672: TensorSpec(shape=(), dtype=tf.resource, name=None)
[2026-05-22 21:08:22]   [tflite]   129340403171792: TensorSpec(shape=(), dtype=tf.resource, name=None)
[2026-05-22 21:08:22]   [tflite]   129340403174096: TensorSpec(shape=(), dtype=tf.resource, name=None)
[2026-05-22 21:08:22]   [tflite]   129340403174864: TensorSpec(shape=(), dtype=tf.resource, name=None)
[2026-05-22 21:08:22]   [tflite]   129340403174480: TensorSpec(shape=(), dtype=tf.resource, name=None)
[2026-05-22 21:08:22]   [tflite]   129340403175056: TensorSpec(shape=(), dtype=tf.resource, name=None)
[2026-05-22 21:08:22]   [tflite]   129340403176016: TensorSpec(shape=(), dtype=tf.resource, name=None)
[2026-05-22 21:08:22]   [tflite]   129340403173904: TensorSpec(shape=(), dtype=tf.resource, name=None)
[2026-05-22 21:08:22]   [tflite]   129340403175440: TensorSpec(shape=(), dtype=tf.resource, name=None)
[2026-05-22 21:08:22]   [tflite]   129340403176400: TensorSpec(shape=(), dtype=tf.resource, name=None)
[2026-05-22 21:08:22]   [tflite]   129340403176592: TensorSpec(shape=(), dtype=tf.resource, name=None)
[2026-05-22 21:08:22]   [tflite]   129340403174288: TensorSpec(shape=(), dtype=tf.resource, name=None)
[2026-05-22 21:08:22]   [tflite]   129340403177168: TensorSpec(shape=(), dtype=tf.resource, name=None)
[2026-05-22 21:08:22]   [tflite]     fp32 OK (568 KB)
[2026-05-22 21:08:22]   [tflite] Saved artifact at '/tmp/tmpqflc4egi'. The following endpoints are available:
[2026-05-22 21:08:22]   [tflite] 
[2026-05-22 21:08:22]   [tflite] * Endpoint 'serve'
[2026-05-22 21:08:22]   [tflite]   args_0 (POSITIONAL_ONLY): TensorSpec(shape=(None, 20, 45), dtype=tf.float32, name='pose_sequence')
[2026-05-22 21:08:22]   [tflite] Output Type:
[2026-05-22 21:08:22]   [tflite]   TensorSpec(shape=(None, 2), dtype=tf.float32, name=None)
[2026-05-22 21:08:22]   [tflite] Captures:
[2026-05-22 21:08:22]   [tflite]   129340403171600: TensorSpec(shape=(), dtype=tf.resource, name=None)
[2026-05-22 21:08:22]   [tflite]   129340403174672: TensorSpec(shape=(), dtype=tf.resource, name=None)
[2026-05-22 21:08:22]   [tflite]   129340403171792: TensorSpec(shape=(), dtype=tf.resource, name=None)
[2026-05-22 21:08:22]   [tflite]   129340403174096: TensorSpec(shape=(), dtype=tf.resource, name=None)
[2026-05-22 21:08:22]   [tflite]   129340403174864: TensorSpec(shape=(), dtype=tf.resource, name=None)
[2026-05-22 21:08:22]   [tflite]   129340403174480: TensorSpec(shape=(), dtype=tf.resource, name=None)
[2026-05-22 21:08:22]   [tflite]   129340403175056: TensorSpec(shape=(), dtype=tf.resource, name=None)
[2026-05-22 21:08:22]   [tflite]   129340403176016: TensorSpec(shape=(), dtype=tf.resource, name=None)
[2026-05-22 21:08:22]   [tflite]   129340403173904: TensorSpec(shape=(), dtype=tf.resource, name=None)
[2026-05-22 21:08:22]   [tflite]   129340403175440: TensorSpec(shape=(), dtype=tf.resource, name=None)
[2026-05-22 21:08:22]   [tflite]   129340403176400: TensorSpec(shape=(), dtype=tf.resource, name=None)
[2026-05-22 21:08:22]   [tflite]   129340403176592: TensorSpec(shape=(), dtype=tf.resource, name=None)
[2026-05-22 21:08:22]   [tflite]   129340403174288: TensorSpec(shape=(), dtype=tf.resource, name=None)
[2026-05-22 21:08:22]   [tflite]   129340403177168: TensorSpec(shape=(), dtype=tf.resource, name=None)
[2026-05-22 21:08:22]   [tflite]     int8 OK (682 KB)
[2026-05-22 21:08:22]   [tflite] 
[2026-05-22 21:08:22]   [tflite] Done.
/home/min/Workspace/Graduate-Project/Falling-Model-Development/.venv/lib/python3.13/site-packages/tensorflow/lite/python/interpreter.py:457: UserWarning:     Warning: tf.lite.Interpreter is deprecated and is scheduled for deletion in
    TF 2.20. Please use the LiteRT interpreter from the ai_edge_litert package.
    See the [migration guide](https://ai.google.dev/edge/litert/migration)
    for details.
    
  warnings.warn(_INTERPRETER_DELETION_WARNING)
INFO: Created TensorFlow Lite XNNPACK delegate for CPU.
[2026-05-22 21:08:23] done EMA-kp12-w20 val_f1=0.7221 (video=0.8953) test_f1=0.6975 (video=0.8679) test_min_pr=0.8006 threshold=0.450 min_consecutive=1
