WARNING: All log messages before absl::InitializeLog() is called are written to STDERR
I0000 00:00:1779454088.592609  100301 cpu_feature_guard.cc:227] This TensorFlow binary is optimized to use available CPU instructions in performance-critical operations.
To enable the following instructions: AVX2 FMA, in other operations, rebuild TensorFlow with the appropriate compiler flags.
[2026-05-22 21:48:09] loading train split=/home/min/Workspace/Graduate-Project/Falling-Model-Development/dataset/splits_v2_ema/train.csv
[2026-05-22 21:48:22] train rows=1,208,593 videos=6,022 features=57 data_scope=all
[2026-05-22 21:48:22] loading val split=/home/min/Workspace/Graduate-Project/Falling-Model-Development/dataset/splits_v2_ema/val.csv
[2026-05-22 21:48:25] val rows=345,348 videos=1,720 features=57 data_scope=all
[2026-05-22 21:48:25] loading test split=/home/min/Workspace/Graduate-Project/Falling-Model-Development/dataset/splits_v2_ema/test.csv
[2026-05-22 21:48:27] test rows=173,653 videos=864 features=57 data_scope=all
[2026-05-22 21:48:36] train windows=153,339 positive=56,331 videos=6,022
[2026-05-22 21:48:40] val windows=71,606 positive=15,589 videos=1,720
[2026-05-22 21:48:41] test windows=35,988 positive=7,892 videos=864
I0000 00:00:1779454126.992676  100301 gpu_device.cc:2043] Created device /job:localhost/replica:0/task:0/device:GPU:0 with 6623 MB memory:  -> device: 0, name: NVIDIA GeForce RTX 2060 SUPER, pci bus id: 0000:05:00.0, compute capability: 7.5
[2026-05-22 21:48:47] model Model: "EMA-all-w40_gru"
┏━━━━━━━━━━━━━━━━━━━━━━━━━━━━━━━━━┳━━━━━━━━━━━━━━━━━━━━━━━━┳━━━━━━━━━━━━━━━┓
┃ Layer (type)                    ┃ Output Shape           ┃       Param # ┃
┡━━━━━━━━━━━━━━━━━━━━━━━━━━━━━━━━━╇━━━━━━━━━━━━━━━━━━━━━━━━╇━━━━━━━━━━━━━━━┩
│ pose_sequence (InputLayer)      │ (None, 40, 57)         │             0 │
├─────────────────────────────────┼────────────────────────┼───────────────┤
│ gru_1 (GRU)                     │ (None, 40, 128)        │        71,808 │
├─────────────────────────────────┼────────────────────────┼───────────────┤
│ ln_1 (LayerNormalization)       │ (None, 40, 128)        │           256 │
├─────────────────────────────────┼────────────────────────┼───────────────┤
│ gru_2 (GRU)                     │ (None, 64)             │        37,248 │
├─────────────────────────────────┼────────────────────────┼───────────────┤
│ head_dense (Dense)              │ (None, 64)             │         4,160 │
├─────────────────────────────────┼────────────────────────┼───────────────┤
│ head_drop (Dropout)             │ (None, 64)             │             0 │
├─────────────────────────────────┼────────────────────────┼───────────────┤
│ classifier (Dense)              │ (None, 2)              │           130 │
└─────────────────────────────────┴────────────────────────┴───────────────┘
 Total params: 113,602 (443.76 KB)
 Trainable params: 113,602 (443.76 KB)
 Non-trainable params: 0 (0.00 B)

I0000 00:00:1779454134.924105  100496 cuda_dnn.cc:461] Loaded cuDNN version 92200
[2026-05-22 21:49:10] epoch 1/100 accuracy=0.7726 loss=0.0527 val_accuracy=0.8772 val_loss=0.0341 learning_rate=0.0010
[2026-05-22 21:49:25] epoch 2/100 accuracy=0.8221 loss=0.0451 val_accuracy=0.9012 val_loss=0.0394 learning_rate=0.0010
[2026-05-22 21:49:39] epoch 3/100 accuracy=0.8341 loss=0.0429 val_accuracy=0.8993 val_loss=0.0354 learning_rate=0.0010
[2026-05-22 21:49:53] epoch 4/100 accuracy=0.8405 loss=0.0415 val_accuracy=0.9097 val_loss=0.0314 learning_rate=0.0010
[2026-05-22 21:50:08] epoch 5/100 accuracy=0.8438 loss=0.0406 val_accuracy=0.9092 val_loss=0.0314 learning_rate=0.0010
[2026-05-22 21:50:22] epoch 6/100 accuracy=0.8461 loss=0.0400 val_accuracy=0.9084 val_loss=0.0344 learning_rate=0.0010
[2026-05-22 21:50:36] epoch 7/100 accuracy=0.8501 loss=0.0394 val_accuracy=0.9109 val_loss=0.0329 learning_rate=0.0010
[2026-05-22 21:50:51] epoch 8/100 accuracy=0.8562 loss=0.0378 val_accuracy=0.9136 val_loss=0.0287 learning_rate=0.0005
[2026-05-22 21:51:05] epoch 9/100 accuracy=0.8566 loss=0.0373 val_accuracy=0.9130 val_loss=0.0334 learning_rate=0.0005
[2026-05-22 21:51:19] epoch 10/100 accuracy=0.8575 loss=0.0371 val_accuracy=0.9090 val_loss=0.0273 learning_rate=0.0005
[2026-05-22 21:51:33] epoch 11/100 accuracy=0.8590 loss=0.0367 val_accuracy=0.9163 val_loss=0.0320 learning_rate=0.0005
[2026-05-22 21:51:48] epoch 12/100 accuracy=0.8601 loss=0.0366 val_accuracy=0.9145 val_loss=0.0276 learning_rate=0.0005
[2026-05-22 21:52:02] epoch 13/100 accuracy=0.8609 loss=0.0362 val_accuracy=0.9133 val_loss=0.0262 learning_rate=0.0005
[2026-05-22 21:52:16] epoch 14/100 accuracy=0.8620 loss=0.0361 val_accuracy=0.9150 val_loss=0.0280 learning_rate=0.0005
[2026-05-22 21:52:31] epoch 15/100 accuracy=0.8638 loss=0.0357 val_accuracy=0.9157 val_loss=0.0314 learning_rate=0.0005
[2026-05-22 21:52:45] epoch 16/100 accuracy=0.8631 loss=0.0354 val_accuracy=0.9169 val_loss=0.0284 learning_rate=0.0005
[2026-05-22 21:52:59] epoch 17/100 accuracy=0.8665 loss=0.0348 val_accuracy=0.9170 val_loss=0.0267 learning_rate=0.0003
[2026-05-22 21:53:13] epoch 18/100 accuracy=0.8682 loss=0.0346 val_accuracy=0.9162 val_loss=0.0296 learning_rate=0.0003
[2026-05-22 21:53:28] epoch 19/100 accuracy=0.8686 loss=0.0344 val_accuracy=0.9161 val_loss=0.0296 learning_rate=0.0003
[2026-05-22 21:53:42] epoch 20/100 accuracy=0.8702 loss=0.0340 val_accuracy=0.9184 val_loss=0.0272 learning_rate=0.0001
[2026-05-22 21:53:56] epoch 21/100 accuracy=0.8702 loss=0.0338 val_accuracy=0.9188 val_loss=0.0287 learning_rate=0.0001
[2026-05-22 21:54:10] epoch 22/100 accuracy=0.8704 loss=0.0339 val_accuracy=0.9197 val_loss=0.0268 learning_rate=0.0001
[2026-05-22 21:54:25] epoch 23/100 accuracy=0.8716 loss=0.0335 val_accuracy=0.9194 val_loss=0.0288 learning_rate=0.0001
[2026-05-22 21:54:39] epoch 24/100 accuracy=0.8716 loss=0.0335 val_accuracy=0.9199 val_loss=0.0281 learning_rate=0.0001
[2026-05-22 21:54:54] epoch 25/100 accuracy=0.8721 loss=0.0334 val_accuracy=0.9191 val_loss=0.0271 learning_rate=0.0001
[2026-05-22 21:55:08] epoch 26/100 accuracy=0.8720 loss=0.0333 val_accuracy=0.9203 val_loss=0.0273 learning_rate=0.0000
[2026-05-22 21:55:22] epoch 27/100 accuracy=0.8733 loss=0.0331 val_accuracy=0.9195 val_loss=0.0282 learning_rate=0.0000
[2026-05-22 21:55:37] epoch 28/100 accuracy=0.8736 loss=0.0330 val_accuracy=0.9195 val_loss=0.0289 learning_rate=0.0000
[2026-05-22 21:56:05] video-level val: videos=1720 f1=0.9254 fall_recall=0.9487 nfall_recall=0.8318 fall_prec=0.9032 nfall_prec=0.9074 min_pr=0.8318 min_consecutive=1
[2026-05-22 21:56:05] event-level val: videos=1720 f1=0.9210 fall_recall=0.9403 nfall_recall=0.8318 fall_prec=0.9024 nfall_prec=0.8939 min_pr=0.8318 tolerance_windows=2
[2026-05-22 21:56:06] video-level test: videos=864 f1=0.9077 fall_recall=0.9383 nfall_recall=0.8058 fall_prec=0.8791 nfall_prec=0.8968 min_pr=0.8058 min_consecutive=1
[2026-05-22 21:56:06] event-level test: videos=864 f1=0.9036 fall_recall=0.9306 nfall_recall=0.8058 fall_prec=0.8782 nfall_prec=0.8854 min_pr=0.8058 tolerance_windows=2
[2026-05-22 21:56:06] === VAL VIDEO-LEVEL REPORT ===
              precision    recall  f1-score   support

           0     0.9074    0.8318    0.8680       648
           1     0.9032    0.9487    0.9254      1072

    accuracy                         0.9047      1720
   macro avg     0.9053    0.8902    0.8967      1720
weighted avg     0.9048    0.9047    0.9037      1720

[2026-05-22 21:56:06] === TEST VIDEO-LEVEL REPORT ===
              precision    recall  f1-score   support

           0     0.8968    0.8058    0.8489       345
           1     0.8791    0.9383    0.9077       519

    accuracy                         0.8854       864
   macro avg     0.8879    0.8721    0.8783       864
weighted avg     0.8861    0.8854    0.8842       864

[2026-05-22 21:56:16] tflite export subprocess exit=0
[2026-05-22 21:56:16]   [tflite] [EMA-all-w40]
[2026-05-22 21:56:16]   [tflite]   Loading model.keras ...
[2026-05-22 21:56:16]   [tflite]     rebuilding with unroll=True for TFLite compatibility
[2026-05-22 21:56:16]   [tflite] Saved artifact at '/tmp/tmpzd4ybqd5'. The following endpoints are available:
[2026-05-22 21:56:16]   [tflite] 
[2026-05-22 21:56:16]   [tflite] * Endpoint 'serve'
[2026-05-22 21:56:16]   [tflite]   args_0 (POSITIONAL_ONLY): TensorSpec(shape=(None, 40, 57), dtype=tf.float32, name='pose_sequence')
[2026-05-22 21:56:16]   [tflite] Output Type:
[2026-05-22 21:56:16]   [tflite]   TensorSpec(shape=(None, 2), dtype=tf.float32, name=None)
[2026-05-22 21:56:16]   [tflite] Captures:
[2026-05-22 21:56:16]   [tflite]   132125732651280: TensorSpec(shape=(), dtype=tf.resource, name=None)
[2026-05-22 21:56:16]   [tflite]   132125732654352: TensorSpec(shape=(), dtype=tf.resource, name=None)
[2026-05-22 21:56:16]   [tflite]   132125732651472: TensorSpec(shape=(), dtype=tf.resource, name=None)
[2026-05-22 21:56:16]   [tflite]   132125732653776: TensorSpec(shape=(), dtype=tf.resource, name=None)
[2026-05-22 21:56:16]   [tflite]   132125732654544: TensorSpec(shape=(), dtype=tf.resource, name=None)
[2026-05-22 21:56:16]   [tflite]   132125732654160: TensorSpec(shape=(), dtype=tf.resource, name=None)
[2026-05-22 21:56:16]   [tflite]   132125732654736: TensorSpec(shape=(), dtype=tf.resource, name=None)
[2026-05-22 21:56:16]   [tflite]   132125732655696: TensorSpec(shape=(), dtype=tf.resource, name=None)
[2026-05-22 21:56:16]   [tflite]   132125732653584: TensorSpec(shape=(), dtype=tf.resource, name=None)
[2026-05-22 21:56:16]   [tflite]   132125732655120: TensorSpec(shape=(), dtype=tf.resource, name=None)
[2026-05-22 21:56:16]   [tflite]   132125732656080: TensorSpec(shape=(), dtype=tf.resource, name=None)
[2026-05-22 21:56:16]   [tflite]   132125732656272: TensorSpec(shape=(), dtype=tf.resource, name=None)
[2026-05-22 21:56:16]   [tflite]   132125732653968: TensorSpec(shape=(), dtype=tf.resource, name=None)
[2026-05-22 21:56:16]   [tflite]   132125732656848: TensorSpec(shape=(), dtype=tf.resource, name=None)
[2026-05-22 21:56:16]   [tflite]     fp32 OK (716 KB)
[2026-05-22 21:56:16]   [tflite] Saved artifact at '/tmp/tmp4oykhf6x'. The following endpoints are available:
[2026-05-22 21:56:16]   [tflite] 
[2026-05-22 21:56:16]   [tflite] * Endpoint 'serve'
[2026-05-22 21:56:16]   [tflite]   args_0 (POSITIONAL_ONLY): TensorSpec(shape=(None, 40, 57), dtype=tf.float32, name='pose_sequence')
[2026-05-22 21:56:16]   [tflite] Output Type:
[2026-05-22 21:56:16]   [tflite]   TensorSpec(shape=(None, 2), dtype=tf.float32, name=None)
[2026-05-22 21:56:16]   [tflite] Captures:
[2026-05-22 21:56:16]   [tflite]   132125732651280: TensorSpec(shape=(), dtype=tf.resource, name=None)
[2026-05-22 21:56:16]   [tflite]   132125732654352: TensorSpec(shape=(), dtype=tf.resource, name=None)
[2026-05-22 21:56:16]   [tflite]   132125732651472: TensorSpec(shape=(), dtype=tf.resource, name=None)
[2026-05-22 21:56:16]   [tflite]   132125732653776: TensorSpec(shape=(), dtype=tf.resource, name=None)
[2026-05-22 21:56:16]   [tflite]   132125732654544: TensorSpec(shape=(), dtype=tf.resource, name=None)
[2026-05-22 21:56:16]   [tflite]   132125732654160: TensorSpec(shape=(), dtype=tf.resource, name=None)
[2026-05-22 21:56:16]   [tflite]   132125732654736: TensorSpec(shape=(), dtype=tf.resource, name=None)
[2026-05-22 21:56:16]   [tflite]   132125732655696: TensorSpec(shape=(), dtype=tf.resource, name=None)
[2026-05-22 21:56:16]   [tflite]   132125732653584: TensorSpec(shape=(), dtype=tf.resource, name=None)
[2026-05-22 21:56:16]   [tflite]   132125732655120: TensorSpec(shape=(), dtype=tf.resource, name=None)
[2026-05-22 21:56:16]   [tflite]   132125732656080: TensorSpec(shape=(), dtype=tf.resource, name=None)
[2026-05-22 21:56:16]   [tflite]   132125732656272: TensorSpec(shape=(), dtype=tf.resource, name=None)
[2026-05-22 21:56:16]   [tflite]   132125732653968: TensorSpec(shape=(), dtype=tf.resource, name=None)
[2026-05-22 21:56:16]   [tflite]   132125732656848: TensorSpec(shape=(), dtype=tf.resource, name=None)
[2026-05-22 21:56:16]   [tflite]     int8 OK (1220 KB)
[2026-05-22 21:56:16]   [tflite] 
[2026-05-22 21:56:16]   [tflite] Done.
/home/min/Workspace/Graduate-Project/Falling-Model-Development/.venv/lib/python3.13/site-packages/tensorflow/lite/python/interpreter.py:457: UserWarning:     Warning: tf.lite.Interpreter is deprecated and is scheduled for deletion in
    TF 2.20. Please use the LiteRT interpreter from the ai_edge_litert package.
    See the [migration guide](https://ai.google.dev/edge/litert/migration)
    for details.
    
  warnings.warn(_INTERPRETER_DELETION_WARNING)
INFO: Created TensorFlow Lite XNNPACK delegate for CPU.
[2026-05-22 21:56:18] done EMA-all-w40 val_f1=0.7843 (video=0.9254) test_f1=0.7808 (video=0.9077) test_min_pr=0.8058 threshold=0.400 min_consecutive=1
