WARNING: All log messages before absl::InitializeLog() is called are written to STDERR
I0000 00:00:1778881190.437594   68717 cpu_feature_guard.cc:227] This TensorFlow binary is optimized to use available CPU instructions in performance-critical operations.
To enable the following instructions: AVX2 FMA, in other operations, rebuild TensorFlow with the appropriate compiler flags.
[2026-05-16 06:39:51] loading train split=/home/min/Workspace/Graduate-Project/Falling-Model-Development/dataset/splits_v2_class_balanced_filtered/train.csv
[2026-05-16 06:40:03] train rows=1,211,093 videos=6,039 features=27 data_scope=all
[2026-05-16 06:40:03] loading val split=/home/min/Workspace/Graduate-Project/Falling-Model-Development/dataset/splits_v2_class_balanced_filtered/val.csv
[2026-05-16 06:40:07] val rows=344,292 videos=1,714 features=27 data_scope=all
[2026-05-16 06:40:07] loading test split=/home/min/Workspace/Graduate-Project/Falling-Model-Development/dataset/splits_v2_class_balanced_filtered/test.csv
[2026-05-16 06:40:09] test rows=172,209 videos=853 features=27 data_scope=all
[2026-05-16 06:40:22] train windows=353,150 positive=213,662 videos=6,039
[2026-05-16 06:40:25] val windows=70,274 positive=30,106 videos=1,714
[2026-05-16 06:40:26] test windows=34,973 positive=15,069 videos=853
I0000 00:00:1778881229.732448   68717 gpu_device.cc:2043] Created device /job:localhost/replica:0/task:0/device:GPU:0 with 6623 MB memory:  -> device: 0, name: NVIDIA GeForce RTX 2060 SUPER, pci bus id: 0000:05:00.0, compute capability: 7.5
W0000 00:00:1778881230.666415   68717 cpu_allocator_impl.cc:82] Allocation of 1525608000 exceeds 10% of free system memory.
W0000 00:00:1778881231.967916   68717 cpu_allocator_impl.cc:82] Allocation of 1525608000 exceeds 10% of free system memory.
W0000 00:00:1778881233.913916   68717 cpu_allocator_impl.cc:82] Allocation of 1525608000 exceeds 10% of free system memory.
I0000 00:00:1778881236.473214   68889 cuda_dnn.cc:461] Loaded cuDNN version 92200
[2026-05-16 07:06:28] ValMinPR: restored best weights (val_video_min_pr=0.9197)
W0000 00:00:1778882789.366394   68717 cpu_allocator_impl.cc:82] Allocation of 1525608000 exceeds 10% of free system memory.
W0000 00:00:1778882790.687866   68717 cpu_allocator_impl.cc:82] Allocation of 1525608000 exceeds 10% of free system memory.
[2026-05-16 07:07:43] video-level val: videos=1714 f1=0.9694 fall_recall=0.9694 nfall_recall=0.9197 fall_prec=0.9694 nfall_prec=0.9197 min_pr=0.9197 min_consecutive=3
[2026-05-16 07:07:43] event-level val: videos=1714 f1=0.9694 fall_recall=0.9694 nfall_recall=0.9197 fall_prec=0.9694 nfall_prec=0.9197 min_pr=0.9197 tolerance_windows=2
[2026-05-16 07:07:44] video-level test: videos=853 f1=0.9758 fall_recall=0.9726 nfall_recall=0.9440 fall_prec=0.9789 nfall_prec=0.9280 min_pr=0.9280 min_consecutive=3
[2026-05-16 07:07:44] event-level test: videos=853 f1=0.9749 fall_recall=0.9710 nfall_recall=0.9440 fall_prec=0.9789 nfall_prec=0.9241 min_pr=0.9241 tolerance_windows=2
[2026-05-16 07:07:44] === VAL VIDEO-LEVEL REPORT ===
              precision    recall  f1-score   support

           0     0.9197    0.9197    0.9197       473
           1     0.9694    0.9694    0.9694      1241

    accuracy                         0.9557      1714
   macro avg     0.9445    0.9445    0.9445      1714
weighted avg     0.9557    0.9557    0.9557      1714

[2026-05-16 07:07:44] === TEST VIDEO-LEVEL REPORT ===
              precision    recall  f1-score   support

           0     0.9280    0.9440    0.9359       232
           1     0.9789    0.9726    0.9758       621

    accuracy                         0.9648       853
   macro avg     0.9534    0.9583    0.9558       853
weighted avg     0.9651    0.9648    0.9649       853

[2026-05-16 07:07:44] done P27-vm0 val_f1=0.8864 (video=0.9694) test_f1=0.8847 (video=0.9758) test_min_pr=0.9280 threshold=0.525 min_consecutive=3
