WARNING: All log messages before absl::InitializeLog() is called are written to STDERR
I0000 00:00:1778877489.300193   56768 cpu_feature_guard.cc:227] This TensorFlow binary is optimized to use available CPU instructions in performance-critical operations.
To enable the following instructions: AVX2 FMA, in other operations, rebuild TensorFlow with the appropriate compiler flags.
[2026-05-16 05:38:10] loading train split=/home/min/Workspace/Graduate-Project/Falling-Model-Development/dataset/splits_v2_class_balanced_filtered/train.csv
[2026-05-16 05:38:22] train rows=1,211,093 videos=6,039 features=27 data_scope=all
[2026-05-16 05:38:22] loading val split=/home/min/Workspace/Graduate-Project/Falling-Model-Development/dataset/splits_v2_class_balanced_filtered/val.csv
[2026-05-16 05:38:25] val rows=344,292 videos=1,714 features=27 data_scope=all
[2026-05-16 05:38:25] loading test split=/home/min/Workspace/Graduate-Project/Falling-Model-Development/dataset/splits_v2_class_balanced_filtered/test.csv
[2026-05-16 05:38:27] test rows=172,209 videos=853 features=27 data_scope=all
[2026-05-16 05:38:40] train windows=353,150 positive=213,662 videos=6,039
[2026-05-16 05:38:43] val windows=70,274 positive=30,106 videos=1,714
[2026-05-16 05:38:45] test windows=34,973 positive=15,069 videos=853
I0000 00:00:1778877527.967932   56768 gpu_device.cc:2043] Created device /job:localhost/replica:0/task:0/device:GPU:0 with 6623 MB memory:  -> device: 0, name: NVIDIA GeForce RTX 2060 SUPER, pci bus id: 0000:05:00.0, compute capability: 7.5
W0000 00:00:1778877528.897553   56768 cpu_allocator_impl.cc:82] Allocation of 1525608000 exceeds 10% of free system memory.
W0000 00:00:1778877530.175632   56768 cpu_allocator_impl.cc:82] Allocation of 1525608000 exceeds 10% of free system memory.
W0000 00:00:1778877532.098525   56768 cpu_allocator_impl.cc:82] Allocation of 1525608000 exceeds 10% of free system memory.
I0000 00:00:1778877534.608890   56937 cuda_dnn.cc:461] Loaded cuDNN version 92200
[2026-05-16 05:59:34] ValMinPR: restored best weights (val_event_min_pr=0.9177)
W0000 00:00:1778878775.545347   56768 cpu_allocator_impl.cc:82] Allocation of 1525608000 exceeds 10% of free system memory.
W0000 00:00:1778878776.856431   56768 cpu_allocator_impl.cc:82] Allocation of 1525608000 exceeds 10% of free system memory.
[2026-05-16 06:00:49] video-level val: videos=1714 f1=0.9694 fall_recall=0.9694 nfall_recall=0.9197 fall_prec=0.9694 nfall_prec=0.9197 min_pr=0.9197 min_consecutive=2
[2026-05-16 06:00:49] event-level val: videos=1714 f1=0.9690 fall_recall=0.9686 nfall_recall=0.9197 fall_prec=0.9694 nfall_prec=0.9177 min_pr=0.9177 tolerance_windows=2
[2026-05-16 06:00:50] video-level test: videos=853 f1=0.9694 fall_recall=0.9694 nfall_recall=0.9181 fall_prec=0.9694 nfall_prec=0.9181 min_pr=0.9181 min_consecutive=2
[2026-05-16 06:00:50] event-level test: videos=853 f1=0.9677 fall_recall=0.9662 nfall_recall=0.9181 fall_prec=0.9693 nfall_prec=0.9103 min_pr=0.9103 tolerance_windows=2
[2026-05-16 06:00:50] === VAL VIDEO-LEVEL REPORT ===
              precision    recall  f1-score   support

           0     0.9197    0.9197    0.9197       473
           1     0.9694    0.9694    0.9694      1241

    accuracy                         0.9557      1714
   macro avg     0.9445    0.9445    0.9445      1714
weighted avg     0.9557    0.9557    0.9557      1714

[2026-05-16 06:00:50] === TEST VIDEO-LEVEL REPORT ===
              precision    recall  f1-score   support

           0     0.9181    0.9181    0.9181       232
           1     0.9694    0.9694    0.9694       621

    accuracy                         0.9555       853
   macro avg     0.9438    0.9438    0.9438       853
weighted avg     0.9555    0.9555    0.9555       853

[2026-05-16 06:00:50] done P27-s1 val_f1=0.8661 (video=0.9694) test_f1=0.8590 (video=0.9694) test_min_pr=0.9181 threshold=0.550 min_consecutive=2
