WARNING: All log messages before absl::InitializeLog() is called are written to STDERR
I0000 00:00:1778880290.817423   65781 cpu_feature_guard.cc:227] This TensorFlow binary is optimized to use available CPU instructions in performance-critical operations.
To enable the following instructions: AVX2 FMA, in other operations, rebuild TensorFlow with the appropriate compiler flags.
[2026-05-16 06:24:52] loading train split=/home/min/Workspace/Graduate-Project/Falling-Model-Development/dataset/splits_v2_class_balanced_filtered/train.csv
[2026-05-16 06:25:04] train rows=1,211,093 videos=6,039 features=27 data_scope=all
[2026-05-16 06:25:04] loading val split=/home/min/Workspace/Graduate-Project/Falling-Model-Development/dataset/splits_v2_class_balanced_filtered/val.csv
[2026-05-16 06:25:07] val rows=344,292 videos=1,714 features=27 data_scope=all
[2026-05-16 06:25:07] loading test split=/home/min/Workspace/Graduate-Project/Falling-Model-Development/dataset/splits_v2_class_balanced_filtered/test.csv
[2026-05-16 06:25:09] test rows=172,209 videos=853 features=27 data_scope=all
[2026-05-16 06:25:22] train windows=353,150 positive=213,662 videos=6,039
[2026-05-16 06:25:25] val windows=70,274 positive=30,106 videos=1,714
[2026-05-16 06:25:27] test windows=34,973 positive=15,069 videos=853
I0000 00:00:1778880330.306337   65781 gpu_device.cc:2043] Created device /job:localhost/replica:0/task:0/device:GPU:0 with 6623 MB memory:  -> device: 0, name: NVIDIA GeForce RTX 2060 SUPER, pci bus id: 0000:05:00.0, compute capability: 7.5
W0000 00:00:1778880331.297117   65781 cpu_allocator_impl.cc:82] Allocation of 1525608000 exceeds 10% of free system memory.
W0000 00:00:1778880332.619270   65781 cpu_allocator_impl.cc:82] Allocation of 1525608000 exceeds 10% of free system memory.
W0000 00:00:1778880334.537062   65781 cpu_allocator_impl.cc:82] Allocation of 1525608000 exceeds 10% of free system memory.
I0000 00:00:1778880337.053284   65930 cuda_dnn.cc:461] Loaded cuDNN version 92200
[2026-05-16 06:38:32] ValMinPR: restored best weights (val_event_min_pr=0.9070)
W0000 00:00:1778881113.492611   65781 cpu_allocator_impl.cc:82] Allocation of 1525608000 exceeds 10% of free system memory.
W0000 00:00:1778881114.821685   65781 cpu_allocator_impl.cc:82] Allocation of 1525608000 exceeds 10% of free system memory.
[2026-05-16 06:39:47] video-level val: videos=1714 f1=0.9654 fall_recall=0.9662 nfall_recall=0.9070 fall_prec=0.9646 nfall_prec=0.9108 min_pr=0.9070 min_consecutive=2
[2026-05-16 06:39:47] event-level val: videos=1714 f1=0.9654 fall_recall=0.9662 nfall_recall=0.9070 fall_prec=0.9646 nfall_prec=0.9108 min_pr=0.9070 tolerance_windows=2
[2026-05-16 06:39:48] video-level test: videos=853 f1=0.9629 fall_recall=0.9614 nfall_recall=0.9052 fall_prec=0.9645 nfall_prec=0.8974 min_pr=0.8974 min_consecutive=2
[2026-05-16 06:39:48] event-level test: videos=853 f1=0.9621 fall_recall=0.9597 nfall_recall=0.9052 fall_prec=0.9644 nfall_prec=0.8936 min_pr=0.8936 tolerance_windows=2
[2026-05-16 06:39:48] === VAL VIDEO-LEVEL REPORT ===
              precision    recall  f1-score   support

           0     0.9108    0.9070    0.9089       473
           1     0.9646    0.9662    0.9654      1241

    accuracy                         0.9498      1714
   macro avg     0.9377    0.9366    0.9371      1714
weighted avg     0.9498    0.9498    0.9498      1714

[2026-05-16 06:39:48] === TEST VIDEO-LEVEL REPORT ===
              precision    recall  f1-score   support

           0     0.8974    0.9052    0.9013       232
           1     0.9645    0.9614    0.9629       621

    accuracy                         0.9461       853
   macro avg     0.9309    0.9333    0.9321       853
weighted avg     0.9462    0.9461    0.9461       853

[2026-05-16 06:39:48] done P27-s3 val_f1=0.8603 (video=0.9654) test_f1=0.8585 (video=0.9629) test_min_pr=0.8974 threshold=0.475 min_consecutive=2
