WARNING: All log messages before absl::InitializeLog() is called are written to STDERR
I0000 00:00:1778878852.520409   61239 cpu_feature_guard.cc:227] This TensorFlow binary is optimized to use available CPU instructions in performance-critical operations.
To enable the following instructions: AVX2 FMA, in other operations, rebuild TensorFlow with the appropriate compiler flags.
[2026-05-16 06:00:53] loading train split=/home/min/Workspace/Graduate-Project/Falling-Model-Development/dataset/splits_v2_class_balanced_filtered/train.csv
[2026-05-16 06:01:05] train rows=1,211,093 videos=6,039 features=27 data_scope=all
[2026-05-16 06:01:05] loading val split=/home/min/Workspace/Graduate-Project/Falling-Model-Development/dataset/splits_v2_class_balanced_filtered/val.csv
[2026-05-16 06:01:09] val rows=344,292 videos=1,714 features=27 data_scope=all
[2026-05-16 06:01:09] loading test split=/home/min/Workspace/Graduate-Project/Falling-Model-Development/dataset/splits_v2_class_balanced_filtered/test.csv
[2026-05-16 06:01:10] test rows=172,209 videos=853 features=27 data_scope=all
[2026-05-16 06:01:23] train windows=353,150 positive=213,662 videos=6,039
[2026-05-16 06:01:26] val windows=70,274 positive=30,106 videos=1,714
[2026-05-16 06:01:28] test windows=34,973 positive=15,069 videos=853
I0000 00:00:1778878891.246142   61239 gpu_device.cc:2043] Created device /job:localhost/replica:0/task:0/device:GPU:0 with 6623 MB memory:  -> device: 0, name: NVIDIA GeForce RTX 2060 SUPER, pci bus id: 0000:05:00.0, compute capability: 7.5
W0000 00:00:1778878892.170211   61239 cpu_allocator_impl.cc:82] Allocation of 1525608000 exceeds 10% of free system memory.
W0000 00:00:1778878893.460226   61239 cpu_allocator_impl.cc:82] Allocation of 1525608000 exceeds 10% of free system memory.
W0000 00:00:1778878895.380175   61239 cpu_allocator_impl.cc:82] Allocation of 1525608000 exceeds 10% of free system memory.
I0000 00:00:1778878897.886469   61407 cuda_dnn.cc:461] Loaded cuDNN version 92200
[2026-05-16 06:23:33] ValMinPR: restored best weights (val_event_min_pr=0.9239)
W0000 00:00:1778880213.908815   61239 cpu_allocator_impl.cc:82] Allocation of 1525608000 exceeds 10% of free system memory.
W0000 00:00:1778880215.227370   61239 cpu_allocator_impl.cc:82] Allocation of 1525608000 exceeds 10% of free system memory.
[2026-05-16 06:24:47] video-level val: videos=1714 f1=0.9722 fall_recall=0.9734 nfall_recall=0.9239 fall_prec=0.9711 nfall_prec=0.9298 min_pr=0.9239 min_consecutive=3
[2026-05-16 06:24:48] event-level val: videos=1714 f1=0.9722 fall_recall=0.9734 nfall_recall=0.9239 fall_prec=0.9711 nfall_prec=0.9298 min_pr=0.9239 tolerance_windows=2
[2026-05-16 06:24:48] video-level test: videos=853 f1=0.9677 fall_recall=0.9662 nfall_recall=0.9181 fall_prec=0.9693 nfall_prec=0.9103 min_pr=0.9103 min_consecutive=3
[2026-05-16 06:24:48] event-level test: videos=853 f1=0.9669 fall_recall=0.9646 nfall_recall=0.9181 fall_prec=0.9693 nfall_prec=0.9064 min_pr=0.9064 tolerance_windows=2
[2026-05-16 06:24:49] === VAL VIDEO-LEVEL REPORT ===
              precision    recall  f1-score   support

           0     0.9298    0.9239    0.9268       473
           1     0.9711    0.9734    0.9722      1241

    accuracy                         0.9597      1714
   macro avg     0.9504    0.9486    0.9495      1714
weighted avg     0.9597    0.9597    0.9597      1714

[2026-05-16 06:24:49] === TEST VIDEO-LEVEL REPORT ===
              precision    recall  f1-score   support

           0     0.9103    0.9181    0.9142       232
           1     0.9693    0.9662    0.9677       621

    accuracy                         0.9531       853
   macro avg     0.9398    0.9421    0.9410       853
weighted avg     0.9532    0.9531    0.9532       853

[2026-05-16 06:24:49] done P27-s2 val_f1=0.8800 (video=0.9722) test_f1=0.8742 (video=0.9677) test_min_pr=0.9103 threshold=0.525 min_consecutive=3
