WARNING: All log messages before absl::InitializeLog() is called are written to STDERR
I0000 00:00:1778819833.644009 3864848 cpu_feature_guard.cc:227] This TensorFlow binary is optimized to use available CPU instructions in performance-critical operations.
To enable the following instructions: AVX2 FMA, in other operations, rebuild TensorFlow with the appropriate compiler flags.
[2026-05-15 13:37:15] loading train split=/home/min/Workspace/Graduate-Project/Falling-Model-Development/dataset/splits_v2_filtered/train.csv
[2026-05-15 13:37:28] train rows=1,274,014 videos=6,344 features=21 data_scope=all
[2026-05-15 13:37:28] loading val split=/home/min/Workspace/Graduate-Project/Falling-Model-Development/dataset/splits_v2_filtered/val.csv
[2026-05-15 13:37:32] val rows=363,918 videos=1,811 features=21 data_scope=all
[2026-05-15 13:37:32] loading test split=/home/min/Workspace/Graduate-Project/Falling-Model-Development/dataset/splits_v2_filtered/test.csv
[2026-05-15 13:37:34] test rows=182,782 videos=911 features=21 data_scope=all
[2026-05-15 13:37:50] train windows=397,522 positive=211,942 videos=6,344
[2026-05-15 13:37:56] val windows=165,969 positive=60,838 videos=1,811
[2026-05-15 13:37:59] test windows=83,482 positive=30,712 videos=911
I0000 00:00:1778819884.777202 3864848 gpu_device.cc:2043] Created device /job:localhost/replica:0/task:0/device:GPU:0 with 6074 MB memory:  -> device: 0, name: NVIDIA GeForce RTX 2060 SUPER, pci bus id: 0000:05:00.0, compute capability: 7.5
W0000 00:00:1778819885.999203 3864848 cpu_allocator_impl.cc:82] Allocation of 1001755440 exceeds 10% of free system memory.
W0000 00:00:1778819886.914269 3864848 cpu_allocator_impl.cc:82] Allocation of 1001755440 exceeds 10% of free system memory.
W0000 00:00:1778819889.152147 3864848 cpu_allocator_impl.cc:82] Allocation of 1001755440 exceeds 10% of free system memory.
I0000 00:00:1778819891.308463 3872006 cuda_dnn.cc:461] Loaded cuDNN version 92200
W0000 00:00:1778821476.617290 3864848 cpu_allocator_impl.cc:82] Allocation of 1001755440 exceeds 10% of free system memory.
W0000 00:00:1778821477.563587 3864848 cpu_allocator_impl.cc:82] Allocation of 1001755440 exceeds 10% of free system memory.
[2026-05-15 14:05:38] video-level val: videos=1811 f1=0.9487 fall_recall=0.9865 nfall_recall=0.7417 fall_prec=0.9137 nfall_prec=0.9519 min_pr=0.7417 min_consecutive=5
[2026-05-15 14:05:39] video-level test: videos=911 f1=0.9468 fall_recall=0.9895 nfall_recall=0.7265 fall_prec=0.9077 nfall_prec=0.9622 min_pr=0.7265 min_consecutive=5
[2026-05-15 14:05:39] === VAL VIDEO-LEVEL REPORT ===
              precision    recall  f1-score   support

           0     0.9519    0.7417    0.8337       480
           1     0.9137    0.9865    0.9487      1331

    accuracy                         0.9216      1811
   macro avg     0.9328    0.8641    0.8912      1811
weighted avg     0.9238    0.9216    0.9182      1811

[2026-05-15 14:05:39] === TEST VIDEO-LEVEL REPORT ===
              precision    recall  f1-score   support

           0     0.9622    0.7265    0.8279       245
           1     0.9077    0.9895    0.9468       666

    accuracy                         0.9188       911
   macro avg     0.9349    0.8580    0.8874       911
weighted avg     0.9224    0.9188    0.9149       911

[2026-05-15 14:05:48] tflite export subprocess exit=0
[2026-05-15 14:05:48]   [tflite] [P8-v03]
[2026-05-15 14:05:48]   [tflite]   Loading model.keras ...
[2026-05-15 14:05:48]   [tflite]     rebuilding with unroll=True for TFLite compatibility
[2026-05-15 14:05:48]   [tflite] Saved artifact at '/tmp/tmpfe4vjwcs'. The following endpoints are available:
[2026-05-15 14:05:48]   [tflite] 
[2026-05-15 14:05:48]   [tflite] * Endpoint 'serve'
[2026-05-15 14:05:48]   [tflite]   args_0 (POSITIONAL_ONLY): TensorSpec(shape=(None, 30, 21), dtype=tf.float32, name='pose_sequence')
[2026-05-15 14:05:48]   [tflite] Output Type:
[2026-05-15 14:05:48]   [tflite]   TensorSpec(shape=(None, 2), dtype=tf.float32, name=None)
[2026-05-15 14:05:48]   [tflite] Captures:
[2026-05-15 14:05:48]   [tflite]   129104988783056: TensorSpec(shape=(), dtype=tf.resource, name=None)
[2026-05-15 14:05:48]   [tflite]   129104988787664: TensorSpec(shape=(), dtype=tf.resource, name=None)
[2026-05-15 14:05:48]   [tflite]   129104988787472: TensorSpec(shape=(), dtype=tf.resource, name=None)
[2026-05-15 14:05:48]   [tflite]   129104988787856: TensorSpec(shape=(), dtype=tf.resource, name=None)
[2026-05-15 14:05:48]   [tflite]   129104988786512: TensorSpec(shape=(), dtype=tf.resource, name=None)
[2026-05-15 14:05:48]   [tflite]   129104988784016: TensorSpec(shape=(), dtype=tf.resource, name=None)
[2026-05-15 14:05:48]   [tflite]   129104988789200: TensorSpec(shape=(), dtype=tf.resource, name=None)
[2026-05-15 14:05:48]   [tflite]   129104988788240: TensorSpec(shape=(), dtype=tf.resource, name=None)
[2026-05-15 14:05:48]   [tflite]   129104988788624: TensorSpec(shape=(), dtype=tf.resource, name=None)
[2026-05-15 14:05:48]   [tflite]   129104988788048: TensorSpec(shape=(), dtype=tf.resource, name=None)
[2026-05-15 14:05:48]   [tflite]   129104988789584: TensorSpec(shape=(), dtype=tf.resource, name=None)
[2026-05-15 14:05:48]   [tflite]   129104988789392: TensorSpec(shape=(), dtype=tf.resource, name=None)
[2026-05-15 14:05:48]   [tflite]   129104988790352: TensorSpec(shape=(), dtype=tf.resource, name=None)
[2026-05-15 14:05:48]   [tflite]   129104988787280: TensorSpec(shape=(), dtype=tf.resource, name=None)
[2026-05-15 14:05:48]   [tflite]   129104988789776: TensorSpec(shape=(), dtype=tf.resource, name=None)
[2026-05-15 14:05:48]   [tflite]   129104988790736: TensorSpec(shape=(), dtype=tf.resource, name=None)
[2026-05-15 14:05:48]   [tflite]   129104988790928: TensorSpec(shape=(), dtype=tf.resource, name=None)
[2026-05-15 14:05:48]   [tflite]   129104988791120: TensorSpec(shape=(), dtype=tf.resource, name=None)
[2026-05-15 14:05:48]   [tflite]   129104988792080: TensorSpec(shape=(), dtype=tf.resource, name=None)
[2026-05-15 14:05:48]   [tflite]     fp32 OK (684 KB)
[2026-05-15 14:05:48]   [tflite] Saved artifact at '/tmp/tmpssy7ya78'. The following endpoints are available:
[2026-05-15 14:05:48]   [tflite] 
[2026-05-15 14:05:48]   [tflite] * Endpoint 'serve'
[2026-05-15 14:05:48]   [tflite]   args_0 (POSITIONAL_ONLY): TensorSpec(shape=(None, 30, 21), dtype=tf.float32, name='pose_sequence')
[2026-05-15 14:05:48]   [tflite] Output Type:
[2026-05-15 14:05:48]   [tflite]   TensorSpec(shape=(None, 2), dtype=tf.float32, name=None)
[2026-05-15 14:05:48]   [tflite] Captures:
[2026-05-15 14:05:48]   [tflite]   129104988783056: TensorSpec(shape=(), dtype=tf.resource, name=None)
[2026-05-15 14:05:48]   [tflite]   129104988787664: TensorSpec(shape=(), dtype=tf.resource, name=None)
[2026-05-15 14:05:48]   [tflite]   129104988787472: TensorSpec(shape=(), dtype=tf.resource, name=None)
[2026-05-15 14:05:48]   [tflite]   129104988787856: TensorSpec(shape=(), dtype=tf.resource, name=None)
[2026-05-15 14:05:48]   [tflite]   129104988786512: TensorSpec(shape=(), dtype=tf.resource, name=None)
[2026-05-15 14:05:48]   [tflite]   129104988784016: TensorSpec(shape=(), dtype=tf.resource, name=None)
[2026-05-15 14:05:48]   [tflite]   129104988789200: TensorSpec(shape=(), dtype=tf.resource, name=None)
[2026-05-15 14:05:48]   [tflite]   129104988788240: TensorSpec(shape=(), dtype=tf.resource, name=None)
[2026-05-15 14:05:48]   [tflite]   129104988788624: TensorSpec(shape=(), dtype=tf.resource, name=None)
[2026-05-15 14:05:48]   [tflite]   129104988788048: TensorSpec(shape=(), dtype=tf.resource, name=None)
[2026-05-15 14:05:48]   [tflite]   129104988789584: TensorSpec(shape=(), dtype=tf.resource, name=None)
[2026-05-15 14:05:48]   [tflite]   129104988789392: TensorSpec(shape=(), dtype=tf.resource, name=None)
[2026-05-15 14:05:48]   [tflite]   129104988790352: TensorSpec(shape=(), dtype=tf.resource, name=None)
[2026-05-15 14:05:48]   [tflite]   129104988787280: TensorSpec(shape=(), dtype=tf.resource, name=None)
[2026-05-15 14:05:48]   [tflite]   129104988789776: TensorSpec(shape=(), dtype=tf.resource, name=None)
[2026-05-15 14:05:48]   [tflite]   129104988790736: TensorSpec(shape=(), dtype=tf.resource, name=None)
[2026-05-15 14:05:48]   [tflite]   129104988790928: TensorSpec(shape=(), dtype=tf.resource, name=None)
[2026-05-15 14:05:48]   [tflite]   129104988791120: TensorSpec(shape=(), dtype=tf.resource, name=None)
[2026-05-15 14:05:48]   [tflite]   129104988792080: TensorSpec(shape=(), dtype=tf.resource, name=None)
[2026-05-15 14:05:48]   [tflite]     int8 OK (941 KB)
[2026-05-15 14:05:48]   [tflite] 
[2026-05-15 14:05:48]   [tflite] Done.
/home/min/Workspace/Graduate-Project/Falling-Model-Development/.venv/lib/python3.13/site-packages/tensorflow/lite/python/interpreter.py:457: UserWarning:     Warning: tf.lite.Interpreter is deprecated and is scheduled for deletion in
    TF 2.20. Please use the LiteRT interpreter from the ai_edge_litert package.
    See the [migration guide](https://ai.google.dev/edge/litert/migration)
    for details.
    
  warnings.warn(_INTERPRETER_DELETION_WARNING)
INFO: Created TensorFlow Lite XNNPACK delegate for CPU.
[2026-05-15 14:05:50] done P8-v03 val_f1=0.8690 (video=0.9487) test_f1=0.8697 (video=0.9468) test_min_pr=0.7265 threshold=0.450 min_consecutive=5
