WARNING: All log messages before absl::InitializeLog() is called are written to STDERR
I0000 00:00:1778818394.165209 3671122 cpu_feature_guard.cc:227] This TensorFlow binary is optimized to use available CPU instructions in performance-critical operations.
To enable the following instructions: AVX2 FMA, in other operations, rebuild TensorFlow with the appropriate compiler flags.
[2026-05-15 13:13:15] loading train split=/home/min/Workspace/Graduate-Project/Falling-Model-Development/dataset/splits_v2_filtered/train.csv
[2026-05-15 13:13:28] train rows=1,274,014 videos=6,344 features=27 data_scope=all
[2026-05-15 13:13:28] loading val split=/home/min/Workspace/Graduate-Project/Falling-Model-Development/dataset/splits_v2_filtered/val.csv
[2026-05-15 13:13:32] val rows=363,918 videos=1,811 features=27 data_scope=all
[2026-05-15 13:13:32] loading test split=/home/min/Workspace/Graduate-Project/Falling-Model-Development/dataset/splits_v2_filtered/test.csv
[2026-05-15 13:13:34] test rows=182,782 videos=911 features=27 data_scope=all
[2026-05-15 13:13:51] train windows=397,522 positive=211,942 videos=6,344
[2026-05-15 13:13:57] val windows=165,969 positive=60,838 videos=1,811
[2026-05-15 13:14:00] test windows=83,482 positive=30,712 videos=911
I0000 00:00:1778818446.188358 3671122 gpu_device.cc:2043] Created device /job:localhost/replica:0/task:0/device:GPU:0 with 6067 MB memory:  -> device: 0, name: NVIDIA GeForce RTX 2060 SUPER, pci bus id: 0000:05:00.0, compute capability: 7.5
W0000 00:00:1778818447.548035 3671122 cpu_allocator_impl.cc:82] Allocation of 1287971280 exceeds 10% of free system memory.
W0000 00:00:1778818448.789766 3671122 cpu_allocator_impl.cc:82] Allocation of 1287971280 exceeds 10% of free system memory.
W0000 00:00:1778818451.715071 3671122 cpu_allocator_impl.cc:82] Allocation of 1287971280 exceeds 10% of free system memory.
I0000 00:00:1778818454.262757 3678371 cuda_dnn.cc:461] Loaded cuDNN version 92200
W0000 00:00:1778819756.439042 3671122 cpu_allocator_impl.cc:82] Allocation of 1287971280 exceeds 10% of free system memory.
W0000 00:00:1778819757.571515 3671122 cpu_allocator_impl.cc:82] Allocation of 1287971280 exceeds 10% of free system memory.
[2026-05-15 13:37:00] video-level val: videos=1811 f1=0.9635 recall=0.9715 fall_prec=0.9557 nfall_prec=0.9170 min_prec=0.9170 min_consecutive=5
[2026-05-15 13:37:00] video-level test: videos=911 f1=0.9566 recall=0.9760 fall_prec=0.9380 nfall_prec=0.9266 min_prec=0.9266 min_consecutive=5
[2026-05-15 13:37:00] === VAL VIDEO-LEVEL REPORT ===
              precision    recall  f1-score   support

           0     0.9170    0.8750    0.8955       480
           1     0.9557    0.9715    0.9635      1331

    accuracy                         0.9459      1811
   macro avg     0.9363    0.9232    0.9295      1811
weighted avg     0.9454    0.9459    0.9455      1811

[2026-05-15 13:37:00] === TEST VIDEO-LEVEL REPORT ===
              precision    recall  f1-score   support

           0     0.9266    0.8245    0.8726       245
           1     0.9380    0.9760    0.9566       666

    accuracy                         0.9352       911
   macro avg     0.9323    0.9002    0.9146       911
weighted avg     0.9349    0.9352    0.9340       911

[2026-05-15 13:37:10] tflite export subprocess exit=0
[2026-05-15 13:37:10]   [tflite] [P8-v02]
[2026-05-15 13:37:10]   [tflite]   Loading model.keras ...
[2026-05-15 13:37:10]   [tflite]     rebuilding with unroll=True for TFLite compatibility
[2026-05-15 13:37:10]   [tflite] Saved artifact at '/tmp/tmphoz52dnn'. The following endpoints are available:
[2026-05-15 13:37:10]   [tflite] 
[2026-05-15 13:37:10]   [tflite] * Endpoint 'serve'
[2026-05-15 13:37:10]   [tflite]   args_0 (POSITIONAL_ONLY): TensorSpec(shape=(None, 30, 27), dtype=tf.float32, name='pose_sequence')
[2026-05-15 13:37:10]   [tflite] Output Type:
[2026-05-15 13:37:10]   [tflite]   TensorSpec(shape=(None, 2), dtype=tf.float32, name=None)
[2026-05-15 13:37:10]   [tflite] Captures:
[2026-05-15 13:37:10]   [tflite]   138148927247888: TensorSpec(shape=(), dtype=tf.resource, name=None)
[2026-05-15 13:37:10]   [tflite]   138148927248656: TensorSpec(shape=(), dtype=tf.resource, name=None)
[2026-05-15 13:37:10]   [tflite]   138148927248464: TensorSpec(shape=(), dtype=tf.resource, name=None)
[2026-05-15 13:37:10]   [tflite]   138148927248848: TensorSpec(shape=(), dtype=tf.resource, name=None)
[2026-05-15 13:37:10]   [tflite]   138148927246928: TensorSpec(shape=(), dtype=tf.resource, name=None)
[2026-05-15 13:37:10]   [tflite]   138148927249040: TensorSpec(shape=(), dtype=tf.resource, name=None)
[2026-05-15 13:37:10]   [tflite]   138148927249424: TensorSpec(shape=(), dtype=tf.resource, name=None)
[2026-05-15 13:37:10]   [tflite]   138148927249232: TensorSpec(shape=(), dtype=tf.resource, name=None)
[2026-05-15 13:37:10]   [tflite]   138148927248080: TensorSpec(shape=(), dtype=tf.resource, name=None)
[2026-05-15 13:37:10]   [tflite]   138148927249616: TensorSpec(shape=(), dtype=tf.resource, name=None)
[2026-05-15 13:37:10]   [tflite]   138148927250384: TensorSpec(shape=(), dtype=tf.resource, name=None)
[2026-05-15 13:37:10]   [tflite]   138148927251728: TensorSpec(shape=(), dtype=tf.resource, name=None)
[2026-05-15 13:37:10]   [tflite]   138148927250768: TensorSpec(shape=(), dtype=tf.resource, name=None)
[2026-05-15 13:37:10]   [tflite]   138148927251152: TensorSpec(shape=(), dtype=tf.resource, name=None)
[2026-05-15 13:37:10]   [tflite]   138148927250576: TensorSpec(shape=(), dtype=tf.resource, name=None)
[2026-05-15 13:37:10]   [tflite]   138148927252112: TensorSpec(shape=(), dtype=tf.resource, name=None)
[2026-05-15 13:37:10]   [tflite]   138148927251920: TensorSpec(shape=(), dtype=tf.resource, name=None)
[2026-05-15 13:37:10]   [tflite]   138148927252880: TensorSpec(shape=(), dtype=tf.resource, name=None)
[2026-05-15 13:37:10]   [tflite]   138148927249808: TensorSpec(shape=(), dtype=tf.resource, name=None)
[2026-05-15 13:37:10]   [tflite]   138148927252304: TensorSpec(shape=(), dtype=tf.resource, name=None)
[2026-05-15 13:37:10]   [tflite]   138148927253264: TensorSpec(shape=(), dtype=tf.resource, name=None)
[2026-05-15 13:37:10]   [tflite]   138148927253456: TensorSpec(shape=(), dtype=tf.resource, name=None)
[2026-05-15 13:37:10]   [tflite]   138148927251536: TensorSpec(shape=(), dtype=tf.resource, name=None)
[2026-05-15 13:37:10]   [tflite]   138148927254032: TensorSpec(shape=(), dtype=tf.resource, name=None)
[2026-05-15 13:37:10]   [tflite]     fp32 OK (640 KB)
[2026-05-15 13:37:10]   [tflite] Saved artifact at '/tmp/tmp4wcwlm7g'. The following endpoints are available:
[2026-05-15 13:37:10]   [tflite] 
[2026-05-15 13:37:10]   [tflite] * Endpoint 'serve'
[2026-05-15 13:37:10]   [tflite]   args_0 (POSITIONAL_ONLY): TensorSpec(shape=(None, 30, 27), dtype=tf.float32, name='pose_sequence')
[2026-05-15 13:37:10]   [tflite] Output Type:
[2026-05-15 13:37:10]   [tflite]   TensorSpec(shape=(None, 2), dtype=tf.float32, name=None)
[2026-05-15 13:37:10]   [tflite] Captures:
[2026-05-15 13:37:10]   [tflite]   138148927247888: TensorSpec(shape=(), dtype=tf.resource, name=None)
[2026-05-15 13:37:10]   [tflite]   138148927248656: TensorSpec(shape=(), dtype=tf.resource, name=None)
[2026-05-15 13:37:10]   [tflite]   138148927248464: TensorSpec(shape=(), dtype=tf.resource, name=None)
[2026-05-15 13:37:10]   [tflite]   138148927248848: TensorSpec(shape=(), dtype=tf.resource, name=None)
[2026-05-15 13:37:10]   [tflite]   138148927246928: TensorSpec(shape=(), dtype=tf.resource, name=None)
[2026-05-15 13:37:10]   [tflite]   138148927249040: TensorSpec(shape=(), dtype=tf.resource, name=None)
[2026-05-15 13:37:10]   [tflite]   138148927249424: TensorSpec(shape=(), dtype=tf.resource, name=None)
[2026-05-15 13:37:10]   [tflite]   138148927249232: TensorSpec(shape=(), dtype=tf.resource, name=None)
[2026-05-15 13:37:10]   [tflite]   138148927248080: TensorSpec(shape=(), dtype=tf.resource, name=None)
[2026-05-15 13:37:10]   [tflite]   138148927249616: TensorSpec(shape=(), dtype=tf.resource, name=None)
[2026-05-15 13:37:10]   [tflite]   138148927250384: TensorSpec(shape=(), dtype=tf.resource, name=None)
[2026-05-15 13:37:10]   [tflite]   138148927251728: TensorSpec(shape=(), dtype=tf.resource, name=None)
[2026-05-15 13:37:10]   [tflite]   138148927250768: TensorSpec(shape=(), dtype=tf.resource, name=None)
[2026-05-15 13:37:10]   [tflite]   138148927251152: TensorSpec(shape=(), dtype=tf.resource, name=None)
[2026-05-15 13:37:10]   [tflite]   138148927250576: TensorSpec(shape=(), dtype=tf.resource, name=None)
[2026-05-15 13:37:10]   [tflite]   138148927252112: TensorSpec(shape=(), dtype=tf.resource, name=None)
[2026-05-15 13:37:10]   [tflite]   138148927251920: TensorSpec(shape=(), dtype=tf.resource, name=None)
[2026-05-15 13:37:10]   [tflite]   138148927252880: TensorSpec(shape=(), dtype=tf.resource, name=None)
[2026-05-15 13:37:10]   [tflite]   138148927249808: TensorSpec(shape=(), dtype=tf.resource, name=None)
[2026-05-15 13:37:10]   [tflite]   138148927252304: TensorSpec(shape=(), dtype=tf.resource, name=None)
[2026-05-15 13:37:10]   [tflite]   138148927253264: TensorSpec(shape=(), dtype=tf.resource, name=None)
[2026-05-15 13:37:10]   [tflite]   138148927253456: TensorSpec(shape=(), dtype=tf.resource, name=None)
[2026-05-15 13:37:10]   [tflite]   138148927251536: TensorSpec(shape=(), dtype=tf.resource, name=None)
[2026-05-15 13:37:10]   [tflite]   138148927254032: TensorSpec(shape=(), dtype=tf.resource, name=None)
[2026-05-15 13:37:10]   [tflite]     int8 OK (932 KB)
[2026-05-15 13:37:10]   [tflite] 
[2026-05-15 13:37:10]   [tflite] Done.
/home/min/Workspace/Graduate-Project/Falling-Model-Development/.venv/lib/python3.13/site-packages/tensorflow/lite/python/interpreter.py:457: UserWarning:     Warning: tf.lite.Interpreter is deprecated and is scheduled for deletion in
    TF 2.20. Please use the LiteRT interpreter from the ai_edge_litert package.
    See the [migration guide](https://ai.google.dev/edge/litert/migration)
    for details.
    
  warnings.warn(_INTERPRETER_DELETION_WARNING)
INFO: Created TensorFlow Lite XNNPACK delegate for CPU.
[2026-05-15 13:37:11] done P8-v02 val_f1=0.8435 (video=0.9635) test_f1=0.8489 (video=0.9566) test_min_prec=0.9266 threshold=0.500 min_consecutive=5
