WARNING: All log messages before absl::InitializeLog() is called are written to STDERR
I0000 00:00:1779467226.907864  166272 cpu_feature_guard.cc:227] This TensorFlow binary is optimized to use available CPU instructions in performance-critical operations.
To enable the following instructions: AVX2 FMA, in other operations, rebuild TensorFlow with the appropriate compiler flags.
[2026-05-23 01:27:08] loading train split=/home/min/Workspace/Graduate-Project/Falling-Model-Development/dataset/splits_v2/train.csv
[2026-05-23 01:27:18] train rows=1,208,593 videos=6,022 features=43 data_scope=all
[2026-05-23 01:27:18] loading val split=/home/min/Workspace/Graduate-Project/Falling-Model-Development/dataset/splits_v2/val.csv
[2026-05-23 01:27:21] val rows=345,348 videos=1,720 features=43 data_scope=all
[2026-05-23 01:27:21] loading test split=/home/min/Workspace/Graduate-Project/Falling-Model-Development/dataset/splits_v2/test.csv
[2026-05-23 01:27:22] test rows=173,653 videos=864 features=43 data_scope=all
[2026-05-23 01:27:31] train windows=153,339 positive=56,331 videos=6,022
[2026-05-23 01:27:35] val windows=71,606 positive=15,589 videos=1,720
[2026-05-23 01:27:36] test windows=35,988 positive=7,892 videos=864
I0000 00:00:1779467260.851092  166272 gpu_device.cc:2043] Created device /job:localhost/replica:0/task:0/device:GPU:0 with 6623 MB memory:  -> device: 0, name: NVIDIA GeForce RTX 2060 SUPER, pci bus id: 0000:05:00.0, compute capability: 7.5
[2026-05-23 01:27:41] model Model: "A-kp12-w40_tcn"
┏━━━━━━━━━━━━━━━━━━━━━┳━━━━━━━━━━━━━━━━━━━┳━━━━━━━━━━━━┳━━━━━━━━━━━━━━━━━━━┓
┃ Layer (type)        ┃ Output Shape      ┃    Param # ┃ Connected to      ┃
┡━━━━━━━━━━━━━━━━━━━━━╇━━━━━━━━━━━━━━━━━━━╇━━━━━━━━━━━━╇━━━━━━━━━━━━━━━━━━━┩
│ pose_sequence       │ (None, 40, 43)    │          0 │ -                 │
│ (InputLayer)        │                   │            │                   │
├─────────────────────┼───────────────────┼────────────┼───────────────────┤
│ tcn_block_1_conv1   │ (None, 40, 32)    │      4,128 │ pose_sequence[0]… │
│ (Conv1D)            │                   │            │                   │
├─────────────────────┼───────────────────┼────────────┼───────────────────┤
│ tcn_block_1_bn1     │ (None, 40, 32)    │        128 │ tcn_block_1_conv… │
│ (BatchNormalizatio… │                   │            │                   │
├─────────────────────┼───────────────────┼────────────┼───────────────────┤
│ tcn_block_1_relu1   │ (None, 40, 32)    │          0 │ tcn_block_1_bn1[… │
│ (ReLU)              │                   │            │                   │
├─────────────────────┼───────────────────┼────────────┼───────────────────┤
│ tcn_block_1_drop    │ (None, 40, 32)    │          0 │ tcn_block_1_relu… │
│ (Dropout)           │                   │            │                   │
├─────────────────────┼───────────────────┼────────────┼───────────────────┤
│ tcn_block_1_proj    │ (None, 40, 32)    │      1,376 │ pose_sequence[0]… │
│ (Conv1D)            │                   │            │                   │
├─────────────────────┼───────────────────┼────────────┼───────────────────┤
│ tcn_block_1_conv2   │ (None, 40, 32)    │      3,072 │ tcn_block_1_drop… │
│ (Conv1D)            │                   │            │                   │
├─────────────────────┼───────────────────┼────────────┼───────────────────┤
│ tcn_block_1_proj_bn │ (None, 40, 32)    │        128 │ tcn_block_1_proj… │
│ (BatchNormalizatio… │                   │            │                   │
├─────────────────────┼───────────────────┼────────────┼───────────────────┤
│ tcn_block_1_bn2     │ (None, 40, 32)    │        128 │ tcn_block_1_conv… │
│ (BatchNormalizatio… │                   │            │                   │
├─────────────────────┼───────────────────┼────────────┼───────────────────┤
│ tcn_block_1_add     │ (None, 40, 32)    │          0 │ tcn_block_1_proj… │
│ (Add)               │                   │            │ tcn_block_1_bn2[… │
├─────────────────────┼───────────────────┼────────────┼───────────────────┤
│ tcn_block_1_out     │ (None, 40, 32)    │          0 │ tcn_block_1_add[… │
│ (ReLU)              │                   │            │                   │
├─────────────────────┼───────────────────┼────────────┼───────────────────┤
│ tcn_block_2_conv1   │ (None, 40, 32)    │      3,072 │ tcn_block_1_out[… │
│ (Conv1D)            │                   │            │                   │
├─────────────────────┼───────────────────┼────────────┼───────────────────┤
│ tcn_block_2_bn1     │ (None, 40, 32)    │        128 │ tcn_block_2_conv… │
│ (BatchNormalizatio… │                   │            │                   │
├─────────────────────┼───────────────────┼────────────┼───────────────────┤
│ tcn_block_2_relu1   │ (None, 40, 32)    │          0 │ tcn_block_2_bn1[… │
│ (ReLU)              │                   │            │                   │
├─────────────────────┼───────────────────┼────────────┼───────────────────┤
│ tcn_block_2_drop    │ (None, 40, 32)    │          0 │ tcn_block_2_relu… │
│ (Dropout)           │                   │            │                   │
├─────────────────────┼───────────────────┼────────────┼───────────────────┤
│ tcn_block_2_conv2   │ (None, 40, 32)    │      3,072 │ tcn_block_2_drop… │
│ (Conv1D)            │                   │            │                   │
├─────────────────────┼───────────────────┼────────────┼───────────────────┤
│ tcn_block_2_bn2     │ (None, 40, 32)    │        128 │ tcn_block_2_conv… │
│ (BatchNormalizatio… │                   │            │                   │
├─────────────────────┼───────────────────┼────────────┼───────────────────┤
│ tcn_block_2_add     │ (None, 40, 32)    │          0 │ tcn_block_1_out[… │
│ (Add)               │                   │            │ tcn_block_2_bn2[… │
├─────────────────────┼───────────────────┼────────────┼───────────────────┤
│ tcn_block_2_out     │ (None, 40, 32)    │          0 │ tcn_block_2_add[… │
│ (ReLU)              │                   │            │                   │
├─────────────────────┼───────────────────┼────────────┼───────────────────┤
│ tcn_block_3_conv1   │ (None, 40, 64)    │      6,144 │ tcn_block_2_out[… │
│ (Conv1D)            │                   │            │                   │
├─────────────────────┼───────────────────┼────────────┼───────────────────┤
│ tcn_block_3_bn1     │ (None, 40, 64)    │        256 │ tcn_block_3_conv… │
│ (BatchNormalizatio… │                   │            │                   │
├─────────────────────┼───────────────────┼────────────┼───────────────────┤
│ tcn_block_3_relu1   │ (None, 40, 64)    │          0 │ tcn_block_3_bn1[… │
│ (ReLU)              │                   │            │                   │
├─────────────────────┼───────────────────┼────────────┼───────────────────┤
│ tcn_block_3_drop    │ (None, 40, 64)    │          0 │ tcn_block_3_relu… │
│ (Dropout)           │                   │            │                   │
├─────────────────────┼───────────────────┼────────────┼───────────────────┤
│ tcn_block_3_proj    │ (None, 40, 64)    │      2,048 │ tcn_block_2_out[… │
│ (Conv1D)            │                   │            │                   │
├─────────────────────┼───────────────────┼────────────┼───────────────────┤
│ tcn_block_3_conv2   │ (None, 40, 64)    │     12,288 │ tcn_block_3_drop… │
│ (Conv1D)            │                   │            │                   │
├─────────────────────┼───────────────────┼────────────┼───────────────────┤
│ tcn_block_3_proj_bn │ (None, 40, 64)    │        256 │ tcn_block_3_proj… │
│ (BatchNormalizatio… │                   │            │                   │
├─────────────────────┼───────────────────┼────────────┼───────────────────┤
│ tcn_block_3_bn2     │ (None, 40, 64)    │        256 │ tcn_block_3_conv… │
│ (BatchNormalizatio… │                   │            │                   │
├─────────────────────┼───────────────────┼────────────┼───────────────────┤
│ tcn_block_3_add     │ (None, 40, 64)    │          0 │ tcn_block_3_proj… │
│ (Add)               │                   │            │ tcn_block_3_bn2[… │
├─────────────────────┼───────────────────┼────────────┼───────────────────┤
│ tcn_block_3_out     │ (None, 40, 64)    │          0 │ tcn_block_3_add[… │
│ (ReLU)              │                   │            │                   │
├─────────────────────┼───────────────────┼────────────┼───────────────────┤
│ tcn_block_4_conv1   │ (None, 40, 96)    │     18,432 │ tcn_block_3_out[… │
│ (Conv1D)            │                   │            │                   │
├─────────────────────┼───────────────────┼────────────┼───────────────────┤
│ tcn_block_4_bn1     │ (None, 40, 96)    │        384 │ tcn_block_4_conv… │
│ (BatchNormalizatio… │                   │            │                   │
├─────────────────────┼───────────────────┼────────────┼───────────────────┤
│ tcn_block_4_relu1   │ (None, 40, 96)    │          0 │ tcn_block_4_bn1[… │
│ (ReLU)              │                   │            │                   │
├─────────────────────┼───────────────────┼────────────┼───────────────────┤
│ tcn_block_4_drop    │ (None, 40, 96)    │          0 │ tcn_block_4_relu… │
│ (Dropout)           │                   │            │                   │
├─────────────────────┼───────────────────┼────────────┼───────────────────┤
│ tcn_block_4_proj    │ (None, 40, 96)    │      6,144 │ tcn_block_3_out[… │
│ (Conv1D)            │                   │            │                   │
├─────────────────────┼───────────────────┼────────────┼───────────────────┤
│ tcn_block_4_conv2   │ (None, 40, 96)    │     27,648 │ tcn_block_4_drop… │
│ (Conv1D)            │                   │            │                   │
├─────────────────────┼───────────────────┼────────────┼───────────────────┤
│ tcn_block_4_proj_bn │ (None, 40, 96)    │        384 │ tcn_block_4_proj… │
│ (BatchNormalizatio… │                   │            │                   │
├─────────────────────┼───────────────────┼────────────┼───────────────────┤
│ tcn_block_4_bn2     │ (None, 40, 96)    │        384 │ tcn_block_4_conv… │
│ (BatchNormalizatio… │                   │            │                   │
├─────────────────────┼───────────────────┼────────────┼───────────────────┤
│ tcn_block_4_add     │ (None, 40, 96)    │          0 │ tcn_block_4_proj… │
│ (Add)               │                   │            │ tcn_block_4_bn2[… │
├─────────────────────┼───────────────────┼────────────┼───────────────────┤
│ tcn_block_4_out     │ (None, 40, 96)    │          0 │ tcn_block_4_add[… │
│ (ReLU)              │                   │            │                   │
├─────────────────────┼───────────────────┼────────────┼───────────────────┤
│ gap                 │ (None, 96)        │          0 │ tcn_block_4_out[… │
│ (GlobalAveragePool… │                   │            │                   │
├─────────────────────┼───────────────────┼────────────┼───────────────────┤
│ gmp                 │ (None, 96)        │          0 │ tcn_block_4_out[… │
│ (GlobalMaxPooling1… │                   │            │                   │
├─────────────────────┼───────────────────┼────────────┼───────────────────┤
│ pool_concat         │ (None, 192)       │          0 │ gap[0][0],        │
│ (Concatenate)       │                   │            │ gmp[0][0]         │
├─────────────────────┼───────────────────┼────────────┼───────────────────┤
│ head_dense (Dense)  │ (None, 96)        │     18,528 │ pool_concat[0][0] │
├─────────────────────┼───────────────────┼────────────┼───────────────────┤
│ head_drop (Dropout) │ (None, 96)        │          0 │ head_dense[0][0]  │
├─────────────────────┼───────────────────┼────────────┼───────────────────┤
│ classifier (Dense)  │ (None, 2)         │        194 │ head_drop[0][0]   │
└─────────────────────┴───────────────────┴────────────┴───────────────────┘
 Total params: 108,706 (424.63 KB)
 Trainable params: 107,426 (419.63 KB)
 Non-trainable params: 1,280 (5.00 KB)

I0000 00:00:1779467268.707362  166469 service.cc:153] XLA service 0x7558bc047510 initialized for platform CUDA (this does not guarantee that XLA will be used). Devices:
I0000 00:00:1779467268.707379  166469 service.cc:161]   StreamExecutor [0]: NVIDIA GeForce RTX 2060 SUPER, Compute Capability 7.5 (Driver: 13.0.0; Runtime: 12.9.0; Toolkit: 12.5.0; DNN: 9.22.0)
I0000 00:00:1779467268.819691  166469 dump_mlir_util.cc:269] disabling MLIR crash reproducer, set env var `MLIR_CRASH_REPRODUCER_DIRECTORY` to enable.
I0000 00:00:1779467269.300996  166469 cuda_dnn.cc:461] Loaded cuDNN version 92200
I0000 00:00:1779467269.447087  166469 dot_merger.cc:481] Merging Dots in computation: a_inference_one_step_on_data_8878__.85
I0000 00:00:1779467277.566922  166469 device_compiler.h:208] Compiled cluster using XLA!  This line is logged at most once for the lifetime of the process.
I0000 00:00:1779467285.724529  166467 dot_merger.cc:481] Merging Dots in computation: a_inference_one_step_on_data_8878__.85
[2026-05-23 01:28:17] epoch 1/100 accuracy=0.7855 loss=0.0503 val_accuracy=0.8708 val_loss=0.0563 learning_rate=0.0010
[2026-05-23 01:28:26] epoch 2/100 accuracy=0.8463 loss=0.0382 val_accuracy=0.8923 val_loss=0.0352 learning_rate=0.0010
[2026-05-23 01:28:35] epoch 3/100 accuracy=0.8561 loss=0.0361 val_accuracy=0.8532 val_loss=0.0546 learning_rate=0.0010
[2026-05-23 01:28:45] epoch 4/100 accuracy=0.8619 loss=0.0346 val_accuracy=0.9020 val_loss=0.0370 learning_rate=0.0010
[2026-05-23 01:28:54] epoch 5/100 accuracy=0.8661 loss=0.0335 val_accuracy=0.8869 val_loss=0.0502 learning_rate=0.0010
[2026-05-23 01:29:03] epoch 6/100 accuracy=0.8745 loss=0.0314 val_accuracy=0.9086 val_loss=0.0304 learning_rate=0.0005
[2026-05-23 01:29:12] epoch 7/100 accuracy=0.8779 loss=0.0305 val_accuracy=0.9052 val_loss=0.0340 learning_rate=0.0005
[2026-05-23 01:29:21] epoch 8/100 accuracy=0.8796 loss=0.0299 val_accuracy=0.9077 val_loss=0.0303 learning_rate=0.0005
[2026-05-23 01:29:30] epoch 9/100 accuracy=0.8832 loss=0.0292 val_accuracy=0.9061 val_loss=0.0353 learning_rate=0.0005
[2026-05-23 01:29:40] epoch 10/100 accuracy=0.8880 loss=0.0277 val_accuracy=0.9073 val_loss=0.0343 learning_rate=0.0003
[2026-05-23 01:29:49] epoch 11/100 accuracy=0.8898 loss=0.0274 val_accuracy=0.9060 val_loss=0.0351 learning_rate=0.0003
[2026-05-23 01:29:58] epoch 12/100 accuracy=0.8910 loss=0.0269 val_accuracy=0.9051 val_loss=0.0378 learning_rate=0.0003
[2026-05-23 01:30:07] epoch 13/100 accuracy=0.8940 loss=0.0263 val_accuracy=0.9058 val_loss=0.0372 learning_rate=0.0001
[2026-05-23 01:30:16] epoch 14/100 accuracy=0.8953 loss=0.0258 val_accuracy=0.9034 val_loss=0.0392 learning_rate=0.0001
[2026-05-23 01:30:26] epoch 15/100 accuracy=0.8957 loss=0.0256 val_accuracy=0.9049 val_loss=0.0393 learning_rate=0.0001
[2026-05-23 01:30:35] epoch 16/100 accuracy=0.8974 loss=0.0252 val_accuracy=0.9059 val_loss=0.0375 learning_rate=0.0001
[2026-05-23 01:30:44] epoch 17/100 accuracy=0.8973 loss=0.0252 val_accuracy=0.9063 val_loss=0.0358 learning_rate=0.0001
[2026-05-23 01:30:53] epoch 18/100 accuracy=0.8978 loss=0.0249 val_accuracy=0.9047 val_loss=0.0377 learning_rate=0.0001
[2026-05-23 01:31:02] epoch 19/100 accuracy=0.8995 loss=0.0247 val_accuracy=0.9036 val_loss=0.0393 learning_rate=0.0000
[2026-05-23 01:31:12] epoch 20/100 accuracy=0.8996 loss=0.0247 val_accuracy=0.9042 val_loss=0.0388 learning_rate=0.0000
[2026-05-23 01:31:21] epoch 21/100 accuracy=0.9001 loss=0.0246 val_accuracy=0.9059 val_loss=0.0374 learning_rate=0.0000
[2026-05-23 01:31:30] epoch 22/100 accuracy=0.9005 loss=0.0245 val_accuracy=0.9048 val_loss=0.0381 learning_rate=0.0000
[2026-05-23 01:31:39] epoch 23/100 accuracy=0.8999 loss=0.0246 val_accuracy=0.9028 val_loss=0.0398 learning_rate=0.0000
[2026-05-23 01:32:09] video-level val: videos=1720 f1=0.9158 fall_recall=0.9179 nfall_recall=0.8565 fall_prec=0.9136 nfall_prec=0.8631 min_pr=0.8565 min_consecutive=3
[2026-05-23 01:32:09] event-level val: videos=1720 f1=0.9051 fall_recall=0.8983 nfall_recall=0.8565 fall_prec=0.9119 nfall_prec=0.8358 min_pr=0.8358 tolerance_windows=2
[2026-05-23 01:32:09] video-level test: videos=864 f1=0.8990 fall_recall=0.9094 nfall_recall=0.8290 fall_prec=0.8889 nfall_prec=0.8589 min_pr=0.8290 min_consecutive=3
[2026-05-23 01:32:10] event-level test: videos=864 f1=0.8863 fall_recall=0.8863 nfall_recall=0.8290 fall_prec=0.8863 nfall_prec=0.8290 min_pr=0.8290 tolerance_windows=2
[2026-05-23 01:32:10] === VAL VIDEO-LEVEL REPORT ===
              precision    recall  f1-score   support

           0     0.8631    0.8565    0.8598       648
           1     0.9136    0.9179    0.9158      1072

    accuracy                         0.8948      1720
   macro avg     0.8884    0.8872    0.8878      1720
weighted avg     0.8946    0.8948    0.8947      1720

[2026-05-23 01:32:10] === TEST VIDEO-LEVEL REPORT ===
              precision    recall  f1-score   support

           0     0.8589    0.8290    0.8437       345
           1     0.8889    0.9094    0.8990       519

    accuracy                         0.8773       864
   macro avg     0.8739    0.8692    0.8714       864
weighted avg     0.8769    0.8773    0.8769       864

[2026-05-23 01:32:15] tflite export subprocess exit=0
[2026-05-23 01:32:15]   [tflite] [A-kp12-w40]
[2026-05-23 01:32:15]   [tflite]   Loading model.keras ...
[2026-05-23 01:32:15]   [tflite]     rebuilding with unroll=True for TFLite compatibility
[2026-05-23 01:32:15]   [tflite] Saved artifact at '/tmp/tmp4hzm6aqa'. The following endpoints are available:
[2026-05-23 01:32:15]   [tflite] 
[2026-05-23 01:32:15]   [tflite] * Endpoint 'serve'
[2026-05-23 01:32:15]   [tflite]   args_0 (POSITIONAL_ONLY): TensorSpec(shape=(None, 40, 43), dtype=tf.float32, name='pose_sequence')
[2026-05-23 01:32:15]   [tflite] Output Type:
[2026-05-23 01:32:15]   [tflite]   TensorSpec(shape=(None, 2), dtype=tf.float32, name=None)
[2026-05-23 01:32:15]   [tflite] Captures:
[2026-05-23 01:32:15]   [tflite]   139221530556944: TensorSpec(shape=(), dtype=tf.resource, name=None)
[2026-05-23 01:32:15]   [tflite]   139221530557712: TensorSpec(shape=(), dtype=tf.resource, name=None)
[2026-05-23 01:32:15]   [tflite]   139221530557520: TensorSpec(shape=(), dtype=tf.resource, name=None)
[2026-05-23 01:32:15]   [tflite]   139221530557904: TensorSpec(shape=(), dtype=tf.resource, name=None)
[2026-05-23 01:32:15]   [tflite]   139221530556752: TensorSpec(shape=(), dtype=tf.resource, name=None)
[2026-05-23 01:32:15]   [tflite]   139221530557136: TensorSpec(shape=(), dtype=tf.resource, name=None)
[2026-05-23 01:32:15]   [tflite]   139221530558096: TensorSpec(shape=(), dtype=tf.resource, name=None)
[2026-05-23 01:32:15]   [tflite]   139221502230992: TensorSpec(shape=(), dtype=tf.resource, name=None)
[2026-05-23 01:32:15]   [tflite]   139221502231184: TensorSpec(shape=(), dtype=tf.resource, name=None)
[2026-05-23 01:32:15]   [tflite]   139221530558288: TensorSpec(shape=(), dtype=tf.resource, name=None)
[2026-05-23 01:32:15]   [tflite]   139221502230608: TensorSpec(shape=(), dtype=tf.resource, name=None)
[2026-05-23 01:32:15]   [tflite]   139221502231760: TensorSpec(shape=(), dtype=tf.resource, name=None)
[2026-05-23 01:32:15]   [tflite]   139221502231952: TensorSpec(shape=(), dtype=tf.resource, name=None)
[2026-05-23 01:32:15]   [tflite]   139221502231376: TensorSpec(shape=(), dtype=tf.resource, name=None)
[2026-05-23 01:32:15]   [tflite]   139221502231568: TensorSpec(shape=(), dtype=tf.resource, name=None)
[2026-05-23 01:32:15]   [tflite]   139221502232528: TensorSpec(shape=(), dtype=tf.resource, name=None)
[2026-05-23 01:32:15]   [tflite]   139221502233296: TensorSpec(shape=(), dtype=tf.resource, name=None)
[2026-05-23 01:32:15]   [tflite]   139221502233104: TensorSpec(shape=(), dtype=tf.resource, name=None)
[2026-05-23 01:32:15]   [tflite]   139221502233488: TensorSpec(shape=(), dtype=tf.resource, name=None)
[2026-05-23 01:32:15]   [tflite]   139221502232336: TensorSpec(shape=(), dtype=tf.resource, name=None)
[2026-05-23 01:32:15]   [tflite]   139221502233680: TensorSpec(shape=(), dtype=tf.resource, name=None)
[2026-05-23 01:32:15]   [tflite]   139221502234448: TensorSpec(shape=(), dtype=tf.resource, name=None)
[2026-05-23 01:32:15]   [tflite]   139221502234256: TensorSpec(shape=(), dtype=tf.resource, name=None)
[2026-05-23 01:32:15]   [tflite]   139221502234640: TensorSpec(shape=(), dtype=tf.resource, name=None)
[2026-05-23 01:32:15]   [tflite]   139221502232720: TensorSpec(shape=(), dtype=tf.resource, name=None)
[2026-05-23 01:32:15]   [tflite]   139221502233872: TensorSpec(shape=(), dtype=tf.resource, name=None)
[2026-05-23 01:32:15]   [tflite]   139221502235408: TensorSpec(shape=(), dtype=tf.resource, name=None)
[2026-05-23 01:32:15]   [tflite]   139221502235216: TensorSpec(shape=(), dtype=tf.resource, name=None)
[2026-05-23 01:32:15]   [tflite]   139221502235600: TensorSpec(shape=(), dtype=tf.resource, name=None)
[2026-05-23 01:32:15]   [tflite]   139221502230800: TensorSpec(shape=(), dtype=tf.resource, name=None)
[2026-05-23 01:32:15]   [tflite]   139221502234832: TensorSpec(shape=(), dtype=tf.resource, name=None)
[2026-05-23 01:32:15]   [tflite]   139221502235792: TensorSpec(shape=(), dtype=tf.resource, name=None)
[2026-05-23 01:32:15]   [tflite]   139221502235984: TensorSpec(shape=(), dtype=tf.resource, name=None)
[2026-05-23 01:32:15]   [tflite]   139221502236176: TensorSpec(shape=(), dtype=tf.resource, name=None)
[2026-05-23 01:32:15]   [tflite]   139221502236944: TensorSpec(shape=(), dtype=tf.resource, name=None)
[2026-05-23 01:32:15]   [tflite]   139221502234064: TensorSpec(shape=(), dtype=tf.resource, name=None)
[2026-05-23 01:32:15]   [tflite]   139221502237136: TensorSpec(shape=(), dtype=tf.resource, name=None)
[2026-05-23 01:32:15]   [tflite]   139221502237328: TensorSpec(shape=(), dtype=tf.resource, name=None)
[2026-05-23 01:32:15]   [tflite]   139221502236368: TensorSpec(shape=(), dtype=tf.resource, name=None)
[2026-05-23 01:32:15]   [tflite]   139221502236560: TensorSpec(shape=(), dtype=tf.resource, name=None)
[2026-05-23 01:32:15]   [tflite]   139221502237712: TensorSpec(shape=(), dtype=tf.resource, name=None)
[2026-05-23 01:32:15]   [tflite]   139221502238480: TensorSpec(shape=(), dtype=tf.resource, name=None)
[2026-05-23 01:32:15]   [tflite]   139221502238288: TensorSpec(shape=(), dtype=tf.resource, name=None)
[2026-05-23 01:32:15]   [tflite]   139221502238672: TensorSpec(shape=(), dtype=tf.resource, name=None)
[2026-05-23 01:32:15]   [tflite]   139221502236752: TensorSpec(shape=(), dtype=tf.resource, name=None)
[2026-05-23 01:32:15]   [tflite]   139221502237904: TensorSpec(shape=(), dtype=tf.resource, name=None)
[2026-05-23 01:32:15]   [tflite]   139221502238864: TensorSpec(shape=(), dtype=tf.resource, name=None)
[2026-05-23 01:32:15]   [tflite]   139221502239056: TensorSpec(shape=(), dtype=tf.resource, name=None)
[2026-05-23 01:32:15]   [tflite]   139221502239248: TensorSpec(shape=(), dtype=tf.resource, name=None)
[2026-05-23 01:32:15]   [tflite]   139221502240016: TensorSpec(shape=(), dtype=tf.resource, name=None)
[2026-05-23 01:32:15]   [tflite]   139221502237520: TensorSpec(shape=(), dtype=tf.resource, name=None)
[2026-05-23 01:32:15]   [tflite]   139221502240208: TensorSpec(shape=(), dtype=tf.resource, name=None)
[2026-05-23 01:32:15]   [tflite]   139221502240400: TensorSpec(shape=(), dtype=tf.resource, name=None)
[2026-05-23 01:32:15]   [tflite]   139221502239440: TensorSpec(shape=(), dtype=tf.resource, name=None)
[2026-05-23 01:32:15]   [tflite]   139221502239632: TensorSpec(shape=(), dtype=tf.resource, name=None)
[2026-05-23 01:32:15]   [tflite]   139221502240784: TensorSpec(shape=(), dtype=tf.resource, name=None)
[2026-05-23 01:32:15]   [tflite]   139221502241744: TensorSpec(shape=(), dtype=tf.resource, name=None)
[2026-05-23 01:32:15]   [tflite]   139221502241360: TensorSpec(shape=(), dtype=tf.resource, name=None)
[2026-05-23 01:32:15]   [tflite]   139221502242320: TensorSpec(shape=(), dtype=tf.resource, name=None)
[2026-05-23 01:32:15]   [tflite]     fp32 OK (444 KB)
[2026-05-23 01:32:15]   [tflite] Saved artifact at '/tmp/tmpi6m5l8q7'. The following endpoints are available:
[2026-05-23 01:32:15]   [tflite] 
[2026-05-23 01:32:15]   [tflite] * Endpoint 'serve'
[2026-05-23 01:32:15]   [tflite]   args_0 (POSITIONAL_ONLY): TensorSpec(shape=(None, 40, 43), dtype=tf.float32, name='pose_sequence')
[2026-05-23 01:32:15]   [tflite] Output Type:
[2026-05-23 01:32:15]   [tflite]   TensorSpec(shape=(None, 2), dtype=tf.float32, name=None)
[2026-05-23 01:32:15]   [tflite] Captures:
[2026-05-23 01:32:15]   [tflite]   139221530556944: TensorSpec(shape=(), dtype=tf.resource, name=None)
[2026-05-23 01:32:15]   [tflite]   139221530557712: TensorSpec(shape=(), dtype=tf.resource, name=None)
[2026-05-23 01:32:15]   [tflite]   139221530557520: TensorSpec(shape=(), dtype=tf.resource, name=None)
[2026-05-23 01:32:15]   [tflite]   139221530557904: TensorSpec(shape=(), dtype=tf.resource, name=None)
[2026-05-23 01:32:15]   [tflite]   139221530556752: TensorSpec(shape=(), dtype=tf.resource, name=None)
[2026-05-23 01:32:15]   [tflite]   139221530557136: TensorSpec(shape=(), dtype=tf.resource, name=None)
[2026-05-23 01:32:15]   [tflite]   139221530558096: TensorSpec(shape=(), dtype=tf.resource, name=None)
[2026-05-23 01:32:15]   [tflite]   139221502230992: TensorSpec(shape=(), dtype=tf.resource, name=None)
[2026-05-23 01:32:15]   [tflite]   139221502231184: TensorSpec(shape=(), dtype=tf.resource, name=None)
[2026-05-23 01:32:15]   [tflite]   139221530558288: TensorSpec(shape=(), dtype=tf.resource, name=None)
[2026-05-23 01:32:15]   [tflite]   139221502230608: TensorSpec(shape=(), dtype=tf.resource, name=None)
[2026-05-23 01:32:15]   [tflite]   139221502231760: TensorSpec(shape=(), dtype=tf.resource, name=None)
[2026-05-23 01:32:15]   [tflite]   139221502231952: TensorSpec(shape=(), dtype=tf.resource, name=None)
[2026-05-23 01:32:15]   [tflite]   139221502231376: TensorSpec(shape=(), dtype=tf.resource, name=None)
[2026-05-23 01:32:15]   [tflite]   139221502231568: TensorSpec(shape=(), dtype=tf.resource, name=None)
[2026-05-23 01:32:15]   [tflite]   139221502232528: TensorSpec(shape=(), dtype=tf.resource, name=None)
[2026-05-23 01:32:15]   [tflite]   139221502233296: TensorSpec(shape=(), dtype=tf.resource, name=None)
[2026-05-23 01:32:15]   [tflite]   139221502233104: TensorSpec(shape=(), dtype=tf.resource, name=None)
[2026-05-23 01:32:15]   [tflite]   139221502233488: TensorSpec(shape=(), dtype=tf.resource, name=None)
[2026-05-23 01:32:15]   [tflite]   139221502232336: TensorSpec(shape=(), dtype=tf.resource, name=None)
[2026-05-23 01:32:15]   [tflite]   139221502233680: TensorSpec(shape=(), dtype=tf.resource, name=None)
[2026-05-23 01:32:15]   [tflite]   139221502234448: TensorSpec(shape=(), dtype=tf.resource, name=None)
[2026-05-23 01:32:15]   [tflite]   139221502234256: TensorSpec(shape=(), dtype=tf.resource, name=None)
[2026-05-23 01:32:15]   [tflite]   139221502234640: TensorSpec(shape=(), dtype=tf.resource, name=None)
[2026-05-23 01:32:15]   [tflite]   139221502232720: TensorSpec(shape=(), dtype=tf.resource, name=None)
[2026-05-23 01:32:15]   [tflite]   139221502233872: TensorSpec(shape=(), dtype=tf.resource, name=None)
[2026-05-23 01:32:15]   [tflite]   139221502235408: TensorSpec(shape=(), dtype=tf.resource, name=None)
[2026-05-23 01:32:15]   [tflite]   139221502235216: TensorSpec(shape=(), dtype=tf.resource, name=None)
[2026-05-23 01:32:15]   [tflite]   139221502235600: TensorSpec(shape=(), dtype=tf.resource, name=None)
[2026-05-23 01:32:15]   [tflite]   139221502230800: TensorSpec(shape=(), dtype=tf.resource, name=None)
[2026-05-23 01:32:15]   [tflite]   139221502234832: TensorSpec(shape=(), dtype=tf.resource, name=None)
[2026-05-23 01:32:15]   [tflite]   139221502235792: TensorSpec(shape=(), dtype=tf.resource, name=None)
[2026-05-23 01:32:15]   [tflite]   139221502235984: TensorSpec(shape=(), dtype=tf.resource, name=None)
[2026-05-23 01:32:15]   [tflite]   139221502236176: TensorSpec(shape=(), dtype=tf.resource, name=None)
[2026-05-23 01:32:15]   [tflite]   139221502236944: TensorSpec(shape=(), dtype=tf.resource, name=None)
[2026-05-23 01:32:15]   [tflite]   139221502234064: TensorSpec(shape=(), dtype=tf.resource, name=None)
[2026-05-23 01:32:15]   [tflite]   139221502237136: TensorSpec(shape=(), dtype=tf.resource, name=None)
[2026-05-23 01:32:15]   [tflite]   139221502237328: TensorSpec(shape=(), dtype=tf.resource, name=None)
[2026-05-23 01:32:15]   [tflite]   139221502236368: TensorSpec(shape=(), dtype=tf.resource, name=None)
[2026-05-23 01:32:15]   [tflite]   139221502236560: TensorSpec(shape=(), dtype=tf.resource, name=None)
[2026-05-23 01:32:15]   [tflite]   139221502237712: TensorSpec(shape=(), dtype=tf.resource, name=None)
[2026-05-23 01:32:15]   [tflite]   139221502238480: TensorSpec(shape=(), dtype=tf.resource, name=None)
[2026-05-23 01:32:15]   [tflite]   139221502238288: TensorSpec(shape=(), dtype=tf.resource, name=None)
[2026-05-23 01:32:15]   [tflite]   139221502238672: TensorSpec(shape=(), dtype=tf.resource, name=None)
[2026-05-23 01:32:15]   [tflite]   139221502236752: TensorSpec(shape=(), dtype=tf.resource, name=None)
[2026-05-23 01:32:15]   [tflite]   139221502237904: TensorSpec(shape=(), dtype=tf.resource, name=None)
[2026-05-23 01:32:15]   [tflite]   139221502238864: TensorSpec(shape=(), dtype=tf.resource, name=None)
[2026-05-23 01:32:15]   [tflite]   139221502239056: TensorSpec(shape=(), dtype=tf.resource, name=None)
[2026-05-23 01:32:15]   [tflite]   139221502239248: TensorSpec(shape=(), dtype=tf.resource, name=None)
[2026-05-23 01:32:15]   [tflite]   139221502240016: TensorSpec(shape=(), dtype=tf.resource, name=None)
[2026-05-23 01:32:15]   [tflite]   139221502237520: TensorSpec(shape=(), dtype=tf.resource, name=None)
[2026-05-23 01:32:15]   [tflite]   139221502240208: TensorSpec(shape=(), dtype=tf.resource, name=None)
[2026-05-23 01:32:15]   [tflite]   139221502240400: TensorSpec(shape=(), dtype=tf.resource, name=None)
[2026-05-23 01:32:15]   [tflite]   139221502239440: TensorSpec(shape=(), dtype=tf.resource, name=None)
[2026-05-23 01:32:15]   [tflite]   139221502239632: TensorSpec(shape=(), dtype=tf.resource, name=None)
[2026-05-23 01:32:15]   [tflite]   139221502240784: TensorSpec(shape=(), dtype=tf.resource, name=None)
[2026-05-23 01:32:15]   [tflite]   139221502241744: TensorSpec(shape=(), dtype=tf.resource, name=None)
[2026-05-23 01:32:15]   [tflite]   139221502241360: TensorSpec(shape=(), dtype=tf.resource, name=None)
[2026-05-23 01:32:15]   [tflite]   139221502242320: TensorSpec(shape=(), dtype=tf.resource, name=None)
[2026-05-23 01:32:15]   [tflite]     int8 OK (152 KB)
[2026-05-23 01:32:15]   [tflite] 
[2026-05-23 01:32:15]   [tflite] Done.
/home/min/Workspace/Graduate-Project/Falling-Model-Development/.venv/lib/python3.13/site-packages/tensorflow/lite/python/interpreter.py:457: UserWarning:     Warning: tf.lite.Interpreter is deprecated and is scheduled for deletion in
    TF 2.20. Please use the LiteRT interpreter from the ai_edge_litert package.
    See the [migration guide](https://ai.google.dev/edge/litert/migration)
    for details.
    
  warnings.warn(_INTERPRETER_DELETION_WARNING)
INFO: Created TensorFlow Lite XNNPACK delegate for CPU.
[2026-05-23 01:32:16] done A-kp12-w40 val_f1=0.7566 (video=0.9158) test_f1=0.7632 (video=0.8990) test_min_pr=0.8290 threshold=0.400 min_consecutive=3
