WARNING: All log messages before absl::InitializeLog() is called are written to STDERR
I0000 00:00:1779471870.494545  218004 cpu_feature_guard.cc:227] This TensorFlow binary is optimized to use available CPU instructions in performance-critical operations.
To enable the following instructions: AVX2 FMA, in other operations, rebuild TensorFlow with the appropriate compiler flags.
[2026-05-23 02:44:31] loading train split=/home/min/Workspace/Graduate-Project/Falling-Model-Development/dataset/splits_v2_filtered/train.csv
[2026-05-23 02:44:44] train rows=1,208,593 videos=6,022 features=45 data_scope=all
[2026-05-23 02:44:44] loading val split=/home/min/Workspace/Graduate-Project/Falling-Model-Development/dataset/splits_v2_filtered/val.csv
[2026-05-23 02:44:47] val rows=345,348 videos=1,720 features=45 data_scope=all
[2026-05-23 02:44:47] loading test split=/home/min/Workspace/Graduate-Project/Falling-Model-Development/dataset/splits_v2_filtered/test.csv
[2026-05-23 02:44:48] test rows=173,653 videos=864 features=45 data_scope=all
[2026-05-23 02:44:57] train windows=122,169 positive=54,145 videos=6,022
[2026-05-23 02:45:00] val windows=54,406 positive=15,129 videos=1,720
[2026-05-23 02:45:01] test windows=27,348 positive=7,633 videos=864
I0000 00:00:1779471905.442715  218004 gpu_device.cc:2043] Created device /job:localhost/replica:0/task:0/device:GPU:0 with 6623 MB memory:  -> device: 0, name: NVIDIA GeForce RTX 2060 SUPER, pci bus id: 0000:05:00.0, compute capability: 7.5
[2026-05-23 02:45:06] model Model: "D-kp12-w50_tcn"
┏━━━━━━━━━━━━━━━━━━━━━┳━━━━━━━━━━━━━━━━━━━┳━━━━━━━━━━━━┳━━━━━━━━━━━━━━━━━━━┓
┃ Layer (type)        ┃ Output Shape      ┃    Param # ┃ Connected to      ┃
┡━━━━━━━━━━━━━━━━━━━━━╇━━━━━━━━━━━━━━━━━━━╇━━━━━━━━━━━━╇━━━━━━━━━━━━━━━━━━━┩
│ pose_sequence       │ (None, 50, 45)    │          0 │ -                 │
│ (InputLayer)        │                   │            │                   │
├─────────────────────┼───────────────────┼────────────┼───────────────────┤
│ tcn_block_1_conv1   │ (None, 50, 32)    │      4,320 │ pose_sequence[0]… │
│ (Conv1D)            │                   │            │                   │
├─────────────────────┼───────────────────┼────────────┼───────────────────┤
│ tcn_block_1_bn1     │ (None, 50, 32)    │        128 │ tcn_block_1_conv… │
│ (BatchNormalizatio… │                   │            │                   │
├─────────────────────┼───────────────────┼────────────┼───────────────────┤
│ tcn_block_1_relu1   │ (None, 50, 32)    │          0 │ tcn_block_1_bn1[… │
│ (ReLU)              │                   │            │                   │
├─────────────────────┼───────────────────┼────────────┼───────────────────┤
│ tcn_block_1_drop    │ (None, 50, 32)    │          0 │ tcn_block_1_relu… │
│ (Dropout)           │                   │            │                   │
├─────────────────────┼───────────────────┼────────────┼───────────────────┤
│ tcn_block_1_proj    │ (None, 50, 32)    │      1,440 │ pose_sequence[0]… │
│ (Conv1D)            │                   │            │                   │
├─────────────────────┼───────────────────┼────────────┼───────────────────┤
│ tcn_block_1_conv2   │ (None, 50, 32)    │      3,072 │ tcn_block_1_drop… │
│ (Conv1D)            │                   │            │                   │
├─────────────────────┼───────────────────┼────────────┼───────────────────┤
│ tcn_block_1_proj_bn │ (None, 50, 32)    │        128 │ tcn_block_1_proj… │
│ (BatchNormalizatio… │                   │            │                   │
├─────────────────────┼───────────────────┼────────────┼───────────────────┤
│ tcn_block_1_bn2     │ (None, 50, 32)    │        128 │ tcn_block_1_conv… │
│ (BatchNormalizatio… │                   │            │                   │
├─────────────────────┼───────────────────┼────────────┼───────────────────┤
│ tcn_block_1_add     │ (None, 50, 32)    │          0 │ tcn_block_1_proj… │
│ (Add)               │                   │            │ tcn_block_1_bn2[… │
├─────────────────────┼───────────────────┼────────────┼───────────────────┤
│ tcn_block_1_out     │ (None, 50, 32)    │          0 │ tcn_block_1_add[… │
│ (ReLU)              │                   │            │                   │
├─────────────────────┼───────────────────┼────────────┼───────────────────┤
│ tcn_block_2_conv1   │ (None, 50, 32)    │      3,072 │ tcn_block_1_out[… │
│ (Conv1D)            │                   │            │                   │
├─────────────────────┼───────────────────┼────────────┼───────────────────┤
│ tcn_block_2_bn1     │ (None, 50, 32)    │        128 │ tcn_block_2_conv… │
│ (BatchNormalizatio… │                   │            │                   │
├─────────────────────┼───────────────────┼────────────┼───────────────────┤
│ tcn_block_2_relu1   │ (None, 50, 32)    │          0 │ tcn_block_2_bn1[… │
│ (ReLU)              │                   │            │                   │
├─────────────────────┼───────────────────┼────────────┼───────────────────┤
│ tcn_block_2_drop    │ (None, 50, 32)    │          0 │ tcn_block_2_relu… │
│ (Dropout)           │                   │            │                   │
├─────────────────────┼───────────────────┼────────────┼───────────────────┤
│ tcn_block_2_conv2   │ (None, 50, 32)    │      3,072 │ tcn_block_2_drop… │
│ (Conv1D)            │                   │            │                   │
├─────────────────────┼───────────────────┼────────────┼───────────────────┤
│ tcn_block_2_bn2     │ (None, 50, 32)    │        128 │ tcn_block_2_conv… │
│ (BatchNormalizatio… │                   │            │                   │
├─────────────────────┼───────────────────┼────────────┼───────────────────┤
│ tcn_block_2_add     │ (None, 50, 32)    │          0 │ tcn_block_1_out[… │
│ (Add)               │                   │            │ tcn_block_2_bn2[… │
├─────────────────────┼───────────────────┼────────────┼───────────────────┤
│ tcn_block_2_out     │ (None, 50, 32)    │          0 │ tcn_block_2_add[… │
│ (ReLU)              │                   │            │                   │
├─────────────────────┼───────────────────┼────────────┼───────────────────┤
│ tcn_block_3_conv1   │ (None, 50, 64)    │      6,144 │ tcn_block_2_out[… │
│ (Conv1D)            │                   │            │                   │
├─────────────────────┼───────────────────┼────────────┼───────────────────┤
│ tcn_block_3_bn1     │ (None, 50, 64)    │        256 │ tcn_block_3_conv… │
│ (BatchNormalizatio… │                   │            │                   │
├─────────────────────┼───────────────────┼────────────┼───────────────────┤
│ tcn_block_3_relu1   │ (None, 50, 64)    │          0 │ tcn_block_3_bn1[… │
│ (ReLU)              │                   │            │                   │
├─────────────────────┼───────────────────┼────────────┼───────────────────┤
│ tcn_block_3_drop    │ (None, 50, 64)    │          0 │ tcn_block_3_relu… │
│ (Dropout)           │                   │            │                   │
├─────────────────────┼───────────────────┼────────────┼───────────────────┤
│ tcn_block_3_proj    │ (None, 50, 64)    │      2,048 │ tcn_block_2_out[… │
│ (Conv1D)            │                   │            │                   │
├─────────────────────┼───────────────────┼────────────┼───────────────────┤
│ tcn_block_3_conv2   │ (None, 50, 64)    │     12,288 │ tcn_block_3_drop… │
│ (Conv1D)            │                   │            │                   │
├─────────────────────┼───────────────────┼────────────┼───────────────────┤
│ tcn_block_3_proj_bn │ (None, 50, 64)    │        256 │ tcn_block_3_proj… │
│ (BatchNormalizatio… │                   │            │                   │
├─────────────────────┼───────────────────┼────────────┼───────────────────┤
│ tcn_block_3_bn2     │ (None, 50, 64)    │        256 │ tcn_block_3_conv… │
│ (BatchNormalizatio… │                   │            │                   │
├─────────────────────┼───────────────────┼────────────┼───────────────────┤
│ tcn_block_3_add     │ (None, 50, 64)    │          0 │ tcn_block_3_proj… │
│ (Add)               │                   │            │ tcn_block_3_bn2[… │
├─────────────────────┼───────────────────┼────────────┼───────────────────┤
│ tcn_block_3_out     │ (None, 50, 64)    │          0 │ tcn_block_3_add[… │
│ (ReLU)              │                   │            │                   │
├─────────────────────┼───────────────────┼────────────┼───────────────────┤
│ tcn_block_4_conv1   │ (None, 50, 96)    │     18,432 │ tcn_block_3_out[… │
│ (Conv1D)            │                   │            │                   │
├─────────────────────┼───────────────────┼────────────┼───────────────────┤
│ tcn_block_4_bn1     │ (None, 50, 96)    │        384 │ tcn_block_4_conv… │
│ (BatchNormalizatio… │                   │            │                   │
├─────────────────────┼───────────────────┼────────────┼───────────────────┤
│ tcn_block_4_relu1   │ (None, 50, 96)    │          0 │ tcn_block_4_bn1[… │
│ (ReLU)              │                   │            │                   │
├─────────────────────┼───────────────────┼────────────┼───────────────────┤
│ tcn_block_4_drop    │ (None, 50, 96)    │          0 │ tcn_block_4_relu… │
│ (Dropout)           │                   │            │                   │
├─────────────────────┼───────────────────┼────────────┼───────────────────┤
│ tcn_block_4_proj    │ (None, 50, 96)    │      6,144 │ tcn_block_3_out[… │
│ (Conv1D)            │                   │            │                   │
├─────────────────────┼───────────────────┼────────────┼───────────────────┤
│ tcn_block_4_conv2   │ (None, 50, 96)    │     27,648 │ tcn_block_4_drop… │
│ (Conv1D)            │                   │            │                   │
├─────────────────────┼───────────────────┼────────────┼───────────────────┤
│ tcn_block_4_proj_bn │ (None, 50, 96)    │        384 │ tcn_block_4_proj… │
│ (BatchNormalizatio… │                   │            │                   │
├─────────────────────┼───────────────────┼────────────┼───────────────────┤
│ tcn_block_4_bn2     │ (None, 50, 96)    │        384 │ tcn_block_4_conv… │
│ (BatchNormalizatio… │                   │            │                   │
├─────────────────────┼───────────────────┼────────────┼───────────────────┤
│ tcn_block_4_add     │ (None, 50, 96)    │          0 │ tcn_block_4_proj… │
│ (Add)               │                   │            │ tcn_block_4_bn2[… │
├─────────────────────┼───────────────────┼────────────┼───────────────────┤
│ tcn_block_4_out     │ (None, 50, 96)    │          0 │ tcn_block_4_add[… │
│ (ReLU)              │                   │            │                   │
├─────────────────────┼───────────────────┼────────────┼───────────────────┤
│ gap                 │ (None, 96)        │          0 │ tcn_block_4_out[… │
│ (GlobalAveragePool… │                   │            │                   │
├─────────────────────┼───────────────────┼────────────┼───────────────────┤
│ gmp                 │ (None, 96)        │          0 │ tcn_block_4_out[… │
│ (GlobalMaxPooling1… │                   │            │                   │
├─────────────────────┼───────────────────┼────────────┼───────────────────┤
│ pool_concat         │ (None, 192)       │          0 │ gap[0][0],        │
│ (Concatenate)       │                   │            │ gmp[0][0]         │
├─────────────────────┼───────────────────┼────────────┼───────────────────┤
│ head_dense (Dense)  │ (None, 96)        │     18,528 │ pool_concat[0][0] │
├─────────────────────┼───────────────────┼────────────┼───────────────────┤
│ head_drop (Dropout) │ (None, 96)        │          0 │ head_dense[0][0]  │
├─────────────────────┼───────────────────┼────────────┼───────────────────┤
│ classifier (Dense)  │ (None, 2)         │        194 │ head_drop[0][0]   │
└─────────────────────┴───────────────────┴────────────┴───────────────────┘
 Total params: 108,962 (425.63 KB)
 Trainable params: 107,682 (420.63 KB)
 Non-trainable params: 1,280 (5.00 KB)

I0000 00:00:1779471913.840414  218092 service.cc:153] XLA service 0x7206a0045920 initialized for platform CUDA (this does not guarantee that XLA will be used). Devices:
I0000 00:00:1779471913.840434  218092 service.cc:161]   StreamExecutor [0]: NVIDIA GeForce RTX 2060 SUPER, Compute Capability 7.5 (Driver: 13.0.0; Runtime: 12.9.0; Toolkit: 12.5.0; DNN: 9.22.0)
I0000 00:00:1779471913.939637  218092 dump_mlir_util.cc:269] disabling MLIR crash reproducer, set env var `MLIR_CRASH_REPRODUCER_DIRECTORY` to enable.
I0000 00:00:1779471914.426816  218092 cuda_dnn.cc:461] Loaded cuDNN version 92200
I0000 00:00:1779471914.570503  218092 dot_merger.cc:481] Merging Dots in computation: a_inference_one_step_on_data_8878__.85
I0000 00:00:1779471922.320913  218092 device_compiler.h:208] Compiled cluster using XLA!  This line is logged at most once for the lifetime of the process.
I0000 00:00:1779471929.601634  218089 dot_merger.cc:481] Merging Dots in computation: a_inference_one_step_on_data_8878__.85
[2026-05-23 02:45:40] epoch 1/100 accuracy=0.7814 loss=0.0468 val_accuracy=0.8908 val_loss=0.0295 learning_rate=0.0010
[2026-05-23 02:45:48] epoch 2/100 accuracy=0.8442 loss=0.0349 val_accuracy=0.8870 val_loss=0.0298 learning_rate=0.0010
[2026-05-23 02:45:57] epoch 3/100 accuracy=0.8520 loss=0.0327 val_accuracy=0.9014 val_loss=0.0278 learning_rate=0.0010
[2026-05-23 02:46:05] epoch 4/100 accuracy=0.8605 loss=0.0309 val_accuracy=0.9019 val_loss=0.0295 learning_rate=0.0010
[2026-05-23 02:46:14] epoch 5/100 accuracy=0.8663 loss=0.0297 val_accuracy=0.8945 val_loss=0.0304 learning_rate=0.0010
[2026-05-23 02:46:22] epoch 6/100 accuracy=0.8699 loss=0.0287 val_accuracy=0.9039 val_loss=0.0297 learning_rate=0.0010
[2026-05-23 02:46:30] epoch 7/100 accuracy=0.8794 loss=0.0264 val_accuracy=0.9088 val_loss=0.0322 learning_rate=0.0005
[2026-05-23 02:46:39] epoch 8/100 accuracy=0.8840 loss=0.0254 val_accuracy=0.9063 val_loss=0.0291 learning_rate=0.0005
[2026-05-23 02:46:47] epoch 9/100 accuracy=0.8856 loss=0.0251 val_accuracy=0.9014 val_loss=0.0284 learning_rate=0.0005
[2026-05-23 02:46:55] epoch 10/100 accuracy=0.8933 loss=0.0235 val_accuracy=0.9042 val_loss=0.0284 learning_rate=0.0003
[2026-05-23 02:47:03] epoch 11/100 accuracy=0.8947 loss=0.0230 val_accuracy=0.9032 val_loss=0.0289 learning_rate=0.0003
[2026-05-23 02:47:11] epoch 12/100 accuracy=0.8949 loss=0.0227 val_accuracy=0.9080 val_loss=0.0322 learning_rate=0.0003
[2026-05-23 02:47:20] epoch 13/100 accuracy=0.8991 loss=0.0217 val_accuracy=0.9043 val_loss=0.0305 learning_rate=0.0001
[2026-05-23 02:47:28] epoch 14/100 accuracy=0.9001 loss=0.0216 val_accuracy=0.9044 val_loss=0.0305 learning_rate=0.0001
[2026-05-23 02:47:36] epoch 15/100 accuracy=0.9003 loss=0.0214 val_accuracy=0.9057 val_loss=0.0313 learning_rate=0.0001
[2026-05-23 02:47:45] epoch 16/100 accuracy=0.9024 loss=0.0209 val_accuracy=0.9066 val_loss=0.0328 learning_rate=0.0001
[2026-05-23 02:47:53] epoch 17/100 accuracy=0.9037 loss=0.0207 val_accuracy=0.9066 val_loss=0.0328 learning_rate=0.0001
[2026-05-23 02:48:01] epoch 18/100 accuracy=0.9042 loss=0.0207 val_accuracy=0.9062 val_loss=0.0322 learning_rate=0.0001
[2026-05-23 02:48:26] video-level val: videos=1720 f1=0.9335 fall_recall=0.9422 nfall_recall=0.8735 fall_prec=0.9249 nfall_prec=0.9013 min_pr=0.8735 min_consecutive=1
[2026-05-23 02:48:26] event-level val: videos=1720 f1=0.9300 fall_recall=0.9356 nfall_recall=0.8735 fall_prec=0.9244 nfall_prec=0.8913 min_pr=0.8735 tolerance_windows=2
[2026-05-23 02:48:27] video-level test: videos=864 f1=0.9143 fall_recall=0.9249 nfall_recall=0.8522 fall_prec=0.9040 nfall_prec=0.8829 min_pr=0.8522 min_consecutive=1
[2026-05-23 02:48:27] event-level test: videos=864 f1=0.9122 fall_recall=0.9210 nfall_recall=0.8522 fall_prec=0.9036 nfall_prec=0.8776 min_pr=0.8522 tolerance_windows=2
[2026-05-23 02:48:27] === VAL VIDEO-LEVEL REPORT ===
              precision    recall  f1-score   support

           0     0.9013    0.8735    0.8871       648
           1     0.9249    0.9422    0.9335      1072

    accuracy                         0.9163      1720
   macro avg     0.9131    0.9078    0.9103      1720
weighted avg     0.9160    0.9163    0.9160      1720

[2026-05-23 02:48:27] === TEST VIDEO-LEVEL REPORT ===
              precision    recall  f1-score   support

           0     0.8829    0.8522    0.8673       345
           1     0.9040    0.9249    0.9143       519

    accuracy                         0.8958       864
   macro avg     0.8934    0.8885    0.8908       864
weighted avg     0.8955    0.8958    0.8955       864

[2026-05-23 02:48:32] tflite export subprocess exit=0
[2026-05-23 02:48:32]   [tflite] [D-kp12-w50]
[2026-05-23 02:48:32]   [tflite]   Loading model.keras ...
[2026-05-23 02:48:32]   [tflite]     rebuilding with unroll=True for TFLite compatibility
[2026-05-23 02:48:32]   [tflite] Saved artifact at '/tmp/tmp2gpvnsna'. The following endpoints are available:
[2026-05-23 02:48:32]   [tflite] 
[2026-05-23 02:48:32]   [tflite] * Endpoint 'serve'
[2026-05-23 02:48:32]   [tflite]   args_0 (POSITIONAL_ONLY): TensorSpec(shape=(None, 50, 45), dtype=tf.float32, name='pose_sequence')
[2026-05-23 02:48:32]   [tflite] Output Type:
[2026-05-23 02:48:32]   [tflite]   TensorSpec(shape=(None, 2), dtype=tf.float32, name=None)
[2026-05-23 02:48:32]   [tflite] Captures:
[2026-05-23 02:48:32]   [tflite]   136319128271376: TensorSpec(shape=(), dtype=tf.resource, name=None)
[2026-05-23 02:48:32]   [tflite]   136319128272144: TensorSpec(shape=(), dtype=tf.resource, name=None)
[2026-05-23 02:48:32]   [tflite]   136319128271952: TensorSpec(shape=(), dtype=tf.resource, name=None)
[2026-05-23 02:48:32]   [tflite]   136319128272336: TensorSpec(shape=(), dtype=tf.resource, name=None)
[2026-05-23 02:48:32]   [tflite]   136319128271184: TensorSpec(shape=(), dtype=tf.resource, name=None)
[2026-05-23 02:48:32]   [tflite]   136319128271568: TensorSpec(shape=(), dtype=tf.resource, name=None)
[2026-05-23 02:48:32]   [tflite]   136319128272528: TensorSpec(shape=(), dtype=tf.resource, name=None)
[2026-05-23 02:48:32]   [tflite]   136319114854864: TensorSpec(shape=(), dtype=tf.resource, name=None)
[2026-05-23 02:48:32]   [tflite]   136319114855056: TensorSpec(shape=(), dtype=tf.resource, name=None)
[2026-05-23 02:48:32]   [tflite]   136319128272720: TensorSpec(shape=(), dtype=tf.resource, name=None)
[2026-05-23 02:48:32]   [tflite]   136319114854480: TensorSpec(shape=(), dtype=tf.resource, name=None)
[2026-05-23 02:48:32]   [tflite]   136319114855632: TensorSpec(shape=(), dtype=tf.resource, name=None)
[2026-05-23 02:48:32]   [tflite]   136319114855824: TensorSpec(shape=(), dtype=tf.resource, name=None)
[2026-05-23 02:48:32]   [tflite]   136319114855248: TensorSpec(shape=(), dtype=tf.resource, name=None)
[2026-05-23 02:48:32]   [tflite]   136319114855440: TensorSpec(shape=(), dtype=tf.resource, name=None)
[2026-05-23 02:48:32]   [tflite]   136319114856400: TensorSpec(shape=(), dtype=tf.resource, name=None)
[2026-05-23 02:48:32]   [tflite]   136319114857168: TensorSpec(shape=(), dtype=tf.resource, name=None)
[2026-05-23 02:48:32]   [tflite]   136319114856976: TensorSpec(shape=(), dtype=tf.resource, name=None)
[2026-05-23 02:48:32]   [tflite]   136319114857360: TensorSpec(shape=(), dtype=tf.resource, name=None)
[2026-05-23 02:48:32]   [tflite]   136319114856208: TensorSpec(shape=(), dtype=tf.resource, name=None)
[2026-05-23 02:48:32]   [tflite]   136319114857552: TensorSpec(shape=(), dtype=tf.resource, name=None)
[2026-05-23 02:48:32]   [tflite]   136319114858320: TensorSpec(shape=(), dtype=tf.resource, name=None)
[2026-05-23 02:48:32]   [tflite]   136319114858128: TensorSpec(shape=(), dtype=tf.resource, name=None)
[2026-05-23 02:48:32]   [tflite]   136319114858512: TensorSpec(shape=(), dtype=tf.resource, name=None)
[2026-05-23 02:48:32]   [tflite]   136319114856592: TensorSpec(shape=(), dtype=tf.resource, name=None)
[2026-05-23 02:48:32]   [tflite]   136319114857744: TensorSpec(shape=(), dtype=tf.resource, name=None)
[2026-05-23 02:48:32]   [tflite]   136319114859280: TensorSpec(shape=(), dtype=tf.resource, name=None)
[2026-05-23 02:48:32]   [tflite]   136319114859088: TensorSpec(shape=(), dtype=tf.resource, name=None)
[2026-05-23 02:48:32]   [tflite]   136319114859472: TensorSpec(shape=(), dtype=tf.resource, name=None)
[2026-05-23 02:48:32]   [tflite]   136319114854672: TensorSpec(shape=(), dtype=tf.resource, name=None)
[2026-05-23 02:48:32]   [tflite]   136319114858704: TensorSpec(shape=(), dtype=tf.resource, name=None)
[2026-05-23 02:48:32]   [tflite]   136319114859664: TensorSpec(shape=(), dtype=tf.resource, name=None)
[2026-05-23 02:48:32]   [tflite]   136319114859856: TensorSpec(shape=(), dtype=tf.resource, name=None)
[2026-05-23 02:48:32]   [tflite]   136319114860048: TensorSpec(shape=(), dtype=tf.resource, name=None)
[2026-05-23 02:48:32]   [tflite]   136319114860816: TensorSpec(shape=(), dtype=tf.resource, name=None)
[2026-05-23 02:48:32]   [tflite]   136319114857936: TensorSpec(shape=(), dtype=tf.resource, name=None)
[2026-05-23 02:48:32]   [tflite]   136319114861008: TensorSpec(shape=(), dtype=tf.resource, name=None)
[2026-05-23 02:48:32]   [tflite]   136319114861200: TensorSpec(shape=(), dtype=tf.resource, name=None)
[2026-05-23 02:48:32]   [tflite]   136319114860240: TensorSpec(shape=(), dtype=tf.resource, name=None)
[2026-05-23 02:48:32]   [tflite]   136319114860432: TensorSpec(shape=(), dtype=tf.resource, name=None)
[2026-05-23 02:48:32]   [tflite]   136319114861584: TensorSpec(shape=(), dtype=tf.resource, name=None)
[2026-05-23 02:48:32]   [tflite]   136319114862352: TensorSpec(shape=(), dtype=tf.resource, name=None)
[2026-05-23 02:48:32]   [tflite]   136319114862160: TensorSpec(shape=(), dtype=tf.resource, name=None)
[2026-05-23 02:48:32]   [tflite]   136319114862544: TensorSpec(shape=(), dtype=tf.resource, name=None)
[2026-05-23 02:48:32]   [tflite]   136319114860624: TensorSpec(shape=(), dtype=tf.resource, name=None)
[2026-05-23 02:48:32]   [tflite]   136319114861776: TensorSpec(shape=(), dtype=tf.resource, name=None)
[2026-05-23 02:48:32]   [tflite]   136319114862736: TensorSpec(shape=(), dtype=tf.resource, name=None)
[2026-05-23 02:48:32]   [tflite]   136319114862928: TensorSpec(shape=(), dtype=tf.resource, name=None)
[2026-05-23 02:48:32]   [tflite]   136319114863120: TensorSpec(shape=(), dtype=tf.resource, name=None)
[2026-05-23 02:48:32]   [tflite]   136319114863888: TensorSpec(shape=(), dtype=tf.resource, name=None)
[2026-05-23 02:48:32]   [tflite]   136319114861392: TensorSpec(shape=(), dtype=tf.resource, name=None)
[2026-05-23 02:48:32]   [tflite]   136319114864080: TensorSpec(shape=(), dtype=tf.resource, name=None)
[2026-05-23 02:48:32]   [tflite]   136319114864272: TensorSpec(shape=(), dtype=tf.resource, name=None)
[2026-05-23 02:48:32]   [tflite]   136319114863312: TensorSpec(shape=(), dtype=tf.resource, name=None)
[2026-05-23 02:48:32]   [tflite]   136319114863504: TensorSpec(shape=(), dtype=tf.resource, name=None)
[2026-05-23 02:48:32]   [tflite]   136319114864656: TensorSpec(shape=(), dtype=tf.resource, name=None)
[2026-05-23 02:48:32]   [tflite]   136319114865616: TensorSpec(shape=(), dtype=tf.resource, name=None)
[2026-05-23 02:48:32]   [tflite]   136319114865232: TensorSpec(shape=(), dtype=tf.resource, name=None)
[2026-05-23 02:48:32]   [tflite]   136319114866192: TensorSpec(shape=(), dtype=tf.resource, name=None)
[2026-05-23 02:48:32]   [tflite]     fp32 OK (446 KB)
[2026-05-23 02:48:32]   [tflite] Saved artifact at '/tmp/tmpir7dztv1'. The following endpoints are available:
[2026-05-23 02:48:32]   [tflite] 
[2026-05-23 02:48:32]   [tflite] * Endpoint 'serve'
[2026-05-23 02:48:32]   [tflite]   args_0 (POSITIONAL_ONLY): TensorSpec(shape=(None, 50, 45), dtype=tf.float32, name='pose_sequence')
[2026-05-23 02:48:32]   [tflite] Output Type:
[2026-05-23 02:48:32]   [tflite]   TensorSpec(shape=(None, 2), dtype=tf.float32, name=None)
[2026-05-23 02:48:32]   [tflite] Captures:
[2026-05-23 02:48:32]   [tflite]   136319128271376: TensorSpec(shape=(), dtype=tf.resource, name=None)
[2026-05-23 02:48:32]   [tflite]   136319128272144: TensorSpec(shape=(), dtype=tf.resource, name=None)
[2026-05-23 02:48:32]   [tflite]   136319128271952: TensorSpec(shape=(), dtype=tf.resource, name=None)
[2026-05-23 02:48:32]   [tflite]   136319128272336: TensorSpec(shape=(), dtype=tf.resource, name=None)
[2026-05-23 02:48:32]   [tflite]   136319128271184: TensorSpec(shape=(), dtype=tf.resource, name=None)
[2026-05-23 02:48:32]   [tflite]   136319128271568: TensorSpec(shape=(), dtype=tf.resource, name=None)
[2026-05-23 02:48:32]   [tflite]   136319128272528: TensorSpec(shape=(), dtype=tf.resource, name=None)
[2026-05-23 02:48:32]   [tflite]   136319114854864: TensorSpec(shape=(), dtype=tf.resource, name=None)
[2026-05-23 02:48:32]   [tflite]   136319114855056: TensorSpec(shape=(), dtype=tf.resource, name=None)
[2026-05-23 02:48:32]   [tflite]   136319128272720: TensorSpec(shape=(), dtype=tf.resource, name=None)
[2026-05-23 02:48:32]   [tflite]   136319114854480: TensorSpec(shape=(), dtype=tf.resource, name=None)
[2026-05-23 02:48:32]   [tflite]   136319114855632: TensorSpec(shape=(), dtype=tf.resource, name=None)
[2026-05-23 02:48:32]   [tflite]   136319114855824: TensorSpec(shape=(), dtype=tf.resource, name=None)
[2026-05-23 02:48:32]   [tflite]   136319114855248: TensorSpec(shape=(), dtype=tf.resource, name=None)
[2026-05-23 02:48:32]   [tflite]   136319114855440: TensorSpec(shape=(), dtype=tf.resource, name=None)
[2026-05-23 02:48:32]   [tflite]   136319114856400: TensorSpec(shape=(), dtype=tf.resource, name=None)
[2026-05-23 02:48:32]   [tflite]   136319114857168: TensorSpec(shape=(), dtype=tf.resource, name=None)
[2026-05-23 02:48:32]   [tflite]   136319114856976: TensorSpec(shape=(), dtype=tf.resource, name=None)
[2026-05-23 02:48:32]   [tflite]   136319114857360: TensorSpec(shape=(), dtype=tf.resource, name=None)
[2026-05-23 02:48:32]   [tflite]   136319114856208: TensorSpec(shape=(), dtype=tf.resource, name=None)
[2026-05-23 02:48:32]   [tflite]   136319114857552: TensorSpec(shape=(), dtype=tf.resource, name=None)
[2026-05-23 02:48:32]   [tflite]   136319114858320: TensorSpec(shape=(), dtype=tf.resource, name=None)
[2026-05-23 02:48:32]   [tflite]   136319114858128: TensorSpec(shape=(), dtype=tf.resource, name=None)
[2026-05-23 02:48:32]   [tflite]   136319114858512: TensorSpec(shape=(), dtype=tf.resource, name=None)
[2026-05-23 02:48:32]   [tflite]   136319114856592: TensorSpec(shape=(), dtype=tf.resource, name=None)
[2026-05-23 02:48:32]   [tflite]   136319114857744: TensorSpec(shape=(), dtype=tf.resource, name=None)
[2026-05-23 02:48:32]   [tflite]   136319114859280: TensorSpec(shape=(), dtype=tf.resource, name=None)
[2026-05-23 02:48:32]   [tflite]   136319114859088: TensorSpec(shape=(), dtype=tf.resource, name=None)
[2026-05-23 02:48:32]   [tflite]   136319114859472: TensorSpec(shape=(), dtype=tf.resource, name=None)
[2026-05-23 02:48:32]   [tflite]   136319114854672: TensorSpec(shape=(), dtype=tf.resource, name=None)
[2026-05-23 02:48:32]   [tflite]   136319114858704: TensorSpec(shape=(), dtype=tf.resource, name=None)
[2026-05-23 02:48:32]   [tflite]   136319114859664: TensorSpec(shape=(), dtype=tf.resource, name=None)
[2026-05-23 02:48:32]   [tflite]   136319114859856: TensorSpec(shape=(), dtype=tf.resource, name=None)
[2026-05-23 02:48:32]   [tflite]   136319114860048: TensorSpec(shape=(), dtype=tf.resource, name=None)
[2026-05-23 02:48:32]   [tflite]   136319114860816: TensorSpec(shape=(), dtype=tf.resource, name=None)
[2026-05-23 02:48:32]   [tflite]   136319114857936: TensorSpec(shape=(), dtype=tf.resource, name=None)
[2026-05-23 02:48:32]   [tflite]   136319114861008: TensorSpec(shape=(), dtype=tf.resource, name=None)
[2026-05-23 02:48:32]   [tflite]   136319114861200: TensorSpec(shape=(), dtype=tf.resource, name=None)
[2026-05-23 02:48:32]   [tflite]   136319114860240: TensorSpec(shape=(), dtype=tf.resource, name=None)
[2026-05-23 02:48:32]   [tflite]   136319114860432: TensorSpec(shape=(), dtype=tf.resource, name=None)
[2026-05-23 02:48:32]   [tflite]   136319114861584: TensorSpec(shape=(), dtype=tf.resource, name=None)
[2026-05-23 02:48:32]   [tflite]   136319114862352: TensorSpec(shape=(), dtype=tf.resource, name=None)
[2026-05-23 02:48:32]   [tflite]   136319114862160: TensorSpec(shape=(), dtype=tf.resource, name=None)
[2026-05-23 02:48:32]   [tflite]   136319114862544: TensorSpec(shape=(), dtype=tf.resource, name=None)
[2026-05-23 02:48:32]   [tflite]   136319114860624: TensorSpec(shape=(), dtype=tf.resource, name=None)
[2026-05-23 02:48:32]   [tflite]   136319114861776: TensorSpec(shape=(), dtype=tf.resource, name=None)
[2026-05-23 02:48:32]   [tflite]   136319114862736: TensorSpec(shape=(), dtype=tf.resource, name=None)
[2026-05-23 02:48:32]   [tflite]   136319114862928: TensorSpec(shape=(), dtype=tf.resource, name=None)
[2026-05-23 02:48:32]   [tflite]   136319114863120: TensorSpec(shape=(), dtype=tf.resource, name=None)
[2026-05-23 02:48:32]   [tflite]   136319114863888: TensorSpec(shape=(), dtype=tf.resource, name=None)
[2026-05-23 02:48:32]   [tflite]   136319114861392: TensorSpec(shape=(), dtype=tf.resource, name=None)
[2026-05-23 02:48:32]   [tflite]   136319114864080: TensorSpec(shape=(), dtype=tf.resource, name=None)
[2026-05-23 02:48:32]   [tflite]   136319114864272: TensorSpec(shape=(), dtype=tf.resource, name=None)
[2026-05-23 02:48:32]   [tflite]   136319114863312: TensorSpec(shape=(), dtype=tf.resource, name=None)
[2026-05-23 02:48:32]   [tflite]   136319114863504: TensorSpec(shape=(), dtype=tf.resource, name=None)
[2026-05-23 02:48:32]   [tflite]   136319114864656: TensorSpec(shape=(), dtype=tf.resource, name=None)
[2026-05-23 02:48:32]   [tflite]   136319114865616: TensorSpec(shape=(), dtype=tf.resource, name=None)
[2026-05-23 02:48:32]   [tflite]   136319114865232: TensorSpec(shape=(), dtype=tf.resource, name=None)
[2026-05-23 02:48:32]   [tflite]   136319114866192: TensorSpec(shape=(), dtype=tf.resource, name=None)
[2026-05-23 02:48:32]   [tflite]     int8 OK (153 KB)
[2026-05-23 02:48:32]   [tflite] 
[2026-05-23 02:48:32]   [tflite] Done.
/home/min/Workspace/Graduate-Project/Falling-Model-Development/.venv/lib/python3.13/site-packages/tensorflow/lite/python/interpreter.py:457: UserWarning:     Warning: tf.lite.Interpreter is deprecated and is scheduled for deletion in
    TF 2.20. Please use the LiteRT interpreter from the ai_edge_litert package.
    See the [migration guide](https://ai.google.dev/edge/litert/migration)
    for details.
    
  warnings.warn(_INTERPRETER_DELETION_WARNING)
INFO: Created TensorFlow Lite XNNPACK delegate for CPU.
[2026-05-23 02:48:33] done D-kp12-w50 val_f1=0.8243 (video=0.9335) test_f1=0.8194 (video=0.9143) test_min_pr=0.8522 threshold=0.400 min_consecutive=1
