WARNING: All log messages before absl::InitializeLog() is called are written to STDERR
I0000 00:00:1779470937.063860  207145 cpu_feature_guard.cc:227] This TensorFlow binary is optimized to use available CPU instructions in performance-critical operations.
To enable the following instructions: AVX2 FMA, in other operations, rebuild TensorFlow with the appropriate compiler flags.
[2026-05-23 02:28:58] loading train split=/home/min/Workspace/Graduate-Project/Falling-Model-Development/dataset/splits_v2_filtered/train.csv
[2026-05-23 02:29:10] train rows=1,208,593 videos=6,022 features=27 data_scope=all
[2026-05-23 02:29:10] loading val split=/home/min/Workspace/Graduate-Project/Falling-Model-Development/dataset/splits_v2_filtered/val.csv
[2026-05-23 02:29:13] val rows=345,348 videos=1,720 features=27 data_scope=all
[2026-05-23 02:29:13] loading test split=/home/min/Workspace/Graduate-Project/Falling-Model-Development/dataset/splits_v2_filtered/test.csv
[2026-05-23 02:29:15] test rows=173,653 videos=864 features=27 data_scope=all
[2026-05-23 02:29:23] train windows=153,339 positive=56,331 videos=6,022
[2026-05-23 02:29:26] val windows=71,606 positive=15,589 videos=1,720
[2026-05-23 02:29:28] test windows=35,988 positive=7,892 videos=864
I0000 00:00:1779470971.160377  207145 gpu_device.cc:2043] Created device /job:localhost/replica:0/task:0/device:GPU:0 with 6623 MB memory:  -> device: 0, name: NVIDIA GeForce RTX 2060 SUPER, pci bus id: 0000:05:00.0, compute capability: 7.5
[2026-05-23 02:29:31] model Model: "D-kp7-w40_tcn"
┏━━━━━━━━━━━━━━━━━━━━━┳━━━━━━━━━━━━━━━━━━━┳━━━━━━━━━━━━┳━━━━━━━━━━━━━━━━━━━┓
┃ Layer (type)        ┃ Output Shape      ┃    Param # ┃ Connected to      ┃
┡━━━━━━━━━━━━━━━━━━━━━╇━━━━━━━━━━━━━━━━━━━╇━━━━━━━━━━━━╇━━━━━━━━━━━━━━━━━━━┩
│ pose_sequence       │ (None, 40, 27)    │          0 │ -                 │
│ (InputLayer)        │                   │            │                   │
├─────────────────────┼───────────────────┼────────────┼───────────────────┤
│ tcn_block_1_conv1   │ (None, 40, 32)    │      2,592 │ pose_sequence[0]… │
│ (Conv1D)            │                   │            │                   │
├─────────────────────┼───────────────────┼────────────┼───────────────────┤
│ tcn_block_1_bn1     │ (None, 40, 32)    │        128 │ tcn_block_1_conv… │
│ (BatchNormalizatio… │                   │            │                   │
├─────────────────────┼───────────────────┼────────────┼───────────────────┤
│ tcn_block_1_relu1   │ (None, 40, 32)    │          0 │ tcn_block_1_bn1[… │
│ (ReLU)              │                   │            │                   │
├─────────────────────┼───────────────────┼────────────┼───────────────────┤
│ tcn_block_1_drop    │ (None, 40, 32)    │          0 │ tcn_block_1_relu… │
│ (Dropout)           │                   │            │                   │
├─────────────────────┼───────────────────┼────────────┼───────────────────┤
│ tcn_block_1_proj    │ (None, 40, 32)    │        864 │ pose_sequence[0]… │
│ (Conv1D)            │                   │            │                   │
├─────────────────────┼───────────────────┼────────────┼───────────────────┤
│ tcn_block_1_conv2   │ (None, 40, 32)    │      3,072 │ tcn_block_1_drop… │
│ (Conv1D)            │                   │            │                   │
├─────────────────────┼───────────────────┼────────────┼───────────────────┤
│ tcn_block_1_proj_bn │ (None, 40, 32)    │        128 │ tcn_block_1_proj… │
│ (BatchNormalizatio… │                   │            │                   │
├─────────────────────┼───────────────────┼────────────┼───────────────────┤
│ tcn_block_1_bn2     │ (None, 40, 32)    │        128 │ tcn_block_1_conv… │
│ (BatchNormalizatio… │                   │            │                   │
├─────────────────────┼───────────────────┼────────────┼───────────────────┤
│ tcn_block_1_add     │ (None, 40, 32)    │          0 │ tcn_block_1_proj… │
│ (Add)               │                   │            │ tcn_block_1_bn2[… │
├─────────────────────┼───────────────────┼────────────┼───────────────────┤
│ tcn_block_1_out     │ (None, 40, 32)    │          0 │ tcn_block_1_add[… │
│ (ReLU)              │                   │            │                   │
├─────────────────────┼───────────────────┼────────────┼───────────────────┤
│ tcn_block_2_conv1   │ (None, 40, 32)    │      3,072 │ tcn_block_1_out[… │
│ (Conv1D)            │                   │            │                   │
├─────────────────────┼───────────────────┼────────────┼───────────────────┤
│ tcn_block_2_bn1     │ (None, 40, 32)    │        128 │ tcn_block_2_conv… │
│ (BatchNormalizatio… │                   │            │                   │
├─────────────────────┼───────────────────┼────────────┼───────────────────┤
│ tcn_block_2_relu1   │ (None, 40, 32)    │          0 │ tcn_block_2_bn1[… │
│ (ReLU)              │                   │            │                   │
├─────────────────────┼───────────────────┼────────────┼───────────────────┤
│ tcn_block_2_drop    │ (None, 40, 32)    │          0 │ tcn_block_2_relu… │
│ (Dropout)           │                   │            │                   │
├─────────────────────┼───────────────────┼────────────┼───────────────────┤
│ tcn_block_2_conv2   │ (None, 40, 32)    │      3,072 │ tcn_block_2_drop… │
│ (Conv1D)            │                   │            │                   │
├─────────────────────┼───────────────────┼────────────┼───────────────────┤
│ tcn_block_2_bn2     │ (None, 40, 32)    │        128 │ tcn_block_2_conv… │
│ (BatchNormalizatio… │                   │            │                   │
├─────────────────────┼───────────────────┼────────────┼───────────────────┤
│ tcn_block_2_add     │ (None, 40, 32)    │          0 │ tcn_block_1_out[… │
│ (Add)               │                   │            │ tcn_block_2_bn2[… │
├─────────────────────┼───────────────────┼────────────┼───────────────────┤
│ tcn_block_2_out     │ (None, 40, 32)    │          0 │ tcn_block_2_add[… │
│ (ReLU)              │                   │            │                   │
├─────────────────────┼───────────────────┼────────────┼───────────────────┤
│ tcn_block_3_conv1   │ (None, 40, 64)    │      6,144 │ tcn_block_2_out[… │
│ (Conv1D)            │                   │            │                   │
├─────────────────────┼───────────────────┼────────────┼───────────────────┤
│ tcn_block_3_bn1     │ (None, 40, 64)    │        256 │ tcn_block_3_conv… │
│ (BatchNormalizatio… │                   │            │                   │
├─────────────────────┼───────────────────┼────────────┼───────────────────┤
│ tcn_block_3_relu1   │ (None, 40, 64)    │          0 │ tcn_block_3_bn1[… │
│ (ReLU)              │                   │            │                   │
├─────────────────────┼───────────────────┼────────────┼───────────────────┤
│ tcn_block_3_drop    │ (None, 40, 64)    │          0 │ tcn_block_3_relu… │
│ (Dropout)           │                   │            │                   │
├─────────────────────┼───────────────────┼────────────┼───────────────────┤
│ tcn_block_3_proj    │ (None, 40, 64)    │      2,048 │ tcn_block_2_out[… │
│ (Conv1D)            │                   │            │                   │
├─────────────────────┼───────────────────┼────────────┼───────────────────┤
│ tcn_block_3_conv2   │ (None, 40, 64)    │     12,288 │ tcn_block_3_drop… │
│ (Conv1D)            │                   │            │                   │
├─────────────────────┼───────────────────┼────────────┼───────────────────┤
│ tcn_block_3_proj_bn │ (None, 40, 64)    │        256 │ tcn_block_3_proj… │
│ (BatchNormalizatio… │                   │            │                   │
├─────────────────────┼───────────────────┼────────────┼───────────────────┤
│ tcn_block_3_bn2     │ (None, 40, 64)    │        256 │ tcn_block_3_conv… │
│ (BatchNormalizatio… │                   │            │                   │
├─────────────────────┼───────────────────┼────────────┼───────────────────┤
│ tcn_block_3_add     │ (None, 40, 64)    │          0 │ tcn_block_3_proj… │
│ (Add)               │                   │            │ tcn_block_3_bn2[… │
├─────────────────────┼───────────────────┼────────────┼───────────────────┤
│ tcn_block_3_out     │ (None, 40, 64)    │          0 │ tcn_block_3_add[… │
│ (ReLU)              │                   │            │                   │
├─────────────────────┼───────────────────┼────────────┼───────────────────┤
│ tcn_block_4_conv1   │ (None, 40, 96)    │     18,432 │ tcn_block_3_out[… │
│ (Conv1D)            │                   │            │                   │
├─────────────────────┼───────────────────┼────────────┼───────────────────┤
│ tcn_block_4_bn1     │ (None, 40, 96)    │        384 │ tcn_block_4_conv… │
│ (BatchNormalizatio… │                   │            │                   │
├─────────────────────┼───────────────────┼────────────┼───────────────────┤
│ tcn_block_4_relu1   │ (None, 40, 96)    │          0 │ tcn_block_4_bn1[… │
│ (ReLU)              │                   │            │                   │
├─────────────────────┼───────────────────┼────────────┼───────────────────┤
│ tcn_block_4_drop    │ (None, 40, 96)    │          0 │ tcn_block_4_relu… │
│ (Dropout)           │                   │            │                   │
├─────────────────────┼───────────────────┼────────────┼───────────────────┤
│ tcn_block_4_proj    │ (None, 40, 96)    │      6,144 │ tcn_block_3_out[… │
│ (Conv1D)            │                   │            │                   │
├─────────────────────┼───────────────────┼────────────┼───────────────────┤
│ tcn_block_4_conv2   │ (None, 40, 96)    │     27,648 │ tcn_block_4_drop… │
│ (Conv1D)            │                   │            │                   │
├─────────────────────┼───────────────────┼────────────┼───────────────────┤
│ tcn_block_4_proj_bn │ (None, 40, 96)    │        384 │ tcn_block_4_proj… │
│ (BatchNormalizatio… │                   │            │                   │
├─────────────────────┼───────────────────┼────────────┼───────────────────┤
│ tcn_block_4_bn2     │ (None, 40, 96)    │        384 │ tcn_block_4_conv… │
│ (BatchNormalizatio… │                   │            │                   │
├─────────────────────┼───────────────────┼────────────┼───────────────────┤
│ tcn_block_4_add     │ (None, 40, 96)    │          0 │ tcn_block_4_proj… │
│ (Add)               │                   │            │ tcn_block_4_bn2[… │
├─────────────────────┼───────────────────┼────────────┼───────────────────┤
│ tcn_block_4_out     │ (None, 40, 96)    │          0 │ tcn_block_4_add[… │
│ (ReLU)              │                   │            │                   │
├─────────────────────┼───────────────────┼────────────┼───────────────────┤
│ gap                 │ (None, 96)        │          0 │ tcn_block_4_out[… │
│ (GlobalAveragePool… │                   │            │                   │
├─────────────────────┼───────────────────┼────────────┼───────────────────┤
│ gmp                 │ (None, 96)        │          0 │ tcn_block_4_out[… │
│ (GlobalMaxPooling1… │                   │            │                   │
├─────────────────────┼───────────────────┼────────────┼───────────────────┤
│ pool_concat         │ (None, 192)       │          0 │ gap[0][0],        │
│ (Concatenate)       │                   │            │ gmp[0][0]         │
├─────────────────────┼───────────────────┼────────────┼───────────────────┤
│ head_dense (Dense)  │ (None, 96)        │     18,528 │ pool_concat[0][0] │
├─────────────────────┼───────────────────┼────────────┼───────────────────┤
│ head_drop (Dropout) │ (None, 96)        │          0 │ head_dense[0][0]  │
├─────────────────────┼───────────────────┼────────────┼───────────────────┤
│ classifier (Dense)  │ (None, 2)         │        194 │ head_drop[0][0]   │
└─────────────────────┴───────────────────┴────────────┴───────────────────┘
 Total params: 106,658 (416.63 KB)
 Trainable params: 105,378 (411.63 KB)
 Non-trainable params: 1,280 (5.00 KB)

I0000 00:00:1779470977.708898  207333 service.cc:153] XLA service 0x72fd60045ac0 initialized for platform CUDA (this does not guarantee that XLA will be used). Devices:
I0000 00:00:1779470977.708915  207333 service.cc:161]   StreamExecutor [0]: NVIDIA GeForce RTX 2060 SUPER, Compute Capability 7.5 (Driver: 13.0.0; Runtime: 12.9.0; Toolkit: 12.5.0; DNN: 9.22.0)
I0000 00:00:1779470977.800339  207333 dump_mlir_util.cc:269] disabling MLIR crash reproducer, set env var `MLIR_CRASH_REPRODUCER_DIRECTORY` to enable.
I0000 00:00:1779470978.289842  207333 cuda_dnn.cc:461] Loaded cuDNN version 92200
I0000 00:00:1779470978.434573  207333 dot_merger.cc:481] Merging Dots in computation: a_inference_one_step_on_data_8870__.85
I0000 00:00:1779470986.318440  207333 device_compiler.h:208] Compiled cluster using XLA!  This line is logged at most once for the lifetime of the process.
I0000 00:00:1779470994.406754  207331 dot_merger.cc:481] Merging Dots in computation: a_inference_one_step_on_data_8870__.85
[2026-05-23 02:30:05] epoch 1/100 accuracy=0.8320 loss=0.0435 val_accuracy=0.8820 val_loss=0.0513 learning_rate=0.0010
[2026-05-23 02:30:14] epoch 2/100 accuracy=0.8721 loss=0.0335 val_accuracy=0.9097 val_loss=0.0270 learning_rate=0.0010
[2026-05-23 02:30:23] epoch 3/100 accuracy=0.8796 loss=0.0316 val_accuracy=0.9175 val_loss=0.0266 learning_rate=0.0010
[2026-05-23 02:30:33] epoch 4/100 accuracy=0.8855 loss=0.0300 val_accuracy=0.9166 val_loss=0.0312 learning_rate=0.0010
[2026-05-23 02:30:42] epoch 5/100 accuracy=0.8904 loss=0.0289 val_accuracy=0.9114 val_loss=0.0432 learning_rate=0.0010
[2026-05-23 02:30:51] epoch 6/100 accuracy=0.8937 loss=0.0278 val_accuracy=0.9217 val_loss=0.0253 learning_rate=0.0010
[2026-05-23 02:31:00] epoch 7/100 accuracy=0.8962 loss=0.0270 val_accuracy=0.9203 val_loss=0.0250 learning_rate=0.0010
[2026-05-23 02:31:08] epoch 8/100 accuracy=0.8988 loss=0.0263 val_accuracy=0.9191 val_loss=0.0267 learning_rate=0.0010
[2026-05-23 02:31:17] epoch 9/100 accuracy=0.9010 loss=0.0253 val_accuracy=0.9186 val_loss=0.0368 learning_rate=0.0010
[2026-05-23 02:31:27] epoch 10/100 accuracy=0.9038 loss=0.0247 val_accuracy=0.9193 val_loss=0.0263 learning_rate=0.0010
[2026-05-23 02:31:36] epoch 11/100 accuracy=0.9107 loss=0.0226 val_accuracy=0.9215 val_loss=0.0292 learning_rate=0.0005
[2026-05-23 02:31:45] epoch 12/100 accuracy=0.9130 loss=0.0220 val_accuracy=0.9231 val_loss=0.0310 learning_rate=0.0005
[2026-05-23 02:31:54] epoch 13/100 accuracy=0.9152 loss=0.0217 val_accuracy=0.9221 val_loss=0.0279 learning_rate=0.0005
[2026-05-23 02:32:03] epoch 14/100 accuracy=0.9202 loss=0.0208 val_accuracy=0.9201 val_loss=0.0317 learning_rate=0.0003
[2026-05-23 02:32:12] epoch 15/100 accuracy=0.9213 loss=0.0201 val_accuracy=0.9190 val_loss=0.0371 learning_rate=0.0003
[2026-05-23 02:32:21] epoch 16/100 accuracy=0.9226 loss=0.0199 val_accuracy=0.9191 val_loss=0.0341 learning_rate=0.0003
[2026-05-23 02:32:30] epoch 17/100 accuracy=0.9249 loss=0.0192 val_accuracy=0.9200 val_loss=0.0329 learning_rate=0.0001
[2026-05-23 02:32:39] epoch 18/100 accuracy=0.9247 loss=0.0192 val_accuracy=0.9203 val_loss=0.0341 learning_rate=0.0001
[2026-05-23 02:32:48] epoch 19/100 accuracy=0.9262 loss=0.0188 val_accuracy=0.9193 val_loss=0.0364 learning_rate=0.0001
[2026-05-23 02:32:57] epoch 20/100 accuracy=0.9266 loss=0.0187 val_accuracy=0.9182 val_loss=0.0366 learning_rate=0.0001
[2026-05-23 02:33:06] epoch 21/100 accuracy=0.9282 loss=0.0184 val_accuracy=0.9196 val_loss=0.0359 learning_rate=0.0001
[2026-05-23 02:33:15] epoch 22/100 accuracy=0.9276 loss=0.0184 val_accuracy=0.9187 val_loss=0.0367 learning_rate=0.0001
[2026-05-23 02:33:42] video-level val: videos=1720 f1=0.9275 fall_recall=0.9375 nfall_recall=0.8611 fall_prec=0.9178 nfall_prec=0.8928 min_pr=0.8611 min_consecutive=1
[2026-05-23 02:33:43] event-level val: videos=1720 f1=0.9236 fall_recall=0.9300 nfall_recall=0.8611 fall_prec=0.9172 nfall_prec=0.8815 min_pr=0.8611 tolerance_windows=2
[2026-05-23 02:33:43] video-level test: videos=864 f1=0.9086 fall_recall=0.9191 nfall_recall=0.8435 fall_prec=0.8983 nfall_prec=0.8739 min_pr=0.8435 min_consecutive=1
[2026-05-23 02:33:43] event-level test: videos=864 f1=0.9023 fall_recall=0.9075 nfall_recall=0.8435 fall_prec=0.8971 nfall_prec=0.8584 min_pr=0.8435 tolerance_windows=2
[2026-05-23 02:33:44] === VAL VIDEO-LEVEL REPORT ===
              precision    recall  f1-score   support

           0     0.8928    0.8611    0.8767       648
           1     0.9178    0.9375    0.9275      1072

    accuracy                         0.9087      1720
   macro avg     0.9053    0.8993    0.9021      1720
weighted avg     0.9084    0.9087    0.9084      1720

[2026-05-23 02:33:44] === TEST VIDEO-LEVEL REPORT ===
              precision    recall  f1-score   support

           0     0.8739    0.8435    0.8584       345
           1     0.8983    0.9191    0.9086       519

    accuracy                         0.8889       864
   macro avg     0.8861    0.8813    0.8835       864
weighted avg     0.8885    0.8889    0.8885       864

[2026-05-23 02:33:49] tflite export subprocess exit=0
[2026-05-23 02:33:49]   [tflite] [D-kp7-w40]
[2026-05-23 02:33:49]   [tflite]   Loading model.keras ...
[2026-05-23 02:33:49]   [tflite]     rebuilding with unroll=True for TFLite compatibility
[2026-05-23 02:33:49]   [tflite] Saved artifact at '/tmp/tmpzkxyiq4a'. The following endpoints are available:
[2026-05-23 02:33:49]   [tflite] 
[2026-05-23 02:33:49]   [tflite] * Endpoint 'serve'
[2026-05-23 02:33:49]   [tflite]   args_0 (POSITIONAL_ONLY): TensorSpec(shape=(None, 40, 27), dtype=tf.float32, name='pose_sequence')
[2026-05-23 02:33:49]   [tflite] Output Type:
[2026-05-23 02:33:49]   [tflite]   TensorSpec(shape=(None, 2), dtype=tf.float32, name=None)
[2026-05-23 02:33:49]   [tflite] Captures:
[2026-05-23 02:33:49]   [tflite]   136534841735696: TensorSpec(shape=(), dtype=tf.resource, name=None)
[2026-05-23 02:33:49]   [tflite]   136534841736464: TensorSpec(shape=(), dtype=tf.resource, name=None)
[2026-05-23 02:33:49]   [tflite]   136534841736272: TensorSpec(shape=(), dtype=tf.resource, name=None)
[2026-05-23 02:33:49]   [tflite]   136534841736656: TensorSpec(shape=(), dtype=tf.resource, name=None)
[2026-05-23 02:33:49]   [tflite]   136534841735504: TensorSpec(shape=(), dtype=tf.resource, name=None)
[2026-05-23 02:33:49]   [tflite]   136534841735888: TensorSpec(shape=(), dtype=tf.resource, name=None)
[2026-05-23 02:33:49]   [tflite]   136534841736848: TensorSpec(shape=(), dtype=tf.resource, name=None)
[2026-05-23 02:33:49]   [tflite]   136534800237008: TensorSpec(shape=(), dtype=tf.resource, name=None)
[2026-05-23 02:33:49]   [tflite]   136534800237200: TensorSpec(shape=(), dtype=tf.resource, name=None)
[2026-05-23 02:33:49]   [tflite]   136534841737040: TensorSpec(shape=(), dtype=tf.resource, name=None)
[2026-05-23 02:33:49]   [tflite]   136534800236624: TensorSpec(shape=(), dtype=tf.resource, name=None)
[2026-05-23 02:33:49]   [tflite]   136534800237776: TensorSpec(shape=(), dtype=tf.resource, name=None)
[2026-05-23 02:33:49]   [tflite]   136534800237968: TensorSpec(shape=(), dtype=tf.resource, name=None)
[2026-05-23 02:33:49]   [tflite]   136534800237392: TensorSpec(shape=(), dtype=tf.resource, name=None)
[2026-05-23 02:33:49]   [tflite]   136534800237584: TensorSpec(shape=(), dtype=tf.resource, name=None)
[2026-05-23 02:33:49]   [tflite]   136534800238544: TensorSpec(shape=(), dtype=tf.resource, name=None)
[2026-05-23 02:33:49]   [tflite]   136534800239312: TensorSpec(shape=(), dtype=tf.resource, name=None)
[2026-05-23 02:33:49]   [tflite]   136534800239120: TensorSpec(shape=(), dtype=tf.resource, name=None)
[2026-05-23 02:33:49]   [tflite]   136534800239504: TensorSpec(shape=(), dtype=tf.resource, name=None)
[2026-05-23 02:33:49]   [tflite]   136534800238352: TensorSpec(shape=(), dtype=tf.resource, name=None)
[2026-05-23 02:33:49]   [tflite]   136534800239696: TensorSpec(shape=(), dtype=tf.resource, name=None)
[2026-05-23 02:33:49]   [tflite]   136534800240464: TensorSpec(shape=(), dtype=tf.resource, name=None)
[2026-05-23 02:33:49]   [tflite]   136534800240272: TensorSpec(shape=(), dtype=tf.resource, name=None)
[2026-05-23 02:33:49]   [tflite]   136534800240656: TensorSpec(shape=(), dtype=tf.resource, name=None)
[2026-05-23 02:33:49]   [tflite]   136534800238736: TensorSpec(shape=(), dtype=tf.resource, name=None)
[2026-05-23 02:33:49]   [tflite]   136534800239888: TensorSpec(shape=(), dtype=tf.resource, name=None)
[2026-05-23 02:33:49]   [tflite]   136534800241424: TensorSpec(shape=(), dtype=tf.resource, name=None)
[2026-05-23 02:33:49]   [tflite]   136534800241232: TensorSpec(shape=(), dtype=tf.resource, name=None)
[2026-05-23 02:33:49]   [tflite]   136534800241616: TensorSpec(shape=(), dtype=tf.resource, name=None)
[2026-05-23 02:33:49]   [tflite]   136534800236816: TensorSpec(shape=(), dtype=tf.resource, name=None)
[2026-05-23 02:33:49]   [tflite]   136534800240848: TensorSpec(shape=(), dtype=tf.resource, name=None)
[2026-05-23 02:33:49]   [tflite]   136534800241808: TensorSpec(shape=(), dtype=tf.resource, name=None)
[2026-05-23 02:33:49]   [tflite]   136534800242000: TensorSpec(shape=(), dtype=tf.resource, name=None)
[2026-05-23 02:33:49]   [tflite]   136534800242192: TensorSpec(shape=(), dtype=tf.resource, name=None)
[2026-05-23 02:33:49]   [tflite]   136534800242960: TensorSpec(shape=(), dtype=tf.resource, name=None)
[2026-05-23 02:33:49]   [tflite]   136534800240080: TensorSpec(shape=(), dtype=tf.resource, name=None)
[2026-05-23 02:33:49]   [tflite]   136534800243152: TensorSpec(shape=(), dtype=tf.resource, name=None)
[2026-05-23 02:33:49]   [tflite]   136534800243344: TensorSpec(shape=(), dtype=tf.resource, name=None)
[2026-05-23 02:33:49]   [tflite]   136534800242384: TensorSpec(shape=(), dtype=tf.resource, name=None)
[2026-05-23 02:33:49]   [tflite]   136534800242576: TensorSpec(shape=(), dtype=tf.resource, name=None)
[2026-05-23 02:33:49]   [tflite]   136534800243728: TensorSpec(shape=(), dtype=tf.resource, name=None)
[2026-05-23 02:33:49]   [tflite]   136534800244496: TensorSpec(shape=(), dtype=tf.resource, name=None)
[2026-05-23 02:33:49]   [tflite]   136534800244304: TensorSpec(shape=(), dtype=tf.resource, name=None)
[2026-05-23 02:33:49]   [tflite]   136534800244688: TensorSpec(shape=(), dtype=tf.resource, name=None)
[2026-05-23 02:33:49]   [tflite]   136534800242768: TensorSpec(shape=(), dtype=tf.resource, name=None)
[2026-05-23 02:33:49]   [tflite]   136534800243920: TensorSpec(shape=(), dtype=tf.resource, name=None)
[2026-05-23 02:33:49]   [tflite]   136534800244880: TensorSpec(shape=(), dtype=tf.resource, name=None)
[2026-05-23 02:33:49]   [tflite]   136534800245072: TensorSpec(shape=(), dtype=tf.resource, name=None)
[2026-05-23 02:33:49]   [tflite]   136534800245264: TensorSpec(shape=(), dtype=tf.resource, name=None)
[2026-05-23 02:33:49]   [tflite]   136534800246032: TensorSpec(shape=(), dtype=tf.resource, name=None)
[2026-05-23 02:33:49]   [tflite]   136534800243536: TensorSpec(shape=(), dtype=tf.resource, name=None)
[2026-05-23 02:33:49]   [tflite]   136534800246224: TensorSpec(shape=(), dtype=tf.resource, name=None)
[2026-05-23 02:33:49]   [tflite]   136534800246416: TensorSpec(shape=(), dtype=tf.resource, name=None)
[2026-05-23 02:33:49]   [tflite]   136534800245456: TensorSpec(shape=(), dtype=tf.resource, name=None)
[2026-05-23 02:33:49]   [tflite]   136534800245648: TensorSpec(shape=(), dtype=tf.resource, name=None)
[2026-05-23 02:33:49]   [tflite]   136534800246800: TensorSpec(shape=(), dtype=tf.resource, name=None)
[2026-05-23 02:33:49]   [tflite]   136534800247760: TensorSpec(shape=(), dtype=tf.resource, name=None)
[2026-05-23 02:33:49]   [tflite]   136534800247376: TensorSpec(shape=(), dtype=tf.resource, name=None)
[2026-05-23 02:33:49]   [tflite]   136534800248336: TensorSpec(shape=(), dtype=tf.resource, name=None)
[2026-05-23 02:33:49]   [tflite]     fp32 OK (436 KB)
[2026-05-23 02:33:49]   [tflite] Saved artifact at '/tmp/tmpqq3ev1ue'. The following endpoints are available:
[2026-05-23 02:33:49]   [tflite] 
[2026-05-23 02:33:49]   [tflite] * Endpoint 'serve'
[2026-05-23 02:33:49]   [tflite]   args_0 (POSITIONAL_ONLY): TensorSpec(shape=(None, 40, 27), dtype=tf.float32, name='pose_sequence')
[2026-05-23 02:33:49]   [tflite] Output Type:
[2026-05-23 02:33:49]   [tflite]   TensorSpec(shape=(None, 2), dtype=tf.float32, name=None)
[2026-05-23 02:33:49]   [tflite] Captures:
[2026-05-23 02:33:49]   [tflite]   136534841735696: TensorSpec(shape=(), dtype=tf.resource, name=None)
[2026-05-23 02:33:49]   [tflite]   136534841736464: TensorSpec(shape=(), dtype=tf.resource, name=None)
[2026-05-23 02:33:49]   [tflite]   136534841736272: TensorSpec(shape=(), dtype=tf.resource, name=None)
[2026-05-23 02:33:49]   [tflite]   136534841736656: TensorSpec(shape=(), dtype=tf.resource, name=None)
[2026-05-23 02:33:49]   [tflite]   136534841735504: TensorSpec(shape=(), dtype=tf.resource, name=None)
[2026-05-23 02:33:49]   [tflite]   136534841735888: TensorSpec(shape=(), dtype=tf.resource, name=None)
[2026-05-23 02:33:49]   [tflite]   136534841736848: TensorSpec(shape=(), dtype=tf.resource, name=None)
[2026-05-23 02:33:49]   [tflite]   136534800237008: TensorSpec(shape=(), dtype=tf.resource, name=None)
[2026-05-23 02:33:49]   [tflite]   136534800237200: TensorSpec(shape=(), dtype=tf.resource, name=None)
[2026-05-23 02:33:49]   [tflite]   136534841737040: TensorSpec(shape=(), dtype=tf.resource, name=None)
[2026-05-23 02:33:49]   [tflite]   136534800236624: TensorSpec(shape=(), dtype=tf.resource, name=None)
[2026-05-23 02:33:49]   [tflite]   136534800237776: TensorSpec(shape=(), dtype=tf.resource, name=None)
[2026-05-23 02:33:49]   [tflite]   136534800237968: TensorSpec(shape=(), dtype=tf.resource, name=None)
[2026-05-23 02:33:49]   [tflite]   136534800237392: TensorSpec(shape=(), dtype=tf.resource, name=None)
[2026-05-23 02:33:49]   [tflite]   136534800237584: TensorSpec(shape=(), dtype=tf.resource, name=None)
[2026-05-23 02:33:49]   [tflite]   136534800238544: TensorSpec(shape=(), dtype=tf.resource, name=None)
[2026-05-23 02:33:49]   [tflite]   136534800239312: TensorSpec(shape=(), dtype=tf.resource, name=None)
[2026-05-23 02:33:49]   [tflite]   136534800239120: TensorSpec(shape=(), dtype=tf.resource, name=None)
[2026-05-23 02:33:49]   [tflite]   136534800239504: TensorSpec(shape=(), dtype=tf.resource, name=None)
[2026-05-23 02:33:49]   [tflite]   136534800238352: TensorSpec(shape=(), dtype=tf.resource, name=None)
[2026-05-23 02:33:49]   [tflite]   136534800239696: TensorSpec(shape=(), dtype=tf.resource, name=None)
[2026-05-23 02:33:49]   [tflite]   136534800240464: TensorSpec(shape=(), dtype=tf.resource, name=None)
[2026-05-23 02:33:49]   [tflite]   136534800240272: TensorSpec(shape=(), dtype=tf.resource, name=None)
[2026-05-23 02:33:49]   [tflite]   136534800240656: TensorSpec(shape=(), dtype=tf.resource, name=None)
[2026-05-23 02:33:49]   [tflite]   136534800238736: TensorSpec(shape=(), dtype=tf.resource, name=None)
[2026-05-23 02:33:49]   [tflite]   136534800239888: TensorSpec(shape=(), dtype=tf.resource, name=None)
[2026-05-23 02:33:49]   [tflite]   136534800241424: TensorSpec(shape=(), dtype=tf.resource, name=None)
[2026-05-23 02:33:49]   [tflite]   136534800241232: TensorSpec(shape=(), dtype=tf.resource, name=None)
[2026-05-23 02:33:49]   [tflite]   136534800241616: TensorSpec(shape=(), dtype=tf.resource, name=None)
[2026-05-23 02:33:49]   [tflite]   136534800236816: TensorSpec(shape=(), dtype=tf.resource, name=None)
[2026-05-23 02:33:49]   [tflite]   136534800240848: TensorSpec(shape=(), dtype=tf.resource, name=None)
[2026-05-23 02:33:49]   [tflite]   136534800241808: TensorSpec(shape=(), dtype=tf.resource, name=None)
[2026-05-23 02:33:49]   [tflite]   136534800242000: TensorSpec(shape=(), dtype=tf.resource, name=None)
[2026-05-23 02:33:49]   [tflite]   136534800242192: TensorSpec(shape=(), dtype=tf.resource, name=None)
[2026-05-23 02:33:49]   [tflite]   136534800242960: TensorSpec(shape=(), dtype=tf.resource, name=None)
[2026-05-23 02:33:49]   [tflite]   136534800240080: TensorSpec(shape=(), dtype=tf.resource, name=None)
[2026-05-23 02:33:49]   [tflite]   136534800243152: TensorSpec(shape=(), dtype=tf.resource, name=None)
[2026-05-23 02:33:49]   [tflite]   136534800243344: TensorSpec(shape=(), dtype=tf.resource, name=None)
[2026-05-23 02:33:49]   [tflite]   136534800242384: TensorSpec(shape=(), dtype=tf.resource, name=None)
[2026-05-23 02:33:49]   [tflite]   136534800242576: TensorSpec(shape=(), dtype=tf.resource, name=None)
[2026-05-23 02:33:49]   [tflite]   136534800243728: TensorSpec(shape=(), dtype=tf.resource, name=None)
[2026-05-23 02:33:49]   [tflite]   136534800244496: TensorSpec(shape=(), dtype=tf.resource, name=None)
[2026-05-23 02:33:49]   [tflite]   136534800244304: TensorSpec(shape=(), dtype=tf.resource, name=None)
[2026-05-23 02:33:49]   [tflite]   136534800244688: TensorSpec(shape=(), dtype=tf.resource, name=None)
[2026-05-23 02:33:49]   [tflite]   136534800242768: TensorSpec(shape=(), dtype=tf.resource, name=None)
[2026-05-23 02:33:49]   [tflite]   136534800243920: TensorSpec(shape=(), dtype=tf.resource, name=None)
[2026-05-23 02:33:49]   [tflite]   136534800244880: TensorSpec(shape=(), dtype=tf.resource, name=None)
[2026-05-23 02:33:49]   [tflite]   136534800245072: TensorSpec(shape=(), dtype=tf.resource, name=None)
[2026-05-23 02:33:49]   [tflite]   136534800245264: TensorSpec(shape=(), dtype=tf.resource, name=None)
[2026-05-23 02:33:49]   [tflite]   136534800246032: TensorSpec(shape=(), dtype=tf.resource, name=None)
[2026-05-23 02:33:49]   [tflite]   136534800243536: TensorSpec(shape=(), dtype=tf.resource, name=None)
[2026-05-23 02:33:49]   [tflite]   136534800246224: TensorSpec(shape=(), dtype=tf.resource, name=None)
[2026-05-23 02:33:49]   [tflite]   136534800246416: TensorSpec(shape=(), dtype=tf.resource, name=None)
[2026-05-23 02:33:49]   [tflite]   136534800245456: TensorSpec(shape=(), dtype=tf.resource, name=None)
[2026-05-23 02:33:49]   [tflite]   136534800245648: TensorSpec(shape=(), dtype=tf.resource, name=None)
[2026-05-23 02:33:49]   [tflite]   136534800246800: TensorSpec(shape=(), dtype=tf.resource, name=None)
[2026-05-23 02:33:49]   [tflite]   136534800247760: TensorSpec(shape=(), dtype=tf.resource, name=None)
[2026-05-23 02:33:49]   [tflite]   136534800247376: TensorSpec(shape=(), dtype=tf.resource, name=None)
[2026-05-23 02:33:49]   [tflite]   136534800248336: TensorSpec(shape=(), dtype=tf.resource, name=None)
[2026-05-23 02:33:49]   [tflite]     int8 OK (150 KB)
[2026-05-23 02:33:49]   [tflite] 
[2026-05-23 02:33:49]   [tflite] Done.
/home/min/Workspace/Graduate-Project/Falling-Model-Development/.venv/lib/python3.13/site-packages/tensorflow/lite/python/interpreter.py:457: UserWarning:     Warning: tf.lite.Interpreter is deprecated and is scheduled for deletion in
    TF 2.20. Please use the LiteRT interpreter from the ai_edge_litert package.
    See the [migration guide](https://ai.google.dev/edge/litert/migration)
    for details.
    
  warnings.warn(_INTERPRETER_DELETION_WARNING)
INFO: Created TensorFlow Lite XNNPACK delegate for CPU.
[2026-05-23 02:33:50] done D-kp7-w40 val_f1=0.8095 (video=0.9275) test_f1=0.8091 (video=0.9086) test_min_pr=0.8435 threshold=0.450 min_consecutive=1
