WARNING: All log messages before absl::InitializeLog() is called are written to STDERR
I0000 00:00:1779470068.785998  197822 cpu_feature_guard.cc:227] This TensorFlow binary is optimized to use available CPU instructions in performance-critical operations.
To enable the following instructions: AVX2 FMA, in other operations, rebuild TensorFlow with the appropriate compiler flags.
[2026-05-23 02:14:30] loading train split=/home/min/Workspace/Graduate-Project/Falling-Model-Development/dataset/splits_v2_ema/train.csv
[2026-05-23 02:14:42] train rows=1,208,593 videos=6,022 features=57 data_scope=all
[2026-05-23 02:14:42] loading val split=/home/min/Workspace/Graduate-Project/Falling-Model-Development/dataset/splits_v2_ema/val.csv
[2026-05-23 02:14:46] val rows=345,348 videos=1,720 features=57 data_scope=all
[2026-05-23 02:14:46] loading test split=/home/min/Workspace/Graduate-Project/Falling-Model-Development/dataset/splits_v2_ema/test.csv
[2026-05-23 02:14:47] test rows=173,653 videos=864 features=57 data_scope=all
[2026-05-23 02:14:57] train windows=183,690 positive=56,835 videos=6,022
[2026-05-23 02:15:01] val windows=88,806 positive=15,691 videos=1,720
[2026-05-23 02:15:03] test windows=44,628 positive=7,936 videos=864
I0000 00:00:1779470108.750455  197822 gpu_device.cc:2043] Created device /job:localhost/replica:0/task:0/device:GPU:0 with 6623 MB memory:  -> device: 0, name: NVIDIA GeForce RTX 2060 SUPER, pci bus id: 0000:05:00.0, compute capability: 7.5
[2026-05-23 02:15:09] model Model: "EMA-all-w30_tcn"
┏━━━━━━━━━━━━━━━━━━━━━┳━━━━━━━━━━━━━━━━━━━┳━━━━━━━━━━━━┳━━━━━━━━━━━━━━━━━━━┓
┃ Layer (type)        ┃ Output Shape      ┃    Param # ┃ Connected to      ┃
┡━━━━━━━━━━━━━━━━━━━━━╇━━━━━━━━━━━━━━━━━━━╇━━━━━━━━━━━━╇━━━━━━━━━━━━━━━━━━━┩
│ pose_sequence       │ (None, 30, 57)    │          0 │ -                 │
│ (InputLayer)        │                   │            │                   │
├─────────────────────┼───────────────────┼────────────┼───────────────────┤
│ tcn_block_1_conv1   │ (None, 30, 32)    │      5,472 │ pose_sequence[0]… │
│ (Conv1D)            │                   │            │                   │
├─────────────────────┼───────────────────┼────────────┼───────────────────┤
│ tcn_block_1_bn1     │ (None, 30, 32)    │        128 │ tcn_block_1_conv… │
│ (BatchNormalizatio… │                   │            │                   │
├─────────────────────┼───────────────────┼────────────┼───────────────────┤
│ tcn_block_1_relu1   │ (None, 30, 32)    │          0 │ tcn_block_1_bn1[… │
│ (ReLU)              │                   │            │                   │
├─────────────────────┼───────────────────┼────────────┼───────────────────┤
│ tcn_block_1_drop    │ (None, 30, 32)    │          0 │ tcn_block_1_relu… │
│ (Dropout)           │                   │            │                   │
├─────────────────────┼───────────────────┼────────────┼───────────────────┤
│ tcn_block_1_proj    │ (None, 30, 32)    │      1,824 │ pose_sequence[0]… │
│ (Conv1D)            │                   │            │                   │
├─────────────────────┼───────────────────┼────────────┼───────────────────┤
│ tcn_block_1_conv2   │ (None, 30, 32)    │      3,072 │ tcn_block_1_drop… │
│ (Conv1D)            │                   │            │                   │
├─────────────────────┼───────────────────┼────────────┼───────────────────┤
│ tcn_block_1_proj_bn │ (None, 30, 32)    │        128 │ tcn_block_1_proj… │
│ (BatchNormalizatio… │                   │            │                   │
├─────────────────────┼───────────────────┼────────────┼───────────────────┤
│ tcn_block_1_bn2     │ (None, 30, 32)    │        128 │ tcn_block_1_conv… │
│ (BatchNormalizatio… │                   │            │                   │
├─────────────────────┼───────────────────┼────────────┼───────────────────┤
│ tcn_block_1_add     │ (None, 30, 32)    │          0 │ tcn_block_1_proj… │
│ (Add)               │                   │            │ tcn_block_1_bn2[… │
├─────────────────────┼───────────────────┼────────────┼───────────────────┤
│ tcn_block_1_out     │ (None, 30, 32)    │          0 │ tcn_block_1_add[… │
│ (ReLU)              │                   │            │                   │
├─────────────────────┼───────────────────┼────────────┼───────────────────┤
│ tcn_block_2_conv1   │ (None, 30, 32)    │      3,072 │ tcn_block_1_out[… │
│ (Conv1D)            │                   │            │                   │
├─────────────────────┼───────────────────┼────────────┼───────────────────┤
│ tcn_block_2_bn1     │ (None, 30, 32)    │        128 │ tcn_block_2_conv… │
│ (BatchNormalizatio… │                   │            │                   │
├─────────────────────┼───────────────────┼────────────┼───────────────────┤
│ tcn_block_2_relu1   │ (None, 30, 32)    │          0 │ tcn_block_2_bn1[… │
│ (ReLU)              │                   │            │                   │
├─────────────────────┼───────────────────┼────────────┼───────────────────┤
│ tcn_block_2_drop    │ (None, 30, 32)    │          0 │ tcn_block_2_relu… │
│ (Dropout)           │                   │            │                   │
├─────────────────────┼───────────────────┼────────────┼───────────────────┤
│ tcn_block_2_conv2   │ (None, 30, 32)    │      3,072 │ tcn_block_2_drop… │
│ (Conv1D)            │                   │            │                   │
├─────────────────────┼───────────────────┼────────────┼───────────────────┤
│ tcn_block_2_bn2     │ (None, 30, 32)    │        128 │ tcn_block_2_conv… │
│ (BatchNormalizatio… │                   │            │                   │
├─────────────────────┼───────────────────┼────────────┼───────────────────┤
│ tcn_block_2_add     │ (None, 30, 32)    │          0 │ tcn_block_1_out[… │
│ (Add)               │                   │            │ tcn_block_2_bn2[… │
├─────────────────────┼───────────────────┼────────────┼───────────────────┤
│ tcn_block_2_out     │ (None, 30, 32)    │          0 │ tcn_block_2_add[… │
│ (ReLU)              │                   │            │                   │
├─────────────────────┼───────────────────┼────────────┼───────────────────┤
│ tcn_block_3_conv1   │ (None, 30, 64)    │      6,144 │ tcn_block_2_out[… │
│ (Conv1D)            │                   │            │                   │
├─────────────────────┼───────────────────┼────────────┼───────────────────┤
│ tcn_block_3_bn1     │ (None, 30, 64)    │        256 │ tcn_block_3_conv… │
│ (BatchNormalizatio… │                   │            │                   │
├─────────────────────┼───────────────────┼────────────┼───────────────────┤
│ tcn_block_3_relu1   │ (None, 30, 64)    │          0 │ tcn_block_3_bn1[… │
│ (ReLU)              │                   │            │                   │
├─────────────────────┼───────────────────┼────────────┼───────────────────┤
│ tcn_block_3_drop    │ (None, 30, 64)    │          0 │ tcn_block_3_relu… │
│ (Dropout)           │                   │            │                   │
├─────────────────────┼───────────────────┼────────────┼───────────────────┤
│ tcn_block_3_proj    │ (None, 30, 64)    │      2,048 │ tcn_block_2_out[… │
│ (Conv1D)            │                   │            │                   │
├─────────────────────┼───────────────────┼────────────┼───────────────────┤
│ tcn_block_3_conv2   │ (None, 30, 64)    │     12,288 │ tcn_block_3_drop… │
│ (Conv1D)            │                   │            │                   │
├─────────────────────┼───────────────────┼────────────┼───────────────────┤
│ tcn_block_3_proj_bn │ (None, 30, 64)    │        256 │ tcn_block_3_proj… │
│ (BatchNormalizatio… │                   │            │                   │
├─────────────────────┼───────────────────┼────────────┼───────────────────┤
│ tcn_block_3_bn2     │ (None, 30, 64)    │        256 │ tcn_block_3_conv… │
│ (BatchNormalizatio… │                   │            │                   │
├─────────────────────┼───────────────────┼────────────┼───────────────────┤
│ tcn_block_3_add     │ (None, 30, 64)    │          0 │ tcn_block_3_proj… │
│ (Add)               │                   │            │ tcn_block_3_bn2[… │
├─────────────────────┼───────────────────┼────────────┼───────────────────┤
│ tcn_block_3_out     │ (None, 30, 64)    │          0 │ tcn_block_3_add[… │
│ (ReLU)              │                   │            │                   │
├─────────────────────┼───────────────────┼────────────┼───────────────────┤
│ tcn_block_4_conv1   │ (None, 30, 96)    │     18,432 │ tcn_block_3_out[… │
│ (Conv1D)            │                   │            │                   │
├─────────────────────┼───────────────────┼────────────┼───────────────────┤
│ tcn_block_4_bn1     │ (None, 30, 96)    │        384 │ tcn_block_4_conv… │
│ (BatchNormalizatio… │                   │            │                   │
├─────────────────────┼───────────────────┼────────────┼───────────────────┤
│ tcn_block_4_relu1   │ (None, 30, 96)    │          0 │ tcn_block_4_bn1[… │
│ (ReLU)              │                   │            │                   │
├─────────────────────┼───────────────────┼────────────┼───────────────────┤
│ tcn_block_4_drop    │ (None, 30, 96)    │          0 │ tcn_block_4_relu… │
│ (Dropout)           │                   │            │                   │
├─────────────────────┼───────────────────┼────────────┼───────────────────┤
│ tcn_block_4_proj    │ (None, 30, 96)    │      6,144 │ tcn_block_3_out[… │
│ (Conv1D)            │                   │            │                   │
├─────────────────────┼───────────────────┼────────────┼───────────────────┤
│ tcn_block_4_conv2   │ (None, 30, 96)    │     27,648 │ tcn_block_4_drop… │
│ (Conv1D)            │                   │            │                   │
├─────────────────────┼───────────────────┼────────────┼───────────────────┤
│ tcn_block_4_proj_bn │ (None, 30, 96)    │        384 │ tcn_block_4_proj… │
│ (BatchNormalizatio… │                   │            │                   │
├─────────────────────┼───────────────────┼────────────┼───────────────────┤
│ tcn_block_4_bn2     │ (None, 30, 96)    │        384 │ tcn_block_4_conv… │
│ (BatchNormalizatio… │                   │            │                   │
├─────────────────────┼───────────────────┼────────────┼───────────────────┤
│ tcn_block_4_add     │ (None, 30, 96)    │          0 │ tcn_block_4_proj… │
│ (Add)               │                   │            │ tcn_block_4_bn2[… │
├─────────────────────┼───────────────────┼────────────┼───────────────────┤
│ tcn_block_4_out     │ (None, 30, 96)    │          0 │ tcn_block_4_add[… │
│ (ReLU)              │                   │            │                   │
├─────────────────────┼───────────────────┼────────────┼───────────────────┤
│ gap                 │ (None, 96)        │          0 │ tcn_block_4_out[… │
│ (GlobalAveragePool… │                   │            │                   │
├─────────────────────┼───────────────────┼────────────┼───────────────────┤
│ gmp                 │ (None, 96)        │          0 │ tcn_block_4_out[… │
│ (GlobalMaxPooling1… │                   │            │                   │
├─────────────────────┼───────────────────┼────────────┼───────────────────┤
│ pool_concat         │ (None, 192)       │          0 │ gap[0][0],        │
│ (Concatenate)       │                   │            │ gmp[0][0]         │
├─────────────────────┼───────────────────┼────────────┼───────────────────┤
│ head_dense (Dense)  │ (None, 96)        │     18,528 │ pool_concat[0][0] │
├─────────────────────┼───────────────────┼────────────┼───────────────────┤
│ head_drop (Dropout) │ (None, 96)        │          0 │ head_dense[0][0]  │
├─────────────────────┼───────────────────┼────────────┼───────────────────┤
│ classifier (Dense)  │ (None, 2)         │        194 │ head_drop[0][0]   │
└─────────────────────┴───────────────────┴────────────┴───────────────────┘
 Total params: 110,498 (431.63 KB)
 Trainable params: 109,218 (426.63 KB)
 Non-trainable params: 1,280 (5.00 KB)

W0000 00:00:1779470109.973587  197822 cpu_allocator_impl.cc:82] Allocation of 1256439600 exceeds 10% of free system memory.
W0000 00:00:1779470111.055534  197822 cpu_allocator_impl.cc:82] Allocation of 1256439600 exceeds 10% of free system memory.
W0000 00:00:1779470113.667864  197822 cpu_allocator_impl.cc:82] Allocation of 1256439600 exceeds 10% of free system memory.
I0000 00:00:1779470117.400580  198028 service.cc:153] XLA service 0x5cb86cf0 initialized for platform CUDA (this does not guarantee that XLA will be used). Devices:
I0000 00:00:1779470117.400601  198028 service.cc:161]   StreamExecutor [0]: NVIDIA GeForce RTX 2060 SUPER, Compute Capability 7.5 (Driver: 13.0.0; Runtime: 12.9.0; Toolkit: 12.5.0; DNN: 9.22.0)
I0000 00:00:1779470117.498307  198028 dump_mlir_util.cc:269] disabling MLIR crash reproducer, set env var `MLIR_CRASH_REPRODUCER_DIRECTORY` to enable.
I0000 00:00:1779470117.986370  198028 cuda_dnn.cc:461] Loaded cuDNN version 92200
I0000 00:00:1779470118.131861  198028 dot_merger.cc:481] Merging Dots in computation: a_inference_one_step_on_data_8878__.85
I0000 00:00:1779470126.676990  198028 device_compiler.h:208] Compiled cluster using XLA!  This line is logged at most once for the lifetime of the process.
I0000 00:00:1779470135.676671  198025 dot_merger.cc:481] Merging Dots in computation: a_inference_one_step_on_data_8878__.85
[2026-05-23 02:15:47] epoch 1/100 accuracy=0.8416 loss=0.0462 val_accuracy=0.9115 val_loss=0.0347 learning_rate=0.0010
[2026-05-23 02:15:58] epoch 2/100 accuracy=0.8800 loss=0.0356 val_accuracy=0.9234 val_loss=0.0333 learning_rate=0.0010
[2026-05-23 02:16:08] epoch 3/100 accuracy=0.8890 loss=0.0332 val_accuracy=0.9254 val_loss=0.0296 learning_rate=0.0010
[2026-05-23 02:16:18] epoch 4/100 accuracy=0.8949 loss=0.0313 val_accuracy=0.9304 val_loss=0.0249 learning_rate=0.0010
[2026-05-23 02:16:29] epoch 5/100 accuracy=0.8993 loss=0.0298 val_accuracy=0.9273 val_loss=0.0297 learning_rate=0.0010
[2026-05-23 02:16:39] epoch 6/100 accuracy=0.9037 loss=0.0287 val_accuracy=0.9304 val_loss=0.0264 learning_rate=0.0010
[2026-05-23 02:16:50] epoch 7/100 accuracy=0.9062 loss=0.0278 val_accuracy=0.9302 val_loss=0.0259 learning_rate=0.0010
[2026-05-23 02:17:00] epoch 8/100 accuracy=0.9129 loss=0.0255 val_accuracy=0.9255 val_loss=0.0325 learning_rate=0.0005
[2026-05-23 02:17:11] epoch 9/100 accuracy=0.9152 loss=0.0248 val_accuracy=0.9310 val_loss=0.0246 learning_rate=0.0005
[2026-05-23 02:17:21] epoch 10/100 accuracy=0.9183 loss=0.0240 val_accuracy=0.9314 val_loss=0.0251 learning_rate=0.0005
[2026-05-23 02:17:31] epoch 11/100 accuracy=0.9195 loss=0.0236 val_accuracy=0.9302 val_loss=0.0284 learning_rate=0.0005
[2026-05-23 02:17:42] epoch 12/100 accuracy=0.9205 loss=0.0232 val_accuracy=0.9295 val_loss=0.0276 learning_rate=0.0005
[2026-05-23 02:17:52] epoch 13/100 accuracy=0.9244 loss=0.0219 val_accuracy=0.9281 val_loss=0.0298 learning_rate=0.0003
[2026-05-23 02:18:03] epoch 14/100 accuracy=0.9270 loss=0.0213 val_accuracy=0.9290 val_loss=0.0276 learning_rate=0.0003
[2026-05-23 02:18:13] epoch 15/100 accuracy=0.9273 loss=0.0211 val_accuracy=0.9286 val_loss=0.0283 learning_rate=0.0003
[2026-05-23 02:18:24] epoch 16/100 accuracy=0.9298 loss=0.0204 val_accuracy=0.9257 val_loss=0.0313 learning_rate=0.0001
[2026-05-23 02:18:34] epoch 17/100 accuracy=0.9313 loss=0.0199 val_accuracy=0.9277 val_loss=0.0311 learning_rate=0.0001
[2026-05-23 02:18:45] epoch 18/100 accuracy=0.9317 loss=0.0198 val_accuracy=0.9287 val_loss=0.0303 learning_rate=0.0001
[2026-05-23 02:18:55] epoch 19/100 accuracy=0.9326 loss=0.0195 val_accuracy=0.9264 val_loss=0.0320 learning_rate=0.0001
[2026-05-23 02:19:06] epoch 20/100 accuracy=0.9331 loss=0.0194 val_accuracy=0.9271 val_loss=0.0319 learning_rate=0.0001
[2026-05-23 02:19:16] epoch 21/100 accuracy=0.9331 loss=0.0193 val_accuracy=0.9284 val_loss=0.0307 learning_rate=0.0001
[2026-05-23 02:19:26] epoch 22/100 accuracy=0.9339 loss=0.0191 val_accuracy=0.9275 val_loss=0.0318 learning_rate=0.0000
[2026-05-23 02:19:37] epoch 23/100 accuracy=0.9350 loss=0.0190 val_accuracy=0.9264 val_loss=0.0323 learning_rate=0.0000
[2026-05-23 02:19:47] epoch 24/100 accuracy=0.9335 loss=0.0191 val_accuracy=0.9262 val_loss=0.0326 learning_rate=0.0000
W0000 00:00:1779470388.673098  197822 cpu_allocator_impl.cc:82] Allocation of 1256439600 exceeds 10% of free system memory.
W0000 00:00:1779470389.747730  197822 cpu_allocator_impl.cc:82] Allocation of 1256439600 exceeds 10% of free system memory.
[2026-05-23 02:20:22] video-level val: videos=1720 f1=0.9322 fall_recall=0.9431 nfall_recall=0.8673 fall_prec=0.9216 nfall_prec=0.9021 min_pr=0.8673 min_consecutive=1
[2026-05-23 02:20:22] event-level val: videos=1720 f1=0.9233 fall_recall=0.9263 nfall_recall=0.8673 fall_prec=0.9203 nfall_prec=0.8768 min_pr=0.8673 tolerance_windows=2
[2026-05-23 02:20:22] video-level test: videos=864 f1=0.9126 fall_recall=0.9152 nfall_recall=0.8638 fall_prec=0.9100 nfall_prec=0.8713 min_pr=0.8638 min_consecutive=1
[2026-05-23 02:20:23] event-level test: videos=864 f1=0.9042 fall_recall=0.8998 nfall_recall=0.8638 fall_prec=0.9086 nfall_prec=0.8514 min_pr=0.8514 tolerance_windows=2
[2026-05-23 02:20:23] === VAL VIDEO-LEVEL REPORT ===
              precision    recall  f1-score   support

           0     0.9021    0.8673    0.8843       648
           1     0.9216    0.9431    0.9322      1072

    accuracy                         0.9145      1720
   macro avg     0.9118    0.9052    0.9083      1720
weighted avg     0.9143    0.9145    0.9142      1720

[2026-05-23 02:20:23] === TEST VIDEO-LEVEL REPORT ===
              precision    recall  f1-score   support

           0     0.8713    0.8638    0.8675       345
           1     0.9100    0.9152    0.9126       519

    accuracy                         0.8947       864
   macro avg     0.8907    0.8895    0.8901       864
weighted avg     0.8945    0.8947    0.8946       864

[2026-05-23 02:20:28] tflite export subprocess exit=0
[2026-05-23 02:20:28]   [tflite] [EMA-all-w30]
[2026-05-23 02:20:28]   [tflite]   Loading model.keras ...
[2026-05-23 02:20:28]   [tflite]     rebuilding with unroll=True for TFLite compatibility
[2026-05-23 02:20:28]   [tflite] Saved artifact at '/tmp/tmpl_i_8w74'. The following endpoints are available:
[2026-05-23 02:20:28]   [tflite] 
[2026-05-23 02:20:28]   [tflite] * Endpoint 'serve'
[2026-05-23 02:20:28]   [tflite]   args_0 (POSITIONAL_ONLY): TensorSpec(shape=(None, 30, 57), dtype=tf.float32, name='pose_sequence')
[2026-05-23 02:20:28]   [tflite] Output Type:
[2026-05-23 02:20:28]   [tflite]   TensorSpec(shape=(None, 2), dtype=tf.float32, name=None)
[2026-05-23 02:20:28]   [tflite] Captures:
[2026-05-23 02:20:28]   [tflite]   135886836021776: TensorSpec(shape=(), dtype=tf.resource, name=None)
[2026-05-23 02:20:28]   [tflite]   135886836022544: TensorSpec(shape=(), dtype=tf.resource, name=None)
[2026-05-23 02:20:28]   [tflite]   135886836022352: TensorSpec(shape=(), dtype=tf.resource, name=None)
[2026-05-23 02:20:28]   [tflite]   135886836022736: TensorSpec(shape=(), dtype=tf.resource, name=None)
[2026-05-23 02:20:28]   [tflite]   135886836021584: TensorSpec(shape=(), dtype=tf.resource, name=None)
[2026-05-23 02:20:28]   [tflite]   135886836021968: TensorSpec(shape=(), dtype=tf.resource, name=None)
[2026-05-23 02:20:28]   [tflite]   135886836022928: TensorSpec(shape=(), dtype=tf.resource, name=None)
[2026-05-23 02:20:28]   [tflite]   135886600569296: TensorSpec(shape=(), dtype=tf.resource, name=None)
[2026-05-23 02:20:28]   [tflite]   135886600569488: TensorSpec(shape=(), dtype=tf.resource, name=None)
[2026-05-23 02:20:28]   [tflite]   135886836023120: TensorSpec(shape=(), dtype=tf.resource, name=None)
[2026-05-23 02:20:28]   [tflite]   135886600568912: TensorSpec(shape=(), dtype=tf.resource, name=None)
[2026-05-23 02:20:28]   [tflite]   135886600570064: TensorSpec(shape=(), dtype=tf.resource, name=None)
[2026-05-23 02:20:28]   [tflite]   135886600570256: TensorSpec(shape=(), dtype=tf.resource, name=None)
[2026-05-23 02:20:28]   [tflite]   135886600569680: TensorSpec(shape=(), dtype=tf.resource, name=None)
[2026-05-23 02:20:28]   [tflite]   135886600569872: TensorSpec(shape=(), dtype=tf.resource, name=None)
[2026-05-23 02:20:28]   [tflite]   135886600570832: TensorSpec(shape=(), dtype=tf.resource, name=None)
[2026-05-23 02:20:28]   [tflite]   135886600571600: TensorSpec(shape=(), dtype=tf.resource, name=None)
[2026-05-23 02:20:28]   [tflite]   135886600571408: TensorSpec(shape=(), dtype=tf.resource, name=None)
[2026-05-23 02:20:28]   [tflite]   135886600571792: TensorSpec(shape=(), dtype=tf.resource, name=None)
[2026-05-23 02:20:28]   [tflite]   135886600570640: TensorSpec(shape=(), dtype=tf.resource, name=None)
[2026-05-23 02:20:28]   [tflite]   135886600571984: TensorSpec(shape=(), dtype=tf.resource, name=None)
[2026-05-23 02:20:28]   [tflite]   135886600572752: TensorSpec(shape=(), dtype=tf.resource, name=None)
[2026-05-23 02:20:28]   [tflite]   135886600572560: TensorSpec(shape=(), dtype=tf.resource, name=None)
[2026-05-23 02:20:28]   [tflite]   135886600572944: TensorSpec(shape=(), dtype=tf.resource, name=None)
[2026-05-23 02:20:28]   [tflite]   135886600571024: TensorSpec(shape=(), dtype=tf.resource, name=None)
[2026-05-23 02:20:28]   [tflite]   135886600572176: TensorSpec(shape=(), dtype=tf.resource, name=None)
[2026-05-23 02:20:28]   [tflite]   135886600573712: TensorSpec(shape=(), dtype=tf.resource, name=None)
[2026-05-23 02:20:28]   [tflite]   135886600573520: TensorSpec(shape=(), dtype=tf.resource, name=None)
[2026-05-23 02:20:28]   [tflite]   135886600573904: TensorSpec(shape=(), dtype=tf.resource, name=None)
[2026-05-23 02:20:28]   [tflite]   135886600569104: TensorSpec(shape=(), dtype=tf.resource, name=None)
[2026-05-23 02:20:28]   [tflite]   135886600573136: TensorSpec(shape=(), dtype=tf.resource, name=None)
[2026-05-23 02:20:28]   [tflite]   135886600574096: TensorSpec(shape=(), dtype=tf.resource, name=None)
[2026-05-23 02:20:28]   [tflite]   135886600574288: TensorSpec(shape=(), dtype=tf.resource, name=None)
[2026-05-23 02:20:28]   [tflite]   135886600574480: TensorSpec(shape=(), dtype=tf.resource, name=None)
[2026-05-23 02:20:28]   [tflite]   135886600575248: TensorSpec(shape=(), dtype=tf.resource, name=None)
[2026-05-23 02:20:28]   [tflite]   135886600572368: TensorSpec(shape=(), dtype=tf.resource, name=None)
[2026-05-23 02:20:28]   [tflite]   135886600575440: TensorSpec(shape=(), dtype=tf.resource, name=None)
[2026-05-23 02:20:28]   [tflite]   135886600575632: TensorSpec(shape=(), dtype=tf.resource, name=None)
[2026-05-23 02:20:28]   [tflite]   135886600574672: TensorSpec(shape=(), dtype=tf.resource, name=None)
[2026-05-23 02:20:28]   [tflite]   135886600574864: TensorSpec(shape=(), dtype=tf.resource, name=None)
[2026-05-23 02:20:28]   [tflite]   135886600576016: TensorSpec(shape=(), dtype=tf.resource, name=None)
[2026-05-23 02:20:28]   [tflite]   135886600576784: TensorSpec(shape=(), dtype=tf.resource, name=None)
[2026-05-23 02:20:28]   [tflite]   135886600576592: TensorSpec(shape=(), dtype=tf.resource, name=None)
[2026-05-23 02:20:28]   [tflite]   135886600576976: TensorSpec(shape=(), dtype=tf.resource, name=None)
[2026-05-23 02:20:28]   [tflite]   135886600575056: TensorSpec(shape=(), dtype=tf.resource, name=None)
[2026-05-23 02:20:28]   [tflite]   135886600576208: TensorSpec(shape=(), dtype=tf.resource, name=None)
[2026-05-23 02:20:28]   [tflite]   135886600577168: TensorSpec(shape=(), dtype=tf.resource, name=None)
[2026-05-23 02:20:28]   [tflite]   135886600577360: TensorSpec(shape=(), dtype=tf.resource, name=None)
[2026-05-23 02:20:28]   [tflite]   135886600577552: TensorSpec(shape=(), dtype=tf.resource, name=None)
[2026-05-23 02:20:28]   [tflite]   135886600578320: TensorSpec(shape=(), dtype=tf.resource, name=None)
[2026-05-23 02:20:28]   [tflite]   135886600575824: TensorSpec(shape=(), dtype=tf.resource, name=None)
[2026-05-23 02:20:28]   [tflite]   135886600578512: TensorSpec(shape=(), dtype=tf.resource, name=None)
[2026-05-23 02:20:28]   [tflite]   135886600578704: TensorSpec(shape=(), dtype=tf.resource, name=None)
[2026-05-23 02:20:28]   [tflite]   135886600577744: TensorSpec(shape=(), dtype=tf.resource, name=None)
[2026-05-23 02:20:28]   [tflite]   135886600577936: TensorSpec(shape=(), dtype=tf.resource, name=None)
[2026-05-23 02:20:28]   [tflite]   135886600579088: TensorSpec(shape=(), dtype=tf.resource, name=None)
[2026-05-23 02:20:28]   [tflite]   135886600580048: TensorSpec(shape=(), dtype=tf.resource, name=None)
[2026-05-23 02:20:28]   [tflite]   135886600579664: TensorSpec(shape=(), dtype=tf.resource, name=None)
[2026-05-23 02:20:28]   [tflite]   135886600580624: TensorSpec(shape=(), dtype=tf.resource, name=None)
[2026-05-23 02:20:28]   [tflite]     fp32 OK (452 KB)
[2026-05-23 02:20:28]   [tflite] Saved artifact at '/tmp/tmpyu30xk37'. The following endpoints are available:
[2026-05-23 02:20:28]   [tflite] 
[2026-05-23 02:20:28]   [tflite] * Endpoint 'serve'
[2026-05-23 02:20:28]   [tflite]   args_0 (POSITIONAL_ONLY): TensorSpec(shape=(None, 30, 57), dtype=tf.float32, name='pose_sequence')
[2026-05-23 02:20:28]   [tflite] Output Type:
[2026-05-23 02:20:28]   [tflite]   TensorSpec(shape=(None, 2), dtype=tf.float32, name=None)
[2026-05-23 02:20:28]   [tflite] Captures:
[2026-05-23 02:20:28]   [tflite]   135886836021776: TensorSpec(shape=(), dtype=tf.resource, name=None)
[2026-05-23 02:20:28]   [tflite]   135886836022544: TensorSpec(shape=(), dtype=tf.resource, name=None)
[2026-05-23 02:20:28]   [tflite]   135886836022352: TensorSpec(shape=(), dtype=tf.resource, name=None)
[2026-05-23 02:20:28]   [tflite]   135886836022736: TensorSpec(shape=(), dtype=tf.resource, name=None)
[2026-05-23 02:20:28]   [tflite]   135886836021584: TensorSpec(shape=(), dtype=tf.resource, name=None)
[2026-05-23 02:20:28]   [tflite]   135886836021968: TensorSpec(shape=(), dtype=tf.resource, name=None)
[2026-05-23 02:20:28]   [tflite]   135886836022928: TensorSpec(shape=(), dtype=tf.resource, name=None)
[2026-05-23 02:20:28]   [tflite]   135886600569296: TensorSpec(shape=(), dtype=tf.resource, name=None)
[2026-05-23 02:20:28]   [tflite]   135886600569488: TensorSpec(shape=(), dtype=tf.resource, name=None)
[2026-05-23 02:20:28]   [tflite]   135886836023120: TensorSpec(shape=(), dtype=tf.resource, name=None)
[2026-05-23 02:20:28]   [tflite]   135886600568912: TensorSpec(shape=(), dtype=tf.resource, name=None)
[2026-05-23 02:20:28]   [tflite]   135886600570064: TensorSpec(shape=(), dtype=tf.resource, name=None)
[2026-05-23 02:20:28]   [tflite]   135886600570256: TensorSpec(shape=(), dtype=tf.resource, name=None)
[2026-05-23 02:20:28]   [tflite]   135886600569680: TensorSpec(shape=(), dtype=tf.resource, name=None)
[2026-05-23 02:20:28]   [tflite]   135886600569872: TensorSpec(shape=(), dtype=tf.resource, name=None)
[2026-05-23 02:20:28]   [tflite]   135886600570832: TensorSpec(shape=(), dtype=tf.resource, name=None)
[2026-05-23 02:20:28]   [tflite]   135886600571600: TensorSpec(shape=(), dtype=tf.resource, name=None)
[2026-05-23 02:20:28]   [tflite]   135886600571408: TensorSpec(shape=(), dtype=tf.resource, name=None)
[2026-05-23 02:20:28]   [tflite]   135886600571792: TensorSpec(shape=(), dtype=tf.resource, name=None)
[2026-05-23 02:20:28]   [tflite]   135886600570640: TensorSpec(shape=(), dtype=tf.resource, name=None)
[2026-05-23 02:20:28]   [tflite]   135886600571984: TensorSpec(shape=(), dtype=tf.resource, name=None)
[2026-05-23 02:20:28]   [tflite]   135886600572752: TensorSpec(shape=(), dtype=tf.resource, name=None)
[2026-05-23 02:20:28]   [tflite]   135886600572560: TensorSpec(shape=(), dtype=tf.resource, name=None)
[2026-05-23 02:20:28]   [tflite]   135886600572944: TensorSpec(shape=(), dtype=tf.resource, name=None)
[2026-05-23 02:20:28]   [tflite]   135886600571024: TensorSpec(shape=(), dtype=tf.resource, name=None)
[2026-05-23 02:20:28]   [tflite]   135886600572176: TensorSpec(shape=(), dtype=tf.resource, name=None)
[2026-05-23 02:20:28]   [tflite]   135886600573712: TensorSpec(shape=(), dtype=tf.resource, name=None)
[2026-05-23 02:20:28]   [tflite]   135886600573520: TensorSpec(shape=(), dtype=tf.resource, name=None)
[2026-05-23 02:20:28]   [tflite]   135886600573904: TensorSpec(shape=(), dtype=tf.resource, name=None)
[2026-05-23 02:20:28]   [tflite]   135886600569104: TensorSpec(shape=(), dtype=tf.resource, name=None)
[2026-05-23 02:20:28]   [tflite]   135886600573136: TensorSpec(shape=(), dtype=tf.resource, name=None)
[2026-05-23 02:20:28]   [tflite]   135886600574096: TensorSpec(shape=(), dtype=tf.resource, name=None)
[2026-05-23 02:20:28]   [tflite]   135886600574288: TensorSpec(shape=(), dtype=tf.resource, name=None)
[2026-05-23 02:20:28]   [tflite]   135886600574480: TensorSpec(shape=(), dtype=tf.resource, name=None)
[2026-05-23 02:20:28]   [tflite]   135886600575248: TensorSpec(shape=(), dtype=tf.resource, name=None)
[2026-05-23 02:20:28]   [tflite]   135886600572368: TensorSpec(shape=(), dtype=tf.resource, name=None)
[2026-05-23 02:20:28]   [tflite]   135886600575440: TensorSpec(shape=(), dtype=tf.resource, name=None)
[2026-05-23 02:20:28]   [tflite]   135886600575632: TensorSpec(shape=(), dtype=tf.resource, name=None)
[2026-05-23 02:20:28]   [tflite]   135886600574672: TensorSpec(shape=(), dtype=tf.resource, name=None)
[2026-05-23 02:20:28]   [tflite]   135886600574864: TensorSpec(shape=(), dtype=tf.resource, name=None)
[2026-05-23 02:20:28]   [tflite]   135886600576016: TensorSpec(shape=(), dtype=tf.resource, name=None)
[2026-05-23 02:20:28]   [tflite]   135886600576784: TensorSpec(shape=(), dtype=tf.resource, name=None)
[2026-05-23 02:20:28]   [tflite]   135886600576592: TensorSpec(shape=(), dtype=tf.resource, name=None)
[2026-05-23 02:20:28]   [tflite]   135886600576976: TensorSpec(shape=(), dtype=tf.resource, name=None)
[2026-05-23 02:20:28]   [tflite]   135886600575056: TensorSpec(shape=(), dtype=tf.resource, name=None)
[2026-05-23 02:20:28]   [tflite]   135886600576208: TensorSpec(shape=(), dtype=tf.resource, name=None)
[2026-05-23 02:20:28]   [tflite]   135886600577168: TensorSpec(shape=(), dtype=tf.resource, name=None)
[2026-05-23 02:20:28]   [tflite]   135886600577360: TensorSpec(shape=(), dtype=tf.resource, name=None)
[2026-05-23 02:20:28]   [tflite]   135886600577552: TensorSpec(shape=(), dtype=tf.resource, name=None)
[2026-05-23 02:20:28]   [tflite]   135886600578320: TensorSpec(shape=(), dtype=tf.resource, name=None)
[2026-05-23 02:20:28]   [tflite]   135886600575824: TensorSpec(shape=(), dtype=tf.resource, name=None)
[2026-05-23 02:20:28]   [tflite]   135886600578512: TensorSpec(shape=(), dtype=tf.resource, name=None)
[2026-05-23 02:20:28]   [tflite]   135886600578704: TensorSpec(shape=(), dtype=tf.resource, name=None)
[2026-05-23 02:20:28]   [tflite]   135886600577744: TensorSpec(shape=(), dtype=tf.resource, name=None)
[2026-05-23 02:20:28]   [tflite]   135886600577936: TensorSpec(shape=(), dtype=tf.resource, name=None)
[2026-05-23 02:20:28]   [tflite]   135886600579088: TensorSpec(shape=(), dtype=tf.resource, name=None)
[2026-05-23 02:20:28]   [tflite]   135886600580048: TensorSpec(shape=(), dtype=tf.resource, name=None)
[2026-05-23 02:20:28]   [tflite]   135886600579664: TensorSpec(shape=(), dtype=tf.resource, name=None)
[2026-05-23 02:20:28]   [tflite]   135886600580624: TensorSpec(shape=(), dtype=tf.resource, name=None)
[2026-05-23 02:20:28]   [tflite]     int8 OK (154 KB)
[2026-05-23 02:20:28]   [tflite] 
[2026-05-23 02:20:28]   [tflite] Done.
/home/min/Workspace/Graduate-Project/Falling-Model-Development/.venv/lib/python3.13/site-packages/tensorflow/lite/python/interpreter.py:457: UserWarning:     Warning: tf.lite.Interpreter is deprecated and is scheduled for deletion in
    TF 2.20. Please use the LiteRT interpreter from the ai_edge_litert package.
    See the [migration guide](https://ai.google.dev/edge/litert/migration)
    for details.
    
  warnings.warn(_INTERPRETER_DELETION_WARNING)
INFO: Created TensorFlow Lite XNNPACK delegate for CPU.
[2026-05-23 02:20:29] done EMA-all-w30 val_f1=0.7937 (video=0.9322) test_f1=0.7854 (video=0.9126) test_min_pr=0.8638 threshold=0.450 min_consecutive=1
