WARNING: All log messages before absl::InitializeLog() is called are written to STDERR
I0000 00:00:1779468706.257049  183857 cpu_feature_guard.cc:227] This TensorFlow binary is optimized to use available CPU instructions in performance-critical operations.
To enable the following instructions: AVX2 FMA, in other operations, rebuild TensorFlow with the appropriate compiler flags.
[2026-05-23 01:51:47] loading train split=/home/min/Workspace/Graduate-Project/Falling-Model-Development/dataset/splits_v2_ema/train.csv
[2026-05-23 01:52:00] train rows=1,208,593 videos=6,022 features=45 data_scope=all
[2026-05-23 01:52:00] loading val split=/home/min/Workspace/Graduate-Project/Falling-Model-Development/dataset/splits_v2_ema/val.csv
[2026-05-23 01:52:03] val rows=345,348 videos=1,720 features=45 data_scope=all
[2026-05-23 01:52:03] loading test split=/home/min/Workspace/Graduate-Project/Falling-Model-Development/dataset/splits_v2_ema/test.csv
[2026-05-23 01:52:04] test rows=173,653 videos=864 features=45 data_scope=all
[2026-05-23 01:52:15] train windows=213,379 positive=55,944 videos=6,022
[2026-05-23 01:52:19] val windows=106,006 positive=15,515 videos=1,720
[2026-05-23 01:52:20] test windows=53,268 positive=7,851 videos=864
I0000 00:00:1779468744.929648  183857 gpu_device.cc:2043] Created device /job:localhost/replica:0/task:0/device:GPU:0 with 6623 MB memory:  -> device: 0, name: NVIDIA GeForce RTX 2060 SUPER, pci bus id: 0000:05:00.0, compute capability: 7.5
[2026-05-23 01:52:25] model Model: "EMA-kp12-w20_tcn"
┏━━━━━━━━━━━━━━━━━━━━━┳━━━━━━━━━━━━━━━━━━━┳━━━━━━━━━━━━┳━━━━━━━━━━━━━━━━━━━┓
┃ Layer (type)        ┃ Output Shape      ┃    Param # ┃ Connected to      ┃
┡━━━━━━━━━━━━━━━━━━━━━╇━━━━━━━━━━━━━━━━━━━╇━━━━━━━━━━━━╇━━━━━━━━━━━━━━━━━━━┩
│ pose_sequence       │ (None, 20, 45)    │          0 │ -                 │
│ (InputLayer)        │                   │            │                   │
├─────────────────────┼───────────────────┼────────────┼───────────────────┤
│ tcn_block_1_conv1   │ (None, 20, 32)    │      4,320 │ pose_sequence[0]… │
│ (Conv1D)            │                   │            │                   │
├─────────────────────┼───────────────────┼────────────┼───────────────────┤
│ tcn_block_1_bn1     │ (None, 20, 32)    │        128 │ tcn_block_1_conv… │
│ (BatchNormalizatio… │                   │            │                   │
├─────────────────────┼───────────────────┼────────────┼───────────────────┤
│ tcn_block_1_relu1   │ (None, 20, 32)    │          0 │ tcn_block_1_bn1[… │
│ (ReLU)              │                   │            │                   │
├─────────────────────┼───────────────────┼────────────┼───────────────────┤
│ tcn_block_1_drop    │ (None, 20, 32)    │          0 │ tcn_block_1_relu… │
│ (Dropout)           │                   │            │                   │
├─────────────────────┼───────────────────┼────────────┼───────────────────┤
│ tcn_block_1_proj    │ (None, 20, 32)    │      1,440 │ pose_sequence[0]… │
│ (Conv1D)            │                   │            │                   │
├─────────────────────┼───────────────────┼────────────┼───────────────────┤
│ tcn_block_1_conv2   │ (None, 20, 32)    │      3,072 │ tcn_block_1_drop… │
│ (Conv1D)            │                   │            │                   │
├─────────────────────┼───────────────────┼────────────┼───────────────────┤
│ tcn_block_1_proj_bn │ (None, 20, 32)    │        128 │ tcn_block_1_proj… │
│ (BatchNormalizatio… │                   │            │                   │
├─────────────────────┼───────────────────┼────────────┼───────────────────┤
│ tcn_block_1_bn2     │ (None, 20, 32)    │        128 │ tcn_block_1_conv… │
│ (BatchNormalizatio… │                   │            │                   │
├─────────────────────┼───────────────────┼────────────┼───────────────────┤
│ tcn_block_1_add     │ (None, 20, 32)    │          0 │ tcn_block_1_proj… │
│ (Add)               │                   │            │ tcn_block_1_bn2[… │
├─────────────────────┼───────────────────┼────────────┼───────────────────┤
│ tcn_block_1_out     │ (None, 20, 32)    │          0 │ tcn_block_1_add[… │
│ (ReLU)              │                   │            │                   │
├─────────────────────┼───────────────────┼────────────┼───────────────────┤
│ tcn_block_2_conv1   │ (None, 20, 32)    │      3,072 │ tcn_block_1_out[… │
│ (Conv1D)            │                   │            │                   │
├─────────────────────┼───────────────────┼────────────┼───────────────────┤
│ tcn_block_2_bn1     │ (None, 20, 32)    │        128 │ tcn_block_2_conv… │
│ (BatchNormalizatio… │                   │            │                   │
├─────────────────────┼───────────────────┼────────────┼───────────────────┤
│ tcn_block_2_relu1   │ (None, 20, 32)    │          0 │ tcn_block_2_bn1[… │
│ (ReLU)              │                   │            │                   │
├─────────────────────┼───────────────────┼────────────┼───────────────────┤
│ tcn_block_2_drop    │ (None, 20, 32)    │          0 │ tcn_block_2_relu… │
│ (Dropout)           │                   │            │                   │
├─────────────────────┼───────────────────┼────────────┼───────────────────┤
│ tcn_block_2_conv2   │ (None, 20, 32)    │      3,072 │ tcn_block_2_drop… │
│ (Conv1D)            │                   │            │                   │
├─────────────────────┼───────────────────┼────────────┼───────────────────┤
│ tcn_block_2_bn2     │ (None, 20, 32)    │        128 │ tcn_block_2_conv… │
│ (BatchNormalizatio… │                   │            │                   │
├─────────────────────┼───────────────────┼────────────┼───────────────────┤
│ tcn_block_2_add     │ (None, 20, 32)    │          0 │ tcn_block_1_out[… │
│ (Add)               │                   │            │ tcn_block_2_bn2[… │
├─────────────────────┼───────────────────┼────────────┼───────────────────┤
│ tcn_block_2_out     │ (None, 20, 32)    │          0 │ tcn_block_2_add[… │
│ (ReLU)              │                   │            │                   │
├─────────────────────┼───────────────────┼────────────┼───────────────────┤
│ tcn_block_3_conv1   │ (None, 20, 64)    │      6,144 │ tcn_block_2_out[… │
│ (Conv1D)            │                   │            │                   │
├─────────────────────┼───────────────────┼────────────┼───────────────────┤
│ tcn_block_3_bn1     │ (None, 20, 64)    │        256 │ tcn_block_3_conv… │
│ (BatchNormalizatio… │                   │            │                   │
├─────────────────────┼───────────────────┼────────────┼───────────────────┤
│ tcn_block_3_relu1   │ (None, 20, 64)    │          0 │ tcn_block_3_bn1[… │
│ (ReLU)              │                   │            │                   │
├─────────────────────┼───────────────────┼────────────┼───────────────────┤
│ tcn_block_3_drop    │ (None, 20, 64)    │          0 │ tcn_block_3_relu… │
│ (Dropout)           │                   │            │                   │
├─────────────────────┼───────────────────┼────────────┼───────────────────┤
│ tcn_block_3_proj    │ (None, 20, 64)    │      2,048 │ tcn_block_2_out[… │
│ (Conv1D)            │                   │            │                   │
├─────────────────────┼───────────────────┼────────────┼───────────────────┤
│ tcn_block_3_conv2   │ (None, 20, 64)    │     12,288 │ tcn_block_3_drop… │
│ (Conv1D)            │                   │            │                   │
├─────────────────────┼───────────────────┼────────────┼───────────────────┤
│ tcn_block_3_proj_bn │ (None, 20, 64)    │        256 │ tcn_block_3_proj… │
│ (BatchNormalizatio… │                   │            │                   │
├─────────────────────┼───────────────────┼────────────┼───────────────────┤
│ tcn_block_3_bn2     │ (None, 20, 64)    │        256 │ tcn_block_3_conv… │
│ (BatchNormalizatio… │                   │            │                   │
├─────────────────────┼───────────────────┼────────────┼───────────────────┤
│ tcn_block_3_add     │ (None, 20, 64)    │          0 │ tcn_block_3_proj… │
│ (Add)               │                   │            │ tcn_block_3_bn2[… │
├─────────────────────┼───────────────────┼────────────┼───────────────────┤
│ tcn_block_3_out     │ (None, 20, 64)    │          0 │ tcn_block_3_add[… │
│ (ReLU)              │                   │            │                   │
├─────────────────────┼───────────────────┼────────────┼───────────────────┤
│ tcn_block_4_conv1   │ (None, 20, 96)    │     18,432 │ tcn_block_3_out[… │
│ (Conv1D)            │                   │            │                   │
├─────────────────────┼───────────────────┼────────────┼───────────────────┤
│ tcn_block_4_bn1     │ (None, 20, 96)    │        384 │ tcn_block_4_conv… │
│ (BatchNormalizatio… │                   │            │                   │
├─────────────────────┼───────────────────┼────────────┼───────────────────┤
│ tcn_block_4_relu1   │ (None, 20, 96)    │          0 │ tcn_block_4_bn1[… │
│ (ReLU)              │                   │            │                   │
├─────────────────────┼───────────────────┼────────────┼───────────────────┤
│ tcn_block_4_drop    │ (None, 20, 96)    │          0 │ tcn_block_4_relu… │
│ (Dropout)           │                   │            │                   │
├─────────────────────┼───────────────────┼────────────┼───────────────────┤
│ tcn_block_4_proj    │ (None, 20, 96)    │      6,144 │ tcn_block_3_out[… │
│ (Conv1D)            │                   │            │                   │
├─────────────────────┼───────────────────┼────────────┼───────────────────┤
│ tcn_block_4_conv2   │ (None, 20, 96)    │     27,648 │ tcn_block_4_drop… │
│ (Conv1D)            │                   │            │                   │
├─────────────────────┼───────────────────┼────────────┼───────────────────┤
│ tcn_block_4_proj_bn │ (None, 20, 96)    │        384 │ tcn_block_4_proj… │
│ (BatchNormalizatio… │                   │            │                   │
├─────────────────────┼───────────────────┼────────────┼───────────────────┤
│ tcn_block_4_bn2     │ (None, 20, 96)    │        384 │ tcn_block_4_conv… │
│ (BatchNormalizatio… │                   │            │                   │
├─────────────────────┼───────────────────┼────────────┼───────────────────┤
│ tcn_block_4_add     │ (None, 20, 96)    │          0 │ tcn_block_4_proj… │
│ (Add)               │                   │            │ tcn_block_4_bn2[… │
├─────────────────────┼───────────────────┼────────────┼───────────────────┤
│ tcn_block_4_out     │ (None, 20, 96)    │          0 │ tcn_block_4_add[… │
│ (ReLU)              │                   │            │                   │
├─────────────────────┼───────────────────┼────────────┼───────────────────┤
│ gap                 │ (None, 96)        │          0 │ tcn_block_4_out[… │
│ (GlobalAveragePool… │                   │            │                   │
├─────────────────────┼───────────────────┼────────────┼───────────────────┤
│ gmp                 │ (None, 96)        │          0 │ tcn_block_4_out[… │
│ (GlobalMaxPooling1… │                   │            │                   │
├─────────────────────┼───────────────────┼────────────┼───────────────────┤
│ pool_concat         │ (None, 192)       │          0 │ gap[0][0],        │
│ (Concatenate)       │                   │            │ gmp[0][0]         │
├─────────────────────┼───────────────────┼────────────┼───────────────────┤
│ head_dense (Dense)  │ (None, 96)        │     18,528 │ pool_concat[0][0] │
├─────────────────────┼───────────────────┼────────────┼───────────────────┤
│ head_drop (Dropout) │ (None, 96)        │          0 │ head_dense[0][0]  │
├─────────────────────┼───────────────────┼────────────┼───────────────────┤
│ classifier (Dense)  │ (None, 2)         │        194 │ head_drop[0][0]   │
└─────────────────────┴───────────────────┴────────────┴───────────────────┘
 Total params: 108,962 (425.63 KB)
 Trainable params: 107,682 (420.63 KB)
 Non-trainable params: 1,280 (5.00 KB)

I0000 00:00:1779468751.761738  183953 service.cc:153] XLA service 0x474d0d30 initialized for platform CUDA (this does not guarantee that XLA will be used). Devices:
I0000 00:00:1779468751.761756  183953 service.cc:161]   StreamExecutor [0]: NVIDIA GeForce RTX 2060 SUPER, Compute Capability 7.5 (Driver: 13.0.0; Runtime: 12.9.0; Toolkit: 12.5.0; DNN: 9.22.0)
I0000 00:00:1779468751.853298  183953 dump_mlir_util.cc:269] disabling MLIR crash reproducer, set env var `MLIR_CRASH_REPRODUCER_DIRECTORY` to enable.
I0000 00:00:1779468752.347502  183953 cuda_dnn.cc:461] Loaded cuDNN version 92200
I0000 00:00:1779468752.492034  183953 dot_merger.cc:481] Merging Dots in computation: a_inference_one_step_on_data_8878__.85
I0000 00:00:1779468760.851615  183953 device_compiler.h:208] Compiled cluster using XLA!  This line is logged at most once for the lifetime of the process.
I0000 00:00:1779468770.573276  183954 dot_merger.cc:481] Merging Dots in computation: a_inference_one_step_on_data_8878__.85
[2026-05-23 01:53:02] epoch 1/100 accuracy=0.8549 loss=0.0473 val_accuracy=0.9278 val_loss=0.0259 learning_rate=0.0010
[2026-05-23 01:53:13] epoch 2/100 accuracy=0.8877 loss=0.0376 val_accuracy=0.9334 val_loss=0.0250 learning_rate=0.0010
[2026-05-23 01:53:24] epoch 3/100 accuracy=0.8951 loss=0.0354 val_accuracy=0.9345 val_loss=0.0245 learning_rate=0.0010
[2026-05-23 01:53:35] epoch 4/100 accuracy=0.8993 loss=0.0339 val_accuracy=0.9310 val_loss=0.0313 learning_rate=0.0010
[2026-05-23 01:53:46] epoch 5/100 accuracy=0.9017 loss=0.0329 val_accuracy=0.9345 val_loss=0.0257 learning_rate=0.0010
[2026-05-23 01:53:57] epoch 6/100 accuracy=0.9053 loss=0.0316 val_accuracy=0.9351 val_loss=0.0279 learning_rate=0.0010
[2026-05-23 01:54:08] epoch 7/100 accuracy=0.9109 loss=0.0294 val_accuracy=0.9352 val_loss=0.0268 learning_rate=0.0005
[2026-05-23 01:54:19] epoch 8/100 accuracy=0.9131 loss=0.0287 val_accuracy=0.9359 val_loss=0.0245 learning_rate=0.0005
[2026-05-23 01:54:30] epoch 9/100 accuracy=0.9152 loss=0.0280 val_accuracy=0.9363 val_loss=0.0244 learning_rate=0.0005
[2026-05-23 01:54:40] epoch 10/100 accuracy=0.9182 loss=0.0269 val_accuracy=0.9374 val_loss=0.0241 learning_rate=0.0003
[2026-05-23 01:54:51] epoch 11/100 accuracy=0.9203 loss=0.0263 val_accuracy=0.9375 val_loss=0.0243 learning_rate=0.0003
[2026-05-23 01:55:02] epoch 12/100 accuracy=0.9208 loss=0.0261 val_accuracy=0.9369 val_loss=0.0241 learning_rate=0.0003
[2026-05-23 01:55:13] epoch 13/100 accuracy=0.9222 loss=0.0257 val_accuracy=0.9364 val_loss=0.0238 learning_rate=0.0003
[2026-05-23 01:55:24] epoch 14/100 accuracy=0.9225 loss=0.0254 val_accuracy=0.9357 val_loss=0.0242 learning_rate=0.0003
[2026-05-23 01:55:35] epoch 15/100 accuracy=0.9230 loss=0.0252 val_accuracy=0.9325 val_loss=0.0275 learning_rate=0.0003
[2026-05-23 01:55:46] epoch 16/100 accuracy=0.9245 loss=0.0247 val_accuracy=0.9347 val_loss=0.0281 learning_rate=0.0003
[2026-05-23 01:55:57] epoch 17/100 accuracy=0.9259 loss=0.0242 val_accuracy=0.9357 val_loss=0.0256 learning_rate=0.0001
[2026-05-23 01:56:08] epoch 18/100 accuracy=0.9272 loss=0.0237 val_accuracy=0.9353 val_loss=0.0265 learning_rate=0.0001
[2026-05-23 01:56:19] epoch 19/100 accuracy=0.9270 loss=0.0237 val_accuracy=0.9336 val_loss=0.0274 learning_rate=0.0001
[2026-05-23 01:56:30] epoch 20/100 accuracy=0.9277 loss=0.0233 val_accuracy=0.9355 val_loss=0.0265 learning_rate=0.0001
[2026-05-23 01:56:41] epoch 21/100 accuracy=0.9288 loss=0.0232 val_accuracy=0.9357 val_loss=0.0267 learning_rate=0.0001
[2026-05-23 01:56:52] epoch 22/100 accuracy=0.9291 loss=0.0231 val_accuracy=0.9361 val_loss=0.0257 learning_rate=0.0001
[2026-05-23 01:57:03] epoch 23/100 accuracy=0.9298 loss=0.0228 val_accuracy=0.9361 val_loss=0.0262 learning_rate=0.0000
[2026-05-23 01:57:14] epoch 24/100 accuracy=0.9291 loss=0.0228 val_accuracy=0.9352 val_loss=0.0273 learning_rate=0.0000
[2026-05-23 01:57:25] epoch 25/100 accuracy=0.9294 loss=0.0227 val_accuracy=0.9358 val_loss=0.0259 learning_rate=0.0000
[2026-05-23 01:57:36] epoch 26/100 accuracy=0.9306 loss=0.0227 val_accuracy=0.9353 val_loss=0.0266 learning_rate=0.0000
[2026-05-23 01:57:47] epoch 27/100 accuracy=0.9304 loss=0.0226 val_accuracy=0.9349 val_loss=0.0272 learning_rate=0.0000
[2026-05-23 01:57:58] epoch 28/100 accuracy=0.9302 loss=0.0225 val_accuracy=0.9356 val_loss=0.0266 learning_rate=0.0000
[2026-05-23 01:58:35] video-level val: videos=1720 f1=0.9180 fall_recall=0.9142 nfall_recall=0.8719 fall_prec=0.9219 nfall_prec=0.8600 min_pr=0.8600 min_consecutive=1
[2026-05-23 01:58:35] event-level val: videos=1720 f1=0.9083 fall_recall=0.8965 nfall_recall=0.8719 fall_prec=0.9205 nfall_prec=0.8358 min_pr=0.8358 tolerance_windows=2
[2026-05-23 01:58:36] video-level test: videos=864 f1=0.8935 fall_recall=0.8805 nfall_recall=0.8638 fall_prec=0.9067 nfall_prec=0.8278 min_pr=0.8278 min_consecutive=1
[2026-05-23 01:58:36] event-level test: videos=864 f1=0.8814 fall_recall=0.8593 nfall_recall=0.8638 fall_prec=0.9047 nfall_prec=0.8032 min_pr=0.8032 tolerance_windows=2
[2026-05-23 01:58:36] === VAL VIDEO-LEVEL REPORT ===
              precision    recall  f1-score   support

           0     0.8600    0.8719    0.8659       648
           1     0.9219    0.9142    0.9180      1072

    accuracy                         0.8983      1720
   macro avg     0.8909    0.8930    0.8920      1720
weighted avg     0.8986    0.8983    0.8984      1720

[2026-05-23 01:58:36] === TEST VIDEO-LEVEL REPORT ===
              precision    recall  f1-score   support

           0     0.8278    0.8638    0.8454       345
           1     0.9067    0.8805    0.8935       519

    accuracy                         0.8738       864
   macro avg     0.8673    0.8722    0.8694       864
weighted avg     0.8752    0.8738    0.8743       864

[2026-05-23 01:58:41] tflite export subprocess exit=0
[2026-05-23 01:58:41]   [tflite] [EMA-kp12-w20]
[2026-05-23 01:58:41]   [tflite]   Loading model.keras ...
[2026-05-23 01:58:41]   [tflite]     rebuilding with unroll=True for TFLite compatibility
[2026-05-23 01:58:41]   [tflite] Saved artifact at '/tmp/tmpbn842ovz'. The following endpoints are available:
[2026-05-23 01:58:41]   [tflite] 
[2026-05-23 01:58:41]   [tflite] * Endpoint 'serve'
[2026-05-23 01:58:41]   [tflite]   args_0 (POSITIONAL_ONLY): TensorSpec(shape=(None, 20, 45), dtype=tf.float32, name='pose_sequence')
[2026-05-23 01:58:41]   [tflite] Output Type:
[2026-05-23 01:58:41]   [tflite]   TensorSpec(shape=(None, 2), dtype=tf.float32, name=None)
[2026-05-23 01:58:41]   [tflite] Captures:
[2026-05-23 01:58:41]   [tflite]   130846457182736: TensorSpec(shape=(), dtype=tf.resource, name=None)
[2026-05-23 01:58:41]   [tflite]   130846457183504: TensorSpec(shape=(), dtype=tf.resource, name=None)
[2026-05-23 01:58:41]   [tflite]   130846457183312: TensorSpec(shape=(), dtype=tf.resource, name=None)
[2026-05-23 01:58:41]   [tflite]   130846457183696: TensorSpec(shape=(), dtype=tf.resource, name=None)
[2026-05-23 01:58:41]   [tflite]   130846457182544: TensorSpec(shape=(), dtype=tf.resource, name=None)
[2026-05-23 01:58:41]   [tflite]   130846457182928: TensorSpec(shape=(), dtype=tf.resource, name=None)
[2026-05-23 01:58:41]   [tflite]   130846457183888: TensorSpec(shape=(), dtype=tf.resource, name=None)
[2026-05-23 01:58:41]   [tflite]   130846456545744: TensorSpec(shape=(), dtype=tf.resource, name=None)
[2026-05-23 01:58:41]   [tflite]   130846456545936: TensorSpec(shape=(), dtype=tf.resource, name=None)
[2026-05-23 01:58:41]   [tflite]   130846457184080: TensorSpec(shape=(), dtype=tf.resource, name=None)
[2026-05-23 01:58:41]   [tflite]   130846456545360: TensorSpec(shape=(), dtype=tf.resource, name=None)
[2026-05-23 01:58:41]   [tflite]   130846456546512: TensorSpec(shape=(), dtype=tf.resource, name=None)
[2026-05-23 01:58:41]   [tflite]   130846456546704: TensorSpec(shape=(), dtype=tf.resource, name=None)
[2026-05-23 01:58:41]   [tflite]   130846456546128: TensorSpec(shape=(), dtype=tf.resource, name=None)
[2026-05-23 01:58:41]   [tflite]   130846456546320: TensorSpec(shape=(), dtype=tf.resource, name=None)
[2026-05-23 01:58:41]   [tflite]   130846456547280: TensorSpec(shape=(), dtype=tf.resource, name=None)
[2026-05-23 01:58:41]   [tflite]   130846456548048: TensorSpec(shape=(), dtype=tf.resource, name=None)
[2026-05-23 01:58:41]   [tflite]   130846456547856: TensorSpec(shape=(), dtype=tf.resource, name=None)
[2026-05-23 01:58:41]   [tflite]   130846456548240: TensorSpec(shape=(), dtype=tf.resource, name=None)
[2026-05-23 01:58:41]   [tflite]   130846456547088: TensorSpec(shape=(), dtype=tf.resource, name=None)
[2026-05-23 01:58:41]   [tflite]   130846456548432: TensorSpec(shape=(), dtype=tf.resource, name=None)
[2026-05-23 01:58:41]   [tflite]   130846456549200: TensorSpec(shape=(), dtype=tf.resource, name=None)
[2026-05-23 01:58:41]   [tflite]   130846456549008: TensorSpec(shape=(), dtype=tf.resource, name=None)
[2026-05-23 01:58:41]   [tflite]   130846456549392: TensorSpec(shape=(), dtype=tf.resource, name=None)
[2026-05-23 01:58:41]   [tflite]   130846456547472: TensorSpec(shape=(), dtype=tf.resource, name=None)
[2026-05-23 01:58:41]   [tflite]   130846456548624: TensorSpec(shape=(), dtype=tf.resource, name=None)
[2026-05-23 01:58:41]   [tflite]   130846456550160: TensorSpec(shape=(), dtype=tf.resource, name=None)
[2026-05-23 01:58:41]   [tflite]   130846456549968: TensorSpec(shape=(), dtype=tf.resource, name=None)
[2026-05-23 01:58:41]   [tflite]   130846456550352: TensorSpec(shape=(), dtype=tf.resource, name=None)
[2026-05-23 01:58:41]   [tflite]   130846456545552: TensorSpec(shape=(), dtype=tf.resource, name=None)
[2026-05-23 01:58:41]   [tflite]   130846456549584: TensorSpec(shape=(), dtype=tf.resource, name=None)
[2026-05-23 01:58:41]   [tflite]   130846456550544: TensorSpec(shape=(), dtype=tf.resource, name=None)
[2026-05-23 01:58:41]   [tflite]   130846456550736: TensorSpec(shape=(), dtype=tf.resource, name=None)
[2026-05-23 01:58:41]   [tflite]   130846456550928: TensorSpec(shape=(), dtype=tf.resource, name=None)
[2026-05-23 01:58:41]   [tflite]   130846456551696: TensorSpec(shape=(), dtype=tf.resource, name=None)
[2026-05-23 01:58:41]   [tflite]   130846456548816: TensorSpec(shape=(), dtype=tf.resource, name=None)
[2026-05-23 01:58:41]   [tflite]   130846456551888: TensorSpec(shape=(), dtype=tf.resource, name=None)
[2026-05-23 01:58:41]   [tflite]   130846456552080: TensorSpec(shape=(), dtype=tf.resource, name=None)
[2026-05-23 01:58:41]   [tflite]   130846456551120: TensorSpec(shape=(), dtype=tf.resource, name=None)
[2026-05-23 01:58:41]   [tflite]   130846456551312: TensorSpec(shape=(), dtype=tf.resource, name=None)
[2026-05-23 01:58:41]   [tflite]   130846456552464: TensorSpec(shape=(), dtype=tf.resource, name=None)
[2026-05-23 01:58:41]   [tflite]   130846456553232: TensorSpec(shape=(), dtype=tf.resource, name=None)
[2026-05-23 01:58:41]   [tflite]   130846456553040: TensorSpec(shape=(), dtype=tf.resource, name=None)
[2026-05-23 01:58:41]   [tflite]   130846456553424: TensorSpec(shape=(), dtype=tf.resource, name=None)
[2026-05-23 01:58:41]   [tflite]   130846456551504: TensorSpec(shape=(), dtype=tf.resource, name=None)
[2026-05-23 01:58:41]   [tflite]   130846456552656: TensorSpec(shape=(), dtype=tf.resource, name=None)
[2026-05-23 01:58:41]   [tflite]   130846456553616: TensorSpec(shape=(), dtype=tf.resource, name=None)
[2026-05-23 01:58:41]   [tflite]   130846456553808: TensorSpec(shape=(), dtype=tf.resource, name=None)
[2026-05-23 01:58:41]   [tflite]   130846456554000: TensorSpec(shape=(), dtype=tf.resource, name=None)
[2026-05-23 01:58:41]   [tflite]   130846456554768: TensorSpec(shape=(), dtype=tf.resource, name=None)
[2026-05-23 01:58:41]   [tflite]   130846456552272: TensorSpec(shape=(), dtype=tf.resource, name=None)
[2026-05-23 01:58:41]   [tflite]   130846456554960: TensorSpec(shape=(), dtype=tf.resource, name=None)
[2026-05-23 01:58:41]   [tflite]   130846456555152: TensorSpec(shape=(), dtype=tf.resource, name=None)
[2026-05-23 01:58:41]   [tflite]   130846456554192: TensorSpec(shape=(), dtype=tf.resource, name=None)
[2026-05-23 01:58:41]   [tflite]   130846456554384: TensorSpec(shape=(), dtype=tf.resource, name=None)
[2026-05-23 01:58:41]   [tflite]   130846456555536: TensorSpec(shape=(), dtype=tf.resource, name=None)
[2026-05-23 01:58:41]   [tflite]   130846456556496: TensorSpec(shape=(), dtype=tf.resource, name=None)
[2026-05-23 01:58:41]   [tflite]   130846456556112: TensorSpec(shape=(), dtype=tf.resource, name=None)
[2026-05-23 01:58:41]   [tflite]   130846456557072: TensorSpec(shape=(), dtype=tf.resource, name=None)
[2026-05-23 01:58:41]   [tflite]     fp32 OK (446 KB)
[2026-05-23 01:58:41]   [tflite] Saved artifact at '/tmp/tmp7fxs_i99'. The following endpoints are available:
[2026-05-23 01:58:41]   [tflite] 
[2026-05-23 01:58:41]   [tflite] * Endpoint 'serve'
[2026-05-23 01:58:41]   [tflite]   args_0 (POSITIONAL_ONLY): TensorSpec(shape=(None, 20, 45), dtype=tf.float32, name='pose_sequence')
[2026-05-23 01:58:41]   [tflite] Output Type:
[2026-05-23 01:58:41]   [tflite]   TensorSpec(shape=(None, 2), dtype=tf.float32, name=None)
[2026-05-23 01:58:41]   [tflite] Captures:
[2026-05-23 01:58:41]   [tflite]   130846457182736: TensorSpec(shape=(), dtype=tf.resource, name=None)
[2026-05-23 01:58:41]   [tflite]   130846457183504: TensorSpec(shape=(), dtype=tf.resource, name=None)
[2026-05-23 01:58:41]   [tflite]   130846457183312: TensorSpec(shape=(), dtype=tf.resource, name=None)
[2026-05-23 01:58:41]   [tflite]   130846457183696: TensorSpec(shape=(), dtype=tf.resource, name=None)
[2026-05-23 01:58:41]   [tflite]   130846457182544: TensorSpec(shape=(), dtype=tf.resource, name=None)
[2026-05-23 01:58:41]   [tflite]   130846457182928: TensorSpec(shape=(), dtype=tf.resource, name=None)
[2026-05-23 01:58:41]   [tflite]   130846457183888: TensorSpec(shape=(), dtype=tf.resource, name=None)
[2026-05-23 01:58:41]   [tflite]   130846456545744: TensorSpec(shape=(), dtype=tf.resource, name=None)
[2026-05-23 01:58:41]   [tflite]   130846456545936: TensorSpec(shape=(), dtype=tf.resource, name=None)
[2026-05-23 01:58:41]   [tflite]   130846457184080: TensorSpec(shape=(), dtype=tf.resource, name=None)
[2026-05-23 01:58:41]   [tflite]   130846456545360: TensorSpec(shape=(), dtype=tf.resource, name=None)
[2026-05-23 01:58:41]   [tflite]   130846456546512: TensorSpec(shape=(), dtype=tf.resource, name=None)
[2026-05-23 01:58:41]   [tflite]   130846456546704: TensorSpec(shape=(), dtype=tf.resource, name=None)
[2026-05-23 01:58:41]   [tflite]   130846456546128: TensorSpec(shape=(), dtype=tf.resource, name=None)
[2026-05-23 01:58:41]   [tflite]   130846456546320: TensorSpec(shape=(), dtype=tf.resource, name=None)
[2026-05-23 01:58:41]   [tflite]   130846456547280: TensorSpec(shape=(), dtype=tf.resource, name=None)
[2026-05-23 01:58:41]   [tflite]   130846456548048: TensorSpec(shape=(), dtype=tf.resource, name=None)
[2026-05-23 01:58:41]   [tflite]   130846456547856: TensorSpec(shape=(), dtype=tf.resource, name=None)
[2026-05-23 01:58:41]   [tflite]   130846456548240: TensorSpec(shape=(), dtype=tf.resource, name=None)
[2026-05-23 01:58:41]   [tflite]   130846456547088: TensorSpec(shape=(), dtype=tf.resource, name=None)
[2026-05-23 01:58:41]   [tflite]   130846456548432: TensorSpec(shape=(), dtype=tf.resource, name=None)
[2026-05-23 01:58:41]   [tflite]   130846456549200: TensorSpec(shape=(), dtype=tf.resource, name=None)
[2026-05-23 01:58:41]   [tflite]   130846456549008: TensorSpec(shape=(), dtype=tf.resource, name=None)
[2026-05-23 01:58:41]   [tflite]   130846456549392: TensorSpec(shape=(), dtype=tf.resource, name=None)
[2026-05-23 01:58:41]   [tflite]   130846456547472: TensorSpec(shape=(), dtype=tf.resource, name=None)
[2026-05-23 01:58:41]   [tflite]   130846456548624: TensorSpec(shape=(), dtype=tf.resource, name=None)
[2026-05-23 01:58:41]   [tflite]   130846456550160: TensorSpec(shape=(), dtype=tf.resource, name=None)
[2026-05-23 01:58:41]   [tflite]   130846456549968: TensorSpec(shape=(), dtype=tf.resource, name=None)
[2026-05-23 01:58:41]   [tflite]   130846456550352: TensorSpec(shape=(), dtype=tf.resource, name=None)
[2026-05-23 01:58:41]   [tflite]   130846456545552: TensorSpec(shape=(), dtype=tf.resource, name=None)
[2026-05-23 01:58:41]   [tflite]   130846456549584: TensorSpec(shape=(), dtype=tf.resource, name=None)
[2026-05-23 01:58:41]   [tflite]   130846456550544: TensorSpec(shape=(), dtype=tf.resource, name=None)
[2026-05-23 01:58:41]   [tflite]   130846456550736: TensorSpec(shape=(), dtype=tf.resource, name=None)
[2026-05-23 01:58:41]   [tflite]   130846456550928: TensorSpec(shape=(), dtype=tf.resource, name=None)
[2026-05-23 01:58:41]   [tflite]   130846456551696: TensorSpec(shape=(), dtype=tf.resource, name=None)
[2026-05-23 01:58:41]   [tflite]   130846456548816: TensorSpec(shape=(), dtype=tf.resource, name=None)
[2026-05-23 01:58:41]   [tflite]   130846456551888: TensorSpec(shape=(), dtype=tf.resource, name=None)
[2026-05-23 01:58:41]   [tflite]   130846456552080: TensorSpec(shape=(), dtype=tf.resource, name=None)
[2026-05-23 01:58:41]   [tflite]   130846456551120: TensorSpec(shape=(), dtype=tf.resource, name=None)
[2026-05-23 01:58:41]   [tflite]   130846456551312: TensorSpec(shape=(), dtype=tf.resource, name=None)
[2026-05-23 01:58:41]   [tflite]   130846456552464: TensorSpec(shape=(), dtype=tf.resource, name=None)
[2026-05-23 01:58:41]   [tflite]   130846456553232: TensorSpec(shape=(), dtype=tf.resource, name=None)
[2026-05-23 01:58:41]   [tflite]   130846456553040: TensorSpec(shape=(), dtype=tf.resource, name=None)
[2026-05-23 01:58:41]   [tflite]   130846456553424: TensorSpec(shape=(), dtype=tf.resource, name=None)
[2026-05-23 01:58:41]   [tflite]   130846456551504: TensorSpec(shape=(), dtype=tf.resource, name=None)
[2026-05-23 01:58:41]   [tflite]   130846456552656: TensorSpec(shape=(), dtype=tf.resource, name=None)
[2026-05-23 01:58:41]   [tflite]   130846456553616: TensorSpec(shape=(), dtype=tf.resource, name=None)
[2026-05-23 01:58:41]   [tflite]   130846456553808: TensorSpec(shape=(), dtype=tf.resource, name=None)
[2026-05-23 01:58:41]   [tflite]   130846456554000: TensorSpec(shape=(), dtype=tf.resource, name=None)
[2026-05-23 01:58:41]   [tflite]   130846456554768: TensorSpec(shape=(), dtype=tf.resource, name=None)
[2026-05-23 01:58:41]   [tflite]   130846456552272: TensorSpec(shape=(), dtype=tf.resource, name=None)
[2026-05-23 01:58:41]   [tflite]   130846456554960: TensorSpec(shape=(), dtype=tf.resource, name=None)
[2026-05-23 01:58:41]   [tflite]   130846456555152: TensorSpec(shape=(), dtype=tf.resource, name=None)
[2026-05-23 01:58:41]   [tflite]   130846456554192: TensorSpec(shape=(), dtype=tf.resource, name=None)
[2026-05-23 01:58:41]   [tflite]   130846456554384: TensorSpec(shape=(), dtype=tf.resource, name=None)
[2026-05-23 01:58:41]   [tflite]   130846456555536: TensorSpec(shape=(), dtype=tf.resource, name=None)
[2026-05-23 01:58:41]   [tflite]   130846456556496: TensorSpec(shape=(), dtype=tf.resource, name=None)
[2026-05-23 01:58:41]   [tflite]   130846456556112: TensorSpec(shape=(), dtype=tf.resource, name=None)
[2026-05-23 01:58:41]   [tflite]   130846456557072: TensorSpec(shape=(), dtype=tf.resource, name=None)
[2026-05-23 01:58:41]   [tflite]     int8 OK (153 KB)
[2026-05-23 01:58:41]   [tflite] 
[2026-05-23 01:58:41]   [tflite] Done.
/home/min/Workspace/Graduate-Project/Falling-Model-Development/.venv/lib/python3.13/site-packages/tensorflow/lite/python/interpreter.py:457: UserWarning:     Warning: tf.lite.Interpreter is deprecated and is scheduled for deletion in
    TF 2.20. Please use the LiteRT interpreter from the ai_edge_litert package.
    See the [migration guide](https://ai.google.dev/edge/litert/migration)
    for details.
    
  warnings.warn(_INTERPRETER_DELETION_WARNING)
INFO: Created TensorFlow Lite XNNPACK delegate for CPU.
[2026-05-23 01:58:42] done EMA-kp12-w20 val_f1=0.7714 (video=0.9180) test_f1=0.7552 (video=0.8935) test_min_pr=0.8278 threshold=0.550 min_consecutive=1
