WARNING: All log messages before absl::InitializeLog() is called are written to STDERR
I0000 00:00:1779470430.998046  201425 cpu_feature_guard.cc:227] This TensorFlow binary is optimized to use available CPU instructions in performance-critical operations.
To enable the following instructions: AVX2 FMA, in other operations, rebuild TensorFlow with the appropriate compiler flags.
[2026-05-23 02:20:32] loading train split=/home/min/Workspace/Graduate-Project/Falling-Model-Development/dataset/splits_v2_ema/train.csv
[2026-05-23 02:20:44] train rows=1,208,593 videos=6,022 features=57 data_scope=all
[2026-05-23 02:20:44] loading val split=/home/min/Workspace/Graduate-Project/Falling-Model-Development/dataset/splits_v2_ema/val.csv
[2026-05-23 02:20:48] val rows=345,348 videos=1,720 features=57 data_scope=all
[2026-05-23 02:20:48] loading test split=/home/min/Workspace/Graduate-Project/Falling-Model-Development/dataset/splits_v2_ema/test.csv
[2026-05-23 02:20:49] test rows=173,653 videos=864 features=57 data_scope=all
[2026-05-23 02:20:58] train windows=153,339 positive=56,331 videos=6,022
[2026-05-23 02:21:02] val windows=71,606 positive=15,589 videos=1,720
[2026-05-23 02:21:03] test windows=35,988 positive=7,892 videos=864
I0000 00:00:1779470469.165889  201425 gpu_device.cc:2043] Created device /job:localhost/replica:0/task:0/device:GPU:0 with 6623 MB memory:  -> device: 0, name: NVIDIA GeForce RTX 2060 SUPER, pci bus id: 0000:05:00.0, compute capability: 7.5
[2026-05-23 02:21:09] model Model: "EMA-all-w40_tcn"
┏━━━━━━━━━━━━━━━━━━━━━┳━━━━━━━━━━━━━━━━━━━┳━━━━━━━━━━━━┳━━━━━━━━━━━━━━━━━━━┓
┃ Layer (type)        ┃ Output Shape      ┃    Param # ┃ Connected to      ┃
┡━━━━━━━━━━━━━━━━━━━━━╇━━━━━━━━━━━━━━━━━━━╇━━━━━━━━━━━━╇━━━━━━━━━━━━━━━━━━━┩
│ pose_sequence       │ (None, 40, 57)    │          0 │ -                 │
│ (InputLayer)        │                   │            │                   │
├─────────────────────┼───────────────────┼────────────┼───────────────────┤
│ tcn_block_1_conv1   │ (None, 40, 32)    │      5,472 │ pose_sequence[0]… │
│ (Conv1D)            │                   │            │                   │
├─────────────────────┼───────────────────┼────────────┼───────────────────┤
│ tcn_block_1_bn1     │ (None, 40, 32)    │        128 │ tcn_block_1_conv… │
│ (BatchNormalizatio… │                   │            │                   │
├─────────────────────┼───────────────────┼────────────┼───────────────────┤
│ tcn_block_1_relu1   │ (None, 40, 32)    │          0 │ tcn_block_1_bn1[… │
│ (ReLU)              │                   │            │                   │
├─────────────────────┼───────────────────┼────────────┼───────────────────┤
│ tcn_block_1_drop    │ (None, 40, 32)    │          0 │ tcn_block_1_relu… │
│ (Dropout)           │                   │            │                   │
├─────────────────────┼───────────────────┼────────────┼───────────────────┤
│ tcn_block_1_proj    │ (None, 40, 32)    │      1,824 │ pose_sequence[0]… │
│ (Conv1D)            │                   │            │                   │
├─────────────────────┼───────────────────┼────────────┼───────────────────┤
│ tcn_block_1_conv2   │ (None, 40, 32)    │      3,072 │ tcn_block_1_drop… │
│ (Conv1D)            │                   │            │                   │
├─────────────────────┼───────────────────┼────────────┼───────────────────┤
│ tcn_block_1_proj_bn │ (None, 40, 32)    │        128 │ tcn_block_1_proj… │
│ (BatchNormalizatio… │                   │            │                   │
├─────────────────────┼───────────────────┼────────────┼───────────────────┤
│ tcn_block_1_bn2     │ (None, 40, 32)    │        128 │ tcn_block_1_conv… │
│ (BatchNormalizatio… │                   │            │                   │
├─────────────────────┼───────────────────┼────────────┼───────────────────┤
│ tcn_block_1_add     │ (None, 40, 32)    │          0 │ tcn_block_1_proj… │
│ (Add)               │                   │            │ tcn_block_1_bn2[… │
├─────────────────────┼───────────────────┼────────────┼───────────────────┤
│ tcn_block_1_out     │ (None, 40, 32)    │          0 │ tcn_block_1_add[… │
│ (ReLU)              │                   │            │                   │
├─────────────────────┼───────────────────┼────────────┼───────────────────┤
│ tcn_block_2_conv1   │ (None, 40, 32)    │      3,072 │ tcn_block_1_out[… │
│ (Conv1D)            │                   │            │                   │
├─────────────────────┼───────────────────┼────────────┼───────────────────┤
│ tcn_block_2_bn1     │ (None, 40, 32)    │        128 │ tcn_block_2_conv… │
│ (BatchNormalizatio… │                   │            │                   │
├─────────────────────┼───────────────────┼────────────┼───────────────────┤
│ tcn_block_2_relu1   │ (None, 40, 32)    │          0 │ tcn_block_2_bn1[… │
│ (ReLU)              │                   │            │                   │
├─────────────────────┼───────────────────┼────────────┼───────────────────┤
│ tcn_block_2_drop    │ (None, 40, 32)    │          0 │ tcn_block_2_relu… │
│ (Dropout)           │                   │            │                   │
├─────────────────────┼───────────────────┼────────────┼───────────────────┤
│ tcn_block_2_conv2   │ (None, 40, 32)    │      3,072 │ tcn_block_2_drop… │
│ (Conv1D)            │                   │            │                   │
├─────────────────────┼───────────────────┼────────────┼───────────────────┤
│ tcn_block_2_bn2     │ (None, 40, 32)    │        128 │ tcn_block_2_conv… │
│ (BatchNormalizatio… │                   │            │                   │
├─────────────────────┼───────────────────┼────────────┼───────────────────┤
│ tcn_block_2_add     │ (None, 40, 32)    │          0 │ tcn_block_1_out[… │
│ (Add)               │                   │            │ tcn_block_2_bn2[… │
├─────────────────────┼───────────────────┼────────────┼───────────────────┤
│ tcn_block_2_out     │ (None, 40, 32)    │          0 │ tcn_block_2_add[… │
│ (ReLU)              │                   │            │                   │
├─────────────────────┼───────────────────┼────────────┼───────────────────┤
│ tcn_block_3_conv1   │ (None, 40, 64)    │      6,144 │ tcn_block_2_out[… │
│ (Conv1D)            │                   │            │                   │
├─────────────────────┼───────────────────┼────────────┼───────────────────┤
│ tcn_block_3_bn1     │ (None, 40, 64)    │        256 │ tcn_block_3_conv… │
│ (BatchNormalizatio… │                   │            │                   │
├─────────────────────┼───────────────────┼────────────┼───────────────────┤
│ tcn_block_3_relu1   │ (None, 40, 64)    │          0 │ tcn_block_3_bn1[… │
│ (ReLU)              │                   │            │                   │
├─────────────────────┼───────────────────┼────────────┼───────────────────┤
│ tcn_block_3_drop    │ (None, 40, 64)    │          0 │ tcn_block_3_relu… │
│ (Dropout)           │                   │            │                   │
├─────────────────────┼───────────────────┼────────────┼───────────────────┤
│ tcn_block_3_proj    │ (None, 40, 64)    │      2,048 │ tcn_block_2_out[… │
│ (Conv1D)            │                   │            │                   │
├─────────────────────┼───────────────────┼────────────┼───────────────────┤
│ tcn_block_3_conv2   │ (None, 40, 64)    │     12,288 │ tcn_block_3_drop… │
│ (Conv1D)            │                   │            │                   │
├─────────────────────┼───────────────────┼────────────┼───────────────────┤
│ tcn_block_3_proj_bn │ (None, 40, 64)    │        256 │ tcn_block_3_proj… │
│ (BatchNormalizatio… │                   │            │                   │
├─────────────────────┼───────────────────┼────────────┼───────────────────┤
│ tcn_block_3_bn2     │ (None, 40, 64)    │        256 │ tcn_block_3_conv… │
│ (BatchNormalizatio… │                   │            │                   │
├─────────────────────┼───────────────────┼────────────┼───────────────────┤
│ tcn_block_3_add     │ (None, 40, 64)    │          0 │ tcn_block_3_proj… │
│ (Add)               │                   │            │ tcn_block_3_bn2[… │
├─────────────────────┼───────────────────┼────────────┼───────────────────┤
│ tcn_block_3_out     │ (None, 40, 64)    │          0 │ tcn_block_3_add[… │
│ (ReLU)              │                   │            │                   │
├─────────────────────┼───────────────────┼────────────┼───────────────────┤
│ tcn_block_4_conv1   │ (None, 40, 96)    │     18,432 │ tcn_block_3_out[… │
│ (Conv1D)            │                   │            │                   │
├─────────────────────┼───────────────────┼────────────┼───────────────────┤
│ tcn_block_4_bn1     │ (None, 40, 96)    │        384 │ tcn_block_4_conv… │
│ (BatchNormalizatio… │                   │            │                   │
├─────────────────────┼───────────────────┼────────────┼───────────────────┤
│ tcn_block_4_relu1   │ (None, 40, 96)    │          0 │ tcn_block_4_bn1[… │
│ (ReLU)              │                   │            │                   │
├─────────────────────┼───────────────────┼────────────┼───────────────────┤
│ tcn_block_4_drop    │ (None, 40, 96)    │          0 │ tcn_block_4_relu… │
│ (Dropout)           │                   │            │                   │
├─────────────────────┼───────────────────┼────────────┼───────────────────┤
│ tcn_block_4_proj    │ (None, 40, 96)    │      6,144 │ tcn_block_3_out[… │
│ (Conv1D)            │                   │            │                   │
├─────────────────────┼───────────────────┼────────────┼───────────────────┤
│ tcn_block_4_conv2   │ (None, 40, 96)    │     27,648 │ tcn_block_4_drop… │
│ (Conv1D)            │                   │            │                   │
├─────────────────────┼───────────────────┼────────────┼───────────────────┤
│ tcn_block_4_proj_bn │ (None, 40, 96)    │        384 │ tcn_block_4_proj… │
│ (BatchNormalizatio… │                   │            │                   │
├─────────────────────┼───────────────────┼────────────┼───────────────────┤
│ tcn_block_4_bn2     │ (None, 40, 96)    │        384 │ tcn_block_4_conv… │
│ (BatchNormalizatio… │                   │            │                   │
├─────────────────────┼───────────────────┼────────────┼───────────────────┤
│ tcn_block_4_add     │ (None, 40, 96)    │          0 │ tcn_block_4_proj… │
│ (Add)               │                   │            │ tcn_block_4_bn2[… │
├─────────────────────┼───────────────────┼────────────┼───────────────────┤
│ tcn_block_4_out     │ (None, 40, 96)    │          0 │ tcn_block_4_add[… │
│ (ReLU)              │                   │            │                   │
├─────────────────────┼───────────────────┼────────────┼───────────────────┤
│ gap                 │ (None, 96)        │          0 │ tcn_block_4_out[… │
│ (GlobalAveragePool… │                   │            │                   │
├─────────────────────┼───────────────────┼────────────┼───────────────────┤
│ gmp                 │ (None, 96)        │          0 │ tcn_block_4_out[… │
│ (GlobalMaxPooling1… │                   │            │                   │
├─────────────────────┼───────────────────┼────────────┼───────────────────┤
│ pool_concat         │ (None, 192)       │          0 │ gap[0][0],        │
│ (Concatenate)       │                   │            │ gmp[0][0]         │
├─────────────────────┼───────────────────┼────────────┼───────────────────┤
│ head_dense (Dense)  │ (None, 96)        │     18,528 │ pool_concat[0][0] │
├─────────────────────┼───────────────────┼────────────┼───────────────────┤
│ head_drop (Dropout) │ (None, 96)        │          0 │ head_dense[0][0]  │
├─────────────────────┼───────────────────┼────────────┼───────────────────┤
│ classifier (Dense)  │ (None, 2)         │        194 │ head_drop[0][0]   │
└─────────────────────┴───────────────────┴────────────┴───────────────────┘
 Total params: 110,498 (431.63 KB)
 Trainable params: 109,218 (426.63 KB)
 Non-trainable params: 1,280 (5.00 KB)

W0000 00:00:1779470470.453744  201425 cpu_allocator_impl.cc:82] Allocation of 1398451680 exceeds 10% of free system memory.
W0000 00:00:1779470471.664006  201425 cpu_allocator_impl.cc:82] Allocation of 1398451680 exceeds 10% of free system memory.
W0000 00:00:1779470474.410732  201425 cpu_allocator_impl.cc:82] Allocation of 1398451680 exceeds 10% of free system memory.
I0000 00:00:1779470478.064442  201617 service.cc:153] XLA service 0x2e42d280 initialized for platform CUDA (this does not guarantee that XLA will be used). Devices:
I0000 00:00:1779470478.064463  201617 service.cc:161]   StreamExecutor [0]: NVIDIA GeForce RTX 2060 SUPER, Compute Capability 7.5 (Driver: 13.0.0; Runtime: 12.9.0; Toolkit: 12.5.0; DNN: 9.22.0)
I0000 00:00:1779470478.161598  201617 dump_mlir_util.cc:269] disabling MLIR crash reproducer, set env var `MLIR_CRASH_REPRODUCER_DIRECTORY` to enable.
I0000 00:00:1779470478.654212  201617 cuda_dnn.cc:461] Loaded cuDNN version 92200
I0000 00:00:1779470478.798971  201617 dot_merger.cc:481] Merging Dots in computation: a_inference_one_step_on_data_8878__.85
I0000 00:00:1779470486.924311  201617 device_compiler.h:208] Compiled cluster using XLA!  This line is logged at most once for the lifetime of the process.
I0000 00:00:1779470495.146485  201615 dot_merger.cc:481] Merging Dots in computation: a_inference_one_step_on_data_8878__.85
[2026-05-23 02:21:47] epoch 1/100 accuracy=0.8130 loss=0.0464 val_accuracy=0.9008 val_loss=0.0334 learning_rate=0.0010
[2026-05-23 02:21:56] epoch 2/100 accuracy=0.8624 loss=0.0359 val_accuracy=0.9138 val_loss=0.0266 learning_rate=0.0010
[2026-05-23 02:22:05] epoch 3/100 accuracy=0.8703 loss=0.0334 val_accuracy=0.9130 val_loss=0.0288 learning_rate=0.0010
[2026-05-23 02:22:15] epoch 4/100 accuracy=0.8767 loss=0.0316 val_accuracy=0.9123 val_loss=0.0367 learning_rate=0.0010
[2026-05-23 02:22:24] epoch 5/100 accuracy=0.8833 loss=0.0300 val_accuracy=0.8945 val_loss=0.0495 learning_rate=0.0010
[2026-05-23 02:22:33] epoch 6/100 accuracy=0.8919 loss=0.0277 val_accuracy=0.9197 val_loss=0.0282 learning_rate=0.0005
[2026-05-23 02:22:42] epoch 7/100 accuracy=0.8952 loss=0.0267 val_accuracy=0.9186 val_loss=0.0297 learning_rate=0.0005
[2026-05-23 02:22:52] epoch 8/100 accuracy=0.8980 loss=0.0258 val_accuracy=0.9170 val_loss=0.0278 learning_rate=0.0005
[2026-05-23 02:23:01] epoch 9/100 accuracy=0.9047 loss=0.0243 val_accuracy=0.9166 val_loss=0.0328 learning_rate=0.0003
[2026-05-23 02:23:11] epoch 10/100 accuracy=0.9065 loss=0.0237 val_accuracy=0.9193 val_loss=0.0314 learning_rate=0.0003
[2026-05-23 02:23:20] epoch 11/100 accuracy=0.9083 loss=0.0233 val_accuracy=0.9177 val_loss=0.0332 learning_rate=0.0003
[2026-05-23 02:23:29] epoch 12/100 accuracy=0.9111 loss=0.0225 val_accuracy=0.9157 val_loss=0.0357 learning_rate=0.0001
[2026-05-23 02:23:38] epoch 13/100 accuracy=0.9127 loss=0.0221 val_accuracy=0.9175 val_loss=0.0333 learning_rate=0.0001
[2026-05-23 02:23:48] epoch 14/100 accuracy=0.9141 loss=0.0218 val_accuracy=0.9161 val_loss=0.0353 learning_rate=0.0001
[2026-05-23 02:23:57] epoch 15/100 accuracy=0.9152 loss=0.0214 val_accuracy=0.9177 val_loss=0.0352 learning_rate=0.0001
[2026-05-23 02:24:06] epoch 16/100 accuracy=0.9157 loss=0.0211 val_accuracy=0.9175 val_loss=0.0339 learning_rate=0.0001
[2026-05-23 02:24:16] epoch 17/100 accuracy=0.9157 loss=0.0211 val_accuracy=0.9173 val_loss=0.0342 learning_rate=0.0001
W0000 00:00:1779470657.255868  201425 cpu_allocator_impl.cc:82] Allocation of 1398451680 exceeds 10% of free system memory.
W0000 00:00:1779470658.448108  201425 cpu_allocator_impl.cc:82] Allocation of 1398451680 exceeds 10% of free system memory.
[2026-05-23 02:24:46] video-level val: videos=1720 f1=0.9316 fall_recall=0.9459 nfall_recall=0.8596 fall_prec=0.9176 nfall_prec=0.9057 min_pr=0.8596 min_consecutive=1
[2026-05-23 02:24:46] event-level val: videos=1720 f1=0.9241 fall_recall=0.9319 nfall_recall=0.8596 fall_prec=0.9165 nfall_prec=0.8841 min_pr=0.8596 tolerance_windows=2
[2026-05-23 02:24:46] video-level test: videos=864 f1=0.9127 fall_recall=0.9268 nfall_recall=0.8435 fall_prec=0.8991 nfall_prec=0.8845 min_pr=0.8435 min_consecutive=1
[2026-05-23 02:24:47] event-level test: videos=864 f1=0.9065 fall_recall=0.9152 nfall_recall=0.8435 fall_prec=0.8979 nfall_prec=0.8687 min_pr=0.8435 tolerance_windows=2
[2026-05-23 02:24:47] === VAL VIDEO-LEVEL REPORT ===
              precision    recall  f1-score   support

           0     0.9057    0.8596    0.8820       648
           1     0.9176    0.9459    0.9316      1072

    accuracy                         0.9134      1720
   macro avg     0.9117    0.9027    0.9068      1720
weighted avg     0.9131    0.9134    0.9129      1720

[2026-05-23 02:24:47] === TEST VIDEO-LEVEL REPORT ===
              precision    recall  f1-score   support

           0     0.8845    0.8435    0.8635       345
           1     0.8991    0.9268    0.9127       519

    accuracy                         0.8935       864
   macro avg     0.8918    0.8851    0.8881       864
weighted avg     0.8932    0.8935    0.8931       864

[2026-05-23 02:24:52] tflite export subprocess exit=0
[2026-05-23 02:24:52]   [tflite] [EMA-all-w40]
[2026-05-23 02:24:52]   [tflite]   Loading model.keras ...
[2026-05-23 02:24:52]   [tflite]     rebuilding with unroll=True for TFLite compatibility
[2026-05-23 02:24:52]   [tflite] Saved artifact at '/tmp/tmpkldjt0f6'. The following endpoints are available:
[2026-05-23 02:24:52]   [tflite] 
[2026-05-23 02:24:52]   [tflite] * Endpoint 'serve'
[2026-05-23 02:24:52]   [tflite]   args_0 (POSITIONAL_ONLY): TensorSpec(shape=(None, 40, 57), dtype=tf.float32, name='pose_sequence')
[2026-05-23 02:24:52]   [tflite] Output Type:
[2026-05-23 02:24:52]   [tflite]   TensorSpec(shape=(None, 2), dtype=tf.float32, name=None)
[2026-05-23 02:24:52]   [tflite] Captures:
[2026-05-23 02:24:52]   [tflite]   123426785409552: TensorSpec(shape=(), dtype=tf.resource, name=None)
[2026-05-23 02:24:52]   [tflite]   123426785410320: TensorSpec(shape=(), dtype=tf.resource, name=None)
[2026-05-23 02:24:52]   [tflite]   123426785410128: TensorSpec(shape=(), dtype=tf.resource, name=None)
[2026-05-23 02:24:52]   [tflite]   123426785410512: TensorSpec(shape=(), dtype=tf.resource, name=None)
[2026-05-23 02:24:52]   [tflite]   123426785409360: TensorSpec(shape=(), dtype=tf.resource, name=None)
[2026-05-23 02:24:52]   [tflite]   123426785409744: TensorSpec(shape=(), dtype=tf.resource, name=None)
[2026-05-23 02:24:52]   [tflite]   123426785410704: TensorSpec(shape=(), dtype=tf.resource, name=None)
[2026-05-23 02:24:52]   [tflite]   123426689024464: TensorSpec(shape=(), dtype=tf.resource, name=None)
[2026-05-23 02:24:52]   [tflite]   123426689024656: TensorSpec(shape=(), dtype=tf.resource, name=None)
[2026-05-23 02:24:52]   [tflite]   123426785410896: TensorSpec(shape=(), dtype=tf.resource, name=None)
[2026-05-23 02:24:52]   [tflite]   123426689024080: TensorSpec(shape=(), dtype=tf.resource, name=None)
[2026-05-23 02:24:52]   [tflite]   123426689025232: TensorSpec(shape=(), dtype=tf.resource, name=None)
[2026-05-23 02:24:52]   [tflite]   123426689025424: TensorSpec(shape=(), dtype=tf.resource, name=None)
[2026-05-23 02:24:52]   [tflite]   123426689024848: TensorSpec(shape=(), dtype=tf.resource, name=None)
[2026-05-23 02:24:52]   [tflite]   123426689025040: TensorSpec(shape=(), dtype=tf.resource, name=None)
[2026-05-23 02:24:52]   [tflite]   123426689026000: TensorSpec(shape=(), dtype=tf.resource, name=None)
[2026-05-23 02:24:52]   [tflite]   123426689026768: TensorSpec(shape=(), dtype=tf.resource, name=None)
[2026-05-23 02:24:52]   [tflite]   123426689026576: TensorSpec(shape=(), dtype=tf.resource, name=None)
[2026-05-23 02:24:52]   [tflite]   123426689026960: TensorSpec(shape=(), dtype=tf.resource, name=None)
[2026-05-23 02:24:52]   [tflite]   123426689025808: TensorSpec(shape=(), dtype=tf.resource, name=None)
[2026-05-23 02:24:52]   [tflite]   123426689027152: TensorSpec(shape=(), dtype=tf.resource, name=None)
[2026-05-23 02:24:52]   [tflite]   123426689027920: TensorSpec(shape=(), dtype=tf.resource, name=None)
[2026-05-23 02:24:52]   [tflite]   123426689027728: TensorSpec(shape=(), dtype=tf.resource, name=None)
[2026-05-23 02:24:52]   [tflite]   123426689028112: TensorSpec(shape=(), dtype=tf.resource, name=None)
[2026-05-23 02:24:52]   [tflite]   123426689026192: TensorSpec(shape=(), dtype=tf.resource, name=None)
[2026-05-23 02:24:52]   [tflite]   123426689027344: TensorSpec(shape=(), dtype=tf.resource, name=None)
[2026-05-23 02:24:52]   [tflite]   123426689028880: TensorSpec(shape=(), dtype=tf.resource, name=None)
[2026-05-23 02:24:52]   [tflite]   123426689028688: TensorSpec(shape=(), dtype=tf.resource, name=None)
[2026-05-23 02:24:52]   [tflite]   123426689029072: TensorSpec(shape=(), dtype=tf.resource, name=None)
[2026-05-23 02:24:52]   [tflite]   123426689024272: TensorSpec(shape=(), dtype=tf.resource, name=None)
[2026-05-23 02:24:52]   [tflite]   123426689028304: TensorSpec(shape=(), dtype=tf.resource, name=None)
[2026-05-23 02:24:52]   [tflite]   123426689029264: TensorSpec(shape=(), dtype=tf.resource, name=None)
[2026-05-23 02:24:52]   [tflite]   123426689029456: TensorSpec(shape=(), dtype=tf.resource, name=None)
[2026-05-23 02:24:52]   [tflite]   123426689029648: TensorSpec(shape=(), dtype=tf.resource, name=None)
[2026-05-23 02:24:52]   [tflite]   123426689030416: TensorSpec(shape=(), dtype=tf.resource, name=None)
[2026-05-23 02:24:52]   [tflite]   123426689027536: TensorSpec(shape=(), dtype=tf.resource, name=None)
[2026-05-23 02:24:52]   [tflite]   123426689030608: TensorSpec(shape=(), dtype=tf.resource, name=None)
[2026-05-23 02:24:52]   [tflite]   123426689030800: TensorSpec(shape=(), dtype=tf.resource, name=None)
[2026-05-23 02:24:52]   [tflite]   123426689029840: TensorSpec(shape=(), dtype=tf.resource, name=None)
[2026-05-23 02:24:52]   [tflite]   123426689030032: TensorSpec(shape=(), dtype=tf.resource, name=None)
[2026-05-23 02:24:52]   [tflite]   123426689031184: TensorSpec(shape=(), dtype=tf.resource, name=None)
[2026-05-23 02:24:52]   [tflite]   123426689031952: TensorSpec(shape=(), dtype=tf.resource, name=None)
[2026-05-23 02:24:52]   [tflite]   123426689031760: TensorSpec(shape=(), dtype=tf.resource, name=None)
[2026-05-23 02:24:52]   [tflite]   123426689032144: TensorSpec(shape=(), dtype=tf.resource, name=None)
[2026-05-23 02:24:52]   [tflite]   123426689030224: TensorSpec(shape=(), dtype=tf.resource, name=None)
[2026-05-23 02:24:52]   [tflite]   123426689031376: TensorSpec(shape=(), dtype=tf.resource, name=None)
[2026-05-23 02:24:52]   [tflite]   123426689032336: TensorSpec(shape=(), dtype=tf.resource, name=None)
[2026-05-23 02:24:52]   [tflite]   123426689032528: TensorSpec(shape=(), dtype=tf.resource, name=None)
[2026-05-23 02:24:52]   [tflite]   123426689032720: TensorSpec(shape=(), dtype=tf.resource, name=None)
[2026-05-23 02:24:52]   [tflite]   123426689033488: TensorSpec(shape=(), dtype=tf.resource, name=None)
[2026-05-23 02:24:52]   [tflite]   123426689030992: TensorSpec(shape=(), dtype=tf.resource, name=None)
[2026-05-23 02:24:52]   [tflite]   123426689033680: TensorSpec(shape=(), dtype=tf.resource, name=None)
[2026-05-23 02:24:52]   [tflite]   123426689033872: TensorSpec(shape=(), dtype=tf.resource, name=None)
[2026-05-23 02:24:52]   [tflite]   123426689032912: TensorSpec(shape=(), dtype=tf.resource, name=None)
[2026-05-23 02:24:52]   [tflite]   123426689033104: TensorSpec(shape=(), dtype=tf.resource, name=None)
[2026-05-23 02:24:52]   [tflite]   123426689034256: TensorSpec(shape=(), dtype=tf.resource, name=None)
[2026-05-23 02:24:52]   [tflite]   123426689035216: TensorSpec(shape=(), dtype=tf.resource, name=None)
[2026-05-23 02:24:52]   [tflite]   123426689034832: TensorSpec(shape=(), dtype=tf.resource, name=None)
[2026-05-23 02:24:52]   [tflite]   123426689035792: TensorSpec(shape=(), dtype=tf.resource, name=None)
[2026-05-23 02:24:52]   [tflite]     fp32 OK (452 KB)
[2026-05-23 02:24:52]   [tflite] Saved artifact at '/tmp/tmpr6qnc0rw'. The following endpoints are available:
[2026-05-23 02:24:52]   [tflite] 
[2026-05-23 02:24:52]   [tflite] * Endpoint 'serve'
[2026-05-23 02:24:52]   [tflite]   args_0 (POSITIONAL_ONLY): TensorSpec(shape=(None, 40, 57), dtype=tf.float32, name='pose_sequence')
[2026-05-23 02:24:52]   [tflite] Output Type:
[2026-05-23 02:24:52]   [tflite]   TensorSpec(shape=(None, 2), dtype=tf.float32, name=None)
[2026-05-23 02:24:52]   [tflite] Captures:
[2026-05-23 02:24:52]   [tflite]   123426785409552: TensorSpec(shape=(), dtype=tf.resource, name=None)
[2026-05-23 02:24:52]   [tflite]   123426785410320: TensorSpec(shape=(), dtype=tf.resource, name=None)
[2026-05-23 02:24:52]   [tflite]   123426785410128: TensorSpec(shape=(), dtype=tf.resource, name=None)
[2026-05-23 02:24:52]   [tflite]   123426785410512: TensorSpec(shape=(), dtype=tf.resource, name=None)
[2026-05-23 02:24:52]   [tflite]   123426785409360: TensorSpec(shape=(), dtype=tf.resource, name=None)
[2026-05-23 02:24:52]   [tflite]   123426785409744: TensorSpec(shape=(), dtype=tf.resource, name=None)
[2026-05-23 02:24:52]   [tflite]   123426785410704: TensorSpec(shape=(), dtype=tf.resource, name=None)
[2026-05-23 02:24:52]   [tflite]   123426689024464: TensorSpec(shape=(), dtype=tf.resource, name=None)
[2026-05-23 02:24:52]   [tflite]   123426689024656: TensorSpec(shape=(), dtype=tf.resource, name=None)
[2026-05-23 02:24:52]   [tflite]   123426785410896: TensorSpec(shape=(), dtype=tf.resource, name=None)
[2026-05-23 02:24:52]   [tflite]   123426689024080: TensorSpec(shape=(), dtype=tf.resource, name=None)
[2026-05-23 02:24:52]   [tflite]   123426689025232: TensorSpec(shape=(), dtype=tf.resource, name=None)
[2026-05-23 02:24:52]   [tflite]   123426689025424: TensorSpec(shape=(), dtype=tf.resource, name=None)
[2026-05-23 02:24:52]   [tflite]   123426689024848: TensorSpec(shape=(), dtype=tf.resource, name=None)
[2026-05-23 02:24:52]   [tflite]   123426689025040: TensorSpec(shape=(), dtype=tf.resource, name=None)
[2026-05-23 02:24:52]   [tflite]   123426689026000: TensorSpec(shape=(), dtype=tf.resource, name=None)
[2026-05-23 02:24:52]   [tflite]   123426689026768: TensorSpec(shape=(), dtype=tf.resource, name=None)
[2026-05-23 02:24:52]   [tflite]   123426689026576: TensorSpec(shape=(), dtype=tf.resource, name=None)
[2026-05-23 02:24:52]   [tflite]   123426689026960: TensorSpec(shape=(), dtype=tf.resource, name=None)
[2026-05-23 02:24:52]   [tflite]   123426689025808: TensorSpec(shape=(), dtype=tf.resource, name=None)
[2026-05-23 02:24:52]   [tflite]   123426689027152: TensorSpec(shape=(), dtype=tf.resource, name=None)
[2026-05-23 02:24:52]   [tflite]   123426689027920: TensorSpec(shape=(), dtype=tf.resource, name=None)
[2026-05-23 02:24:52]   [tflite]   123426689027728: TensorSpec(shape=(), dtype=tf.resource, name=None)
[2026-05-23 02:24:52]   [tflite]   123426689028112: TensorSpec(shape=(), dtype=tf.resource, name=None)
[2026-05-23 02:24:52]   [tflite]   123426689026192: TensorSpec(shape=(), dtype=tf.resource, name=None)
[2026-05-23 02:24:52]   [tflite]   123426689027344: TensorSpec(shape=(), dtype=tf.resource, name=None)
[2026-05-23 02:24:52]   [tflite]   123426689028880: TensorSpec(shape=(), dtype=tf.resource, name=None)
[2026-05-23 02:24:52]   [tflite]   123426689028688: TensorSpec(shape=(), dtype=tf.resource, name=None)
[2026-05-23 02:24:52]   [tflite]   123426689029072: TensorSpec(shape=(), dtype=tf.resource, name=None)
[2026-05-23 02:24:52]   [tflite]   123426689024272: TensorSpec(shape=(), dtype=tf.resource, name=None)
[2026-05-23 02:24:52]   [tflite]   123426689028304: TensorSpec(shape=(), dtype=tf.resource, name=None)
[2026-05-23 02:24:52]   [tflite]   123426689029264: TensorSpec(shape=(), dtype=tf.resource, name=None)
[2026-05-23 02:24:52]   [tflite]   123426689029456: TensorSpec(shape=(), dtype=tf.resource, name=None)
[2026-05-23 02:24:52]   [tflite]   123426689029648: TensorSpec(shape=(), dtype=tf.resource, name=None)
[2026-05-23 02:24:52]   [tflite]   123426689030416: TensorSpec(shape=(), dtype=tf.resource, name=None)
[2026-05-23 02:24:52]   [tflite]   123426689027536: TensorSpec(shape=(), dtype=tf.resource, name=None)
[2026-05-23 02:24:52]   [tflite]   123426689030608: TensorSpec(shape=(), dtype=tf.resource, name=None)
[2026-05-23 02:24:52]   [tflite]   123426689030800: TensorSpec(shape=(), dtype=tf.resource, name=None)
[2026-05-23 02:24:52]   [tflite]   123426689029840: TensorSpec(shape=(), dtype=tf.resource, name=None)
[2026-05-23 02:24:52]   [tflite]   123426689030032: TensorSpec(shape=(), dtype=tf.resource, name=None)
[2026-05-23 02:24:52]   [tflite]   123426689031184: TensorSpec(shape=(), dtype=tf.resource, name=None)
[2026-05-23 02:24:52]   [tflite]   123426689031952: TensorSpec(shape=(), dtype=tf.resource, name=None)
[2026-05-23 02:24:52]   [tflite]   123426689031760: TensorSpec(shape=(), dtype=tf.resource, name=None)
[2026-05-23 02:24:52]   [tflite]   123426689032144: TensorSpec(shape=(), dtype=tf.resource, name=None)
[2026-05-23 02:24:52]   [tflite]   123426689030224: TensorSpec(shape=(), dtype=tf.resource, name=None)
[2026-05-23 02:24:52]   [tflite]   123426689031376: TensorSpec(shape=(), dtype=tf.resource, name=None)
[2026-05-23 02:24:52]   [tflite]   123426689032336: TensorSpec(shape=(), dtype=tf.resource, name=None)
[2026-05-23 02:24:52]   [tflite]   123426689032528: TensorSpec(shape=(), dtype=tf.resource, name=None)
[2026-05-23 02:24:52]   [tflite]   123426689032720: TensorSpec(shape=(), dtype=tf.resource, name=None)
[2026-05-23 02:24:52]   [tflite]   123426689033488: TensorSpec(shape=(), dtype=tf.resource, name=None)
[2026-05-23 02:24:52]   [tflite]   123426689030992: TensorSpec(shape=(), dtype=tf.resource, name=None)
[2026-05-23 02:24:52]   [tflite]   123426689033680: TensorSpec(shape=(), dtype=tf.resource, name=None)
[2026-05-23 02:24:52]   [tflite]   123426689033872: TensorSpec(shape=(), dtype=tf.resource, name=None)
[2026-05-23 02:24:52]   [tflite]   123426689032912: TensorSpec(shape=(), dtype=tf.resource, name=None)
[2026-05-23 02:24:52]   [tflite]   123426689033104: TensorSpec(shape=(), dtype=tf.resource, name=None)
[2026-05-23 02:24:52]   [tflite]   123426689034256: TensorSpec(shape=(), dtype=tf.resource, name=None)
[2026-05-23 02:24:52]   [tflite]   123426689035216: TensorSpec(shape=(), dtype=tf.resource, name=None)
[2026-05-23 02:24:52]   [tflite]   123426689034832: TensorSpec(shape=(), dtype=tf.resource, name=None)
[2026-05-23 02:24:52]   [tflite]   123426689035792: TensorSpec(shape=(), dtype=tf.resource, name=None)
[2026-05-23 02:24:52]   [tflite]     int8 OK (154 KB)
[2026-05-23 02:24:52]   [tflite] 
[2026-05-23 02:24:52]   [tflite] Done.
/home/min/Workspace/Graduate-Project/Falling-Model-Development/.venv/lib/python3.13/site-packages/tensorflow/lite/python/interpreter.py:457: UserWarning:     Warning: tf.lite.Interpreter is deprecated and is scheduled for deletion in
    TF 2.20. Please use the LiteRT interpreter from the ai_edge_litert package.
    See the [migration guide](https://ai.google.dev/edge/litert/migration)
    for details.
    
  warnings.warn(_INTERPRETER_DELETION_WARNING)
INFO: Created TensorFlow Lite XNNPACK delegate for CPU.
[2026-05-23 02:24:53] done EMA-all-w40 val_f1=0.7902 (video=0.9316) test_f1=0.7912 (video=0.9127) test_min_pr=0.8435 threshold=0.400 min_consecutive=1
