WARNING: All log messages before absl::InitializeLog() is called are written to STDERR
I0000 00:00:1778753941.916549 2720378 cpu_feature_guard.cc:227] This TensorFlow binary is optimized to use available CPU instructions in performance-critical operations.
To enable the following instructions: AVX2 FMA, in other operations, rebuild TensorFlow with the appropriate compiler flags.
[2026-05-14 19:19:03] loading train split=/home/min/Workspace/Graduate-Project/Falling-Model-Development/dataset/splits_v2_filtered/train.csv
[2026-05-14 19:19:16] train rows=1,274,014 videos=6,344 features=45 data_scope=all
[2026-05-14 19:19:16] loading val split=/home/min/Workspace/Graduate-Project/Falling-Model-Development/dataset/splits_v2_filtered/val.csv
[2026-05-14 19:19:20] val rows=363,918 videos=1,811 features=45 data_scope=all
[2026-05-14 19:19:20] loading test split=/home/min/Workspace/Graduate-Project/Falling-Model-Development/dataset/splits_v2_filtered/test.csv
[2026-05-14 19:19:22] test rows=182,782 videos=911 features=45 data_scope=all
[2026-05-14 19:19:30] train windows=94,149 positive=51,271 videos=6,344
[2026-05-14 19:19:32] val windows=39,199 positive=14,992 videos=1,811
[2026-05-14 19:19:33] test windows=19,712 positive=7,332 videos=911
I0000 00:00:1778753977.353382 2720378 gpu_device.cc:2043] Created device /job:localhost/replica:0/task:0/device:GPU:0 with 6066 MB memory:  -> device: 0, name: NVIDIA GeForce RTX 2060 SUPER, pci bus id: 0000:05:00.0, compute capability: 7.5
W0000 00:00:1778753978.580447 2720378 cpu_allocator_impl.cc:82] Allocation of 1016809200 exceeds 10% of free system memory.
W0000 00:00:1778753979.501994 2720378 cpu_allocator_impl.cc:82] Allocation of 1016809200 exceeds 10% of free system memory.
W0000 00:00:1778753981.734315 2720378 cpu_allocator_impl.cc:82] Allocation of 1016809200 exceeds 10% of free system memory.
I0000 00:00:1778753985.228143 2721710 service.cc:153] XLA service 0x7215740434e0 initialized for platform CUDA (this does not guarantee that XLA will be used). Devices:
I0000 00:00:1778753985.228161 2721710 service.cc:161]   StreamExecutor [0]: NVIDIA GeForce RTX 2060 SUPER, Compute Capability 7.5 (Driver: 13.0.0; Runtime: 12.9.0; Toolkit: 12.5.0; DNN: 9.22.0)
I0000 00:00:1778753985.332359 2721710 dump_mlir_util.cc:269] disabling MLIR crash reproducer, set env var `MLIR_CRASH_REPRODUCER_DIRECTORY` to enable.
I0000 00:00:1778753985.811756 2721710 cuda_dnn.cc:461] Loaded cuDNN version 92200
I0000 00:00:1778753985.956894 2721710 dot_merger.cc:481] Merging Dots in computation: a_inference_one_step_on_data_8125__.80
I0000 00:00:1778753992.445808 2721710 device_compiler.h:208] Compiled cluster using XLA!  This line is logged at most once for the lifetime of the process.
I0000 00:00:1778754000.683527 2721713 dot_merger.cc:481] Merging Dots in computation: a_inference_one_step_on_data_8125__.80
W0000 00:00:1778754195.088927 2720378 cpu_allocator_impl.cc:82] Allocation of 1016809200 exceeds 10% of free system memory.
W0000 00:00:1778754195.993094 2720378 cpu_allocator_impl.cc:82] Allocation of 1016809200 exceeds 10% of free system memory.
[2026-05-14 19:23:34] video-level val: videos=1811 f1=0.9376 recall=0.9541 fall_prec=0.9216 nfall_prec=0.9185 min_prec=0.9185 min_consecutive=1
[2026-05-14 19:23:34] video-level test: videos=911 f1=0.9227 recall=0.9438 fall_prec=0.9025 nfall_prec=0.8987 min_prec=0.8987 min_consecutive=1
[2026-05-14 19:23:35] === VAL VIDEO-LEVEL REPORT ===
              precision    recall  f1-score   support

           0     0.9185    0.8643    0.8906       678
           1     0.9216    0.9541    0.9376      1133

    accuracy                         0.9205      1811
   macro avg     0.9200    0.9092    0.9141      1811
weighted avg     0.9204    0.9205    0.9200      1811

[2026-05-14 19:23:35] === TEST VIDEO-LEVEL REPORT ===
              precision    recall  f1-score   support

           0     0.8987    0.8304    0.8632       342
           1     0.9025    0.9438    0.9227       569

    accuracy                         0.9012       911
   macro avg     0.9006    0.8871    0.8930       911
weighted avg     0.9011    0.9012    0.9004       911

[2026-05-14 19:23:35] tflite export subprocess exit=0
[2026-05-14 19:23:35]   [tflite] P2-v04: no metrics.json, skip
[2026-05-14 19:23:35]   [tflite] 
[2026-05-14 19:23:35]   [tflite] Done.
[2026-05-14 19:23:35] done P2-v04 val_f1=0.8273 (video=0.9376) test_f1=0.8260 (video=0.9227) test_min_prec=0.8987 threshold=0.450 min_consecutive=1
