WARNING: All log messages before absl::InitializeLog() is called are written to STDERR
I0000 00:00:1778754535.785038 2730817 cpu_feature_guard.cc:227] This TensorFlow binary is optimized to use available CPU instructions in performance-critical operations.
To enable the following instructions: AVX2 FMA, in other operations, rebuild TensorFlow with the appropriate compiler flags.
[2026-05-14 19:28:57] loading train split=/home/min/Workspace/Graduate-Project/Falling-Model-Development/dataset/splits_v2_filtered/train.csv
[2026-05-14 19:29:10] train rows=1,274,014 videos=6,344 features=45 data_scope=all
[2026-05-14 19:29:10] loading val split=/home/min/Workspace/Graduate-Project/Falling-Model-Development/dataset/splits_v2_filtered/val.csv
[2026-05-14 19:29:14] val rows=363,918 videos=1,811 features=45 data_scope=all
[2026-05-14 19:29:14] loading test split=/home/min/Workspace/Graduate-Project/Falling-Model-Development/dataset/splits_v2_filtered/test.csv
[2026-05-14 19:29:15] test rows=182,782 videos=911 features=45 data_scope=all
[2026-05-14 19:29:23] train windows=94,149 positive=51,271 videos=6,344
[2026-05-14 19:29:25] val windows=39,199 positive=14,992 videos=1,811
[2026-05-14 19:29:26] test windows=19,712 positive=7,332 videos=911
I0000 00:00:1778754570.389978 2730817 gpu_device.cc:2043] Created device /job:localhost/replica:0/task:0/device:GPU:0 with 6066 MB memory:  -> device: 0, name: NVIDIA GeForce RTX 2060 SUPER, pci bus id: 0000:05:00.0, compute capability: 7.5
W0000 00:00:1778754571.600462 2730817 cpu_allocator_impl.cc:82] Allocation of 1016809200 exceeds 10% of free system memory.
W0000 00:00:1778754572.521334 2730817 cpu_allocator_impl.cc:82] Allocation of 1016809200 exceeds 10% of free system memory.
W0000 00:00:1778754574.721525 2730817 cpu_allocator_impl.cc:82] Allocation of 1016809200 exceeds 10% of free system memory.
I0000 00:00:1778754578.294739 2731152 service.cc:153] XLA service 0x72cfc8045030 initialized for platform CUDA (this does not guarantee that XLA will be used). Devices:
I0000 00:00:1778754578.294756 2731152 service.cc:161]   StreamExecutor [0]: NVIDIA GeForce RTX 2060 SUPER, Compute Capability 7.5 (Driver: 13.0.0; Runtime: 12.9.0; Toolkit: 12.5.0; DNN: 9.22.0)
I0000 00:00:1778754578.390360 2731152 dump_mlir_util.cc:269] disabling MLIR crash reproducer, set env var `MLIR_CRASH_REPRODUCER_DIRECTORY` to enable.
I0000 00:00:1778754578.878087 2731152 cuda_dnn.cc:461] Loaded cuDNN version 92200
I0000 00:00:1778754579.022893 2731152 dot_merger.cc:481] Merging Dots in computation: a_inference_one_step_on_data_8255__.79
I0000 00:00:1778754585.494758 2731152 device_compiler.h:208] Compiled cluster using XLA!  This line is logged at most once for the lifetime of the process.
I0000 00:00:1778754593.974400 2731151 dot_merger.cc:481] Merging Dots in computation: a_inference_one_step_on_data_8255__.79
W0000 00:00:1778754796.836041 2730817 cpu_allocator_impl.cc:82] Allocation of 1016809200 exceeds 10% of free system memory.
W0000 00:00:1778754797.736889 2730817 cpu_allocator_impl.cc:82] Allocation of 1016809200 exceeds 10% of free system memory.
[2026-05-14 19:33:36] video-level val: videos=1811 f1=0.9376 recall=0.9550 fall_prec=0.9209 nfall_prec=0.9198 min_prec=0.9198 min_consecutive=1
[2026-05-14 19:33:36] video-level test: videos=911 f1=0.9253 recall=0.9473 fall_prec=0.9044 nfall_prec=0.9048 min_prec=0.9044 min_consecutive=1
[2026-05-14 19:33:36] === VAL VIDEO-LEVEL REPORT ===
              precision    recall  f1-score   support

           0     0.9198    0.8628    0.8904       678
           1     0.9209    0.9550    0.9376      1133

    accuracy                         0.9205      1811
   macro avg     0.9203    0.9089    0.9140      1811
weighted avg     0.9205    0.9205    0.9199      1811

[2026-05-14 19:33:36] === TEST VIDEO-LEVEL REPORT ===
              precision    recall  f1-score   support

           0     0.9048    0.8333    0.8676       342
           1     0.9044    0.9473    0.9253       569

    accuracy                         0.9045       911
   macro avg     0.9046    0.8903    0.8965       911
weighted avg     0.9045    0.9045    0.9036       911

[2026-05-14 19:33:36] tflite export subprocess exit=0
[2026-05-14 19:33:36]   [tflite] P2-v06: no metrics.json, skip
[2026-05-14 19:33:36]   [tflite] 
[2026-05-14 19:33:36]   [tflite] Done.
[2026-05-14 19:33:36] done P2-v06 val_f1=0.8328 (video=0.9376) test_f1=0.8288 (video=0.9253) test_min_prec=0.9044 threshold=0.400 min_consecutive=1
