WARNING: All log messages before absl::InitializeLog() is called are written to STDERR
I0000 00:00:1778753239.241873 2712333 cpu_feature_guard.cc:227] This TensorFlow binary is optimized to use available CPU instructions in performance-critical operations.
To enable the following instructions: AVX2 FMA, in other operations, rebuild TensorFlow with the appropriate compiler flags.
[2026-05-14 19:07:20] loading train split=/home/min/Workspace/Graduate-Project/Falling-Model-Development/dataset/splits_v2_filtered/train.csv
[2026-05-14 19:07:34] train rows=1,274,014 videos=6,344 features=45 data_scope=all
[2026-05-14 19:07:34] loading val split=/home/min/Workspace/Graduate-Project/Falling-Model-Development/dataset/splits_v2_filtered/val.csv
[2026-05-14 19:07:37] val rows=363,918 videos=1,811 features=45 data_scope=all
[2026-05-14 19:07:37] loading test split=/home/min/Workspace/Graduate-Project/Falling-Model-Development/dataset/splits_v2_filtered/test.csv
[2026-05-14 19:07:39] test rows=182,782 videos=911 features=45 data_scope=all
[2026-05-14 19:07:46] train windows=94,149 positive=51,271 videos=6,344
[2026-05-14 19:07:49] val windows=39,199 positive=14,992 videos=1,811
[2026-05-14 19:07:50] test windows=19,712 positive=7,332 videos=911
I0000 00:00:1778753273.989091 2712333 gpu_device.cc:2043] Created device /job:localhost/replica:0/task:0/device:GPU:0 with 6066 MB memory:  -> device: 0, name: NVIDIA GeForce RTX 2060 SUPER, pci bus id: 0000:05:00.0, compute capability: 7.5
W0000 00:00:1778753275.235693 2712333 cpu_allocator_impl.cc:82] Allocation of 1016809200 exceeds 10% of free system memory.
W0000 00:00:1778753276.152901 2712333 cpu_allocator_impl.cc:82] Allocation of 1016809200 exceeds 10% of free system memory.
W0000 00:00:1778753278.393134 2712333 cpu_allocator_impl.cc:82] Allocation of 1016809200 exceeds 10% of free system memory.
I0000 00:00:1778753281.636121 2712747 cuda_dnn.cc:461] Loaded cuDNN version 92200
W0000 00:00:1778753913.979878 2712333 cpu_allocator_impl.cc:82] Allocation of 1016809200 exceeds 10% of free system memory.
W0000 00:00:1778753914.885041 2712333 cpu_allocator_impl.cc:82] Allocation of 1016809200 exceeds 10% of free system memory.
[2026-05-14 19:18:59] video-level val: videos=1811 f1=0.9285 recall=0.9515 fall_prec=0.9066 nfall_prec=0.9116 min_prec=0.9066 min_consecutive=1
[2026-05-14 19:18:59] video-level test: videos=911 f1=0.9164 recall=0.9438 fall_prec=0.8905 nfall_prec=0.8961 min_prec=0.8905 min_consecutive=1
[2026-05-14 19:19:00] === VAL VIDEO-LEVEL REPORT ===
              precision    recall  f1-score   support

           0     0.9116    0.8363    0.8723       678
           1     0.9066    0.9515    0.9285      1133

    accuracy                         0.9083      1811
   macro avg     0.9091    0.8939    0.9004      1811
weighted avg     0.9085    0.9083    0.9075      1811

[2026-05-14 19:19:00] === TEST VIDEO-LEVEL REPORT ===
              precision    recall  f1-score   support

           0     0.8961    0.8070    0.8492       342
           1     0.8905    0.9438    0.9164       569

    accuracy                         0.8924       911
   macro avg     0.8933    0.8754    0.8828       911
weighted avg     0.8926    0.8924    0.8912       911

[2026-05-14 19:19:00] tflite export subprocess exit=0
[2026-05-14 19:19:00]   [tflite] P2-v03: no metrics.json, skip
[2026-05-14 19:19:00]   [tflite] 
[2026-05-14 19:19:00]   [tflite] Done.
[2026-05-14 19:19:00] done P2-v03 val_f1=0.8131 (video=0.9285) test_f1=0.8200 (video=0.9164) test_min_prec=0.8905 threshold=0.350 min_consecutive=1
