WARNING: All log messages before absl::InitializeLog() is called are written to STDERR
I0000 00:00:1778752540.282362 2704358 cpu_feature_guard.cc:227] This TensorFlow binary is optimized to use available CPU instructions in performance-critical operations.
To enable the following instructions: AVX2 FMA, in other operations, rebuild TensorFlow with the appropriate compiler flags.
[2026-05-14 18:55:41] loading train split=/home/min/Workspace/Graduate-Project/Falling-Model-Development/dataset/splits_v2_filtered/train.csv
[2026-05-14 18:55:54] train rows=1,274,014 videos=6,344 features=45 data_scope=all
[2026-05-14 18:55:54] loading val split=/home/min/Workspace/Graduate-Project/Falling-Model-Development/dataset/splits_v2_filtered/val.csv
[2026-05-14 18:55:58] val rows=363,918 videos=1,811 features=45 data_scope=all
[2026-05-14 18:55:58] loading test split=/home/min/Workspace/Graduate-Project/Falling-Model-Development/dataset/splits_v2_filtered/test.csv
[2026-05-14 18:56:00] test rows=182,782 videos=911 features=45 data_scope=all
[2026-05-14 18:56:07] train windows=94,149 positive=51,271 videos=6,344
[2026-05-14 18:56:10] val windows=39,199 positive=14,992 videos=1,811
[2026-05-14 18:56:11] test windows=19,712 positive=7,332 videos=911
I0000 00:00:1778752574.965865 2704358 gpu_device.cc:2043] Created device /job:localhost/replica:0/task:0/device:GPU:0 with 6066 MB memory:  -> device: 0, name: NVIDIA GeForce RTX 2060 SUPER, pci bus id: 0000:05:00.0, compute capability: 7.5
W0000 00:00:1778752576.219082 2704358 cpu_allocator_impl.cc:82] Allocation of 1016809200 exceeds 10% of free system memory.
W0000 00:00:1778752577.151494 2704358 cpu_allocator_impl.cc:82] Allocation of 1016809200 exceeds 10% of free system memory.
W0000 00:00:1778752579.651323 2704358 cpu_allocator_impl.cc:82] Allocation of 1016809200 exceeds 10% of free system memory.
I0000 00:00:1778752582.908693 2704703 cuda_dnn.cc:461] Loaded cuDNN version 92200
W0000 00:00:1778753211.348515 2704358 cpu_allocator_impl.cc:82] Allocation of 1016809200 exceeds 10% of free system memory.
W0000 00:00:1778753212.248834 2704358 cpu_allocator_impl.cc:82] Allocation of 1016809200 exceeds 10% of free system memory.
[2026-05-14 19:07:17] video-level val: videos=1811 f1=0.9368 recall=0.9488 fall_prec=0.9251 nfall_prec=0.9106 min_prec=0.9106 min_consecutive=1
[2026-05-14 19:07:17] video-level test: videos=911 f1=0.9207 recall=0.9385 fall_prec=0.9036 nfall_prec=0.8906 min_prec=0.8906 min_consecutive=1
[2026-05-14 19:07:17] === VAL VIDEO-LEVEL REPORT ===
              precision    recall  f1-score   support

           0     0.9106    0.8717    0.8907       678
           1     0.9251    0.9488    0.9368      1133

    accuracy                         0.9199      1811
   macro avg     0.9179    0.9102    0.9138      1811
weighted avg     0.9197    0.9199    0.9196      1811

[2026-05-14 19:07:17] === TEST VIDEO-LEVEL REPORT ===
              precision    recall  f1-score   support

           0     0.8906    0.8333    0.8610       342
           1     0.9036    0.9385    0.9207       569

    accuracy                         0.8990       911
   macro avg     0.8971    0.8859    0.8909       911
weighted avg     0.8987    0.8990    0.8983       911

[2026-05-14 19:07:17] tflite export subprocess exit=0
[2026-05-14 19:07:17]   [tflite] P2-v02: no metrics.json, skip
[2026-05-14 19:07:17]   [tflite] 
[2026-05-14 19:07:17]   [tflite] Done.
[2026-05-14 19:07:17] done P2-v02 val_f1=0.8257 (video=0.9368) test_f1=0.8283 (video=0.9207) test_min_prec=0.8906 threshold=0.450 min_consecutive=1
