[2026-05-14 18:42:52] === GROUP A: GRU variants ===
[2026-05-14 18:42:52] START P2-v01
[2026-05-14 18:55:39] OK    P2-v01
[2026-05-14 18:55:39] START P2-v02
[2026-05-14 19:07:18] OK    P2-v02
[2026-05-14 19:07:18] START P2-v03
[2026-05-14 19:19:01] OK    P2-v03
GRU group best F1: 0.9207
  P2-v01: F1=0.9179 min_prec=0.8824 [OK]
  P2-v02: F1=0.9207 min_prec=0.8906 [OK]
  P2-v03: F1=0.9164 min_prec=0.8905 [OK]
[2026-05-14 19:19:01] === GROUP B: TCN variants (NPU-friendly) ===
[2026-05-14 19:19:01] START P2-v04
[2026-05-14 19:23:36] OK    P2-v04
[2026-05-14 19:23:36] START P2-v05
[2026-05-14 19:28:55] OK    P2-v05
[2026-05-14 19:28:55] START P2-v06
[2026-05-14 19:33:37] OK    P2-v06
[2026-05-14 19:33:37] === GROUP C: ablation ===
[2026-05-14 19:33:37] START P2-v07
[2026-05-14 19:51:36] OK    P2-v07
[2026-05-14 19:51:36] All Phase 2 experiments complete.
=== PHASE 2 RESULTS ===
ID       Arch                testF1     Rec    FallP   NFallP   MinP
----------------------------------------------------------------------
P2-v01   GRU(256,128)bidir+focal  0.9179  0.9332   0.9031   0.8824 0.8824
P2-v02   GRU(128,64)bidir    0.9207  0.9385   0.9036   0.8906 0.8906
P2-v03   GRU(128,64)bidir+focal  0.9164  0.9438   0.8905   0.8961 0.8905
P2-v04   TCN[64,64,128,128]  0.9227  0.9438   0.9025   0.8987 0.8987
P2-v05   TCN[64,128,128,256]  0.9237  0.9578   0.8920   0.9200 0.8920
P2-v06   TCN[64,64,128,128]+focal  0.9253  0.9473   0.9044   0.9048 0.9044
P2-v07   GRU(256,128)bidir,noconv  0.9108  0.9156   0.9061   0.8571 0.8571
[2026-05-14 19:51:36] Phase 2 summary written to results/gru_phase2_arch/summary.log
