WARNING: All log messages before absl::InitializeLog() is called are written to STDERR
I0000 00:00:1778762151.830772 2816000 cpu_feature_guard.cc:227] This TensorFlow binary is optimized to use available CPU instructions in performance-critical operations.
To enable the following instructions: AVX2 FMA, in other operations, rebuild TensorFlow with the appropriate compiler flags.
[2026-05-14 21:35:53] loading train split=/home/min/Workspace/Graduate-Project/Falling-Model-Development/dataset/splits_v2_filtered/train.csv
[2026-05-14 21:36:06] train rows=1,274,014 videos=6,344 features=45 data_scope=all
[2026-05-14 21:36:06] loading val split=/home/min/Workspace/Graduate-Project/Falling-Model-Development/dataset/splits_v2_filtered/val.csv
[2026-05-14 21:36:10] val rows=363,918 videos=1,811 features=45 data_scope=all
[2026-05-14 21:36:10] loading test split=/home/min/Workspace/Graduate-Project/Falling-Model-Development/dataset/splits_v2_filtered/test.csv
[2026-05-14 21:36:12] test rows=182,782 videos=911 features=45 data_scope=all
[2026-05-14 21:36:19] train windows=119,770 positive=101,606 videos=6,344
[2026-05-14 21:36:22] val windows=39,199 positive=29,010 videos=1,811
[2026-05-14 21:36:23] test windows=19,712 positive=14,587 videos=911
I0000 00:00:1778762187.638257 2816000 gpu_device.cc:2043] Created device /job:localhost/replica:0/task:0/device:GPU:0 with 6067 MB memory:  -> device: 0, name: NVIDIA GeForce RTX 2060 SUPER, pci bus id: 0000:05:00.0, compute capability: 7.5
W0000 00:00:1778762189.050354 2816000 cpu_allocator_impl.cc:82] Allocation of 1293516000 exceeds 10% of free system memory.
W0000 00:00:1778762190.214751 2816000 cpu_allocator_impl.cc:82] Allocation of 1293516000 exceeds 10% of free system memory.
W0000 00:00:1778762192.595445 2816000 cpu_allocator_impl.cc:82] Allocation of 1293516000 exceeds 10% of free system memory.
I0000 00:00:1778762196.036058 2816333 cuda_dnn.cc:461] Loaded cuDNN version 92200
W0000 00:00:1778764192.861788 2816000 cpu_allocator_impl.cc:82] Allocation of 1293516000 exceeds 10% of free system memory.
W0000 00:00:1778764194.009755 2816000 cpu_allocator_impl.cc:82] Allocation of 1293516000 exceeds 10% of free system memory.
[2026-05-14 22:10:27] video-level val: videos=1811 f1=0.9725 recall=0.9910 fall_prec=0.9547 nfall_prec=0.9714 min_prec=0.9547 min_consecutive=5
[2026-05-14 22:10:27] video-level test: videos=911 f1=0.9738 recall=0.9926 fall_prec=0.9557 nfall_prec=0.9763 min_prec=0.9557 min_consecutive=5
[2026-05-14 22:10:28] === VAL VIDEO-LEVEL REPORT ===
              precision    recall  f1-score   support

           0     0.9714    0.8662    0.9158       471
           1     0.9547    0.9910    0.9725      1340

    accuracy                         0.9586      1811
   macro avg     0.9631    0.9286    0.9442      1811
weighted avg     0.9591    0.9586    0.9578      1811

[2026-05-14 22:10:28] === TEST VIDEO-LEVEL REPORT ===
              precision    recall  f1-score   support

           0     0.9763    0.8692    0.9196       237
           1     0.9557    0.9926    0.9738       674

    accuracy                         0.9605       911
   macro avg     0.9660    0.9309    0.9467       911
weighted avg     0.9611    0.9605    0.9597       911

[2026-05-14 22:10:28] tflite export subprocess exit=0
[2026-05-14 22:10:28]   [tflite] LF-v06: no metrics.json, skip
[2026-05-14 22:10:28]   [tflite] 
[2026-05-14 22:10:28]   [tflite] Done.
[2026-05-14 22:10:28] done LF-v06 val_f1=0.9726 (video=0.9725) test_f1=0.9728 (video=0.9738) test_min_prec=0.9557 threshold=0.400 min_consecutive=5
