WARNING: All log messages before absl::InitializeLog() is called are written to STDERR
I0000 00:00:1778758467.090175 2775139 cpu_feature_guard.cc:227] This TensorFlow binary is optimized to use available CPU instructions in performance-critical operations.
To enable the following instructions: AVX2 FMA, in other operations, rebuild TensorFlow with the appropriate compiler flags.
[2026-05-14 20:34:28] loading train split=/home/min/Workspace/Graduate-Project/Falling-Model-Development/dataset/lb3_v2/train.csv
[2026-05-14 20:34:39] train rows=1,274,014 videos=6,344 features=43 data_scope=all
[2026-05-14 20:34:39] loading val split=/home/min/Workspace/Graduate-Project/Falling-Model-Development/dataset/lb3_v2/val.csv
[2026-05-14 20:34:42] val rows=363,918 videos=1,811 features=43 data_scope=all
[2026-05-14 20:34:42] loading test split=/home/min/Workspace/Graduate-Project/Falling-Model-Development/dataset/lb3_v2/test.csv
[2026-05-14 20:34:44] test rows=182,782 videos=911 features=43 data_scope=all
[2026-05-14 20:34:52] train windows=119,770 positive=101,606 videos=6,344
[2026-05-14 20:34:55] val windows=39,199 positive=29,010 videos=1,811
[2026-05-14 20:34:56] test windows=19,712 positive=14,587 videos=911
I0000 00:00:1778758500.468503 2775139 gpu_device.cc:2043] Created device /job:localhost/replica:0/task:0/device:GPU:0 with 6059 MB memory:  -> device: 0, name: NVIDIA GeForce RTX 2060 SUPER, pci bus id: 0000:05:00.0, compute capability: 7.5
W0000 00:00:1778758501.797809 2775139 cpu_allocator_impl.cc:82] Allocation of 1236026400 exceeds 10% of free system memory.
W0000 00:00:1778758502.880933 2775139 cpu_allocator_impl.cc:82] Allocation of 1236026400 exceeds 10% of free system memory.
W0000 00:00:1778758505.171338 2775139 cpu_allocator_impl.cc:82] Allocation of 1236026400 exceeds 10% of free system memory.
I0000 00:00:1778758508.220034 2775535 cuda_dnn.cc:461] Loaded cuDNN version 92200
W0000 00:00:1778759541.173973 2775139 cpu_allocator_impl.cc:82] Allocation of 1236026400 exceeds 10% of free system memory.
W0000 00:00:1778759542.266272 2775139 cpu_allocator_impl.cc:82] Allocation of 1236026400 exceeds 10% of free system memory.
[2026-05-14 20:52:45] video-level val: videos=1811 f1=0.9725 recall=0.9888 fall_prec=0.9567 nfall_prec=0.9648 min_prec=0.9567 min_consecutive=5
[2026-05-14 20:52:45] video-level test: videos=911 f1=0.9715 recall=0.9852 fall_prec=0.9582 nfall_prec=0.9541 min_prec=0.9541 min_consecutive=5
[2026-05-14 20:52:46] === VAL VIDEO-LEVEL REPORT ===
              precision    recall  f1-score   support

           0     0.9648    0.8726    0.9164       471
           1     0.9567    0.9888    0.9725      1340

    accuracy                         0.9586      1811
   macro avg     0.9607    0.9307    0.9444      1811
weighted avg     0.9588    0.9586    0.9579      1811

[2026-05-14 20:52:46] === TEST VIDEO-LEVEL REPORT ===
              precision    recall  f1-score   support

           0     0.9541    0.8776    0.9143       237
           1     0.9582    0.9852    0.9715       674

    accuracy                         0.9572       911
   macro avg     0.9561    0.9314    0.9429       911
weighted avg     0.9571    0.9572    0.9566       911

[2026-05-14 20:52:46] tflite export subprocess exit=0
[2026-05-14 20:52:46]   [tflite] LF-v03: no metrics.json, skip
[2026-05-14 20:52:46]   [tflite] 
[2026-05-14 20:52:46]   [tflite] Done.
[2026-05-14 20:52:46] done LF-v03 val_f1=0.9732 (video=0.9725) test_f1=0.9704 (video=0.9715) test_min_prec=0.9541 threshold=0.450 min_consecutive=5
