[2026-05-14 19:51:36] Phase 2 done, starting LF lastframe
[2026-05-14 19:51:36] === LF GROUP A: raw + last_frame ===
[2026-05-14 19:51:36] START LF-v01
WARNING: All log messages before absl::InitializeLog() is called are written to STDERR
I0000 00:00:1778755897.189025 2747004 cpu_feature_guard.cc:227] This TensorFlow binary is optimized to use available CPU instructions in performance-critical operations.
To enable the following instructions: AVX2 FMA, in other operations, rebuild TensorFlow with the appropriate compiler flags.
[2026-05-14 19:51:38] loading train split=/home/min/Workspace/Graduate-Project/Falling-Model-Development/dataset/lb3_v2/train.csv
[2026-05-14 19:51:50] train rows=1,274,014 videos=6,344 features=43 data_scope=all
[2026-05-14 19:51:50] loading val split=/home/min/Workspace/Graduate-Project/Falling-Model-Development/dataset/lb3_v2/val.csv
[2026-05-14 19:51:53] val rows=363,918 videos=1,811 features=43 data_scope=all
[2026-05-14 19:51:53] loading test split=/home/min/Workspace/Graduate-Project/Falling-Model-Development/dataset/lb3_v2/test.csv
[2026-05-14 19:51:55] test rows=182,782 videos=911 features=43 data_scope=all
[2026-05-14 19:52:03] train windows=119,770 positive=101,606 videos=6,344
[2026-05-14 19:52:05] val windows=39,199 positive=29,010 videos=1,811
[2026-05-14 19:52:06] test windows=19,712 positive=14,587 videos=911
I0000 00:00:1778755930.969771 2747004 gpu_device.cc:2043] Created device /job:localhost/replica:0/task:0/device:GPU:0 with 6066 MB memory:  -> device: 0, name: NVIDIA GeForce RTX 2060 SUPER, pci bus id: 0000:05:00.0, compute capability: 7.5
W0000 00:00:1778755932.271765 2747004 cpu_allocator_impl.cc:82] Allocation of 1236026400 exceeds 10% of free system memory.
W0000 00:00:1778755933.375178 2747004 cpu_allocator_impl.cc:82] Allocation of 1236026400 exceeds 10% of free system memory.
W0000 00:00:1778755935.665538 2747004 cpu_allocator_impl.cc:82] Allocation of 1236026400 exceeds 10% of free system memory.
I0000 00:00:1778755938.423041 2747469 cuda_dnn.cc:461] Loaded cuDNN version 92200
W0000 00:00:1778756760.020653 2747004 cpu_allocator_impl.cc:82] Allocation of 1236026400 exceeds 10% of free system memory.
W0000 00:00:1778756761.104205 2747004 cpu_allocator_impl.cc:82] Allocation of 1236026400 exceeds 10% of free system memory.
[2026-05-14 20:06:23] video-level val: videos=1811 f1=0.9706 recall=0.9866 fall_prec=0.9552 nfall_prec=0.9578 min_prec=0.9552 min_consecutive=5
[2026-05-14 20:06:23] video-level test: videos=911 f1=0.9672 recall=0.9837 fall_prec=0.9512 nfall_prec=0.9486 min_prec=0.9486 min_consecutive=5
[2026-05-14 20:06:24] === VAL VIDEO-LEVEL REPORT ===
              precision    recall  f1-score   support

           0     0.9578    0.8684    0.9109       471
           1     0.9552    0.9866    0.9706      1340

    accuracy                         0.9558      1811
   macro avg     0.9565    0.9275    0.9408      1811
weighted avg     0.9559    0.9558    0.9551      1811

[2026-05-14 20:06:24] === TEST VIDEO-LEVEL REPORT ===
              precision    recall  f1-score   support

           0     0.9486    0.8565    0.9002       237
           1     0.9512    0.9837    0.9672       674

    accuracy                         0.9506       911
   macro avg     0.9499    0.9201    0.9337       911
weighted avg     0.9505    0.9506    0.9498       911

[2026-05-14 20:06:24] tflite export subprocess exit=0
[2026-05-14 20:06:24]   [tflite] LF-v01: no metrics.json, skip
[2026-05-14 20:06:24]   [tflite] 
[2026-05-14 20:06:24]   [tflite] Done.
[2026-05-14 20:06:24] done LF-v01 val_f1=0.9712 (video=0.9706) test_f1=0.9689 (video=0.9672) test_min_prec=0.9486 threshold=0.450 min_consecutive=5
[2026-05-14 20:06:25] OK    LF-v01
[2026-05-14 20:06:25] START LF-v02
WARNING: All log messages before absl::InitializeLog() is called are written to STDERR
I0000 00:00:1778756785.864897 2757059 cpu_feature_guard.cc:227] This TensorFlow binary is optimized to use available CPU instructions in performance-critical operations.
To enable the following instructions: AVX2 FMA, in other operations, rebuild TensorFlow with the appropriate compiler flags.
[2026-05-14 20:06:27] loading train split=/home/min/Workspace/Graduate-Project/Falling-Model-Development/dataset/lb3_v2/train.csv
[2026-05-14 20:06:38] train rows=1,274,014 videos=6,344 features=43 data_scope=all
[2026-05-14 20:06:38] loading val split=/home/min/Workspace/Graduate-Project/Falling-Model-Development/dataset/lb3_v2/val.csv
[2026-05-14 20:06:42] val rows=363,918 videos=1,811 features=43 data_scope=all
[2026-05-14 20:06:42] loading test split=/home/min/Workspace/Graduate-Project/Falling-Model-Development/dataset/lb3_v2/test.csv
[2026-05-14 20:06:43] test rows=182,782 videos=911 features=43 data_scope=all
[2026-05-14 20:06:51] train windows=119,770 positive=101,606 videos=6,344
[2026-05-14 20:06:53] val windows=39,199 positive=29,010 videos=1,811
[2026-05-14 20:06:55] test windows=19,712 positive=14,587 videos=911
I0000 00:00:1778756819.216745 2757059 gpu_device.cc:2043] Created device /job:localhost/replica:0/task:0/device:GPU:0 with 6066 MB memory:  -> device: 0, name: NVIDIA GeForce RTX 2060 SUPER, pci bus id: 0000:05:00.0, compute capability: 7.5
W0000 00:00:1778756820.542779 2757059 cpu_allocator_impl.cc:82] Allocation of 1236026400 exceeds 10% of free system memory.
W0000 00:00:1778756821.655035 2757059 cpu_allocator_impl.cc:82] Allocation of 1236026400 exceeds 10% of free system memory.
W0000 00:00:1778756823.950387 2757059 cpu_allocator_impl.cc:82] Allocation of 1236026400 exceeds 10% of free system memory.
I0000 00:00:1778756827.349817 2757463 cuda_dnn.cc:461] Loaded cuDNN version 92200
W0000 00:00:1778758431.067907 2757059 cpu_allocator_impl.cc:82] Allocation of 1236026400 exceeds 10% of free system memory.
W0000 00:00:1778758432.151922 2757059 cpu_allocator_impl.cc:82] Allocation of 1236026400 exceeds 10% of free system memory.
[2026-05-14 20:34:24] video-level val: videos=1811 f1=0.9724 recall=0.9866 fall_prec=0.9587 nfall_prec=0.9583 min_prec=0.9583 min_consecutive=5
[2026-05-14 20:34:25] video-level test: videos=911 f1=0.9743 recall=0.9837 fall_prec=0.9651 nfall_prec=0.9509 min_prec=0.9509 min_consecutive=5
[2026-05-14 20:34:25] === VAL VIDEO-LEVEL REPORT ===
              precision    recall  f1-score   support

           0     0.9583    0.8790    0.9169       471
           1     0.9587    0.9866    0.9724      1340

    accuracy                         0.9586      1811
   macro avg     0.9585    0.9328    0.9447      1811
weighted avg     0.9586    0.9586    0.9580      1811

[2026-05-14 20:34:25] === TEST VIDEO-LEVEL REPORT ===
              precision    recall  f1-score   support

           0     0.9509    0.8987    0.9241       237
           1     0.9651    0.9837    0.9743       674

    accuracy                         0.9616       911
   macro avg     0.9580    0.9412    0.9492       911
weighted avg     0.9614    0.9616    0.9612       911

[2026-05-14 20:34:25] tflite export subprocess exit=0
[2026-05-14 20:34:25]   [tflite] LF-v02: no metrics.json, skip
[2026-05-14 20:34:25]   [tflite] 
[2026-05-14 20:34:25]   [tflite] Done.
[2026-05-14 20:34:25] done LF-v02 val_f1=0.9713 (video=0.9724) test_f1=0.9719 (video=0.9743) test_min_prec=0.9509 threshold=0.450 min_consecutive=5
[2026-05-14 20:34:26] OK    LF-v02
[2026-05-14 20:34:26] START LF-v03
WARNING: All log messages before absl::InitializeLog() is called are written to STDERR
I0000 00:00:1778758467.090175 2775139 cpu_feature_guard.cc:227] This TensorFlow binary is optimized to use available CPU instructions in performance-critical operations.
To enable the following instructions: AVX2 FMA, in other operations, rebuild TensorFlow with the appropriate compiler flags.
[2026-05-14 20:34:28] loading train split=/home/min/Workspace/Graduate-Project/Falling-Model-Development/dataset/lb3_v2/train.csv
[2026-05-14 20:34:39] train rows=1,274,014 videos=6,344 features=43 data_scope=all
[2026-05-14 20:34:39] loading val split=/home/min/Workspace/Graduate-Project/Falling-Model-Development/dataset/lb3_v2/val.csv
[2026-05-14 20:34:42] val rows=363,918 videos=1,811 features=43 data_scope=all
[2026-05-14 20:34:42] loading test split=/home/min/Workspace/Graduate-Project/Falling-Model-Development/dataset/lb3_v2/test.csv
[2026-05-14 20:34:44] test rows=182,782 videos=911 features=43 data_scope=all
[2026-05-14 20:34:52] train windows=119,770 positive=101,606 videos=6,344
[2026-05-14 20:34:55] val windows=39,199 positive=29,010 videos=1,811
[2026-05-14 20:34:56] test windows=19,712 positive=14,587 videos=911
I0000 00:00:1778758500.468503 2775139 gpu_device.cc:2043] Created device /job:localhost/replica:0/task:0/device:GPU:0 with 6059 MB memory:  -> device: 0, name: NVIDIA GeForce RTX 2060 SUPER, pci bus id: 0000:05:00.0, compute capability: 7.5
W0000 00:00:1778758501.797809 2775139 cpu_allocator_impl.cc:82] Allocation of 1236026400 exceeds 10% of free system memory.
W0000 00:00:1778758502.880933 2775139 cpu_allocator_impl.cc:82] Allocation of 1236026400 exceeds 10% of free system memory.
W0000 00:00:1778758505.171338 2775139 cpu_allocator_impl.cc:82] Allocation of 1236026400 exceeds 10% of free system memory.
I0000 00:00:1778758508.220034 2775535 cuda_dnn.cc:461] Loaded cuDNN version 92200
W0000 00:00:1778759541.173973 2775139 cpu_allocator_impl.cc:82] Allocation of 1236026400 exceeds 10% of free system memory.
W0000 00:00:1778759542.266272 2775139 cpu_allocator_impl.cc:82] Allocation of 1236026400 exceeds 10% of free system memory.
[2026-05-14 20:52:45] video-level val: videos=1811 f1=0.9725 recall=0.9888 fall_prec=0.9567 nfall_prec=0.9648 min_prec=0.9567 min_consecutive=5
[2026-05-14 20:52:45] video-level test: videos=911 f1=0.9715 recall=0.9852 fall_prec=0.9582 nfall_prec=0.9541 min_prec=0.9541 min_consecutive=5
[2026-05-14 20:52:46] === VAL VIDEO-LEVEL REPORT ===
              precision    recall  f1-score   support

           0     0.9648    0.8726    0.9164       471
           1     0.9567    0.9888    0.9725      1340

    accuracy                         0.9586      1811
   macro avg     0.9607    0.9307    0.9444      1811
weighted avg     0.9588    0.9586    0.9579      1811

[2026-05-14 20:52:46] === TEST VIDEO-LEVEL REPORT ===
              precision    recall  f1-score   support

           0     0.9541    0.8776    0.9143       237
           1     0.9582    0.9852    0.9715       674

    accuracy                         0.9572       911
   macro avg     0.9561    0.9314    0.9429       911
weighted avg     0.9571    0.9572    0.9566       911

[2026-05-14 20:52:46] tflite export subprocess exit=0
[2026-05-14 20:52:46]   [tflite] LF-v03: no metrics.json, skip
[2026-05-14 20:52:46]   [tflite] 
[2026-05-14 20:52:46]   [tflite] Done.
[2026-05-14 20:52:46] done LF-v03 val_f1=0.9732 (video=0.9725) test_f1=0.9704 (video=0.9715) test_min_prec=0.9541 threshold=0.450 min_consecutive=5
[2026-05-14 20:52:47] OK    LF-v03
[2026-05-14 20:52:47] START LF-v04
WARNING: All log messages before absl::InitializeLog() is called are written to STDERR
I0000 00:00:1778759567.939826 2788412 cpu_feature_guard.cc:227] This TensorFlow binary is optimized to use available CPU instructions in performance-critical operations.
To enable the following instructions: AVX2 FMA, in other operations, rebuild TensorFlow with the appropriate compiler flags.
[2026-05-14 20:52:49] loading train split=/home/min/Workspace/Graduate-Project/Falling-Model-Development/dataset/lb3_v2/train.csv
[2026-05-14 20:53:00] train rows=1,274,014 videos=6,344 features=43 data_scope=all
[2026-05-14 20:53:00] loading val split=/home/min/Workspace/Graduate-Project/Falling-Model-Development/dataset/lb3_v2/val.csv
[2026-05-14 20:53:03] val rows=363,918 videos=1,811 features=43 data_scope=all
[2026-05-14 20:53:03] loading test split=/home/min/Workspace/Graduate-Project/Falling-Model-Development/dataset/lb3_v2/test.csv
[2026-05-14 20:53:05] test rows=182,782 videos=911 features=43 data_scope=all
[2026-05-14 20:53:13] train windows=119,770 positive=101,606 videos=6,344
[2026-05-14 20:53:15] val windows=39,199 positive=29,010 videos=1,811
[2026-05-14 20:53:16] test windows=19,712 positive=14,587 videos=911
I0000 00:00:1778759600.896427 2788412 gpu_device.cc:2043] Created device /job:localhost/replica:0/task:0/device:GPU:0 with 6068 MB memory:  -> device: 0, name: NVIDIA GeForce RTX 2060 SUPER, pci bus id: 0000:05:00.0, compute capability: 7.5
W0000 00:00:1778759602.273350 2788412 cpu_allocator_impl.cc:82] Allocation of 1236026400 exceeds 10% of free system memory.
W0000 00:00:1778759603.386225 2788412 cpu_allocator_impl.cc:82] Allocation of 1236026400 exceeds 10% of free system memory.
W0000 00:00:1778759605.674384 2788412 cpu_allocator_impl.cc:82] Allocation of 1236026400 exceeds 10% of free system memory.
I0000 00:00:1778759609.323461 2788723 cuda_dnn.cc:461] Loaded cuDNN version 92200
W0000 00:00:1778760984.778744 2788412 cpu_allocator_impl.cc:82] Allocation of 1236026400 exceeds 10% of free system memory.
W0000 00:00:1778760985.906672 2788412 cpu_allocator_impl.cc:82] Allocation of 1236026400 exceeds 10% of free system memory.
[2026-05-14 21:16:59] video-level val: videos=1811 f1=0.9688 recall=0.9843 fall_prec=0.9537 nfall_prec=0.9509 min_prec=0.9509 min_consecutive=5
[2026-05-14 21:17:00] video-level test: videos=911 f1=0.9715 recall=0.9852 fall_prec=0.9582 nfall_prec=0.9541 min_prec=0.9541 min_consecutive=5
[2026-05-14 21:17:00] === VAL VIDEO-LEVEL REPORT ===
              precision    recall  f1-score   support

           0     0.9509    0.8641    0.9055       471
           1     0.9537    0.9843    0.9688      1340

    accuracy                         0.9531      1811
   macro avg     0.9523    0.9242    0.9371      1811
weighted avg     0.9530    0.9531    0.9523      1811

[2026-05-14 21:17:00] === TEST VIDEO-LEVEL REPORT ===
              precision    recall  f1-score   support

           0     0.9541    0.8776    0.9143       237
           1     0.9582    0.9852    0.9715       674

    accuracy                         0.9572       911
   macro avg     0.9561    0.9314    0.9429       911
weighted avg     0.9571    0.9572    0.9566       911

[2026-05-14 21:17:00] tflite export subprocess exit=0
[2026-05-14 21:17:00]   [tflite] LF-v04: no metrics.json, skip
[2026-05-14 21:17:00]   [tflite] 
[2026-05-14 21:17:00]   [tflite] Done.
[2026-05-14 21:17:00] done LF-v04 val_f1=0.9685 (video=0.9688) test_f1=0.9717 (video=0.9715) test_min_prec=0.9541 threshold=0.500 min_consecutive=5
[2026-05-14 21:17:01] OK    LF-v04
[2026-05-14 21:17:01] === LF GROUP B: filtered + last_frame ===
[2026-05-14 21:17:01] START LF-v05
WARNING: All log messages before absl::InitializeLog() is called are written to STDERR
I0000 00:00:1778761022.035186 2803304 cpu_feature_guard.cc:227] This TensorFlow binary is optimized to use available CPU instructions in performance-critical operations.
To enable the following instructions: AVX2 FMA, in other operations, rebuild TensorFlow with the appropriate compiler flags.
[2026-05-14 21:17:03] loading train split=/home/min/Workspace/Graduate-Project/Falling-Model-Development/dataset/splits_v2_filtered/train.csv
[2026-05-14 21:17:16] train rows=1,274,014 videos=6,344 features=45 data_scope=all
[2026-05-14 21:17:16] loading val split=/home/min/Workspace/Graduate-Project/Falling-Model-Development/dataset/splits_v2_filtered/val.csv
[2026-05-14 21:17:20] val rows=363,918 videos=1,811 features=45 data_scope=all
[2026-05-14 21:17:20] loading test split=/home/min/Workspace/Graduate-Project/Falling-Model-Development/dataset/splits_v2_filtered/test.csv
[2026-05-14 21:17:22] test rows=182,782 videos=911 features=45 data_scope=all
[2026-05-14 21:17:30] train windows=119,770 positive=101,606 videos=6,344
[2026-05-14 21:17:32] val windows=39,199 positive=29,010 videos=1,811
[2026-05-14 21:17:33] test windows=19,712 positive=14,587 videos=911
I0000 00:00:1778761057.766316 2803304 gpu_device.cc:2043] Created device /job:localhost/replica:0/task:0/device:GPU:0 with 6061 MB memory:  -> device: 0, name: NVIDIA GeForce RTX 2060 SUPER, pci bus id: 0000:05:00.0, compute capability: 7.5
W0000 00:00:1778761059.144400 2803304 cpu_allocator_impl.cc:82] Allocation of 1293516000 exceeds 10% of free system memory.
W0000 00:00:1778761060.313460 2803304 cpu_allocator_impl.cc:82] Allocation of 1293516000 exceeds 10% of free system memory.
W0000 00:00:1778761062.659986 2803304 cpu_allocator_impl.cc:82] Allocation of 1293516000 exceeds 10% of free system memory.
I0000 00:00:1778761065.744292 2803625 cuda_dnn.cc:461] Loaded cuDNN version 92200
W0000 00:00:1778762125.319783 2803304 cpu_allocator_impl.cc:82] Allocation of 1293516000 exceeds 10% of free system memory.
W0000 00:00:1778762126.469440 2803304 cpu_allocator_impl.cc:82] Allocation of 1293516000 exceeds 10% of free system memory.
[2026-05-14 21:35:49] video-level val: videos=1811 f1=0.9732 recall=0.9873 fall_prec=0.9594 nfall_prec=0.9606 min_prec=0.9594 min_consecutive=5
[2026-05-14 21:35:49] video-level test: videos=911 f1=0.9662 recall=0.9763 fall_prec=0.9564 nfall_prec=0.9283 min_prec=0.9283 min_consecutive=5
[2026-05-14 21:35:50] === VAL VIDEO-LEVEL REPORT ===
              precision    recall  f1-score   support

           0     0.9606    0.8811    0.9192       471
           1     0.9594    0.9873    0.9732      1340

    accuracy                         0.9597      1811
   macro avg     0.9600    0.9342    0.9462      1811
weighted avg     0.9597    0.9597    0.9591      1811

[2026-05-14 21:35:50] === TEST VIDEO-LEVEL REPORT ===
              precision    recall  f1-score   support

           0     0.9283    0.8734    0.9000       237
           1     0.9564    0.9763    0.9662       674

    accuracy                         0.9495       911
   macro avg     0.9423    0.9248    0.9331       911
weighted avg     0.9491    0.9495    0.9490       911

[2026-05-14 21:35:50] tflite export subprocess exit=0
[2026-05-14 21:35:50]   [tflite] LF-v05: no metrics.json, skip
[2026-05-14 21:35:50]   [tflite] 
[2026-05-14 21:35:50]   [tflite] Done.
[2026-05-14 21:35:50] done LF-v05 val_f1=0.9709 (video=0.9732) test_f1=0.9625 (video=0.9662) test_min_prec=0.9283 threshold=0.500 min_consecutive=5
[2026-05-14 21:35:51] OK    LF-v05
[2026-05-14 21:35:51] START LF-v06
WARNING: All log messages before absl::InitializeLog() is called are written to STDERR
I0000 00:00:1778762151.830772 2816000 cpu_feature_guard.cc:227] This TensorFlow binary is optimized to use available CPU instructions in performance-critical operations.
To enable the following instructions: AVX2 FMA, in other operations, rebuild TensorFlow with the appropriate compiler flags.
[2026-05-14 21:35:53] loading train split=/home/min/Workspace/Graduate-Project/Falling-Model-Development/dataset/splits_v2_filtered/train.csv
[2026-05-14 21:36:06] train rows=1,274,014 videos=6,344 features=45 data_scope=all
[2026-05-14 21:36:06] loading val split=/home/min/Workspace/Graduate-Project/Falling-Model-Development/dataset/splits_v2_filtered/val.csv
[2026-05-14 21:36:10] val rows=363,918 videos=1,811 features=45 data_scope=all
[2026-05-14 21:36:10] loading test split=/home/min/Workspace/Graduate-Project/Falling-Model-Development/dataset/splits_v2_filtered/test.csv
[2026-05-14 21:36:12] test rows=182,782 videos=911 features=45 data_scope=all
[2026-05-14 21:36:19] train windows=119,770 positive=101,606 videos=6,344
[2026-05-14 21:36:22] val windows=39,199 positive=29,010 videos=1,811
[2026-05-14 21:36:23] test windows=19,712 positive=14,587 videos=911
I0000 00:00:1778762187.638257 2816000 gpu_device.cc:2043] Created device /job:localhost/replica:0/task:0/device:GPU:0 with 6067 MB memory:  -> device: 0, name: NVIDIA GeForce RTX 2060 SUPER, pci bus id: 0000:05:00.0, compute capability: 7.5
W0000 00:00:1778762189.050354 2816000 cpu_allocator_impl.cc:82] Allocation of 1293516000 exceeds 10% of free system memory.
W0000 00:00:1778762190.214751 2816000 cpu_allocator_impl.cc:82] Allocation of 1293516000 exceeds 10% of free system memory.
W0000 00:00:1778762192.595445 2816000 cpu_allocator_impl.cc:82] Allocation of 1293516000 exceeds 10% of free system memory.
I0000 00:00:1778762196.036058 2816333 cuda_dnn.cc:461] Loaded cuDNN version 92200
W0000 00:00:1778764192.861788 2816000 cpu_allocator_impl.cc:82] Allocation of 1293516000 exceeds 10% of free system memory.
W0000 00:00:1778764194.009755 2816000 cpu_allocator_impl.cc:82] Allocation of 1293516000 exceeds 10% of free system memory.
[2026-05-14 22:10:27] video-level val: videos=1811 f1=0.9725 recall=0.9910 fall_prec=0.9547 nfall_prec=0.9714 min_prec=0.9547 min_consecutive=5
[2026-05-14 22:10:27] video-level test: videos=911 f1=0.9738 recall=0.9926 fall_prec=0.9557 nfall_prec=0.9763 min_prec=0.9557 min_consecutive=5
[2026-05-14 22:10:28] === VAL VIDEO-LEVEL REPORT ===
              precision    recall  f1-score   support

           0     0.9714    0.8662    0.9158       471
           1     0.9547    0.9910    0.9725      1340

    accuracy                         0.9586      1811
   macro avg     0.9631    0.9286    0.9442      1811
weighted avg     0.9591    0.9586    0.9578      1811

[2026-05-14 22:10:28] === TEST VIDEO-LEVEL REPORT ===
              precision    recall  f1-score   support

           0     0.9763    0.8692    0.9196       237
           1     0.9557    0.9926    0.9738       674

    accuracy                         0.9605       911
   macro avg     0.9660    0.9309    0.9467       911
weighted avg     0.9611    0.9605    0.9597       911

[2026-05-14 22:10:28] tflite export subprocess exit=0
[2026-05-14 22:10:28]   [tflite] LF-v06: no metrics.json, skip
[2026-05-14 22:10:28]   [tflite] 
[2026-05-14 22:10:28]   [tflite] Done.
[2026-05-14 22:10:28] done LF-v06 val_f1=0.9726 (video=0.9725) test_f1=0.9728 (video=0.9738) test_min_prec=0.9557 threshold=0.400 min_consecutive=5
[2026-05-14 22:10:29] OK    LF-v06
[2026-05-14 22:10:29] START LF-v07
WARNING: All log messages before absl::InitializeLog() is called are written to STDERR
I0000 00:00:1778764229.844983 2839258 cpu_feature_guard.cc:227] This TensorFlow binary is optimized to use available CPU instructions in performance-critical operations.
To enable the following instructions: AVX2 FMA, in other operations, rebuild TensorFlow with the appropriate compiler flags.
[2026-05-14 22:10:31] loading train split=/home/min/Workspace/Graduate-Project/Falling-Model-Development/dataset/splits_v2_filtered/train.csv
[2026-05-14 22:10:44] train rows=1,274,014 videos=6,344 features=45 data_scope=all
[2026-05-14 22:10:44] loading val split=/home/min/Workspace/Graduate-Project/Falling-Model-Development/dataset/splits_v2_filtered/val.csv
[2026-05-14 22:10:47] val rows=363,918 videos=1,811 features=45 data_scope=all
[2026-05-14 22:10:47] loading test split=/home/min/Workspace/Graduate-Project/Falling-Model-Development/dataset/splits_v2_filtered/test.csv
[2026-05-14 22:10:49] test rows=182,782 videos=911 features=45 data_scope=all
[2026-05-14 22:10:57] train windows=119,770 positive=101,606 videos=6,344
[2026-05-14 22:10:59] val windows=39,199 positive=29,010 videos=1,811
[2026-05-14 22:11:01] test windows=19,712 positive=14,587 videos=911
I0000 00:00:1778764265.220236 2839258 gpu_device.cc:2043] Created device /job:localhost/replica:0/task:0/device:GPU:0 with 6067 MB memory:  -> device: 0, name: NVIDIA GeForce RTX 2060 SUPER, pci bus id: 0000:05:00.0, compute capability: 7.5
W0000 00:00:1778764266.637413 2839258 cpu_allocator_impl.cc:82] Allocation of 1293516000 exceeds 10% of free system memory.
W0000 00:00:1778764267.802916 2839258 cpu_allocator_impl.cc:82] Allocation of 1293516000 exceeds 10% of free system memory.
W0000 00:00:1778764270.245339 2839258 cpu_allocator_impl.cc:82] Allocation of 1293516000 exceeds 10% of free system memory.
I0000 00:00:1778764273.430057 2839563 cuda_dnn.cc:461] Loaded cuDNN version 92200
W0000 00:00:1778765586.672707 2839258 cpu_allocator_impl.cc:82] Allocation of 1293516000 exceeds 10% of free system memory.
W0000 00:00:1778765587.823619 2839258 cpu_allocator_impl.cc:82] Allocation of 1293516000 exceeds 10% of free system memory.
[2026-05-14 22:33:31] video-level val: videos=1811 f1=0.9699 recall=0.9851 fall_prec=0.9551 nfall_prec=0.9534 min_prec=0.9534 min_consecutive=5
[2026-05-14 22:33:31] video-level test: videos=911 f1=0.9731 recall=0.9911 fall_prec=0.9557 nfall_prec=0.9717 min_prec=0.9557 min_consecutive=5
[2026-05-14 22:33:31] === VAL VIDEO-LEVEL REPORT ===
              precision    recall  f1-score   support

           0     0.9534    0.8684    0.9089       471
           1     0.9551    0.9851    0.9699      1340

    accuracy                         0.9547      1811
   macro avg     0.9543    0.9267    0.9394      1811
weighted avg     0.9547    0.9547    0.9540      1811

[2026-05-14 22:33:31] === TEST VIDEO-LEVEL REPORT ===
              precision    recall  f1-score   support

           0     0.9717    0.8692    0.9176       237
           1     0.9557    0.9911    0.9731       674

    accuracy                         0.9594       911
   macro avg     0.9637    0.9301    0.9453       911
weighted avg     0.9598    0.9594    0.9586       911

[2026-05-14 22:33:31] tflite export subprocess exit=0
[2026-05-14 22:33:31]   [tflite] LF-v07: no metrics.json, skip
[2026-05-14 22:33:31]   [tflite] 
[2026-05-14 22:33:31]   [tflite] Done.
[2026-05-14 22:33:31] done LF-v07 val_f1=0.9689 (video=0.9699) test_f1=0.9692 (video=0.9731) test_min_prec=0.9557 threshold=0.500 min_consecutive=5
[2026-05-14 22:33:32] OK    LF-v07
[2026-05-14 22:33:32] START LF-v08
WARNING: All log messages before absl::InitializeLog() is called are written to STDERR
I0000 00:00:1778765613.468278 2854639 cpu_feature_guard.cc:227] This TensorFlow binary is optimized to use available CPU instructions in performance-critical operations.
To enable the following instructions: AVX2 FMA, in other operations, rebuild TensorFlow with the appropriate compiler flags.
[2026-05-14 22:33:34] loading train split=/home/min/Workspace/Graduate-Project/Falling-Model-Development/dataset/splits_v2_filtered/train.csv
[2026-05-14 22:33:48] train rows=1,274,014 videos=6,344 features=45 data_scope=all
[2026-05-14 22:33:48] loading val split=/home/min/Workspace/Graduate-Project/Falling-Model-Development/dataset/splits_v2_filtered/val.csv
[2026-05-14 22:33:51] val rows=363,918 videos=1,811 features=45 data_scope=all
[2026-05-14 22:33:51] loading test split=/home/min/Workspace/Graduate-Project/Falling-Model-Development/dataset/splits_v2_filtered/test.csv
[2026-05-14 22:33:53] test rows=182,782 videos=911 features=45 data_scope=all
[2026-05-14 22:34:01] train windows=119,770 positive=101,606 videos=6,344
[2026-05-14 22:34:03] val windows=39,199 positive=29,010 videos=1,811
[2026-05-14 22:34:05] test windows=19,712 positive=14,587 videos=911
I0000 00:00:1778765649.105198 2854639 gpu_device.cc:2043] Created device /job:localhost/replica:0/task:0/device:GPU:0 with 6067 MB memory:  -> device: 0, name: NVIDIA GeForce RTX 2060 SUPER, pci bus id: 0000:05:00.0, compute capability: 7.5
W0000 00:00:1778765650.549728 2854639 cpu_allocator_impl.cc:82] Allocation of 1293516000 exceeds 10% of free system memory.
W0000 00:00:1778765651.704731 2854639 cpu_allocator_impl.cc:82] Allocation of 1293516000 exceeds 10% of free system memory.
W0000 00:00:1778765654.126962 2854639 cpu_allocator_impl.cc:82] Allocation of 1293516000 exceeds 10% of free system memory.
I0000 00:00:1778765657.956893 2854944 cuda_dnn.cc:461] Loaded cuDNN version 92200
W0000 00:00:1778767621.799131 2854639 cpu_allocator_impl.cc:82] Allocation of 1293516000 exceeds 10% of free system memory.
W0000 00:00:1778767622.969625 2854639 cpu_allocator_impl.cc:82] Allocation of 1293516000 exceeds 10% of free system memory.
[2026-05-14 23:07:36] video-level val: videos=1811 f1=0.9735 recall=0.9888 fall_prec=0.9588 nfall_prec=0.9650 min_prec=0.9588 min_consecutive=5
[2026-05-14 23:07:37] video-level test: videos=911 f1=0.9672 recall=0.9837 fall_prec=0.9512 nfall_prec=0.9486 min_prec=0.9486 min_consecutive=5
[2026-05-14 23:07:37] === VAL VIDEO-LEVEL REPORT ===
              precision    recall  f1-score   support

           0     0.9650    0.8790    0.9200       471
           1     0.9588    0.9888    0.9735      1340

    accuracy                         0.9602      1811
   macro avg     0.9619    0.9339    0.9468      1811
weighted avg     0.9604    0.9602    0.9596      1811

[2026-05-14 23:07:37] === TEST VIDEO-LEVEL REPORT ===
              precision    recall  f1-score   support

           0     0.9486    0.8565    0.9002       237
           1     0.9512    0.9837    0.9672       674

    accuracy                         0.9506       911
   macro avg     0.9499    0.9201    0.9337       911
weighted avg     0.9505    0.9506    0.9498       911

[2026-05-14 23:07:37] tflite export subprocess exit=0
[2026-05-14 23:07:37]   [tflite] LF-v08: no metrics.json, skip
[2026-05-14 23:07:37]   [tflite] 
[2026-05-14 23:07:37]   [tflite] Done.
[2026-05-14 23:07:37] done LF-v08 val_f1=0.9718 (video=0.9735) test_f1=0.9680 (video=0.9672) test_min_prec=0.9486 threshold=0.450 min_consecutive=5
[2026-05-14 23:07:38] OK    LF-v08
[2026-05-14 23:07:38] All LF experiments complete.

=== LAST-FRAME LB-3 RESULTS ===
ID       PP   Arch          testF1     Rec FallPrec NFallPrc  MinPrec  mincn
------------------------------------------------------------------------
LF-v01   raw  base          0.9672  0.9837   0.9512   0.9486   0.9486      5
LF-v02   raw  bidir         0.9743  0.9837   0.9651   0.9509   0.9509      5
LF-v03   raw  attn          0.9715  0.9852   0.9582   0.9541   0.9541      5
LF-v04   raw  bidir+attn    0.9715  0.9852   0.9582   0.9541   0.9541      5
LF-v05   filt base          0.9662  0.9763   0.9564   0.9283   0.9283      5
LF-v06   filt bidir         0.9738  0.9926   0.9557   0.9763   0.9557      5
LF-v07   filt attn          0.9731  0.9911   0.9557   0.9717   0.9557      5
LF-v08   filt bidir+attn    0.9672  0.9837   0.9512   0.9486   0.9486      5
[2026-05-14 23:07:38] Summary written to results/gru_lb3_lastframe/summary.log
