WARNING: All log messages before absl::InitializeLog() is called are written to STDERR
I0000 00:00:1778827541.525998 4182727 cpu_feature_guard.cc:227] This TensorFlow binary is optimized to use available CPU instructions in performance-critical operations.
To enable the following instructions: AVX2 FMA, in other operations, rebuild TensorFlow with the appropriate compiler flags.
[2026-05-15 15:45:43] loading train split=/home/min/Workspace/Graduate-Project/Falling-Model-Development/dataset/splits_v2_filtered/train.csv
[2026-05-15 15:45:56] train rows=1,274,014 videos=6,344 features=27 data_scope=all
[2026-05-15 15:45:56] loading val split=/home/min/Workspace/Graduate-Project/Falling-Model-Development/dataset/splits_v2_filtered/val.csv
[2026-05-15 15:46:00] val rows=363,918 videos=1,811 features=27 data_scope=all
[2026-05-15 15:46:00] loading test split=/home/min/Workspace/Graduate-Project/Falling-Model-Development/dataset/splits_v2_filtered/test.csv
[2026-05-15 15:46:01] test rows=182,782 videos=911 features=27 data_scope=all
[2026-05-15 15:46:20] train windows=517,979 positive=224,347 videos=6,344
[2026-05-15 15:46:23] val windows=74,251 positive=32,590 videos=1,811
[2026-05-15 15:46:25] test windows=37,351 positive=16,447 videos=911
I0000 00:00:1778827593.161774 4182727 gpu_device.cc:2043] Created device /job:localhost/replica:0/task:0/device:GPU:0 with 6066 MB memory:  -> device: 0, name: NVIDIA GeForce RTX 2060 SUPER, pci bus id: 0000:05:00.0, compute capability: 7.5
W0000 00:00:1778827594.360317 4182727 cpu_allocator_impl.cc:82] Allocation of 2237669280 exceeds 10% of free system memory.
W0000 00:00:1778827596.252402 4182727 cpu_allocator_impl.cc:82] Allocation of 2237669280 exceeds 10% of free system memory.
W0000 00:00:1778827598.627435 4182727 cpu_allocator_impl.cc:82] Allocation of 2237669280 exceeds 10% of free system memory.
I0000 00:00:1778827602.495217 4183221 service.cc:153] XLA service 0x732a30045610 initialized for platform CUDA (this does not guarantee that XLA will be used). Devices:
I0000 00:00:1778827602.495239 4183221 service.cc:161]   StreamExecutor [0]: NVIDIA GeForce RTX 2060 SUPER, Compute Capability 7.5 (Driver: 13.0.0; Runtime: 12.9.0; Toolkit: 12.5.0; DNN: 9.22.0)
I0000 00:00:1778827602.674221 4183221 dump_mlir_util.cc:269] disabling MLIR crash reproducer, set env var `MLIR_CRASH_REPRODUCER_DIRECTORY` to enable.
I0000 00:00:1778827603.234994 4183221 cuda_dnn.cc:461] Loaded cuDNN version 92200
I0000 00:00:1778827603.407690 4183221 dot_merger.cc:481] Merging Dots in computation: a_inference_one_step_on_data_8740__.86
I0000 00:00:1778827612.885223 4183221 device_compiler.h:208] Compiled cluster using XLA!  This line is logged at most once for the lifetime of the process.
I0000 00:00:1778827627.914347 4183220 dot_merger.cc:481] Merging Dots in computation: a_inference_one_step_on_data_8740__.86
W0000 00:00:1778827719.268600 4182727 cpu_allocator_impl.cc:82] Allocation of 2237669280 exceeds 10% of free system memory.
W0000 00:00:1778827721.519874 4182727 cpu_allocator_impl.cc:82] Allocation of 2237669280 exceeds 10% of free system memory.
[2026-05-15 15:49:51] video-level val: videos=1811 f1=0.9531 fall_recall=0.9549 nfall_recall=0.8646 fall_prec=0.9513 nfall_prec=0.8737 min_pr=0.8646 min_consecutive=5
[2026-05-15 15:49:52] video-level test: videos=911 f1=0.9548 fall_recall=0.9685 nfall_recall=0.8367 fall_prec=0.9416 nfall_prec=0.9071 min_pr=0.8367 min_consecutive=5
[2026-05-15 15:49:52] === VAL VIDEO-LEVEL REPORT ===
              precision    recall  f1-score   support

           0     0.8737    0.8646    0.8691       480
           1     0.9513    0.9549    0.9531      1331

    accuracy                         0.9310      1811
   macro avg     0.9125    0.9098    0.9111      1811
weighted avg     0.9308    0.9310    0.9309      1811

[2026-05-15 15:49:52] === TEST VIDEO-LEVEL REPORT ===
              precision    recall  f1-score   support

           0     0.9071    0.8367    0.8705       245
           1     0.9416    0.9685    0.9548       666

    accuracy                         0.9330       911
   macro avg     0.9243    0.9026    0.9127       911
weighted avg     0.9323    0.9330    0.9322       911

[2026-05-15 15:49:52] done P9O-v06 val_f1=0.8825 (video=0.9531) test_f1=0.8881 (video=0.9548) test_min_pr=0.8367 threshold=0.600 min_consecutive=5
