WARNING: All log messages before absl::InitializeLog() is called are written to STDERR
I0000 00:00:1778825988.609633 4162662 cpu_feature_guard.cc:227] This TensorFlow binary is optimized to use available CPU instructions in performance-critical operations.
To enable the following instructions: AVX2 FMA, in other operations, rebuild TensorFlow with the appropriate compiler flags.
[2026-05-15 15:19:49] loading train split=/home/min/Workspace/Graduate-Project/Falling-Model-Development/dataset/splits_v2_filtered/train.csv
[2026-05-15 15:20:02] train rows=1,274,014 videos=6,344 features=27 data_scope=all
[2026-05-15 15:20:02] loading val split=/home/min/Workspace/Graduate-Project/Falling-Model-Development/dataset/splits_v2_filtered/val.csv
[2026-05-15 15:20:06] val rows=363,918 videos=1,811 features=27 data_scope=all
[2026-05-15 15:20:06] loading test split=/home/min/Workspace/Graduate-Project/Falling-Model-Development/dataset/splits_v2_filtered/test.csv
[2026-05-15 15:20:07] test rows=182,782 videos=911 features=27 data_scope=all
[2026-05-15 15:20:22] train windows=370,921 positive=224,347 videos=6,344
[2026-05-15 15:20:25] val windows=74,251 positive=32,590 videos=1,811
[2026-05-15 15:20:27] test windows=37,351 positive=16,447 videos=911
I0000 00:00:1778826031.325791 4162662 gpu_device.cc:2043] Created device /job:localhost/replica:0/task:0/device:GPU:0 with 6066 MB memory:  -> device: 0, name: NVIDIA GeForce RTX 2060 SUPER, pci bus id: 0000:05:00.0, compute capability: 7.5
W0000 00:00:1778826032.258707 4162662 cpu_allocator_impl.cc:82] Allocation of 1602378720 exceeds 10% of free system memory.
W0000 00:00:1778826033.645287 4162662 cpu_allocator_impl.cc:82] Allocation of 1602378720 exceeds 10% of free system memory.
W0000 00:00:1778826035.690701 4162662 cpu_allocator_impl.cc:82] Allocation of 1602378720 exceeds 10% of free system memory.
I0000 00:00:1778826038.135106 4163300 cuda_dnn.cc:461] Loaded cuDNN version 92200
W0000 00:00:1778826233.440243 4162662 cpu_allocator_impl.cc:82] Allocation of 1602378720 exceeds 10% of free system memory.
W0000 00:00:1778826234.837629 4162662 cpu_allocator_impl.cc:82] Allocation of 1602378720 exceeds 10% of free system memory.
[2026-05-15 15:24:56] video-level val: videos=1811 f1=0.9601 fall_recall=0.9579 nfall_recall=0.8958 fall_prec=0.9623 nfall_prec=0.8848 min_pr=0.8848 min_consecutive=3
[2026-05-15 15:24:56] video-level test: videos=911 f1=0.9707 fall_recall=0.9700 nfall_recall=0.9224 fall_prec=0.9714 nfall_prec=0.9187 min_pr=0.9187 min_consecutive=3
[2026-05-15 15:24:56] === VAL VIDEO-LEVEL REPORT ===
              precision    recall  f1-score   support

           0     0.8848    0.8958    0.8903       480
           1     0.9623    0.9579    0.9601      1331

    accuracy                         0.9415      1811
   macro avg     0.9235    0.9269    0.9252      1811
weighted avg     0.9417    0.9415    0.9416      1811

[2026-05-15 15:24:56] === TEST VIDEO-LEVEL REPORT ===
              precision    recall  f1-score   support

           0     0.9187    0.9224    0.9206       245
           1     0.9714    0.9700    0.9707       666

    accuracy                         0.9572       911
   macro avg     0.9451    0.9462    0.9456       911
weighted avg     0.9572    0.9572    0.9572       911

[2026-05-15 15:24:56] done P9O-v01 val_f1=0.8739 (video=0.9601) test_f1=0.8838 (video=0.9707) test_min_pr=0.9187 threshold=0.525 min_consecutive=3
