WARNING: All log messages before absl::InitializeLog() is called are written to STDERR
I0000 00:00:1778827222.651088 4178814 cpu_feature_guard.cc:227] This TensorFlow binary is optimized to use available CPU instructions in performance-critical operations.
To enable the following instructions: AVX2 FMA, in other operations, rebuild TensorFlow with the appropriate compiler flags.
[2026-05-15 15:40:24] loading train split=/home/min/Workspace/Graduate-Project/Falling-Model-Development/dataset/splits_v2_filtered/train.csv
[2026-05-15 15:40:36] train rows=1,274,014 videos=6,344 features=27 data_scope=all
[2026-05-15 15:40:36] loading val split=/home/min/Workspace/Graduate-Project/Falling-Model-Development/dataset/splits_v2_filtered/val.csv
[2026-05-15 15:40:39] val rows=363,918 videos=1,811 features=27 data_scope=all
[2026-05-15 15:40:39] loading test split=/home/min/Workspace/Graduate-Project/Falling-Model-Development/dataset/splits_v2_filtered/test.csv
[2026-05-15 15:40:41] test rows=182,782 videos=911 features=27 data_scope=all
[2026-05-15 15:40:57] train windows=454,539 positive=228,217 videos=6,344
[2026-05-15 15:41:00] val windows=65,196 positive=33,139 videos=1,811
[2026-05-15 15:41:02] test windows=32,796 positive=16,769 videos=911
I0000 00:00:1778827272.950045 4178814 gpu_device.cc:2043] Created device /job:localhost/replica:0/task:0/device:GPU:0 with 6066 MB memory:  -> device: 0, name: NVIDIA GeForce RTX 2060 SUPER, pci bus id: 0000:05:00.0, compute capability: 7.5
W0000 00:00:1778827274.200759 4178814 cpu_allocator_impl.cc:82] Allocation of 2454510600 exceeds 10% of free system memory.
W0000 00:00:1778827276.318176 4178814 cpu_allocator_impl.cc:82] Allocation of 2454510600 exceeds 10% of free system memory.
W0000 00:00:1778827278.807411 4178814 cpu_allocator_impl.cc:82] Allocation of 2454510600 exceeds 10% of free system memory.
I0000 00:00:1778827281.794031 4179217 cuda_dnn.cc:461] Loaded cuDNN version 92200
W0000 00:00:1778827477.475379 4178814 cpu_allocator_impl.cc:82] Allocation of 2454510600 exceeds 10% of free system memory.
W0000 00:00:1778827479.689396 4178814 cpu_allocator_impl.cc:82] Allocation of 2454510600 exceeds 10% of free system memory.
[2026-05-15 15:45:38] video-level val: videos=1811 f1=0.9557 fall_recall=0.9557 nfall_recall=0.8771 fall_prec=0.9557 nfall_prec=0.8771 min_pr=0.8771 min_consecutive=1
[2026-05-15 15:45:39] video-level test: videos=911 f1=0.9635 fall_recall=0.9700 nfall_recall=0.8816 fall_prec=0.9570 nfall_prec=0.9153 min_pr=0.8816 min_consecutive=1
[2026-05-15 15:45:39] === VAL VIDEO-LEVEL REPORT ===
              precision    recall  f1-score   support

           0     0.8771    0.8771    0.8771       480
           1     0.9557    0.9557    0.9557      1331

    accuracy                         0.9348      1811
   macro avg     0.9164    0.9164    0.9164      1811
weighted avg     0.9348    0.9348    0.9348      1811

[2026-05-15 15:45:39] === TEST VIDEO-LEVEL REPORT ===
              precision    recall  f1-score   support

           0     0.9153    0.8816    0.8981       245
           1     0.9570    0.9700    0.9635       666

    accuracy                         0.9462       911
   macro avg     0.9361    0.9258    0.9308       911
weighted avg     0.9458    0.9462    0.9459       911

[2026-05-15 15:45:39] done P9O-v05 val_f1=0.8672 (video=0.9557) test_f1=0.8806 (video=0.9635) test_min_pr=0.8816 threshold=0.425 min_consecutive=1
