[2026-05-15 15:19:47] === Phase 9 open exploration: FP reduction sweep, device=gpu ===
[2026-05-15 15:19:47] START P9O-v01
[2026-05-15 15:24:57] OK    P9O-v01
[2026-05-15 15:24:57] START P9O-v02
[2026-05-15 15:29:57] OK    P9O-v02
[2026-05-15 15:29:57] START P9O-v03
[2026-05-15 15:34:54] OK    P9O-v03
[2026-05-15 15:34:54] START P9O-v04
[2026-05-15 15:40:22] OK    P9O-v04
[2026-05-15 15:40:22] START P9O-v05
[2026-05-15 15:45:40] OK    P9O-v05
[2026-05-15 15:45:40] START P9O-v06
[2026-05-15 15:49:53] OK    P9O-v06
[2026-05-15 15:49:53] === Phase 9 open summary ===

[2026-05-15 15:49:53] Phase 9 MinPR status
output_root=results/phase9_minpr_open target_min_pr=0.9200
completed=6
ID       Config                                 MinPR   FallP  NFallP   FallR  NFallR      F1   Thr  MC Pass  ST
---------------------------------------------------------------------------------------------------------------------
P9O-v01  -                                     0.9187  0.9714  0.9187  0.9700  0.9224  0.9707  0.53   3   NO   -
P9O-v04  -                                     0.8831  0.9608  0.8831  0.9565  0.8939  0.9586  0.80   3   NO   -
P9O-v05  -                                     0.8816  0.9570  0.9153  0.9700  0.8816  0.9635  0.42   1   NO   -
P9O-v03  -                                     0.8653  0.9514  0.9138  0.9700  0.8653  0.9606  0.37   3   NO   -
P9O-v02  -                                     0.8653  0.9507  0.8760  0.9550  0.8653  0.9528  0.47   3   NO   -
P9O-v06  -                                     0.8367  0.9416  0.9071  0.9685  0.8367  0.9548  0.60   5   NO   -

best=P9O-v01 MinPR=0.9187 FallR=0.9700 FallP=0.9714
