WARNING: All log messages before absl::InitializeLog() is called are written to STDERR
I0000 00:00:1778809387.925811 3292634 cpu_feature_guard.cc:227] This TensorFlow binary is optimized to use available CPU instructions in performance-critical operations.
To enable the following instructions: AVX2 FMA, in other operations, rebuild TensorFlow with the appropriate compiler flags.
[2026-05-15 10:43:09] loading train split=/home/min/Workspace/Graduate-Project/Falling-Model-Development/dataset/splits_v2_filtered/train.csv
[2026-05-15 10:43:22] train rows=1,274,014 videos=6,344 features=45 data_scope=all
[2026-05-15 10:43:22] loading val split=/home/min/Workspace/Graduate-Project/Falling-Model-Development/dataset/splits_v2_filtered/val.csv
[2026-05-15 10:43:26] val rows=363,918 videos=1,811 features=45 data_scope=all
[2026-05-15 10:43:26] loading test split=/home/min/Workspace/Graduate-Project/Falling-Model-Development/dataset/splits_v2_filtered/test.csv
[2026-05-15 10:43:27] test rows=182,782 videos=911 features=45 data_scope=all
[2026-05-15 10:43:44] train windows=370,921 positive=224,347 videos=6,344
[2026-05-15 10:43:49] val windows=147,859 positive=64,446 videos=1,811
[2026-05-15 10:43:52] test windows=74,372 positive=32,532 videos=911
I0000 00:00:1778809442.407520 3292634 gpu_device.cc:2043] Created device /job:localhost/replica:0/task:0/device:GPU:0 with 6068 MB memory:  -> device: 0, name: NVIDIA GeForce RTX 2060 SUPER, pci bus id: 0000:05:00.0, compute capability: 7.5
W0000 00:00:1778809444.338019 3292634 cpu_allocator_impl.cc:82] Allocation of 2670631200 exceeds 10% of free system memory.
W0000 00:00:1778809446.681792 3292634 cpu_allocator_impl.cc:82] Allocation of 2670631200 exceeds 10% of free system memory.
W0000 00:00:1778809449.460098 3292634 cpu_allocator_impl.cc:82] Allocation of 1064584800 exceeds 10% of free system memory.
W0000 00:00:1778809450.433320 3292634 cpu_allocator_impl.cc:82] Allocation of 1064584800 exceeds 10% of free system memory.
W0000 00:00:1778809451.013034 3292634 cpu_allocator_impl.cc:82] Allocation of 2670631200 exceeds 10% of free system memory.
I0000 00:00:1778809454.172733 3293167 cuda_dnn.cc:461] Loaded cuDNN version 92200
[2026-05-15 11:06:24] video-level val: videos=1811 f1=0.9661 recall=0.9730 fall_prec=0.9593 nfall_prec=0.9219 min_prec=0.9219 min_consecutive=1
[2026-05-15 11:06:25] video-level test: videos=911 f1=0.9619 recall=0.9655 fall_prec=0.9583 nfall_prec=0.9042 min_prec=0.9042 min_consecutive=1
[2026-05-15 11:06:25] === VAL VIDEO-LEVEL REPORT ===
              precision    recall  f1-score   support

           0     0.9219    0.8854    0.9033       480
           1     0.9593    0.9730    0.9661      1331

    accuracy                         0.9498      1811
   macro avg     0.9406    0.9292    0.9347      1811
weighted avg     0.9494    0.9498    0.9494      1811

[2026-05-15 11:06:25] === TEST VIDEO-LEVEL REPORT ===
              precision    recall  f1-score   support

           0     0.9042    0.8857    0.8948       245
           1     0.9583    0.9655    0.9619       666

    accuracy                         0.9440       911
   macro avg     0.9312    0.9256    0.9284       911
weighted avg     0.9437    0.9440    0.9438       911

[2026-05-15 11:06:36] tflite export subprocess exit=0
[2026-05-15 11:06:36]   [tflite] [Q7-v01]
[2026-05-15 11:06:36]   [tflite]   Loading model.keras ...
[2026-05-15 11:06:36]   [tflite]     rebuilding with unroll=True for TFLite compatibility
[2026-05-15 11:06:36]   [tflite] Saved artifact at '/tmp/tmp23ofutzj'. The following endpoints are available:
[2026-05-15 11:06:36]   [tflite] 
[2026-05-15 11:06:36]   [tflite] * Endpoint 'serve'
[2026-05-15 11:06:36]   [tflite]   args_0 (POSITIONAL_ONLY): TensorSpec(shape=(None, 40, 45), dtype=tf.float32, name='pose_sequence')
[2026-05-15 11:06:36]   [tflite] Output Type:
[2026-05-15 11:06:36]   [tflite]   TensorSpec(shape=(None, 2), dtype=tf.float32, name=None)
[2026-05-15 11:06:36]   [tflite] Captures:
[2026-05-15 11:06:36]   [tflite]   129417433413584: TensorSpec(shape=(), dtype=tf.resource, name=None)
[2026-05-15 11:06:36]   [tflite]   129417433414352: TensorSpec(shape=(), dtype=tf.resource, name=None)
[2026-05-15 11:06:36]   [tflite]   129417433414160: TensorSpec(shape=(), dtype=tf.resource, name=None)
[2026-05-15 11:06:36]   [tflite]   129417433414544: TensorSpec(shape=(), dtype=tf.resource, name=None)
[2026-05-15 11:06:36]   [tflite]   129417433412624: TensorSpec(shape=(), dtype=tf.resource, name=None)
[2026-05-15 11:06:36]   [tflite]   129417433414736: TensorSpec(shape=(), dtype=tf.resource, name=None)
[2026-05-15 11:06:36]   [tflite]   129417433414928: TensorSpec(shape=(), dtype=tf.resource, name=None)
[2026-05-15 11:06:36]   [tflite]   129417433415312: TensorSpec(shape=(), dtype=tf.resource, name=None)
[2026-05-15 11:06:36]   [tflite]   129417433415504: TensorSpec(shape=(), dtype=tf.resource, name=None)
[2026-05-15 11:06:36]   [tflite]   129417433415120: TensorSpec(shape=(), dtype=tf.resource, name=None)
[2026-05-15 11:06:36]   [tflite]   129418234233296: TensorSpec(shape=(), dtype=tf.resource, name=None)
[2026-05-15 11:06:36]   [tflite]   129418234234640: TensorSpec(shape=(), dtype=tf.resource, name=None)
[2026-05-15 11:06:36]   [tflite]   129418234233680: TensorSpec(shape=(), dtype=tf.resource, name=None)
[2026-05-15 11:06:36]   [tflite]   129418234234064: TensorSpec(shape=(), dtype=tf.resource, name=None)
[2026-05-15 11:06:36]   [tflite]   129418234233488: TensorSpec(shape=(), dtype=tf.resource, name=None)
[2026-05-15 11:06:36]   [tflite]   129418234235024: TensorSpec(shape=(), dtype=tf.resource, name=None)
[2026-05-15 11:06:36]   [tflite]   129418234234832: TensorSpec(shape=(), dtype=tf.resource, name=None)
[2026-05-15 11:06:36]   [tflite]   129418234235792: TensorSpec(shape=(), dtype=tf.resource, name=None)
[2026-05-15 11:06:36]   [tflite]   129418234232912: TensorSpec(shape=(), dtype=tf.resource, name=None)
[2026-05-15 11:06:36]   [tflite]   129418234235216: TensorSpec(shape=(), dtype=tf.resource, name=None)
[2026-05-15 11:06:36]   [tflite]   129418234236176: TensorSpec(shape=(), dtype=tf.resource, name=None)
[2026-05-15 11:06:36]   [tflite]   129418234236368: TensorSpec(shape=(), dtype=tf.resource, name=None)
[2026-05-15 11:06:36]   [tflite]   129418234234448: TensorSpec(shape=(), dtype=tf.resource, name=None)
[2026-05-15 11:06:36]   [tflite]   129418234236944: TensorSpec(shape=(), dtype=tf.resource, name=None)
[2026-05-15 11:06:36]   [tflite]     fp32 OK (828 KB)
[2026-05-15 11:06:36]   [tflite] Saved artifact at '/tmp/tmpkp0osd1c'. The following endpoints are available:
[2026-05-15 11:06:36]   [tflite] 
[2026-05-15 11:06:36]   [tflite] * Endpoint 'serve'
[2026-05-15 11:06:36]   [tflite]   args_0 (POSITIONAL_ONLY): TensorSpec(shape=(None, 40, 45), dtype=tf.float32, name='pose_sequence')
[2026-05-15 11:06:36]   [tflite] Output Type:
[2026-05-15 11:06:36]   [tflite]   TensorSpec(shape=(None, 2), dtype=tf.float32, name=None)
[2026-05-15 11:06:36]   [tflite] Captures:
[2026-05-15 11:06:36]   [tflite]   129417433413584: TensorSpec(shape=(), dtype=tf.resource, name=None)
[2026-05-15 11:06:36]   [tflite]   129417433414352: TensorSpec(shape=(), dtype=tf.resource, name=None)
[2026-05-15 11:06:36]   [tflite]   129417433414160: TensorSpec(shape=(), dtype=tf.resource, name=None)
[2026-05-15 11:06:36]   [tflite]   129417433414544: TensorSpec(shape=(), dtype=tf.resource, name=None)
[2026-05-15 11:06:36]   [tflite]   129417433412624: TensorSpec(shape=(), dtype=tf.resource, name=None)
[2026-05-15 11:06:36]   [tflite]   129417433414736: TensorSpec(shape=(), dtype=tf.resource, name=None)
[2026-05-15 11:06:36]   [tflite]   129417433414928: TensorSpec(shape=(), dtype=tf.resource, name=None)
[2026-05-15 11:06:36]   [tflite]   129417433415312: TensorSpec(shape=(), dtype=tf.resource, name=None)
[2026-05-15 11:06:36]   [tflite]   129417433415504: TensorSpec(shape=(), dtype=tf.resource, name=None)
[2026-05-15 11:06:36]   [tflite]   129417433415120: TensorSpec(shape=(), dtype=tf.resource, name=None)
[2026-05-15 11:06:36]   [tflite]   129418234233296: TensorSpec(shape=(), dtype=tf.resource, name=None)
[2026-05-15 11:06:36]   [tflite]   129418234234640: TensorSpec(shape=(), dtype=tf.resource, name=None)
[2026-05-15 11:06:36]   [tflite]   129418234233680: TensorSpec(shape=(), dtype=tf.resource, name=None)
[2026-05-15 11:06:36]   [tflite]   129418234234064: TensorSpec(shape=(), dtype=tf.resource, name=None)
[2026-05-15 11:06:36]   [tflite]   129418234233488: TensorSpec(shape=(), dtype=tf.resource, name=None)
[2026-05-15 11:06:36]   [tflite]   129418234235024: TensorSpec(shape=(), dtype=tf.resource, name=None)
[2026-05-15 11:06:36]   [tflite]   129418234234832: TensorSpec(shape=(), dtype=tf.resource, name=None)
[2026-05-15 11:06:36]   [tflite]   129418234235792: TensorSpec(shape=(), dtype=tf.resource, name=None)
[2026-05-15 11:06:36]   [tflite]   129418234232912: TensorSpec(shape=(), dtype=tf.resource, name=None)
[2026-05-15 11:06:36]   [tflite]   129418234235216: TensorSpec(shape=(), dtype=tf.resource, name=None)
[2026-05-15 11:06:36]   [tflite]   129418234236176: TensorSpec(shape=(), dtype=tf.resource, name=None)
[2026-05-15 11:06:36]   [tflite]   129418234236368: TensorSpec(shape=(), dtype=tf.resource, name=None)
[2026-05-15 11:06:36]   [tflite]   129418234234448: TensorSpec(shape=(), dtype=tf.resource, name=None)
[2026-05-15 11:06:36]   [tflite]   129418234236944: TensorSpec(shape=(), dtype=tf.resource, name=None)
[2026-05-15 11:06:36]   [tflite]     int8 OK (1226 KB)
[2026-05-15 11:06:36]   [tflite] 
[2026-05-15 11:06:36]   [tflite] Done.
/home/min/Workspace/Graduate-Project/Falling-Model-Development/.venv/lib/python3.13/site-packages/tensorflow/lite/python/interpreter.py:457: UserWarning:     Warning: tf.lite.Interpreter is deprecated and is scheduled for deletion in
    TF 2.20. Please use the LiteRT interpreter from the ai_edge_litert package.
    See the [migration guide](https://ai.google.dev/edge/litert/migration)
    for details.
    
  warnings.warn(_INTERPRETER_DELETION_WARNING)
INFO: Created TensorFlow Lite XNNPACK delegate for CPU.
[2026-05-15 11:06:37] done Q7-v01 val_f1=0.8676 (video=0.9661) test_f1=0.8751 (video=0.9619) test_min_prec=0.9042 threshold=0.550 min_consecutive=1
