WARNING: All log messages before absl::InitializeLog() is called are written to STDERR
I0000 00:00:1778812059.350597 3322321 cpu_feature_guard.cc:227] This TensorFlow binary is optimized to use available CPU instructions in performance-critical operations.
To enable the following instructions: AVX2 FMA, in other operations, rebuild TensorFlow with the appropriate compiler flags.
[2026-05-15 11:27:40] loading train split=/home/min/Workspace/Graduate-Project/Falling-Model-Development/dataset/splits_v2_filtered/train.csv
[2026-05-15 11:27:54] train rows=1,274,014 videos=6,344 features=45 data_scope=all
[2026-05-15 11:27:54] loading val split=/home/min/Workspace/Graduate-Project/Falling-Model-Development/dataset/splits_v2_filtered/val.csv
[2026-05-15 11:27:57] val rows=363,918 videos=1,811 features=45 data_scope=all
[2026-05-15 11:27:57] loading test split=/home/min/Workspace/Graduate-Project/Falling-Model-Development/dataset/splits_v2_filtered/test.csv
[2026-05-15 11:27:59] test rows=182,782 videos=911 features=45 data_scope=all
[2026-05-15 11:28:15] train windows=397,522 positive=211,942 videos=6,344
[2026-05-15 11:28:21] val windows=165,969 positive=60,838 videos=1,811
[2026-05-15 11:28:24] test windows=83,482 positive=30,712 videos=911
I0000 00:00:1778812113.006894 3322321 gpu_device.cc:2043] Created device /job:localhost/replica:0/task:0/device:GPU:0 with 6068 MB memory:  -> device: 0, name: NVIDIA GeForce RTX 2060 SUPER, pci bus id: 0000:05:00.0, compute capability: 7.5
W0000 00:00:1778812114.759083 3322321 cpu_allocator_impl.cc:82] Allocation of 2146618800 exceeds 10% of free system memory.
W0000 00:00:1778812116.638720 3322321 cpu_allocator_impl.cc:82] Allocation of 2146618800 exceeds 10% of free system memory.
W0000 00:00:1778812119.043329 3322321 cpu_allocator_impl.cc:82] Allocation of 896232600 exceeds 10% of free system memory.
W0000 00:00:1778812119.866008 3322321 cpu_allocator_impl.cc:82] Allocation of 896232600 exceeds 10% of free system memory.
W0000 00:00:1778812120.374138 3322321 cpu_allocator_impl.cc:82] Allocation of 2146618800 exceeds 10% of free system memory.
I0000 00:00:1778812123.344781 3322861 cuda_dnn.cc:461] Loaded cuDNN version 92200
[2026-05-15 11:50:42] video-level val: videos=1811 f1=0.9641 recall=0.9782 fall_prec=0.9504 nfall_prec=0.9342 min_prec=0.9342 min_consecutive=5
[2026-05-15 11:50:42] video-level test: videos=911 f1=0.9619 recall=0.9865 fall_prec=0.9386 nfall_prec=0.9573 min_prec=0.9386 min_consecutive=5
[2026-05-15 11:50:43] === VAL VIDEO-LEVEL REPORT ===
              precision    recall  f1-score   support

           0     0.9342    0.8583    0.8947       480
           1     0.9504    0.9782    0.9641      1331

    accuracy                         0.9464      1811
   macro avg     0.9423    0.9183    0.9294      1811
weighted avg     0.9461    0.9464    0.9457      1811

[2026-05-15 11:50:43] === TEST VIDEO-LEVEL REPORT ===
              precision    recall  f1-score   support

           0     0.9573    0.8245    0.8860       245
           1     0.9386    0.9865    0.9619       666

    accuracy                         0.9429       911
   macro avg     0.9480    0.9055    0.9239       911
weighted avg     0.9436    0.9429    0.9415       911

[2026-05-15 11:50:51] tflite export subprocess exit=0
[2026-05-15 11:50:51]   [tflite] [Q7-v03]
[2026-05-15 11:50:51]   [tflite]   Loading model.keras ...
[2026-05-15 11:50:51]   [tflite]     rebuilding with unroll=True for TFLite compatibility
[2026-05-15 11:50:51]   [tflite] Saved artifact at '/tmp/tmp5mche5_z'. The following endpoints are available:
[2026-05-15 11:50:51]   [tflite] 
[2026-05-15 11:50:51]   [tflite] * Endpoint 'serve'
[2026-05-15 11:50:51]   [tflite]   args_0 (POSITIONAL_ONLY): TensorSpec(shape=(None, 30, 45), dtype=tf.float32, name='pose_sequence')
[2026-05-15 11:50:51]   [tflite] Output Type:
[2026-05-15 11:50:51]   [tflite]   TensorSpec(shape=(None, 2), dtype=tf.float32, name=None)
[2026-05-15 11:50:51]   [tflite] Captures:
[2026-05-15 11:50:51]   [tflite]   140566585636816: TensorSpec(shape=(), dtype=tf.resource, name=None)
[2026-05-15 11:50:51]   [tflite]   140566585637584: TensorSpec(shape=(), dtype=tf.resource, name=None)
[2026-05-15 11:50:51]   [tflite]   140566585637392: TensorSpec(shape=(), dtype=tf.resource, name=None)
[2026-05-15 11:50:51]   [tflite]   140566585637776: TensorSpec(shape=(), dtype=tf.resource, name=None)
[2026-05-15 11:50:51]   [tflite]   140566585635856: TensorSpec(shape=(), dtype=tf.resource, name=None)
[2026-05-15 11:50:51]   [tflite]   140566585637968: TensorSpec(shape=(), dtype=tf.resource, name=None)
[2026-05-15 11:50:51]   [tflite]   140566585638160: TensorSpec(shape=(), dtype=tf.resource, name=None)
[2026-05-15 11:50:51]   [tflite]   140566585638544: TensorSpec(shape=(), dtype=tf.resource, name=None)
[2026-05-15 11:50:51]   [tflite]   140566585638736: TensorSpec(shape=(), dtype=tf.resource, name=None)
[2026-05-15 11:50:51]   [tflite]   140566585638352: TensorSpec(shape=(), dtype=tf.resource, name=None)
[2026-05-15 11:50:51]   [tflite]   140567386538448: TensorSpec(shape=(), dtype=tf.resource, name=None)
[2026-05-15 11:50:51]   [tflite]   140567386539792: TensorSpec(shape=(), dtype=tf.resource, name=None)
[2026-05-15 11:50:51]   [tflite]   140567386538832: TensorSpec(shape=(), dtype=tf.resource, name=None)
[2026-05-15 11:50:51]   [tflite]   140567386539216: TensorSpec(shape=(), dtype=tf.resource, name=None)
[2026-05-15 11:50:51]   [tflite]   140567386538640: TensorSpec(shape=(), dtype=tf.resource, name=None)
[2026-05-15 11:50:51]   [tflite]   140567386540176: TensorSpec(shape=(), dtype=tf.resource, name=None)
[2026-05-15 11:50:51]   [tflite]   140567386539984: TensorSpec(shape=(), dtype=tf.resource, name=None)
[2026-05-15 11:50:51]   [tflite]   140567386540944: TensorSpec(shape=(), dtype=tf.resource, name=None)
[2026-05-15 11:50:51]   [tflite]   140567386538256: TensorSpec(shape=(), dtype=tf.resource, name=None)
[2026-05-15 11:50:51]   [tflite]   140567386540368: TensorSpec(shape=(), dtype=tf.resource, name=None)
[2026-05-15 11:50:51]   [tflite]   140567386541328: TensorSpec(shape=(), dtype=tf.resource, name=None)
[2026-05-15 11:50:51]   [tflite]   140567386541520: TensorSpec(shape=(), dtype=tf.resource, name=None)
[2026-05-15 11:50:51]   [tflite]   140567386539600: TensorSpec(shape=(), dtype=tf.resource, name=None)
[2026-05-15 11:50:51]   [tflite]   140567386542096: TensorSpec(shape=(), dtype=tf.resource, name=None)
[2026-05-15 11:50:51]   [tflite]     fp32 OK (764 KB)
[2026-05-15 11:50:51]   [tflite] Saved artifact at '/tmp/tmpktgih3qo'. The following endpoints are available:
[2026-05-15 11:50:51]   [tflite] 
[2026-05-15 11:50:51]   [tflite] * Endpoint 'serve'
[2026-05-15 11:50:51]   [tflite]   args_0 (POSITIONAL_ONLY): TensorSpec(shape=(None, 30, 45), dtype=tf.float32, name='pose_sequence')
[2026-05-15 11:50:51]   [tflite] Output Type:
[2026-05-15 11:50:51]   [tflite]   TensorSpec(shape=(None, 2), dtype=tf.float32, name=None)
[2026-05-15 11:50:51]   [tflite] Captures:
[2026-05-15 11:50:51]   [tflite]   140566585636816: TensorSpec(shape=(), dtype=tf.resource, name=None)
[2026-05-15 11:50:51]   [tflite]   140566585637584: TensorSpec(shape=(), dtype=tf.resource, name=None)
[2026-05-15 11:50:51]   [tflite]   140566585637392: TensorSpec(shape=(), dtype=tf.resource, name=None)
[2026-05-15 11:50:51]   [tflite]   140566585637776: TensorSpec(shape=(), dtype=tf.resource, name=None)
[2026-05-15 11:50:51]   [tflite]   140566585635856: TensorSpec(shape=(), dtype=tf.resource, name=None)
[2026-05-15 11:50:51]   [tflite]   140566585637968: TensorSpec(shape=(), dtype=tf.resource, name=None)
[2026-05-15 11:50:51]   [tflite]   140566585638160: TensorSpec(shape=(), dtype=tf.resource, name=None)
[2026-05-15 11:50:51]   [tflite]   140566585638544: TensorSpec(shape=(), dtype=tf.resource, name=None)
[2026-05-15 11:50:51]   [tflite]   140566585638736: TensorSpec(shape=(), dtype=tf.resource, name=None)
[2026-05-15 11:50:51]   [tflite]   140566585638352: TensorSpec(shape=(), dtype=tf.resource, name=None)
[2026-05-15 11:50:51]   [tflite]   140567386538448: TensorSpec(shape=(), dtype=tf.resource, name=None)
[2026-05-15 11:50:51]   [tflite]   140567386539792: TensorSpec(shape=(), dtype=tf.resource, name=None)
[2026-05-15 11:50:51]   [tflite]   140567386538832: TensorSpec(shape=(), dtype=tf.resource, name=None)
[2026-05-15 11:50:51]   [tflite]   140567386539216: TensorSpec(shape=(), dtype=tf.resource, name=None)
[2026-05-15 11:50:51]   [tflite]   140567386538640: TensorSpec(shape=(), dtype=tf.resource, name=None)
[2026-05-15 11:50:51]   [tflite]   140567386540176: TensorSpec(shape=(), dtype=tf.resource, name=None)
[2026-05-15 11:50:51]   [tflite]   140567386539984: TensorSpec(shape=(), dtype=tf.resource, name=None)
[2026-05-15 11:50:51]   [tflite]   140567386540944: TensorSpec(shape=(), dtype=tf.resource, name=None)
[2026-05-15 11:50:51]   [tflite]   140567386538256: TensorSpec(shape=(), dtype=tf.resource, name=None)
[2026-05-15 11:50:51]   [tflite]   140567386540368: TensorSpec(shape=(), dtype=tf.resource, name=None)
[2026-05-15 11:50:51]   [tflite]   140567386541328: TensorSpec(shape=(), dtype=tf.resource, name=None)
[2026-05-15 11:50:51]   [tflite]   140567386541520: TensorSpec(shape=(), dtype=tf.resource, name=None)
[2026-05-15 11:50:51]   [tflite]   140567386539600: TensorSpec(shape=(), dtype=tf.resource, name=None)
[2026-05-15 11:50:51]   [tflite]   140567386542096: TensorSpec(shape=(), dtype=tf.resource, name=None)
[2026-05-15 11:50:51]   [tflite]     int8 OK (963 KB)
[2026-05-15 11:50:51]   [tflite] 
[2026-05-15 11:50:51]   [tflite] Done.
/home/min/Workspace/Graduate-Project/Falling-Model-Development/.venv/lib/python3.13/site-packages/tensorflow/lite/python/interpreter.py:457: UserWarning:     Warning: tf.lite.Interpreter is deprecated and is scheduled for deletion in
    TF 2.20. Please use the LiteRT interpreter from the ai_edge_litert package.
    See the [migration guide](https://ai.google.dev/edge/litert/migration)
    for details.
    
  warnings.warn(_INTERPRETER_DELETION_WARNING)
INFO: Created TensorFlow Lite XNNPACK delegate for CPU.
[2026-05-15 11:50:53] done Q7-v03 val_f1=0.8573 (video=0.9641) test_f1=0.8640 (video=0.9619) test_min_prec=0.9386 threshold=0.500 min_consecutive=5
