WARNING: All log messages before absl::InitializeLog() is called are written to STDERR
I0000 00:00:1778810800.116756 3308949 cpu_feature_guard.cc:227] This TensorFlow binary is optimized to use available CPU instructions in performance-critical operations.
To enable the following instructions: AVX2 FMA, in other operations, rebuild TensorFlow with the appropriate compiler flags.
[2026-05-15 11:06:41] loading train split=/home/min/Workspace/Graduate-Project/Falling-Model-Development/dataset/splits_v2_filtered/train.csv
[2026-05-15 11:06:54] train rows=1,274,014 videos=6,344 features=27 data_scope=all
[2026-05-15 11:06:54] loading val split=/home/min/Workspace/Graduate-Project/Falling-Model-Development/dataset/splits_v2_filtered/val.csv
[2026-05-15 11:06:58] val rows=363,918 videos=1,811 features=27 data_scope=all
[2026-05-15 11:06:58] loading test split=/home/min/Workspace/Graduate-Project/Falling-Model-Development/dataset/splits_v2_filtered/test.csv
[2026-05-15 11:07:00] test rows=182,782 videos=911 features=27 data_scope=all
[2026-05-15 11:07:16] train windows=397,522 positive=211,942 videos=6,344
[2026-05-15 11:07:21] val windows=165,969 positive=60,838 videos=1,811
[2026-05-15 11:07:24] test windows=83,482 positive=30,712 videos=911
I0000 00:00:1778810850.301255 3308949 gpu_device.cc:2043] Created device /job:localhost/replica:0/task:0/device:GPU:0 with 6021 MB memory:  -> device: 0, name: NVIDIA GeForce RTX 2060 SUPER, pci bus id: 0000:05:00.0, compute capability: 7.5
W0000 00:00:1778810851.661882 3308949 cpu_allocator_impl.cc:82] Allocation of 1287971280 exceeds 10% of free system memory.
W0000 00:00:1778810852.816080 3308949 cpu_allocator_impl.cc:82] Allocation of 1287971280 exceeds 10% of free system memory.
W0000 00:00:1778810855.390763 3308949 cpu_allocator_impl.cc:82] Allocation of 1287971280 exceeds 10% of free system memory.
I0000 00:00:1778810857.920304 3309489 cuda_dnn.cc:461] Loaded cuDNN version 92200
W0000 00:00:1778811985.573884 3308949 cpu_allocator_impl.cc:82] Allocation of 1287971280 exceeds 10% of free system memory.
W0000 00:00:1778811986.731114 3308949 cpu_allocator_impl.cc:82] Allocation of 1287971280 exceeds 10% of free system memory.
[2026-05-15 11:27:26] video-level val: videos=1811 f1=0.9603 recall=0.9715 fall_prec=0.9493 nfall_prec=0.9154 min_prec=0.9154 min_consecutive=3
[2026-05-15 11:27:27] video-level test: videos=911 f1=0.9560 recall=0.9790 fall_prec=0.9341 nfall_prec=0.9343 min_prec=0.9341 min_consecutive=3
[2026-05-15 11:27:27] === VAL VIDEO-LEVEL REPORT ===
              precision    recall  f1-score   support

           0     0.9154    0.8562    0.8848       480
           1     0.9493    0.9715    0.9603      1331

    accuracy                         0.9409      1811
   macro avg     0.9324    0.9139    0.9225      1811
weighted avg     0.9403    0.9409    0.9403      1811

[2026-05-15 11:27:27] === TEST VIDEO-LEVEL REPORT ===
              precision    recall  f1-score   support

           0     0.9343    0.8122    0.8690       245
           1     0.9341    0.9790    0.9560       666

    accuracy                         0.9341       911
   macro avg     0.9342    0.8956    0.9125       911
weighted avg     0.9341    0.9341    0.9326       911

[2026-05-15 11:27:36] tflite export subprocess exit=0
[2026-05-15 11:27:36]   [tflite] [Q7-v02]
[2026-05-15 11:27:36]   [tflite]   Loading model.keras ...
[2026-05-15 11:27:36]   [tflite]     rebuilding with unroll=True for TFLite compatibility
[2026-05-15 11:27:36]   [tflite] Saved artifact at '/tmp/tmpvl2f7kbd'. The following endpoints are available:
[2026-05-15 11:27:36]   [tflite] 
[2026-05-15 11:27:36]   [tflite] * Endpoint 'serve'
[2026-05-15 11:27:36]   [tflite]   args_0 (POSITIONAL_ONLY): TensorSpec(shape=(None, 30, 27), dtype=tf.float32, name='pose_sequence')
[2026-05-15 11:27:36]   [tflite] Output Type:
[2026-05-15 11:27:36]   [tflite]   TensorSpec(shape=(None, 2), dtype=tf.float32, name=None)
[2026-05-15 11:27:36]   [tflite] Captures:
[2026-05-15 11:27:36]   [tflite]   126195762853840: TensorSpec(shape=(), dtype=tf.resource, name=None)
[2026-05-15 11:27:36]   [tflite]   126195762854608: TensorSpec(shape=(), dtype=tf.resource, name=None)
[2026-05-15 11:27:36]   [tflite]   126195762854416: TensorSpec(shape=(), dtype=tf.resource, name=None)
[2026-05-15 11:27:36]   [tflite]   126195762854800: TensorSpec(shape=(), dtype=tf.resource, name=None)
[2026-05-15 11:27:36]   [tflite]   126195762852880: TensorSpec(shape=(), dtype=tf.resource, name=None)
[2026-05-15 11:27:36]   [tflite]   126195762854992: TensorSpec(shape=(), dtype=tf.resource, name=None)
[2026-05-15 11:27:36]   [tflite]   126195762855184: TensorSpec(shape=(), dtype=tf.resource, name=None)
[2026-05-15 11:27:36]   [tflite]   126195762855568: TensorSpec(shape=(), dtype=tf.resource, name=None)
[2026-05-15 11:27:36]   [tflite]   126195762855760: TensorSpec(shape=(), dtype=tf.resource, name=None)
[2026-05-15 11:27:36]   [tflite]   126195762855376: TensorSpec(shape=(), dtype=tf.resource, name=None)
[2026-05-15 11:27:36]   [tflite]   126196563739088: TensorSpec(shape=(), dtype=tf.resource, name=None)
[2026-05-15 11:27:36]   [tflite]   126196563740432: TensorSpec(shape=(), dtype=tf.resource, name=None)
[2026-05-15 11:27:36]   [tflite]   126196563739472: TensorSpec(shape=(), dtype=tf.resource, name=None)
[2026-05-15 11:27:36]   [tflite]   126196563739856: TensorSpec(shape=(), dtype=tf.resource, name=None)
[2026-05-15 11:27:36]   [tflite]   126196563739280: TensorSpec(shape=(), dtype=tf.resource, name=None)
[2026-05-15 11:27:36]   [tflite]   126196563740816: TensorSpec(shape=(), dtype=tf.resource, name=None)
[2026-05-15 11:27:36]   [tflite]   126196563740624: TensorSpec(shape=(), dtype=tf.resource, name=None)
[2026-05-15 11:27:36]   [tflite]   126196563741584: TensorSpec(shape=(), dtype=tf.resource, name=None)
[2026-05-15 11:27:36]   [tflite]   126196563738896: TensorSpec(shape=(), dtype=tf.resource, name=None)
[2026-05-15 11:27:36]   [tflite]   126196563741008: TensorSpec(shape=(), dtype=tf.resource, name=None)
[2026-05-15 11:27:36]   [tflite]   126196563741968: TensorSpec(shape=(), dtype=tf.resource, name=None)
[2026-05-15 11:27:36]   [tflite]   126196563742160: TensorSpec(shape=(), dtype=tf.resource, name=None)
[2026-05-15 11:27:36]   [tflite]   126196563740240: TensorSpec(shape=(), dtype=tf.resource, name=None)
[2026-05-15 11:27:36]   [tflite]   126196563742736: TensorSpec(shape=(), dtype=tf.resource, name=None)
[2026-05-15 11:27:36]   [tflite]     fp32 OK (741 KB)
[2026-05-15 11:27:36]   [tflite] Saved artifact at '/tmp/tmpl6atvqyw'. The following endpoints are available:
[2026-05-15 11:27:36]   [tflite] 
[2026-05-15 11:27:36]   [tflite] * Endpoint 'serve'
[2026-05-15 11:27:36]   [tflite]   args_0 (POSITIONAL_ONLY): TensorSpec(shape=(None, 30, 27), dtype=tf.float32, name='pose_sequence')
[2026-05-15 11:27:36]   [tflite] Output Type:
[2026-05-15 11:27:36]   [tflite]   TensorSpec(shape=(None, 2), dtype=tf.float32, name=None)
[2026-05-15 11:27:36]   [tflite] Captures:
[2026-05-15 11:27:36]   [tflite]   126195762853840: TensorSpec(shape=(), dtype=tf.resource, name=None)
[2026-05-15 11:27:36]   [tflite]   126195762854608: TensorSpec(shape=(), dtype=tf.resource, name=None)
[2026-05-15 11:27:36]   [tflite]   126195762854416: TensorSpec(shape=(), dtype=tf.resource, name=None)
[2026-05-15 11:27:36]   [tflite]   126195762854800: TensorSpec(shape=(), dtype=tf.resource, name=None)
[2026-05-15 11:27:36]   [tflite]   126195762852880: TensorSpec(shape=(), dtype=tf.resource, name=None)
[2026-05-15 11:27:36]   [tflite]   126195762854992: TensorSpec(shape=(), dtype=tf.resource, name=None)
[2026-05-15 11:27:36]   [tflite]   126195762855184: TensorSpec(shape=(), dtype=tf.resource, name=None)
[2026-05-15 11:27:36]   [tflite]   126195762855568: TensorSpec(shape=(), dtype=tf.resource, name=None)
[2026-05-15 11:27:36]   [tflite]   126195762855760: TensorSpec(shape=(), dtype=tf.resource, name=None)
[2026-05-15 11:27:36]   [tflite]   126195762855376: TensorSpec(shape=(), dtype=tf.resource, name=None)
[2026-05-15 11:27:36]   [tflite]   126196563739088: TensorSpec(shape=(), dtype=tf.resource, name=None)
[2026-05-15 11:27:36]   [tflite]   126196563740432: TensorSpec(shape=(), dtype=tf.resource, name=None)
[2026-05-15 11:27:36]   [tflite]   126196563739472: TensorSpec(shape=(), dtype=tf.resource, name=None)
[2026-05-15 11:27:36]   [tflite]   126196563739856: TensorSpec(shape=(), dtype=tf.resource, name=None)
[2026-05-15 11:27:36]   [tflite]   126196563739280: TensorSpec(shape=(), dtype=tf.resource, name=None)
[2026-05-15 11:27:36]   [tflite]   126196563740816: TensorSpec(shape=(), dtype=tf.resource, name=None)
[2026-05-15 11:27:36]   [tflite]   126196563740624: TensorSpec(shape=(), dtype=tf.resource, name=None)
[2026-05-15 11:27:36]   [tflite]   126196563741584: TensorSpec(shape=(), dtype=tf.resource, name=None)
[2026-05-15 11:27:36]   [tflite]   126196563738896: TensorSpec(shape=(), dtype=tf.resource, name=None)
[2026-05-15 11:27:36]   [tflite]   126196563741008: TensorSpec(shape=(), dtype=tf.resource, name=None)
[2026-05-15 11:27:36]   [tflite]   126196563741968: TensorSpec(shape=(), dtype=tf.resource, name=None)
[2026-05-15 11:27:36]   [tflite]   126196563742160: TensorSpec(shape=(), dtype=tf.resource, name=None)
[2026-05-15 11:27:36]   [tflite]   126196563740240: TensorSpec(shape=(), dtype=tf.resource, name=None)
[2026-05-15 11:27:36]   [tflite]   126196563742736: TensorSpec(shape=(), dtype=tf.resource, name=None)
[2026-05-15 11:27:36]   [tflite]     int8 OK (958 KB)
[2026-05-15 11:27:36]   [tflite] 
[2026-05-15 11:27:36]   [tflite] Done.
/home/min/Workspace/Graduate-Project/Falling-Model-Development/.venv/lib/python3.13/site-packages/tensorflow/lite/python/interpreter.py:457: UserWarning:     Warning: tf.lite.Interpreter is deprecated and is scheduled for deletion in
    TF 2.20. Please use the LiteRT interpreter from the ai_edge_litert package.
    See the [migration guide](https://ai.google.dev/edge/litert/migration)
    for details.
    
  warnings.warn(_INTERPRETER_DELETION_WARNING)
INFO: Created TensorFlow Lite XNNPACK delegate for CPU.
[2026-05-15 11:27:37] done Q7-v02 val_f1=0.8307 (video=0.9603) test_f1=0.8400 (video=0.9560) test_min_prec=0.9341 threshold=0.550 min_consecutive=3
