WARNING: All log messages before absl::InitializeLog() is called are written to STDERR
I0000 00:00:1778930154.550623  313817 cpu_feature_guard.cc:227] This TensorFlow binary is optimized to use available CPU instructions in performance-critical operations.
To enable the following instructions: AVX2 FMA, in other operations, rebuild TensorFlow with the appropriate compiler flags.
[2026-05-16 20:15:55] loading train split=/home/min/Workspace/Graduate-Project/Falling-Model-Development/dataset/splits_v2_class_balanced_filtered/train.csv
[2026-05-16 20:16:08] train rows=1,211,093 videos=6,039 features=27 data_scope=all
[2026-05-16 20:16:08] loading val split=/home/min/Workspace/Graduate-Project/Falling-Model-Development/dataset/splits_v2_class_balanced_filtered/val.csv
[2026-05-16 20:16:11] val rows=344,292 videos=1,714 features=27 data_scope=all
[2026-05-16 20:16:11] loading test split=/home/min/Workspace/Graduate-Project/Falling-Model-Development/dataset/splits_v2_class_balanced_filtered/test.csv
[2026-05-16 20:16:13] test rows=172,209 videos=853 features=27 data_scope=all
[2026-05-16 20:16:26] train windows=353,150 positive=213,662 videos=6,039
[2026-05-16 20:16:29] val windows=70,274 positive=30,106 videos=1,714
[2026-05-16 20:16:30] test windows=34,973 positive=15,069 videos=853
I0000 00:00:1778930194.574737  313817 gpu_device.cc:2043] Created device /job:localhost/replica:0/task:0/device:GPU:0 with 6623 MB memory:  -> device: 0, name: NVIDIA GeForce RTX 2060 SUPER, pci bus id: 0000:05:00.0, compute capability: 7.5
W0000 00:00:1778930195.508543  313817 cpu_allocator_impl.cc:82] Allocation of 1525608000 exceeds 10% of free system memory.
W0000 00:00:1778930196.828981  313817 cpu_allocator_impl.cc:82] Allocation of 1525608000 exceeds 10% of free system memory.
W0000 00:00:1778930199.135856  313817 cpu_allocator_impl.cc:82] Allocation of 1525608000 exceeds 10% of free system memory.
I0000 00:00:1778930201.555395  314335 cuda_dnn.cc:461] Loaded cuDNN version 92200
[2026-05-16 21:28:49] ValMinPR: restored best weights (val_video_min_pr=0.9221)
W0000 00:00:1778934530.734627  313817 cpu_allocator_impl.cc:82] Allocation of 1525608000 exceeds 10% of free system memory.
W0000 00:00:1778934532.143721  313817 cpu_allocator_impl.cc:82] Allocation of 1525608000 exceeds 10% of free system memory.
[2026-05-16 21:30:05] video-level val: videos=1714 f1=0.9710 fall_recall=0.9702 nfall_recall=0.9260 fall_prec=0.9718 nfall_prec=0.9221 min_pr=0.9221 min_consecutive=4
[2026-05-16 21:30:06] event-level val: videos=1714 f1=0.9710 fall_recall=0.9702 nfall_recall=0.9260 fall_prec=0.9718 nfall_prec=0.9221 min_pr=0.9221 tolerance_windows=2
[2026-05-16 21:30:06] video-level test: videos=853 f1=0.9612 fall_recall=0.9565 nfall_recall=0.9095 fall_prec=0.9659 nfall_prec=0.8866 min_pr=0.8866 min_consecutive=4
[2026-05-16 21:30:07] event-level test: videos=853 f1=0.9603 fall_recall=0.9549 nfall_recall=0.9095 fall_prec=0.9658 nfall_prec=0.8828 min_pr=0.8828 tolerance_windows=2
[2026-05-16 21:30:07] === VAL VIDEO-LEVEL REPORT ===
              precision    recall  f1-score   support

           0     0.9221    0.9260    0.9241       473
           1     0.9718    0.9702    0.9710      1241

    accuracy                         0.9580      1714
   macro avg     0.9469    0.9481    0.9475      1714
weighted avg     0.9581    0.9580    0.9580      1714

[2026-05-16 21:30:07] === TEST VIDEO-LEVEL REPORT ===
              precision    recall  f1-score   support

           0     0.8866    0.9095    0.8979       232
           1     0.9659    0.9565    0.9612       621

    accuracy                         0.9437       853
   macro avg     0.9262    0.9330    0.9295       853
weighted avg     0.9443    0.9437    0.9440       853

[2026-05-16 21:30:07] done P34-tm3 val_f1=0.8923 (video=0.9710) test_f1=0.8835 (video=0.9612) test_min_pr=0.8866 threshold=0.550 min_consecutive=4
