WARNING: All log messages before absl::InitializeLog() is called are written to STDERR
I0000 00:00:1778928300.207916  283811 cpu_feature_guard.cc:227] This TensorFlow binary is optimized to use available CPU instructions in performance-critical operations.
To enable the following instructions: AVX2 FMA, in other operations, rebuild TensorFlow with the appropriate compiler flags.
[2026-05-16 19:45:01] loading train split=/home/min/Workspace/Graduate-Project/Falling-Model-Development/dataset/splits_v2_class_balanced_filtered/train.csv
[2026-05-16 19:45:13] train rows=1,211,093 videos=6,039 features=27 data_scope=all
[2026-05-16 19:45:13] loading val split=/home/min/Workspace/Graduate-Project/Falling-Model-Development/dataset/splits_v2_class_balanced_filtered/val.csv
[2026-05-16 19:45:17] val rows=344,292 videos=1,714 features=27 data_scope=all
[2026-05-16 19:45:17] loading test split=/home/min/Workspace/Graduate-Project/Falling-Model-Development/dataset/splits_v2_class_balanced_filtered/test.csv
[2026-05-16 19:45:18] test rows=172,209 videos=853 features=27 data_scope=all
[2026-05-16 19:45:32] train windows=353,150 positive=213,662 videos=6,039
[2026-05-16 19:45:35] val windows=70,274 positive=30,106 videos=1,714
[2026-05-16 19:45:36] test windows=34,973 positive=15,069 videos=853
I0000 00:00:1778928339.784258  283811 gpu_device.cc:2043] Created device /job:localhost/replica:0/task:0/device:GPU:0 with 6623 MB memory:  -> device: 0, name: NVIDIA GeForce RTX 2060 SUPER, pci bus id: 0000:05:00.0, compute capability: 7.5
W0000 00:00:1778928340.708089  283811 cpu_allocator_impl.cc:82] Allocation of 1525608000 exceeds 10% of free system memory.
W0000 00:00:1778928342.048080  283811 cpu_allocator_impl.cc:82] Allocation of 1525608000 exceeds 10% of free system memory.
W0000 00:00:1778928344.014541  283811 cpu_allocator_impl.cc:82] Allocation of 1525608000 exceeds 10% of free system memory.
I0000 00:00:1778928346.547696  283993 cuda_dnn.cc:461] Loaded cuDNN version 92200
[2026-05-16 20:14:35] ValMinPR: restored best weights (val_video_min_pr=0.9078)
W0000 00:00:1778930076.583061  283811 cpu_allocator_impl.cc:82] Allocation of 1525608000 exceeds 10% of free system memory.
W0000 00:00:1778930077.945119  283811 cpu_allocator_impl.cc:82] Allocation of 1525608000 exceeds 10% of free system memory.
[2026-05-16 20:15:51] video-level val: videos=1714 f1=0.9661 fall_recall=0.9645 nfall_recall=0.9154 fall_prec=0.9677 nfall_prec=0.9078 min_pr=0.9078 min_consecutive=7
[2026-05-16 20:15:51] event-level val: videos=1714 f1=0.9653 fall_recall=0.9629 nfall_recall=0.9154 fall_prec=0.9676 nfall_prec=0.9040 min_pr=0.9040 tolerance_windows=2
[2026-05-16 20:15:52] video-level test: videos=853 f1=0.9593 fall_recall=0.9485 nfall_recall=0.9224 fall_prec=0.9703 nfall_prec=0.8699 min_pr=0.8699 min_consecutive=7
[2026-05-16 20:15:52] event-level test: videos=853 f1=0.9593 fall_recall=0.9485 nfall_recall=0.9224 fall_prec=0.9703 nfall_prec=0.8699 min_pr=0.8699 tolerance_windows=2
[2026-05-16 20:15:52] === VAL VIDEO-LEVEL REPORT ===
              precision    recall  f1-score   support

           0     0.9078    0.9154    0.9116       473
           1     0.9677    0.9645    0.9661      1241

    accuracy                         0.9510      1714
   macro avg     0.9377    0.9400    0.9388      1714
weighted avg     0.9511    0.9510    0.9511      1714

[2026-05-16 20:15:52] === TEST VIDEO-LEVEL REPORT ===
              precision    recall  f1-score   support

           0     0.8699    0.9224    0.8954       232
           1     0.9703    0.9485    0.9593       621

    accuracy                         0.9414       853
   macro avg     0.9201    0.9354    0.9273       853
weighted avg     0.9430    0.9414    0.9419       853

[2026-05-16 20:15:52] done P34-fm20 val_f1=0.8949 (video=0.9661) test_f1=0.8978 (video=0.9593) test_min_pr=0.8699 threshold=0.450 min_consecutive=7
