WARNING: All log messages before absl::InitializeLog() is called are written to STDERR
I0000 00:00:1778925143.951531  271789 cpu_feature_guard.cc:227] This TensorFlow binary is optimized to use available CPU instructions in performance-critical operations.
To enable the following instructions: AVX2 FMA, in other operations, rebuild TensorFlow with the appropriate compiler flags.
[2026-05-16 18:52:25] loading train split=/home/min/Workspace/Graduate-Project/Falling-Model-Development/dataset/splits_v2_class_balanced_filtered/train.csv
[2026-05-16 18:52:37] train rows=1,211,093 videos=6,039 features=27 data_scope=all
[2026-05-16 18:52:37] loading val split=/home/min/Workspace/Graduate-Project/Falling-Model-Development/dataset/splits_v2_class_balanced_filtered/val.csv
[2026-05-16 18:52:41] val rows=344,292 videos=1,714 features=27 data_scope=all
[2026-05-16 18:52:41] loading test split=/home/min/Workspace/Graduate-Project/Falling-Model-Development/dataset/splits_v2_class_balanced_filtered/test.csv
[2026-05-16 18:52:42] test rows=172,209 videos=853 features=27 data_scope=all
[2026-05-16 18:52:55] train windows=353,150 positive=213,662 videos=6,039
[2026-05-16 18:52:58] val windows=70,274 positive=30,106 videos=1,714
[2026-05-16 18:53:00] test windows=34,973 positive=15,069 videos=853
I0000 00:00:1778925183.318514  271789 gpu_device.cc:2043] Created device /job:localhost/replica:0/task:0/device:GPU:0 with 6623 MB memory:  -> device: 0, name: NVIDIA GeForce RTX 2060 SUPER, pci bus id: 0000:05:00.0, compute capability: 7.5
W0000 00:00:1778925184.247818  271789 cpu_allocator_impl.cc:82] Allocation of 1525608000 exceeds 10% of free system memory.
W0000 00:00:1778925185.590358  271789 cpu_allocator_impl.cc:82] Allocation of 1525608000 exceeds 10% of free system memory.
W0000 00:00:1778925187.581210  271789 cpu_allocator_impl.cc:82] Allocation of 1525608000 exceeds 10% of free system memory.
I0000 00:00:1778925190.109110  271974 cuda_dnn.cc:461] Loaded cuDNN version 92200
[2026-05-16 19:43:42] ValMinPR: restored best weights (val_video_min_pr=0.9112)
W0000 00:00:1778928222.778165  271789 cpu_allocator_impl.cc:82] Allocation of 1525608000 exceeds 10% of free system memory.
W0000 00:00:1778928224.123458  271789 cpu_allocator_impl.cc:82] Allocation of 1525608000 exceeds 10% of free system memory.
[2026-05-16 19:44:57] video-level val: videos=1714 f1=0.9662 fall_recall=0.9662 nfall_recall=0.9112 fall_prec=0.9662 nfall_prec=0.9112 min_pr=0.9112 min_consecutive=7
[2026-05-16 19:44:57] event-level val: videos=1714 f1=0.9657 fall_recall=0.9654 nfall_recall=0.9112 fall_prec=0.9661 nfall_prec=0.9093 min_pr=0.9093 tolerance_windows=2
[2026-05-16 19:44:57] video-level test: videos=853 f1=0.9667 fall_recall=0.9597 nfall_recall=0.9310 fall_prec=0.9739 nfall_prec=0.8963 min_pr=0.8963 min_consecutive=7
[2026-05-16 19:44:58] event-level test: videos=853 f1=0.9667 fall_recall=0.9597 nfall_recall=0.9310 fall_prec=0.9739 nfall_prec=0.8963 min_pr=0.8963 tolerance_windows=2
[2026-05-16 19:44:58] === VAL VIDEO-LEVEL REPORT ===
              precision    recall  f1-score   support

           0     0.9112    0.9112    0.9112       473
           1     0.9662    0.9662    0.9662      1241

    accuracy                         0.9510      1714
   macro avg     0.9387    0.9387    0.9387      1714
weighted avg     0.9510    0.9510    0.9510      1714

[2026-05-16 19:44:58] === TEST VIDEO-LEVEL REPORT ===
              precision    recall  f1-score   support

           0     0.8963    0.9310    0.9133       232
           1     0.9739    0.9597    0.9667       621

    accuracy                         0.9519       853
   macro avg     0.9351    0.9454    0.9400       853
weighted avg     0.9528    0.9519    0.9522       853

[2026-05-16 19:44:58] done P34-fm10 val_f1=0.9043 (video=0.9662) test_f1=0.9026 (video=0.9667) test_min_pr=0.8963 threshold=0.475 min_consecutive=7
