WARNING: All log messages before absl::InitializeLog() is called are written to STDERR
I0000 00:00:1778922924.812611  264360 cpu_feature_guard.cc:227] This TensorFlow binary is optimized to use available CPU instructions in performance-critical operations.
To enable the following instructions: AVX2 FMA, in other operations, rebuild TensorFlow with the appropriate compiler flags.
[2026-05-16 18:15:26] loading train split=/home/min/Workspace/Graduate-Project/Falling-Model-Development/dataset/splits_v2_class_balanced_filtered/train.csv
[2026-05-16 18:15:38] train rows=1,211,093 videos=6,039 features=27 data_scope=all
[2026-05-16 18:15:38] loading val split=/home/min/Workspace/Graduate-Project/Falling-Model-Development/dataset/splits_v2_class_balanced_filtered/val.csv
[2026-05-16 18:15:41] val rows=344,292 videos=1,714 features=27 data_scope=all
[2026-05-16 18:15:41] loading test split=/home/min/Workspace/Graduate-Project/Falling-Model-Development/dataset/splits_v2_class_balanced_filtered/test.csv
[2026-05-16 18:15:43] test rows=172,209 videos=853 features=27 data_scope=all
[2026-05-16 18:15:57] train windows=353,150 positive=213,662 videos=6,039
[2026-05-16 18:16:00] val windows=70,274 positive=30,106 videos=1,714
[2026-05-16 18:16:01] test windows=34,973 positive=15,069 videos=853
I0000 00:00:1778922964.710446  264360 gpu_device.cc:2043] Created device /job:localhost/replica:0/task:0/device:GPU:0 with 6623 MB memory:  -> device: 0, name: NVIDIA GeForce RTX 2060 SUPER, pci bus id: 0000:05:00.0, compute capability: 7.5
W0000 00:00:1778922965.645564  264360 cpu_allocator_impl.cc:82] Allocation of 1525608000 exceeds 10% of free system memory.
W0000 00:00:1778922966.967169  264360 cpu_allocator_impl.cc:82] Allocation of 1525608000 exceeds 10% of free system memory.
W0000 00:00:1778922968.925825  264360 cpu_allocator_impl.cc:82] Allocation of 1525608000 exceeds 10% of free system memory.
I0000 00:00:1778922971.479619  264456 cuda_dnn.cc:461] Loaded cuDNN version 92200
[2026-05-16 18:51:06] ValMinPR: restored best weights (val_video_min_pr=0.9156)
W0000 00:00:1778925066.805966  264360 cpu_allocator_impl.cc:82] Allocation of 1525608000 exceeds 10% of free system memory.
W0000 00:00:1778925068.140901  264360 cpu_allocator_impl.cc:82] Allocation of 1525608000 exceeds 10% of free system memory.
[2026-05-16 18:52:20] video-level val: videos=1714 f1=0.9682 fall_recall=0.9678 nfall_recall=0.9175 fall_prec=0.9685 nfall_prec=0.9156 min_pr=0.9156 min_consecutive=3
[2026-05-16 18:52:21] event-level val: videos=1714 f1=0.9682 fall_recall=0.9678 nfall_recall=0.9175 fall_prec=0.9685 nfall_prec=0.9156 min_pr=0.9156 tolerance_windows=2
[2026-05-16 18:52:21] video-level test: videos=853 f1=0.9667 fall_recall=0.9597 nfall_recall=0.9310 fall_prec=0.9739 nfall_prec=0.8963 min_pr=0.8963 min_consecutive=3
[2026-05-16 18:52:21] event-level test: videos=853 f1=0.9659 fall_recall=0.9581 nfall_recall=0.9310 fall_prec=0.9738 nfall_prec=0.8926 min_pr=0.8926 tolerance_windows=2
[2026-05-16 18:52:22] === VAL VIDEO-LEVEL REPORT ===
              precision    recall  f1-score   support

           0     0.9156    0.9175    0.9166       473
           1     0.9685    0.9678    0.9682      1241

    accuracy                         0.9539      1714
   macro avg     0.9421    0.9427    0.9424      1714
weighted avg     0.9539    0.9539    0.9539      1714

[2026-05-16 18:52:22] === TEST VIDEO-LEVEL REPORT ===
              precision    recall  f1-score   support

           0     0.8963    0.9310    0.9133       232
           1     0.9739    0.9597    0.9667       621

    accuracy                         0.9519       853
   macro avg     0.9351    0.9454    0.9400       853
weighted avg     0.9528    0.9519    0.9522       853

[2026-05-16 18:52:22] done P34-a45 val_f1=0.8868 (video=0.9682) test_f1=0.8788 (video=0.9667) test_min_pr=0.8963 threshold=0.575 min_consecutive=3
