WARNING: All log messages before absl::InitializeLog() is called are written to STDERR
I0000 00:00:1778922511.579362  261531 cpu_feature_guard.cc:227] This TensorFlow binary is optimized to use available CPU instructions in performance-critical operations.
To enable the following instructions: AVX2 FMA, in other operations, rebuild TensorFlow with the appropriate compiler flags.
[2026-05-16 18:08:32] loading train split=/home/min/Workspace/Graduate-Project/Falling-Model-Development/dataset/splits_v2_class_balanced_filtered/train.csv
[2026-05-16 18:08:45] train rows=1,211,093 videos=6,039 features=27 data_scope=all
[2026-05-16 18:08:45] loading val split=/home/min/Workspace/Graduate-Project/Falling-Model-Development/dataset/splits_v2_class_balanced_filtered/val.csv
[2026-05-16 18:08:48] val rows=344,292 videos=1,714 features=27 data_scope=all
[2026-05-16 18:08:48] loading test split=/home/min/Workspace/Graduate-Project/Falling-Model-Development/dataset/splits_v2_class_balanced_filtered/test.csv
[2026-05-16 18:08:50] test rows=172,209 videos=853 features=27 data_scope=all
[2026-05-16 18:09:03] train windows=353,150 positive=213,662 videos=6,039
[2026-05-16 18:09:06] val windows=70,274 positive=30,106 videos=1,714
[2026-05-16 18:09:08] test windows=34,973 positive=15,069 videos=853
I0000 00:00:1778922551.178692  261531 gpu_device.cc:2043] Created device /job:localhost/replica:0/task:0/device:GPU:0 with 734 MB memory:  -> device: 0, name: NVIDIA GeForce RTX 2060 SUPER, pci bus id: 0000:05:00.0, compute capability: 7.5
W0000 00:00:1778922552.080506  261531 cpu_allocator_impl.cc:82] Allocation of 1525608000 exceeds 10% of free system memory.
W0000 00:00:1778922563.202988  261531 bfc_allocator.cc:502] Allocator (GPU_0_bfc) ran out of memory trying to allocate 1.42GiB (rounded to 1525608192)requested by op _EagerConst
If the cause is memory fragmentation maybe the environment variable 'TF_GPU_ALLOCATOR=cuda_malloc_async' will improve the situation. 
Current allocation summary follows.
Current allocation summary follows.
I0000 00:00:1778922563.203024  261531 bfc_allocator.cc:1049] BFCAllocator dump for GPU_0_bfc
I0000 00:00:1778922563.203026  261531 bfc_allocator.cc:1056] Bin (256): 	Total Chunks: 38, Chunks in use: 38. 9.5KiB allocated for chunks. 9.5KiB in use in bin. 2.4KiB client-requested in use in bin.
I0000 00:00:1778922563.203030  261531 bfc_allocator.cc:1056] Bin (512): 	Total Chunks: 3, Chunks in use: 3. 1.5KiB allocated for chunks. 1.5KiB in use in bin. 1.5KiB client-requested in use in bin.
I0000 00:00:1778922563.203032  261531 bfc_allocator.cc:1056] Bin (1024): 	Total Chunks: 2, Chunks in use: 2. 2.8KiB allocated for chunks. 2.8KiB in use in bin. 2.5KiB client-requested in use in bin.
I0000 00:00:1778922563.203034  261531 bfc_allocator.cc:1056] Bin (2048): 	Total Chunks: 1, Chunks in use: 1. 3.0KiB allocated for chunks. 3.0KiB in use in bin. 3.0KiB client-requested in use in bin.
I0000 00:00:1778922563.203036  261531 bfc_allocator.cc:1056] Bin (4096): 	Total Chunks: 0, Chunks in use: 0. 0B allocated for chunks. 0B in use in bin. 0B client-requested in use in bin.
I0000 00:00:1778922563.203038  261531 bfc_allocator.cc:1056] Bin (8192): 	Total Chunks: 0, Chunks in use: 0. 0B allocated for chunks. 0B in use in bin. 0B client-requested in use in bin.
I0000 00:00:1778922563.203039  261531 bfc_allocator.cc:1056] Bin (16384): 	Total Chunks: 1, Chunks in use: 1. 16.0KiB allocated for chunks. 16.0KiB in use in bin. 16.0KiB client-requested in use in bin.
I0000 00:00:1778922563.203041  261531 bfc_allocator.cc:1056] Bin (32768): 	Total Chunks: 3, Chunks in use: 2. 117.2KiB allocated for chunks. 81.8KiB in use in bin. 81.8KiB client-requested in use in bin.
I0000 00:00:1778922563.203043  261531 bfc_allocator.cc:1056] Bin (65536): 	Total Chunks: 3, Chunks in use: 3. 258.5KiB allocated for chunks. 258.5KiB in use in bin. 240.0KiB client-requested in use in bin.
I0000 00:00:1778922563.203045  261531 bfc_allocator.cc:1056] Bin (131072): 	Total Chunks: 2, Chunks in use: 1. 368.0KiB allocated for chunks. 192.0KiB in use in bin. 192.0KiB client-requested in use in bin.
I0000 00:00:1778922563.203047  261531 bfc_allocator.cc:1056] Bin (262144): 	Total Chunks: 0, Chunks in use: 0. 0B allocated for chunks. 0B in use in bin. 0B client-requested in use in bin.
I0000 00:00:1778922563.203049  261531 bfc_allocator.cc:1056] Bin (524288): 	Total Chunks: 0, Chunks in use: 0. 0B allocated for chunks. 0B in use in bin. 0B client-requested in use in bin.
I0000 00:00:1778922563.203050  261531 bfc_allocator.cc:1056] Bin (1048576): 	Total Chunks: 0, Chunks in use: 0. 0B allocated for chunks. 0B in use in bin. 0B client-requested in use in bin.
I0000 00:00:1778922563.203052  261531 bfc_allocator.cc:1056] Bin (2097152): 	Total Chunks: 0, Chunks in use: 0. 0B allocated for chunks. 0B in use in bin. 0B client-requested in use in bin.
I0000 00:00:1778922563.203054  261531 bfc_allocator.cc:1056] Bin (4194304): 	Total Chunks: 0, Chunks in use: 0. 0B allocated for chunks. 0B in use in bin. 0B client-requested in use in bin.
I0000 00:00:1778922563.203055  261531 bfc_allocator.cc:1056] Bin (8388608): 	Total Chunks: 0, Chunks in use: 0. 0B allocated for chunks. 0B in use in bin. 0B client-requested in use in bin.
I0000 00:00:1778922563.203057  261531 bfc_allocator.cc:1056] Bin (16777216): 	Total Chunks: 0, Chunks in use: 0. 0B allocated for chunks. 0B in use in bin. 0B client-requested in use in bin.
I0000 00:00:1778922563.203058  261531 bfc_allocator.cc:1056] Bin (33554432): 	Total Chunks: 0, Chunks in use: 0. 0B allocated for chunks. 0B in use in bin. 0B client-requested in use in bin.
I0000 00:00:1778922563.203060  261531 bfc_allocator.cc:1056] Bin (67108864): 	Total Chunks: 0, Chunks in use: 0. 0B allocated for chunks. 0B in use in bin. 0B client-requested in use in bin.
I0000 00:00:1778922563.203062  261531 bfc_allocator.cc:1056] Bin (134217728): 	Total Chunks: 0, Chunks in use: 0. 0B allocated for chunks. 0B in use in bin. 0B client-requested in use in bin.
I0000 00:00:1778922563.203063  261531 bfc_allocator.cc:1056] Bin (268435456): 	Total Chunks: 1, Chunks in use: 0. 733.62MiB allocated for chunks. 0B in use in bin. 0B client-requested in use in bin.
I0000 00:00:1778922563.203065  261531 bfc_allocator.cc:1072] Bin for 1.42GiB was 256.00MiB, Chunk State: 
I0000 00:00:1778922563.203067  261531 bfc_allocator.cc:1078]   Size: 733.62MiB | Requested Size: 0B | in_use: 0 | bin_num: 20, prev:   Size: 96.0KiB | Requested Size: 96.0KiB | in_use: 1 | bin_num: -1
I0000 00:00:1778922563.203071  261531 bfc_allocator.cc:1085] Next region of size 770048000
I0000 00:00:1778922563.203073  261531 bfc_allocator.cc:1105] InUse at 744f56000000 of size 1280 next 1
I0000 00:00:1778922563.203075  261531 bfc_allocator.cc:1105] InUse at 744f56000500 of size 256 next 2
I0000 00:00:1778922563.203076  261531 bfc_allocator.cc:1105] InUse at 744f56000600 of size 256 next 3
I0000 00:00:1778922563.203078  261531 bfc_allocator.cc:1105] InUse at 744f56000700 of size 256 next 4
I0000 00:00:1778922563.203079  261531 bfc_allocator.cc:1105] InUse at 744f56000800 of size 256 next 5
I0000 00:00:1778922563.203080  261531 bfc_allocator.cc:1105] InUse at 744f56000900 of size 256 next 7
I0000 00:00:1778922563.203081  261531 bfc_allocator.cc:1105] InUse at 744f56000a00 of size 256 next 8
I0000 00:00:1778922563.203082  261531 bfc_allocator.cc:1105] InUse at 744f56000b00 of size 256 next 6
I0000 00:00:1778922563.203084  261531 bfc_allocator.cc:1105] InUse at 744f56000c00 of size 256 next 9
I0000 00:00:1778922563.203085  261531 bfc_allocator.cc:1105] InUse at 744f56000d00 of size 256 next 12
I0000 00:00:1778922563.203086  261531 bfc_allocator.cc:1105] InUse at 744f56000e00 of size 256 next 13
I0000 00:00:1778922563.203087  261531 bfc_allocator.cc:1105] InUse at 744f56000f00 of size 256 next 14
I0000 00:00:1778922563.203088  261531 bfc_allocator.cc:1105] InUse at 744f56001000 of size 68096 next 10
I0000 00:00:1778922563.203090  261531 bfc_allocator.cc:1105] InUse at 744f56011a00 of size 34560 next 11
I0000 00:00:1778922563.203091  261531 bfc_allocator.cc:1105] InUse at 744f5601a100 of size 256 next 15
I0000 00:00:1778922563.203092  261531 bfc_allocator.cc:1105] InUse at 744f5601a200 of size 256 next 17
I0000 00:00:1778922563.203093  261531 bfc_allocator.cc:1105] InUse at 744f5601a300 of size 256 next 16
I0000 00:00:1778922563.203095  261531 bfc_allocator.cc:1105] InUse at 744f5601a400 of size 256 next 18
I0000 00:00:1778922563.203096  261531 bfc_allocator.cc:1105] InUse at 744f5601a500 of size 256 next 21
I0000 00:00:1778922563.203097  261531 bfc_allocator.cc:1105] InUse at 744f5601a600 of size 256 next 22
I0000 00:00:1778922563.203098  261531 bfc_allocator.cc:1105] InUse at 744f5601a700 of size 256 next 23
I0000 00:00:1778922563.203100  261531 bfc_allocator.cc:1105] InUse at 744f5601a800 of size 256 next 24
I0000 00:00:1778922563.203101  261531 bfc_allocator.cc:1105] InUse at 744f5601a900 of size 256 next 25
I0000 00:00:1778922563.203102  261531 bfc_allocator.cc:1105] InUse at 744f5601aa00 of size 256 next 28
I0000 00:00:1778922563.203104  261531 bfc_allocator.cc:1105] InUse at 744f5601ab00 of size 3072 next 26
I0000 00:00:1778922563.203105  261531 bfc_allocator.cc:1105] InUse at 744f5601b700 of size 512 next 33
I0000 00:00:1778922563.203106  261531 bfc_allocator.cc:1105] InUse at 744f5601b900 of size 512 next 27
I0000 00:00:1778922563.203107  261531 bfc_allocator.cc:1105] InUse at 744f5601bb00 of size 256 next 31
I0000 00:00:1778922563.203108  261531 bfc_allocator.cc:1105] InUse at 744f5601bc00 of size 256 next 34
I0000 00:00:1778922563.203110  261531 bfc_allocator.cc:1105] InUse at 744f5601bd00 of size 256 next 35
I0000 00:00:1778922563.203111  261531 bfc_allocator.cc:1105] InUse at 744f5601be00 of size 1536 next 39
I0000 00:00:1778922563.203112  261531 bfc_allocator.cc:1105] InUse at 744f5601c400 of size 256 next 37
I0000 00:00:1778922563.203113  261531 bfc_allocator.cc:1105] InUse at 744f5601c500 of size 256 next 38
I0000 00:00:1778922563.203115  261531 bfc_allocator.cc:1105] InUse at 744f5601c600 of size 256 next 41
I0000 00:00:1778922563.203116  261531 bfc_allocator.cc:1105] InUse at 744f5601c700 of size 256 next 42
I0000 00:00:1778922563.203117  261531 bfc_allocator.cc:1105] InUse at 744f5601c800 of size 256 next 43
I0000 00:00:1778922563.203118  261531 bfc_allocator.cc:1105] InUse at 744f5601c900 of size 256 next 36
I0000 00:00:1778922563.203119  261531 bfc_allocator.cc:1105] InUse at 744f5601ca00 of size 256 next 44
I0000 00:00:1778922563.203120  261531 bfc_allocator.cc:1105] InUse at 744f5601cb00 of size 256 next 47
I0000 00:00:1778922563.203122  261531 bfc_allocator.cc:1105] InUse at 744f5601cc00 of size 256 next 48
I0000 00:00:1778922563.203123  261531 bfc_allocator.cc:1105] InUse at 744f5601cd00 of size 256 next 46
I0000 00:00:1778922563.203124  261531 bfc_allocator.cc:1105] InUse at 744f5601ce00 of size 256 next 49
I0000 00:00:1778922563.203125  261531 bfc_allocator.cc:1105] InUse at 744f5601cf00 of size 256 next 52
I0000 00:00:1778922563.203126  261531 bfc_allocator.cc:1105] InUse at 744f5601d000 of size 256 next 53
I0000 00:00:1778922563.203128  261531 bfc_allocator.cc:1105] InUse at 744f5601d100 of size 256 next 50
I0000 00:00:1778922563.203129  261531 bfc_allocator.cc:1105] InUse at 744f5601d200 of size 512 next 51
I0000 00:00:1778922563.203130  261531 bfc_allocator.cc:1105] Free  at 744f5601d400 of size 36352 next 19
I0000 00:00:1778922563.203132  261531 bfc_allocator.cc:1105] InUse at 744f56026200 of size 49152 next 20
I0000 00:00:1778922563.203133  261531 bfc_allocator.cc:1105] InUse at 744f56032200 of size 16384 next 45
I0000 00:00:1778922563.203134  261531 bfc_allocator.cc:1105] Free  at 744f56036200 of size 180224 next 30
I0000 00:00:1778922563.203136  261531 bfc_allocator.cc:1105] InUse at 744f56062200 of size 98304 next 29
I0000 00:00:1778922563.203137  261531 bfc_allocator.cc:1105] InUse at 744f5607a200 of size 196608 next 32
I0000 00:00:1778922563.203138  261531 bfc_allocator.cc:1105] InUse at 744f560aa200 of size 98304 next 40
I0000 00:00:1778922563.203139  261531 bfc_allocator.cc:1105] Free  at 744f560c2200 of size 769252864 next 18446744073709551615
I0000 00:00:1778922563.203141  261531 bfc_allocator.cc:1110]      Summary of in-use Chunks by size: 
I0000 00:00:1778922563.203142  261531 bfc_allocator.cc:1113] 38 Chunks of size 256 totalling 9.5KiB
I0000 00:00:1778922563.203145  261531 bfc_allocator.cc:1113] 3 Chunks of size 512 totalling 1.5KiB
I0000 00:00:1778922563.203146  261531 bfc_allocator.cc:1113] 1 Chunks of size 1280 totalling 1.2KiB
I0000 00:00:1778922563.203148  261531 bfc_allocator.cc:1113] 1 Chunks of size 1536 totalling 1.5KiB
I0000 00:00:1778922563.203149  261531 bfc_allocator.cc:1113] 1 Chunks of size 3072 totalling 3.0KiB
I0000 00:00:1778922563.203151  261531 bfc_allocator.cc:1113] 1 Chunks of size 16384 totalling 16.0KiB
I0000 00:00:1778922563.203152  261531 bfc_allocator.cc:1113] 1 Chunks of size 34560 totalling 33.8KiB
I0000 00:00:1778922563.203154  261531 bfc_allocator.cc:1113] 1 Chunks of size 49152 totalling 48.0KiB
I0000 00:00:1778922563.203155  261531 bfc_allocator.cc:1113] 1 Chunks of size 68096 totalling 66.5KiB
I0000 00:00:1778922563.203156  261531 bfc_allocator.cc:1113] 2 Chunks of size 98304 totalling 192.0KiB
I0000 00:00:1778922563.203158  261531 bfc_allocator.cc:1113] 1 Chunks of size 196608 totalling 192.0KiB
I0000 00:00:1778922563.203160  261531 bfc_allocator.cc:1117] Sum Total of in-use chunks: 565.0KiB
I0000 00:00:1778922563.203161  261531 bfc_allocator.cc:1119] Total size in pool: 734.38MiB memory_limit_: 734.38MiB available size: 0B curr_region_allocation_bytes_: 1.43GiB
I0000 00:00:1778922563.203163  261531 bfc_allocator.cc:1128] Stats: 
Limit:                       734.38MiB
InUse:                        565.0KiB
MaxInUse:                     827.8KiB
NumAllocs:                         139
MaxAllocSize:                 192.0KiB
Reserved:                           0B
PeakReserved:                       0B
LargestFreeBlock:                   0B

W0000 00:00:1778922563.203168  261531 bfc_allocator.cc:513] *___________________________________________________________________________________________________
Traceback (most recent call last):
  File "/home/min/Workspace/Graduate-Project/Falling-Model-Development/scripts/train_baseline.py", line 1780, in <module>
    main()
    ~~~~^^
  File "/home/min/Workspace/Graduate-Project/Falling-Model-Development/scripts/train_baseline.py", line 1631, in main
    history = train_model(model, x, y, y_eval, groups, config)
  File "/home/min/Workspace/Graduate-Project/Falling-Model-Development/scripts/train_baseline.py", line 1085, in train_model
    make_tf_dataset(x["train"], y["train"], config.batch_size, True, config.noise_std, config.feat_mask_prob, config.time_mask_max, config.hflip_prob),
    ~~~~~~~~~~~~~~~^^^^^^^^^^^^^^^^^^^^^^^^^^^^^^^^^^^^^^^^^^^^^^^^^^^^^^^^^^^^^^^^^^^^^^^^^^^^^^^^^^^^^^^^^^^^^^^^^^^^^^^^^^^^^^^^^^^^^^^^^^^^^^^^^^^
  File "/home/min/Workspace/Graduate-Project/Falling-Model-Development/scripts/train_baseline.py", line 740, in make_tf_dataset
    ds = tf.data.Dataset.from_tensor_slices((x, y))
  File "/home/min/Workspace/Graduate-Project/Falling-Model-Development/.venv/lib/python3.13/site-packages/tensorflow/python/data/ops/dataset_ops.py", line 827, in from_tensor_slices
    return from_tensor_slices_op._from_tensor_slices(tensors, name)
           ~~~~~~~~~~~~~~~~~~~~~~~~~~~~~~~~~~~~~~~~~^^^^^^^^^^^^^^^
  File "/home/min/Workspace/Graduate-Project/Falling-Model-Development/.venv/lib/python3.13/site-packages/tensorflow/python/data/ops/from_tensor_slices_op.py", line 25, in _from_tensor_slices
    return _TensorSliceDataset(tensors, name=name)
  File "/home/min/Workspace/Graduate-Project/Falling-Model-Development/.venv/lib/python3.13/site-packages/tensorflow/python/data/ops/from_tensor_slices_op.py", line 33, in __init__
    element = structure.normalize_element(element)
  File "/home/min/Workspace/Graduate-Project/Falling-Model-Development/.venv/lib/python3.13/site-packages/tensorflow/python/data/util/structure.py", line 134, in normalize_element
    ops.convert_to_tensor(t, name="component_%d" % i, dtype=dtype))
    ~~~~~~~~~~~~~~~~~~~~~^^^^^^^^^^^^^^^^^^^^^^^^^^^^^^^^^^^^^^^^^
  File "/home/min/Workspace/Graduate-Project/Falling-Model-Development/.venv/lib/python3.13/site-packages/tensorflow/python/profiler/trace.py", line 183, in wrapped
    return func(*args, **kwargs)
  File "/home/min/Workspace/Graduate-Project/Falling-Model-Development/.venv/lib/python3.13/site-packages/tensorflow/python/framework/ops.py", line 757, in convert_to_tensor
    return tensor_conversion_registry.convert(
           ~~~~~~~~~~~~~~~~~~~~~~~~~~~~~~~~~~^
        value, dtype, name, as_ref, preferred_dtype, accepted_result_types
        ^^^^^^^^^^^^^^^^^^^^^^^^^^^^^^^^^^^^^^^^^^^^^^^^^^^^^^^^^^^^^^^^^^
    )
    ^
  File "/home/min/Workspace/Graduate-Project/Falling-Model-Development/.venv/lib/python3.13/site-packages/tensorflow/python/framework/tensor_conversion_registry.py", line 234, in convert
    ret = conversion_func(value, dtype=dtype, name=name, as_ref=as_ref)
  File "/home/min/Workspace/Graduate-Project/Falling-Model-Development/.venv/lib/python3.13/site-packages/tensorflow/python/framework/constant_tensor_conversion.py", line 29, in _constant_tensor_conversion_function
    return constant_op.constant(v, dtype=dtype, name=name)
           ~~~~~~~~~~~~~~~~~~~~^^^^^^^^^^^^^^^^^^^^^^^^^^^
  File "/home/min/Workspace/Graduate-Project/Falling-Model-Development/.venv/lib/python3.13/site-packages/tensorflow/python/ops/weak_tensor_ops.py", line 142, in wrapper
    return op(*args, **kwargs)
  File "/home/min/Workspace/Graduate-Project/Falling-Model-Development/.venv/lib/python3.13/site-packages/tensorflow/python/framework/constant_op.py", line 276, in constant
    return _constant_impl(value, dtype, shape, name, verify_shape=False,
                          allow_broadcast=True)
  File "/home/min/Workspace/Graduate-Project/Falling-Model-Development/.venv/lib/python3.13/site-packages/tensorflow/python/framework/constant_op.py", line 288, in _constant_impl
    return _constant_eager_impl(ctx, value, dtype, shape, verify_shape)
  File "/home/min/Workspace/Graduate-Project/Falling-Model-Development/.venv/lib/python3.13/site-packages/tensorflow/python/framework/constant_op.py", line 301, in _constant_eager_impl
    t = convert_to_eager_tensor(value, ctx, dtype)
  File "/home/min/Workspace/Graduate-Project/Falling-Model-Development/.venv/lib/python3.13/site-packages/tensorflow/python/framework/constant_op.py", line 108, in convert_to_eager_tensor
    return ops.EagerTensor(value, ctx.device_name, dtype)
           ~~~~~~~~~~~~~~~^^^^^^^^^^^^^^^^^^^^^^^^^^^^^^^
tensorflow.python.framework.errors_impl.InternalError: Failed copying input tensor from /job:localhost/replica:0/task:0/device:CPU:0 to /job:localhost/replica:0/task:0/device:GPU:0 in order to run _EagerConst: Dst tensor is not initialized.
