WARNING: All log messages before absl::InitializeLog() is called are written to STDERR
I0000 00:00:1778847109.999475  192567 cpu_feature_guard.cc:227] This TensorFlow binary is optimized to use available CPU instructions in performance-critical operations.
To enable the following instructions: AVX2 FMA, in other operations, rebuild TensorFlow with the appropriate compiler flags.
[2026-05-15 21:11:51] loading train split=/home/min/Workspace/Graduate-Project/Falling-Model-Development/dataset/splits_v2_filtered/train.csv
[2026-05-15 21:12:04] train rows=1,274,014 videos=6,344 features=27 data_scope=all
[2026-05-15 21:12:04] loading val split=/home/min/Workspace/Graduate-Project/Falling-Model-Development/dataset/splits_v2_filtered/val.csv
[2026-05-15 21:12:08] val rows=363,918 videos=1,811 features=27 data_scope=all
[2026-05-15 21:12:08] loading test split=/home/min/Workspace/Graduate-Project/Falling-Model-Development/dataset/splits_v2_filtered/test.csv
[2026-05-15 21:12:09] test rows=182,782 videos=911 features=27 data_scope=all
[2026-05-15 21:12:09] hard_negative_ids loaded: 50 videos from /home/min/Workspace/Graduate-Project/Falling-Model-Development/results/phase10_error_analysis/P9O-v01/false_positive_videos.csv
[2026-05-15 21:12:27] train windows=445,086 positive=371,133 videos=6,344
[2026-05-15 21:12:31] val windows=74,251 positive=53,031 videos=1,811
[2026-05-15 21:12:33] test windows=37,351 positive=26,804 videos=911
I0000 00:00:1778847159.045674  192567 gpu_device.cc:2043] Created device /job:localhost/replica:0/task:0/device:GPU:0 with 6104 MB memory:  -> device: 0, name: NVIDIA GeForce RTX 2060 SUPER, pci bus id: 0000:05:00.0, compute capability: 7.5
W0000 00:00:1778847160.691430  192567 cpu_allocator_impl.cc:82] Allocation of 1922771520 exceeds 10% of free system memory.
W0000 00:00:1778847162.327968  192567 cpu_allocator_impl.cc:82] Allocation of 1922771520 exceeds 10% of free system memory.
W0000 00:00:1778847164.739171  192567 cpu_allocator_impl.cc:82] Allocation of 1922771520 exceeds 10% of free system memory.
I0000 00:00:1778847167.425911  193053 cuda_dnn.cc:461] Loaded cuDNN version 92200
W0000 00:00:1778847480.526536  192567 cpu_allocator_impl.cc:82] Allocation of 1922771520 exceeds 10% of free system memory.
W0000 00:00:1778847482.113587  192567 cpu_allocator_impl.cc:82] Allocation of 1922771520 exceeds 10% of free system memory.
[2026-05-15 21:19:26] video-level val: videos=1811 f1=0.9642 fall_recall=0.9642 nfall_recall=0.8981 fall_prec=0.9642 nfall_prec=0.8981 min_pr=0.8981 min_consecutive=9
[2026-05-15 21:19:26] video-level test: videos=911 f1=0.9656 fall_recall=0.9585 nfall_recall=0.9241 fall_prec=0.9729 nfall_prec=0.8866 min_pr=0.8866 min_consecutive=9
[2026-05-15 21:19:26] === VAL VIDEO-LEVEL REPORT ===
              precision    recall  f1-score   support

           0     0.8981    0.8981    0.8981       471
           1     0.9642    0.9642    0.9642      1340

    accuracy                         0.9470      1811
   macro avg     0.9311    0.9311    0.9311      1811
weighted avg     0.9470    0.9470    0.9470      1811

[2026-05-15 21:19:26] === TEST VIDEO-LEVEL REPORT ===
              precision    recall  f1-score   support

           0     0.8866    0.9241    0.9050       237
           1     0.9729    0.9585    0.9656       674

    accuracy                         0.9495       911
   macro avg     0.9298    0.9413    0.9353       911
weighted avg     0.9505    0.9495    0.9498       911

[2026-05-15 21:19:37] tflite export subprocess exit=0
[2026-05-15 21:19:37]   [tflite] [P12-v03]
[2026-05-15 21:19:37]   [tflite]   Loading model.keras ...
[2026-05-15 21:19:37]   [tflite]     rebuilding with unroll=True for TFLite compatibility
[2026-05-15 21:19:37]   [tflite] Saved artifact at '/tmp/tmpy14mzpoz'. The following endpoints are available:
[2026-05-15 21:19:37]   [tflite] 
[2026-05-15 21:19:37]   [tflite] * Endpoint 'serve'
[2026-05-15 21:19:37]   [tflite]   args_0 (POSITIONAL_ONLY): TensorSpec(shape=(None, 40, 27), dtype=tf.float32, name='pose_sequence')
[2026-05-15 21:19:37]   [tflite] Output Type:
[2026-05-15 21:19:37]   [tflite]   TensorSpec(shape=(None, 3), dtype=tf.float32, name=None)
[2026-05-15 21:19:37]   [tflite] Captures:
[2026-05-15 21:19:37]   [tflite]   136902870701584: TensorSpec(shape=(), dtype=tf.resource, name=None)
[2026-05-15 21:19:37]   [tflite]   136902870702352: TensorSpec(shape=(), dtype=tf.resource, name=None)
[2026-05-15 21:19:37]   [tflite]   136902870702160: TensorSpec(shape=(), dtype=tf.resource, name=None)
[2026-05-15 21:19:37]   [tflite]   136902870702544: TensorSpec(shape=(), dtype=tf.resource, name=None)
[2026-05-15 21:19:37]   [tflite]   136902870700624: TensorSpec(shape=(), dtype=tf.resource, name=None)
[2026-05-15 21:19:37]   [tflite]   136902870702736: TensorSpec(shape=(), dtype=tf.resource, name=None)
[2026-05-15 21:19:37]   [tflite]   136902870703120: TensorSpec(shape=(), dtype=tf.resource, name=None)
[2026-05-15 21:19:37]   [tflite]   136902870702928: TensorSpec(shape=(), dtype=tf.resource, name=None)
[2026-05-15 21:19:37]   [tflite]   136902870701776: TensorSpec(shape=(), dtype=tf.resource, name=None)
[2026-05-15 21:19:37]   [tflite]   136902870703312: TensorSpec(shape=(), dtype=tf.resource, name=None)
[2026-05-15 21:19:37]   [tflite]   136902870704080: TensorSpec(shape=(), dtype=tf.resource, name=None)
[2026-05-15 21:19:37]   [tflite]   136902870705424: TensorSpec(shape=(), dtype=tf.resource, name=None)
[2026-05-15 21:19:37]   [tflite]   136902870704464: TensorSpec(shape=(), dtype=tf.resource, name=None)
[2026-05-15 21:19:37]   [tflite]   136902870704848: TensorSpec(shape=(), dtype=tf.resource, name=None)
[2026-05-15 21:19:37]   [tflite]   136902870704272: TensorSpec(shape=(), dtype=tf.resource, name=None)
[2026-05-15 21:19:37]   [tflite]   136902870705808: TensorSpec(shape=(), dtype=tf.resource, name=None)
[2026-05-15 21:19:37]   [tflite]   136902870705616: TensorSpec(shape=(), dtype=tf.resource, name=None)
[2026-05-15 21:19:37]   [tflite]   136902870706576: TensorSpec(shape=(), dtype=tf.resource, name=None)
[2026-05-15 21:19:37]   [tflite]   136902870703504: TensorSpec(shape=(), dtype=tf.resource, name=None)
[2026-05-15 21:19:37]   [tflite]   136902870706000: TensorSpec(shape=(), dtype=tf.resource, name=None)
[2026-05-15 21:19:37]   [tflite]   136902870706960: TensorSpec(shape=(), dtype=tf.resource, name=None)
[2026-05-15 21:19:37]   [tflite]   136902870707152: TensorSpec(shape=(), dtype=tf.resource, name=None)
[2026-05-15 21:19:37]   [tflite]   136902870705232: TensorSpec(shape=(), dtype=tf.resource, name=None)
[2026-05-15 21:19:37]   [tflite]   136902870707728: TensorSpec(shape=(), dtype=tf.resource, name=None)
[2026-05-15 21:19:37]   [tflite]     fp32 OK (806 KB)
[2026-05-15 21:19:37]   [tflite] Saved artifact at '/tmp/tmpzcrwl9vz'. The following endpoints are available:
[2026-05-15 21:19:37]   [tflite] 
[2026-05-15 21:19:37]   [tflite] * Endpoint 'serve'
[2026-05-15 21:19:37]   [tflite]   args_0 (POSITIONAL_ONLY): TensorSpec(shape=(None, 40, 27), dtype=tf.float32, name='pose_sequence')
[2026-05-15 21:19:37]   [tflite] Output Type:
[2026-05-15 21:19:37]   [tflite]   TensorSpec(shape=(None, 3), dtype=tf.float32, name=None)
[2026-05-15 21:19:37]   [tflite] Captures:
[2026-05-15 21:19:37]   [tflite]   136902870701584: TensorSpec(shape=(), dtype=tf.resource, name=None)
[2026-05-15 21:19:37]   [tflite]   136902870702352: TensorSpec(shape=(), dtype=tf.resource, name=None)
[2026-05-15 21:19:37]   [tflite]   136902870702160: TensorSpec(shape=(), dtype=tf.resource, name=None)
[2026-05-15 21:19:37]   [tflite]   136902870702544: TensorSpec(shape=(), dtype=tf.resource, name=None)
[2026-05-15 21:19:37]   [tflite]   136902870700624: TensorSpec(shape=(), dtype=tf.resource, name=None)
[2026-05-15 21:19:37]   [tflite]   136902870702736: TensorSpec(shape=(), dtype=tf.resource, name=None)
[2026-05-15 21:19:37]   [tflite]   136902870703120: TensorSpec(shape=(), dtype=tf.resource, name=None)
[2026-05-15 21:19:37]   [tflite]   136902870702928: TensorSpec(shape=(), dtype=tf.resource, name=None)
[2026-05-15 21:19:37]   [tflite]   136902870701776: TensorSpec(shape=(), dtype=tf.resource, name=None)
[2026-05-15 21:19:37]   [tflite]   136902870703312: TensorSpec(shape=(), dtype=tf.resource, name=None)
[2026-05-15 21:19:37]   [tflite]   136902870704080: TensorSpec(shape=(), dtype=tf.resource, name=None)
[2026-05-15 21:19:37]   [tflite]   136902870705424: TensorSpec(shape=(), dtype=tf.resource, name=None)
[2026-05-15 21:19:37]   [tflite]   136902870704464: TensorSpec(shape=(), dtype=tf.resource, name=None)
[2026-05-15 21:19:37]   [tflite]   136902870704848: TensorSpec(shape=(), dtype=tf.resource, name=None)
[2026-05-15 21:19:37]   [tflite]   136902870704272: TensorSpec(shape=(), dtype=tf.resource, name=None)
[2026-05-15 21:19:37]   [tflite]   136902870705808: TensorSpec(shape=(), dtype=tf.resource, name=None)
[2026-05-15 21:19:37]   [tflite]   136902870705616: TensorSpec(shape=(), dtype=tf.resource, name=None)
[2026-05-15 21:19:37]   [tflite]   136902870706576: TensorSpec(shape=(), dtype=tf.resource, name=None)
[2026-05-15 21:19:37]   [tflite]   136902870703504: TensorSpec(shape=(), dtype=tf.resource, name=None)
[2026-05-15 21:19:37]   [tflite]   136902870706000: TensorSpec(shape=(), dtype=tf.resource, name=None)
[2026-05-15 21:19:37]   [tflite]   136902870706960: TensorSpec(shape=(), dtype=tf.resource, name=None)
[2026-05-15 21:19:37]   [tflite]   136902870707152: TensorSpec(shape=(), dtype=tf.resource, name=None)
[2026-05-15 21:19:37]   [tflite]   136902870705232: TensorSpec(shape=(), dtype=tf.resource, name=None)
[2026-05-15 21:19:37]   [tflite]   136902870707728: TensorSpec(shape=(), dtype=tf.resource, name=None)
[2026-05-15 21:19:37]   [tflite]     int8 OK (1239 KB)
[2026-05-15 21:19:37]   [tflite] 
[2026-05-15 21:19:37]   [tflite] Done.
/home/min/Workspace/Graduate-Project/Falling-Model-Development/.venv/lib/python3.13/site-packages/tensorflow/lite/python/interpreter.py:457: UserWarning:     Warning: tf.lite.Interpreter is deprecated and is scheduled for deletion in
    TF 2.20. Please use the LiteRT interpreter from the ai_edge_litert package.
    See the [migration guide](https://ai.google.dev/edge/litert/migration)
    for details.
    
  warnings.warn(_INTERPRETER_DELETION_WARNING)
INFO: Created TensorFlow Lite XNNPACK delegate for CPU.
[2026-05-15 21:19:38] done P12-v03 val_f1=0.9284 (video=0.9642) test_f1=0.9262 (video=0.9656) test_min_pr=0.8866 threshold=0.600 min_consecutive=9
