WARNING: All log messages before absl::InitializeLog() is called are written to STDERR
I0000 00:00:1778917479.186565  237628 cpu_feature_guard.cc:227] This TensorFlow binary is optimized to use available CPU instructions in performance-critical operations.
To enable the following instructions: AVX2 FMA, in other operations, rebuild TensorFlow with the appropriate compiler flags.
[2026-05-16 16:44:40] loading train split=/home/min/Workspace/Graduate-Project/Falling-Model-Development/dataset/splits_v2_class_balanced_filtered/train.csv
[2026-05-16 16:44:52] train rows=1,211,093 videos=6,039 features=27 data_scope=all
[2026-05-16 16:44:52] loading val split=/home/min/Workspace/Graduate-Project/Falling-Model-Development/dataset/splits_v2_class_balanced_filtered/val.csv
[2026-05-16 16:44:56] val rows=344,292 videos=1,714 features=27 data_scope=all
[2026-05-16 16:44:56] loading test split=/home/min/Workspace/Graduate-Project/Falling-Model-Development/dataset/splits_v2_class_balanced_filtered/test.csv
[2026-05-16 16:44:58] test rows=172,209 videos=853 features=27 data_scope=all
[2026-05-16 16:45:11] train windows=353,150 positive=213,662 videos=6,039
[2026-05-16 16:45:14] val windows=70,274 positive=30,106 videos=1,714
[2026-05-16 16:45:16] test windows=34,973 positive=15,069 videos=853
I0000 00:00:1778917519.885826  237628 gpu_device.cc:2043] Created device /job:localhost/replica:0/task:0/device:GPU:0 with 6623 MB memory:  -> device: 0, name: NVIDIA GeForce RTX 2060 SUPER, pci bus id: 0000:05:00.0, compute capability: 7.5
W0000 00:00:1778917520.815920  237628 cpu_allocator_impl.cc:82] Allocation of 1525608000 exceeds 10% of free system memory.
W0000 00:00:1778917522.166884  237628 cpu_allocator_impl.cc:82] Allocation of 1525608000 exceeds 10% of free system memory.
W0000 00:00:1778917524.105714  237628 cpu_allocator_impl.cc:82] Allocation of 1525608000 exceeds 10% of free system memory.
I0000 00:00:1778917526.590474  237966 cuda_dnn.cc:461] Loaded cuDNN version 92200
[2026-05-16 17:12:40] ValMinPR: restored best weights (val_video_min_pr=0.9219)
W0000 00:00:1778919160.647778  237628 cpu_allocator_impl.cc:82] Allocation of 1525608000 exceeds 10% of free system memory.
W0000 00:00:1778919161.992701  237628 cpu_allocator_impl.cc:82] Allocation of 1525608000 exceeds 10% of free system memory.
[2026-05-16 17:13:56] video-level val: videos=1714 f1=0.9706 fall_recall=0.9702 nfall_recall=0.9239 fall_prec=0.9710 nfall_prec=0.9219 min_pr=0.9219 min_consecutive=3
[2026-05-16 17:13:57] event-level val: videos=1714 f1=0.9702 fall_recall=0.9694 nfall_recall=0.9239 fall_prec=0.9709 nfall_prec=0.9200 min_pr=0.9200 tolerance_windows=2
[2026-05-16 17:13:57] video-level test: videos=853 f1=0.9588 fall_recall=0.9549 nfall_recall=0.9009 fall_prec=0.9627 nfall_prec=0.8819 min_pr=0.8819 min_consecutive=3
[2026-05-16 17:13:57] event-level test: videos=853 f1=0.9579 fall_recall=0.9533 nfall_recall=0.9009 fall_prec=0.9626 nfall_prec=0.8782 min_pr=0.8782 tolerance_windows=2
[2026-05-16 17:13:58] === VAL VIDEO-LEVEL REPORT ===
              precision    recall  f1-score   support

           0     0.9219    0.9239    0.9229       473
           1     0.9710    0.9702    0.9706      1241

    accuracy                         0.9574      1714
   macro avg     0.9465    0.9470    0.9467      1714
weighted avg     0.9574    0.9574    0.9574      1714

[2026-05-16 17:13:58] === TEST VIDEO-LEVEL REPORT ===
              precision    recall  f1-score   support

           0     0.8819    0.9009    0.8913       232
           1     0.9627    0.9549    0.9588       621

    accuracy                         0.9402       853
   macro avg     0.9223    0.9279    0.9250       853
weighted avg     0.9407    0.9402    0.9404       853

[2026-05-16 17:13:58] done P33-gce-vm1 val_f1=0.8804 (video=0.9706) test_f1=0.8679 (video=0.9588) test_min_pr=0.8819 threshold=0.775 min_consecutive=3
