WARNING: All log messages before absl::InitializeLog() is called are written to STDERR
I0000 00:00:1778913876.536818  207111 cpu_feature_guard.cc:227] This TensorFlow binary is optimized to use available CPU instructions in performance-critical operations.
To enable the following instructions: AVX2 FMA, in other operations, rebuild TensorFlow with the appropriate compiler flags.
[2026-05-16 15:44:38] loading train split=/home/min/Workspace/Graduate-Project/Falling-Model-Development/dataset/splits_v2_class_balanced_filtered/train.csv
[2026-05-16 15:44:50] train rows=1,211,093 videos=6,039 features=27 data_scope=all
[2026-05-16 15:44:50] loading val split=/home/min/Workspace/Graduate-Project/Falling-Model-Development/dataset/splits_v2_class_balanced_filtered/val.csv
[2026-05-16 15:44:53] val rows=344,292 videos=1,714 features=27 data_scope=all
[2026-05-16 15:44:53] loading test split=/home/min/Workspace/Graduate-Project/Falling-Model-Development/dataset/splits_v2_class_balanced_filtered/test.csv
[2026-05-16 15:44:54] test rows=172,209 videos=853 features=27 data_scope=all
[2026-05-16 15:45:07] train windows=353,150 positive=213,662 videos=6,039
[2026-05-16 15:45:11] val windows=70,274 positive=30,106 videos=1,714
[2026-05-16 15:45:12] test windows=34,973 positive=15,069 videos=853
I0000 00:00:1778913915.564185  207111 gpu_device.cc:2043] Created device /job:localhost/replica:0/task:0/device:GPU:0 with 6623 MB memory:  -> device: 0, name: NVIDIA GeForce RTX 2060 SUPER, pci bus id: 0000:05:00.0, compute capability: 7.5
W0000 00:00:1778913916.488219  207111 cpu_allocator_impl.cc:82] Allocation of 1525608000 exceeds 10% of free system memory.
W0000 00:00:1778913917.802489  207111 cpu_allocator_impl.cc:82] Allocation of 1525608000 exceeds 10% of free system memory.
W0000 00:00:1778913919.703250  207111 cpu_allocator_impl.cc:82] Allocation of 1525608000 exceeds 10% of free system memory.
I0000 00:00:1778913922.171584  207211 cuda_dnn.cc:461] Loaded cuDNN version 92200
[2026-05-16 16:43:20] ValMinPR: restored best weights (val_video_min_pr=0.9218)
W0000 00:00:1778917401.691548  207111 cpu_allocator_impl.cc:82] Allocation of 1525608000 exceeds 10% of free system memory.
W0000 00:00:1778917403.042920  207111 cpu_allocator_impl.cc:82] Allocation of 1525608000 exceeds 10% of free system memory.
[2026-05-16 16:44:35] video-level val: videos=1714 f1=0.9702 fall_recall=0.9702 nfall_recall=0.9218 fall_prec=0.9702 nfall_prec=0.9218 min_pr=0.9218 min_consecutive=3
[2026-05-16 16:44:36] event-level val: videos=1714 f1=0.9702 fall_recall=0.9702 nfall_recall=0.9218 fall_prec=0.9702 nfall_prec=0.9218 min_pr=0.9218 tolerance_windows=2
[2026-05-16 16:44:36] video-level test: videos=853 f1=0.9636 fall_recall=0.9581 nfall_recall=0.9181 fall_prec=0.9691 nfall_prec=0.8912 min_pr=0.8912 min_consecutive=3
[2026-05-16 16:44:37] event-level test: videos=853 f1=0.9627 fall_recall=0.9565 nfall_recall=0.9181 fall_prec=0.9690 nfall_prec=0.8875 min_pr=0.8875 tolerance_windows=2
[2026-05-16 16:44:37] === VAL VIDEO-LEVEL REPORT ===
              precision    recall  f1-score   support

           0     0.9218    0.9218    0.9218       473
           1     0.9702    0.9702    0.9702      1241

    accuracy                         0.9568      1714
   macro avg     0.9460    0.9460    0.9460      1714
weighted avg     0.9568    0.9568    0.9568      1714

[2026-05-16 16:44:37] === TEST VIDEO-LEVEL REPORT ===
              precision    recall  f1-score   support

           0     0.8912    0.9181    0.9045       232
           1     0.9691    0.9581    0.9636       621

    accuracy                         0.9472       853
   macro avg     0.9301    0.9381    0.9340       853
weighted avg     0.9479    0.9472    0.9475       853

[2026-05-16 16:44:37] done P33-gce-vm42 val_f1=0.8883 (video=0.9702) test_f1=0.8776 (video=0.9636) test_min_pr=0.8912 threshold=0.875 min_consecutive=3
