WARNING: All log messages before absl::InitializeLog() is called are written to STDERR
I0000 00:00:1778919239.860795  247279 cpu_feature_guard.cc:227] This TensorFlow binary is optimized to use available CPU instructions in performance-critical operations.
To enable the following instructions: AVX2 FMA, in other operations, rebuild TensorFlow with the appropriate compiler flags.
[2026-05-16 17:14:01] loading train split=/home/min/Workspace/Graduate-Project/Falling-Model-Development/dataset/splits_v2_class_balanced_filtered/train.csv
[2026-05-16 17:14:13] train rows=1,211,093 videos=6,039 features=27 data_scope=all
[2026-05-16 17:14:13] loading val split=/home/min/Workspace/Graduate-Project/Falling-Model-Development/dataset/splits_v2_class_balanced_filtered/val.csv
[2026-05-16 17:14:16] val rows=344,292 videos=1,714 features=27 data_scope=all
[2026-05-16 17:14:16] loading test split=/home/min/Workspace/Graduate-Project/Falling-Model-Development/dataset/splits_v2_class_balanced_filtered/test.csv
[2026-05-16 17:14:18] test rows=172,209 videos=853 features=27 data_scope=all
[2026-05-16 17:14:31] train windows=353,150 positive=213,662 videos=6,039
[2026-05-16 17:14:34] val windows=70,274 positive=30,106 videos=1,714
[2026-05-16 17:14:36] test windows=34,973 positive=15,069 videos=853
I0000 00:00:1778919279.381723  247279 gpu_device.cc:2043] Created device /job:localhost/replica:0/task:0/device:GPU:0 with 6623 MB memory:  -> device: 0, name: NVIDIA GeForce RTX 2060 SUPER, pci bus id: 0000:05:00.0, compute capability: 7.5
W0000 00:00:1778919280.310815  247279 cpu_allocator_impl.cc:82] Allocation of 1525608000 exceeds 10% of free system memory.
W0000 00:00:1778919281.645732  247279 cpu_allocator_impl.cc:82] Allocation of 1525608000 exceeds 10% of free system memory.
WARNING:tensorflow:AutoGraph could not transform <function make_tf_dataset.<locals>.add_noise at 0x70f24b8828e0> and will run it as-is.
Please report this to the TensorFlow team. When filing the bug, set the verbosity to 10 (on Linux, `export AUTOGRAPH_VERBOSITY=10`) and attach the full output.
Cause: expected exactly one node, got [<gast.gast.Assign object at 0x70f24bba1310>, <gast.gast.If object at 0x70f24c262c10>]
To silence this warning, decorate the function with @tf.autograph.experimental.do_not_convert
W0000 00:00:1778919283.597969  247279 cpu_allocator_impl.cc:82] Allocation of 1525608000 exceeds 10% of free system memory.
I0000 00:00:1778919286.091668  247453 cuda_dnn.cc:461] Loaded cuDNN version 92200
[2026-05-16 17:58:01] ValMinPR: restored best weights (val_video_min_pr=0.9260)
W0000 00:00:1778921882.535234  247279 cpu_allocator_impl.cc:82] Allocation of 1525608000 exceeds 10% of free system memory.
W0000 00:00:1778921883.905705  247279 cpu_allocator_impl.cc:82] Allocation of 1525608000 exceeds 10% of free system memory.
[2026-05-16 17:59:18] video-level val: videos=1714 f1=0.9722 fall_recall=0.9726 nfall_recall=0.9260 fall_prec=0.9718 nfall_prec=0.9280 min_pr=0.9260 min_consecutive=4
[2026-05-16 17:59:18] event-level val: videos=1714 f1=0.9718 fall_recall=0.9718 nfall_recall=0.9260 fall_prec=0.9718 nfall_prec=0.9260 min_pr=0.9260 tolerance_windows=2
[2026-05-16 17:59:19] video-level test: videos=853 f1=0.9693 fall_recall=0.9646 nfall_recall=0.9310 fall_prec=0.9740 nfall_prec=0.9076 min_pr=0.9076 min_consecutive=4
[2026-05-16 17:59:19] event-level test: videos=853 f1=0.9684 fall_recall=0.9630 nfall_recall=0.9310 fall_prec=0.9739 nfall_prec=0.9038 min_pr=0.9038 tolerance_windows=2
[2026-05-16 17:59:19] === VAL VIDEO-LEVEL REPORT ===
              precision    recall  f1-score   support

           0     0.9280    0.9260    0.9270       473
           1     0.9718    0.9726    0.9722      1241

    accuracy                         0.9597      1714
   macro avg     0.9499    0.9493    0.9496      1714
weighted avg     0.9597    0.9597    0.9597      1714

[2026-05-16 17:59:19] === TEST VIDEO-LEVEL REPORT ===
              precision    recall  f1-score   support

           0     0.9076    0.9310    0.9191       232
           1     0.9740    0.9646    0.9693       621

    accuracy                         0.9555       853
   macro avg     0.9408    0.9478    0.9442       853
weighted avg     0.9559    0.9555    0.9556       853

[2026-05-16 17:59:19] done P33-gce-vm0 val_f1=0.8966 (video=0.9722) test_f1=0.8917 (video=0.9693) test_min_pr=0.9076 threshold=0.675 min_consecutive=4
