WARNING: All log messages before absl::InitializeLog() is called are written to STDERR
I0000 00:00:1778922510.113430  261503 cpu_feature_guard.cc:227] This TensorFlow binary is optimized to use available CPU instructions in performance-critical operations.
To enable the following instructions: AVX2 FMA, in other operations, rebuild TensorFlow with the appropriate compiler flags.
[2026-05-16 18:08:31] loading train split=/home/min/Workspace/Graduate-Project/Falling-Model-Development/dataset/splits_v2_class_balanced_filtered/train.csv
[2026-05-16 18:08:43] train rows=1,211,093 videos=6,039 features=27 data_scope=all
[2026-05-16 18:08:43] loading val split=/home/min/Workspace/Graduate-Project/Falling-Model-Development/dataset/splits_v2_class_balanced_filtered/val.csv
[2026-05-16 18:08:47] val rows=344,292 videos=1,714 features=27 data_scope=all
[2026-05-16 18:08:47] loading test split=/home/min/Workspace/Graduate-Project/Falling-Model-Development/dataset/splits_v2_class_balanced_filtered/test.csv
[2026-05-16 18:08:48] test rows=172,209 videos=853 features=27 data_scope=all
[2026-05-16 18:09:02] train windows=353,150 positive=213,662 videos=6,039
[2026-05-16 18:09:05] val windows=70,274 positive=30,106 videos=1,714
[2026-05-16 18:09:07] test windows=34,973 positive=15,069 videos=853
I0000 00:00:1778922550.651455  261503 gpu_device.cc:2043] Created device /job:localhost/replica:0/task:0/device:GPU:0 with 6623 MB memory:  -> device: 0, name: NVIDIA GeForce RTX 2060 SUPER, pci bus id: 0000:05:00.0, compute capability: 7.5
W0000 00:00:1778922551.622669  261503 cpu_allocator_impl.cc:82] Allocation of 1525608000 exceeds 10% of free system memory.
W0000 00:00:1778922552.992856  261503 cpu_allocator_impl.cc:82] Allocation of 1525608000 exceeds 10% of free system memory.
W0000 00:00:1778922554.950658  261503 cpu_allocator_impl.cc:82] Allocation of 1525608000 exceeds 10% of free system memory.
I0000 00:00:1778922557.502605  261709 cuda_dnn.cc:461] Loaded cuDNN version 92200
W0000 00:00:1778922834.975714  261503 cpu_allocator_impl.cc:82] Allocation of 1525608000 exceeds 10% of free system memory.
W0000 00:00:1778922836.310089  261503 cpu_allocator_impl.cc:82] Allocation of 1525608000 exceeds 10% of free system memory.
[2026-05-16 18:15:11] video-level val: videos=1714 f1=0.9674 fall_recall=0.9670 nfall_recall=0.9154 fall_prec=0.9677 nfall_prec=0.9135 min_pr=0.9135 min_consecutive=7
[2026-05-16 18:15:12] event-level val: videos=1714 f1=0.9674 fall_recall=0.9670 nfall_recall=0.9154 fall_prec=0.9677 nfall_prec=0.9135 min_pr=0.9135 tolerance_windows=2
[2026-05-16 18:15:12] video-level test: videos=853 f1=0.9657 fall_recall=0.9517 nfall_recall=0.9483 fall_prec=0.9801 nfall_prec=0.8800 min_pr=0.8800 min_consecutive=7
[2026-05-16 18:15:12] event-level test: videos=853 f1=0.9657 fall_recall=0.9517 nfall_recall=0.9483 fall_prec=0.9801 nfall_prec=0.8800 min_pr=0.8800 tolerance_windows=2
[2026-05-16 18:15:13] === VAL VIDEO-LEVEL REPORT ===
              precision    recall  f1-score   support

           0     0.9135    0.9154    0.9145       473
           1     0.9677    0.9670    0.9674      1241

    accuracy                         0.9527      1714
   macro avg     0.9406    0.9412    0.9409      1714
weighted avg     0.9528    0.9527    0.9528      1714

[2026-05-16 18:15:13] === TEST VIDEO-LEVEL REPORT ===
              precision    recall  f1-score   support

           0     0.8800    0.9483    0.9129       232
           1     0.9801    0.9517    0.9657       621

    accuracy                         0.9508       853
   macro avg     0.9300    0.9500    0.9393       853
weighted avg     0.9529    0.9508    0.9513       853

[2026-05-16 18:15:13] done P33-lce-vl1 val_f1=0.9071 (video=0.9674) test_f1=0.9051 (video=0.9657) test_min_pr=0.8800 threshold=0.475 min_consecutive=7
