WARNING: All log messages before absl::InitializeLog() is called are written to STDERR
I0000 00:00:1778860551.404093  376613 cpu_feature_guard.cc:227] This TensorFlow binary is optimized to use available CPU instructions in performance-critical operations.
To enable the following instructions: AVX2 FMA, in other operations, rebuild TensorFlow with the appropriate compiler flags.
[2026-05-16 00:55:52] loading train split=/home/min/Workspace/Graduate-Project/Falling-Model-Development/dataset/splits_v2_filtered/train.csv
[2026-05-16 00:56:05] train rows=1,274,014 videos=6,344 features=27 data_scope=all
[2026-05-16 00:56:05] loading val split=/home/min/Workspace/Graduate-Project/Falling-Model-Development/dataset/splits_v2_filtered/val.csv
[2026-05-16 00:56:09] val rows=363,918 videos=1,811 features=27 data_scope=all
[2026-05-16 00:56:09] loading test split=/home/min/Workspace/Graduate-Project/Falling-Model-Development/dataset/splits_v2_filtered/test.csv
[2026-05-16 00:56:10] test rows=182,782 videos=911 features=27 data_scope=all
[2026-05-16 00:56:26] train windows=370,921 positive=224,347 videos=6,344
[2026-05-16 00:56:29] val windows=74,251 positive=32,590 videos=1,811
[2026-05-16 00:56:31] test windows=37,351 positive=16,447 videos=911
I0000 00:00:1778860596.903342  376613 gpu_device.cc:2043] Created device /job:localhost/replica:0/task:0/device:GPU:0 with 6096 MB memory:  -> device: 0, name: NVIDIA GeForce RTX 2060 SUPER, pci bus id: 0000:05:00.0, compute capability: 7.5
W0000 00:00:1778860598.327412  376613 cpu_allocator_impl.cc:82] Allocation of 1602378720 exceeds 10% of free system memory.
W0000 00:00:1778860599.694688  376613 cpu_allocator_impl.cc:82] Allocation of 1602378720 exceeds 10% of free system memory.
W0000 00:00:1778860601.983293  376613 cpu_allocator_impl.cc:82] Allocation of 1602378720 exceeds 10% of free system memory.
I0000 00:00:1778860604.542643  377012 cuda_dnn.cc:461] Loaded cuDNN version 92200
W0000 00:00:1778860883.211712  376613 cpu_allocator_impl.cc:82] Allocation of 1602378720 exceeds 10% of free system memory.
W0000 00:00:1778860884.538218  376613 cpu_allocator_impl.cc:82] Allocation of 1602378720 exceeds 10% of free system memory.
[2026-05-16 01:02:49] video-level val: videos=1811 f1=0.9617 fall_recall=0.9617 nfall_recall=0.8938 fall_prec=0.9617 nfall_prec=0.8938 min_pr=0.8938 min_consecutive=4
[2026-05-16 01:02:50] event-level val: videos=1811 f1=0.9613 fall_recall=0.9609 nfall_recall=0.8938 fall_prec=0.9617 nfall_prec=0.8919 min_pr=0.8919 tolerance_windows=2
[2026-05-16 01:02:50] video-level test: videos=911 f1=0.9642 fall_recall=0.9715 nfall_recall=0.8816 fall_prec=0.9571 nfall_prec=0.9191 min_pr=0.8816 min_consecutive=4
[2026-05-16 01:02:51] event-level test: videos=911 f1=0.9635 fall_recall=0.9700 nfall_recall=0.8816 fall_prec=0.9570 nfall_prec=0.9153 min_pr=0.8816 tolerance_windows=2
[2026-05-16 01:02:51] === VAL VIDEO-LEVEL REPORT ===
              precision    recall  f1-score   support

           0     0.8938    0.8938    0.8938       480
           1     0.9617    0.9617    0.9617      1331

    accuracy                         0.9437      1811
   macro avg     0.9277    0.9277    0.9277      1811
weighted avg     0.9437    0.9437    0.9437      1811

[2026-05-16 01:02:51] === TEST VIDEO-LEVEL REPORT ===
              precision    recall  f1-score   support

           0     0.9191    0.8816    0.9000       245
           1     0.9571    0.9715    0.9642       666

    accuracy                         0.9473       911
   macro avg     0.9381    0.9266    0.9321       911
weighted avg     0.9469    0.9473    0.9470       911

[2026-05-16 01:03:02] tflite export subprocess exit=0
[2026-05-16 01:03:02]   [tflite] [P19-v04]
[2026-05-16 01:03:02]   [tflite]   Loading model.keras ...
[2026-05-16 01:03:02]   [tflite]     rebuilding with unroll=True for TFLite compatibility
[2026-05-16 01:03:02]   [tflite] Saved artifact at '/tmp/tmpomsxdd9d'. The following endpoints are available:
[2026-05-16 01:03:02]   [tflite] 
[2026-05-16 01:03:02]   [tflite] * Endpoint 'serve'
[2026-05-16 01:03:02]   [tflite]   args_0 (POSITIONAL_ONLY): TensorSpec(shape=(None, 40, 27), dtype=tf.float32, name='pose_sequence')
[2026-05-16 01:03:02]   [tflite] Output Type:
[2026-05-16 01:03:02]   [tflite]   TensorSpec(shape=(None, 2), dtype=tf.float32, name=None)
[2026-05-16 01:03:02]   [tflite] Captures:
[2026-05-16 01:03:02]   [tflite]   128052291163664: TensorSpec(shape=(), dtype=tf.resource, name=None)
[2026-05-16 01:03:02]   [tflite]   128052291164432: TensorSpec(shape=(), dtype=tf.resource, name=None)
[2026-05-16 01:03:02]   [tflite]   128052291164240: TensorSpec(shape=(), dtype=tf.resource, name=None)
[2026-05-16 01:03:02]   [tflite]   128052291164624: TensorSpec(shape=(), dtype=tf.resource, name=None)
[2026-05-16 01:03:02]   [tflite]   128052291162704: TensorSpec(shape=(), dtype=tf.resource, name=None)
[2026-05-16 01:03:02]   [tflite]   128052291164816: TensorSpec(shape=(), dtype=tf.resource, name=None)
[2026-05-16 01:03:02]   [tflite]   128052291165200: TensorSpec(shape=(), dtype=tf.resource, name=None)
[2026-05-16 01:03:02]   [tflite]   128052291165008: TensorSpec(shape=(), dtype=tf.resource, name=None)
[2026-05-16 01:03:02]   [tflite]   128052291163856: TensorSpec(shape=(), dtype=tf.resource, name=None)
[2026-05-16 01:03:02]   [tflite]   128052291165392: TensorSpec(shape=(), dtype=tf.resource, name=None)
[2026-05-16 01:03:02]   [tflite]   128052291166160: TensorSpec(shape=(), dtype=tf.resource, name=None)
[2026-05-16 01:03:02]   [tflite]   128052291167504: TensorSpec(shape=(), dtype=tf.resource, name=None)
[2026-05-16 01:03:02]   [tflite]   128052291166544: TensorSpec(shape=(), dtype=tf.resource, name=None)
[2026-05-16 01:03:02]   [tflite]   128052291166928: TensorSpec(shape=(), dtype=tf.resource, name=None)
[2026-05-16 01:03:02]   [tflite]   128052291166352: TensorSpec(shape=(), dtype=tf.resource, name=None)
[2026-05-16 01:03:02]   [tflite]   128052291167888: TensorSpec(shape=(), dtype=tf.resource, name=None)
[2026-05-16 01:03:02]   [tflite]   128052291167696: TensorSpec(shape=(), dtype=tf.resource, name=None)
[2026-05-16 01:03:02]   [tflite]   128052291168656: TensorSpec(shape=(), dtype=tf.resource, name=None)
[2026-05-16 01:03:02]   [tflite]   128052291165584: TensorSpec(shape=(), dtype=tf.resource, name=None)
[2026-05-16 01:03:02]   [tflite]   128052291168080: TensorSpec(shape=(), dtype=tf.resource, name=None)
[2026-05-16 01:03:02]   [tflite]   128052291169040: TensorSpec(shape=(), dtype=tf.resource, name=None)
[2026-05-16 01:03:02]   [tflite]   128052291169232: TensorSpec(shape=(), dtype=tf.resource, name=None)
[2026-05-16 01:03:02]   [tflite]   128052291167312: TensorSpec(shape=(), dtype=tf.resource, name=None)
[2026-05-16 01:03:02]   [tflite]   128052291169808: TensorSpec(shape=(), dtype=tf.resource, name=None)
[2026-05-16 01:03:02]   [tflite]     fp32 OK (1964 KB)
[2026-05-16 01:03:02]   [tflite] Saved artifact at '/tmp/tmpekzub_p8'. The following endpoints are available:
[2026-05-16 01:03:02]   [tflite] 
[2026-05-16 01:03:02]   [tflite] * Endpoint 'serve'
[2026-05-16 01:03:02]   [tflite]   args_0 (POSITIONAL_ONLY): TensorSpec(shape=(None, 40, 27), dtype=tf.float32, name='pose_sequence')
[2026-05-16 01:03:02]   [tflite] Output Type:
[2026-05-16 01:03:02]   [tflite]   TensorSpec(shape=(None, 2), dtype=tf.float32, name=None)
[2026-05-16 01:03:02]   [tflite] Captures:
[2026-05-16 01:03:02]   [tflite]   128052291163664: TensorSpec(shape=(), dtype=tf.resource, name=None)
[2026-05-16 01:03:02]   [tflite]   128052291164432: TensorSpec(shape=(), dtype=tf.resource, name=None)
[2026-05-16 01:03:02]   [tflite]   128052291164240: TensorSpec(shape=(), dtype=tf.resource, name=None)
[2026-05-16 01:03:02]   [tflite]   128052291164624: TensorSpec(shape=(), dtype=tf.resource, name=None)
[2026-05-16 01:03:02]   [tflite]   128052291162704: TensorSpec(shape=(), dtype=tf.resource, name=None)
[2026-05-16 01:03:02]   [tflite]   128052291164816: TensorSpec(shape=(), dtype=tf.resource, name=None)
[2026-05-16 01:03:02]   [tflite]   128052291165200: TensorSpec(shape=(), dtype=tf.resource, name=None)
[2026-05-16 01:03:02]   [tflite]   128052291165008: TensorSpec(shape=(), dtype=tf.resource, name=None)
[2026-05-16 01:03:02]   [tflite]   128052291163856: TensorSpec(shape=(), dtype=tf.resource, name=None)
[2026-05-16 01:03:02]   [tflite]   128052291165392: TensorSpec(shape=(), dtype=tf.resource, name=None)
[2026-05-16 01:03:02]   [tflite]   128052291166160: TensorSpec(shape=(), dtype=tf.resource, name=None)
[2026-05-16 01:03:02]   [tflite]   128052291167504: TensorSpec(shape=(), dtype=tf.resource, name=None)
[2026-05-16 01:03:02]   [tflite]   128052291166544: TensorSpec(shape=(), dtype=tf.resource, name=None)
[2026-05-16 01:03:02]   [tflite]   128052291166928: TensorSpec(shape=(), dtype=tf.resource, name=None)
[2026-05-16 01:03:02]   [tflite]   128052291166352: TensorSpec(shape=(), dtype=tf.resource, name=None)
[2026-05-16 01:03:02]   [tflite]   128052291167888: TensorSpec(shape=(), dtype=tf.resource, name=None)
[2026-05-16 01:03:02]   [tflite]   128052291167696: TensorSpec(shape=(), dtype=tf.resource, name=None)
[2026-05-16 01:03:02]   [tflite]   128052291168656: TensorSpec(shape=(), dtype=tf.resource, name=None)
[2026-05-16 01:03:02]   [tflite]   128052291165584: TensorSpec(shape=(), dtype=tf.resource, name=None)
[2026-05-16 01:03:02]   [tflite]   128052291168080: TensorSpec(shape=(), dtype=tf.resource, name=None)
[2026-05-16 01:03:02]   [tflite]   128052291169040: TensorSpec(shape=(), dtype=tf.resource, name=None)
[2026-05-16 01:03:02]   [tflite]   128052291169232: TensorSpec(shape=(), dtype=tf.resource, name=None)
[2026-05-16 01:03:02]   [tflite]   128052291167312: TensorSpec(shape=(), dtype=tf.resource, name=None)
[2026-05-16 01:03:02]   [tflite]   128052291169808: TensorSpec(shape=(), dtype=tf.resource, name=None)
[2026-05-16 01:03:02]   [tflite]     int8 OK (2264 KB)
[2026-05-16 01:03:02]   [tflite] 
[2026-05-16 01:03:02]   [tflite] Done.
/home/min/Workspace/Graduate-Project/Falling-Model-Development/.venv/lib/python3.13/site-packages/tensorflow/lite/python/interpreter.py:457: UserWarning:     Warning: tf.lite.Interpreter is deprecated and is scheduled for deletion in
    TF 2.20. Please use the LiteRT interpreter from the ai_edge_litert package.
    See the [migration guide](https://ai.google.dev/edge/litert/migration)
    for details.
    
  warnings.warn(_INTERPRETER_DELETION_WARNING)
INFO: Created TensorFlow Lite XNNPACK delegate for CPU.
[2026-05-16 01:03:06] done P19-v04 val_f1=0.8847 (video=0.9617) test_f1=0.8884 (video=0.9642) test_min_pr=0.8816 threshold=0.500 min_consecutive=4
