WARNING: All log messages before absl::InitializeLog() is called are written to STDERR
I0000 00:00:1778859030.011736  356280 cpu_feature_guard.cc:227] This TensorFlow binary is optimized to use available CPU instructions in performance-critical operations.
To enable the following instructions: AVX2 FMA, in other operations, rebuild TensorFlow with the appropriate compiler flags.
[2026-05-16 00:30:31] loading train split=/home/min/Workspace/Graduate-Project/Falling-Model-Development/dataset/splits_v2_filtered/train.csv
[2026-05-16 00:30:44] train rows=1,274,014 videos=6,344 features=27 data_scope=all
[2026-05-16 00:30:44] loading val split=/home/min/Workspace/Graduate-Project/Falling-Model-Development/dataset/splits_v2_filtered/val.csv
[2026-05-16 00:30:48] val rows=363,918 videos=1,811 features=27 data_scope=all
[2026-05-16 00:30:48] loading test split=/home/min/Workspace/Graduate-Project/Falling-Model-Development/dataset/splits_v2_filtered/test.csv
[2026-05-16 00:30:49] test rows=182,782 videos=911 features=27 data_scope=all
[2026-05-16 00:31:04] train windows=370,921 positive=224,347 videos=6,344
[2026-05-16 00:31:08] val windows=74,251 positive=32,590 videos=1,811
[2026-05-16 00:31:10] test windows=37,351 positive=16,447 videos=911
I0000 00:00:1778859075.236013  356280 gpu_device.cc:2043] Created device /job:localhost/replica:0/task:0/device:GPU:0 with 6096 MB memory:  -> device: 0, name: NVIDIA GeForce RTX 2060 SUPER, pci bus id: 0000:05:00.0, compute capability: 7.5
W0000 00:00:1778859076.724083  356280 cpu_allocator_impl.cc:82] Allocation of 1602378720 exceeds 10% of free system memory.
W0000 00:00:1778859078.095034  356280 cpu_allocator_impl.cc:82] Allocation of 1602378720 exceeds 10% of free system memory.
W0000 00:00:1778859080.353952  356280 cpu_allocator_impl.cc:82] Allocation of 1602378720 exceeds 10% of free system memory.
I0000 00:00:1778859082.933718  356794 cuda_dnn.cc:461] Loaded cuDNN version 92200
W0000 00:00:1778859347.669967  356280 cpu_allocator_impl.cc:82] Allocation of 1602378720 exceeds 10% of free system memory.
W0000 00:00:1778859349.036065  356280 cpu_allocator_impl.cc:82] Allocation of 1602378720 exceeds 10% of free system memory.
[2026-05-16 00:37:15] video-level val: videos=1811 f1=0.9629 fall_recall=0.9639 nfall_recall=0.8938 fall_prec=0.9618 nfall_prec=0.8994 min_pr=0.8938 min_consecutive=3
[2026-05-16 00:37:15] video-level test: videos=911 f1=0.9589 fall_recall=0.9625 nfall_recall=0.8776 fall_prec=0.9553 nfall_prec=0.8958 min_pr=0.8776 min_consecutive=3
[2026-05-16 00:37:16] === VAL VIDEO-LEVEL REPORT ===
              precision    recall  f1-score   support

           0     0.8994    0.8938    0.8966       480
           1     0.9618    0.9639    0.9629      1331

    accuracy                         0.9453      1811
   macro avg     0.9306    0.9288    0.9297      1811
weighted avg     0.9452    0.9453    0.9453      1811

[2026-05-16 00:37:16] === TEST VIDEO-LEVEL REPORT ===
              precision    recall  f1-score   support

           0     0.8958    0.8776    0.8866       245
           1     0.9553    0.9625    0.9589       666

    accuracy                         0.9396       911
   macro avg     0.9256    0.9200    0.9227       911
weighted avg     0.9393    0.9396    0.9394       911

[2026-05-16 00:37:27] tflite export subprocess exit=0
[2026-05-16 00:37:27]   [tflite] [P19-v01]
[2026-05-16 00:37:27]   [tflite]   Loading model.keras ...
[2026-05-16 00:37:27]   [tflite]     rebuilding with unroll=True for TFLite compatibility
[2026-05-16 00:37:27]   [tflite] Saved artifact at '/tmp/tmp1q9nsqtk'. The following endpoints are available:
[2026-05-16 00:37:27]   [tflite] 
[2026-05-16 00:37:27]   [tflite] * Endpoint 'serve'
[2026-05-16 00:37:27]   [tflite]   args_0 (POSITIONAL_ONLY): TensorSpec(shape=(None, 40, 27), dtype=tf.float32, name='pose_sequence')
[2026-05-16 00:37:27]   [tflite] Output Type:
[2026-05-16 00:37:27]   [tflite]   TensorSpec(shape=(None, 2), dtype=tf.float32, name=None)
[2026-05-16 00:37:27]   [tflite] Captures:
[2026-05-16 00:37:27]   [tflite]   132787235935952: TensorSpec(shape=(), dtype=tf.resource, name=None)
[2026-05-16 00:37:27]   [tflite]   132787235936720: TensorSpec(shape=(), dtype=tf.resource, name=None)
[2026-05-16 00:37:27]   [tflite]   132787235936528: TensorSpec(shape=(), dtype=tf.resource, name=None)
[2026-05-16 00:37:27]   [tflite]   132787235936912: TensorSpec(shape=(), dtype=tf.resource, name=None)
[2026-05-16 00:37:27]   [tflite]   132787235934992: TensorSpec(shape=(), dtype=tf.resource, name=None)
[2026-05-16 00:37:27]   [tflite]   132787235937104: TensorSpec(shape=(), dtype=tf.resource, name=None)
[2026-05-16 00:37:27]   [tflite]   132787235937488: TensorSpec(shape=(), dtype=tf.resource, name=None)
[2026-05-16 00:37:27]   [tflite]   132787235937296: TensorSpec(shape=(), dtype=tf.resource, name=None)
[2026-05-16 00:37:27]   [tflite]   132787235936144: TensorSpec(shape=(), dtype=tf.resource, name=None)
[2026-05-16 00:37:27]   [tflite]   132787235937680: TensorSpec(shape=(), dtype=tf.resource, name=None)
[2026-05-16 00:37:27]   [tflite]   132787235938448: TensorSpec(shape=(), dtype=tf.resource, name=None)
[2026-05-16 00:37:27]   [tflite]   132787235939792: TensorSpec(shape=(), dtype=tf.resource, name=None)
[2026-05-16 00:37:27]   [tflite]   132787235938832: TensorSpec(shape=(), dtype=tf.resource, name=None)
[2026-05-16 00:37:27]   [tflite]   132787235939216: TensorSpec(shape=(), dtype=tf.resource, name=None)
[2026-05-16 00:37:27]   [tflite]   132787235938640: TensorSpec(shape=(), dtype=tf.resource, name=None)
[2026-05-16 00:37:27]   [tflite]   132787235940176: TensorSpec(shape=(), dtype=tf.resource, name=None)
[2026-05-16 00:37:27]   [tflite]   132787235939984: TensorSpec(shape=(), dtype=tf.resource, name=None)
[2026-05-16 00:37:27]   [tflite]   132787235940944: TensorSpec(shape=(), dtype=tf.resource, name=None)
[2026-05-16 00:37:27]   [tflite]   132787235937872: TensorSpec(shape=(), dtype=tf.resource, name=None)
[2026-05-16 00:37:27]   [tflite]   132787235940368: TensorSpec(shape=(), dtype=tf.resource, name=None)
[2026-05-16 00:37:27]   [tflite]   132787235941328: TensorSpec(shape=(), dtype=tf.resource, name=None)
[2026-05-16 00:37:27]   [tflite]   132787235941520: TensorSpec(shape=(), dtype=tf.resource, name=None)
[2026-05-16 00:37:27]   [tflite]   132787235939600: TensorSpec(shape=(), dtype=tf.resource, name=None)
[2026-05-16 00:37:27]   [tflite]   132787235942096: TensorSpec(shape=(), dtype=tf.resource, name=None)
[2026-05-16 00:37:27]   [tflite]     fp32 OK (1964 KB)
[2026-05-16 00:37:27]   [tflite] Saved artifact at '/tmp/tmp70kx58g4'. The following endpoints are available:
[2026-05-16 00:37:27]   [tflite] 
[2026-05-16 00:37:27]   [tflite] * Endpoint 'serve'
[2026-05-16 00:37:27]   [tflite]   args_0 (POSITIONAL_ONLY): TensorSpec(shape=(None, 40, 27), dtype=tf.float32, name='pose_sequence')
[2026-05-16 00:37:27]   [tflite] Output Type:
[2026-05-16 00:37:27]   [tflite]   TensorSpec(shape=(None, 2), dtype=tf.float32, name=None)
[2026-05-16 00:37:27]   [tflite] Captures:
[2026-05-16 00:37:27]   [tflite]   132787235935952: TensorSpec(shape=(), dtype=tf.resource, name=None)
[2026-05-16 00:37:27]   [tflite]   132787235936720: TensorSpec(shape=(), dtype=tf.resource, name=None)
[2026-05-16 00:37:27]   [tflite]   132787235936528: TensorSpec(shape=(), dtype=tf.resource, name=None)
[2026-05-16 00:37:27]   [tflite]   132787235936912: TensorSpec(shape=(), dtype=tf.resource, name=None)
[2026-05-16 00:37:27]   [tflite]   132787235934992: TensorSpec(shape=(), dtype=tf.resource, name=None)
[2026-05-16 00:37:27]   [tflite]   132787235937104: TensorSpec(shape=(), dtype=tf.resource, name=None)
[2026-05-16 00:37:27]   [tflite]   132787235937488: TensorSpec(shape=(), dtype=tf.resource, name=None)
[2026-05-16 00:37:27]   [tflite]   132787235937296: TensorSpec(shape=(), dtype=tf.resource, name=None)
[2026-05-16 00:37:27]   [tflite]   132787235936144: TensorSpec(shape=(), dtype=tf.resource, name=None)
[2026-05-16 00:37:27]   [tflite]   132787235937680: TensorSpec(shape=(), dtype=tf.resource, name=None)
[2026-05-16 00:37:27]   [tflite]   132787235938448: TensorSpec(shape=(), dtype=tf.resource, name=None)
[2026-05-16 00:37:27]   [tflite]   132787235939792: TensorSpec(shape=(), dtype=tf.resource, name=None)
[2026-05-16 00:37:27]   [tflite]   132787235938832: TensorSpec(shape=(), dtype=tf.resource, name=None)
[2026-05-16 00:37:27]   [tflite]   132787235939216: TensorSpec(shape=(), dtype=tf.resource, name=None)
[2026-05-16 00:37:27]   [tflite]   132787235938640: TensorSpec(shape=(), dtype=tf.resource, name=None)
[2026-05-16 00:37:27]   [tflite]   132787235940176: TensorSpec(shape=(), dtype=tf.resource, name=None)
[2026-05-16 00:37:27]   [tflite]   132787235939984: TensorSpec(shape=(), dtype=tf.resource, name=None)
[2026-05-16 00:37:27]   [tflite]   132787235940944: TensorSpec(shape=(), dtype=tf.resource, name=None)
[2026-05-16 00:37:27]   [tflite]   132787235937872: TensorSpec(shape=(), dtype=tf.resource, name=None)
[2026-05-16 00:37:27]   [tflite]   132787235940368: TensorSpec(shape=(), dtype=tf.resource, name=None)
[2026-05-16 00:37:27]   [tflite]   132787235941328: TensorSpec(shape=(), dtype=tf.resource, name=None)
[2026-05-16 00:37:27]   [tflite]   132787235941520: TensorSpec(shape=(), dtype=tf.resource, name=None)
[2026-05-16 00:37:27]   [tflite]   132787235939600: TensorSpec(shape=(), dtype=tf.resource, name=None)
[2026-05-16 00:37:27]   [tflite]   132787235942096: TensorSpec(shape=(), dtype=tf.resource, name=None)
[2026-05-16 00:37:27]   [tflite]     int8 OK (2265 KB)
[2026-05-16 00:37:27]   [tflite] 
[2026-05-16 00:37:27]   [tflite] Done.
/home/min/Workspace/Graduate-Project/Falling-Model-Development/.venv/lib/python3.13/site-packages/tensorflow/lite/python/interpreter.py:457: UserWarning:     Warning: tf.lite.Interpreter is deprecated and is scheduled for deletion in
    TF 2.20. Please use the LiteRT interpreter from the ai_edge_litert package.
    See the [migration guide](https://ai.google.dev/edge/litert/migration)
    for details.
    
  warnings.warn(_INTERPRETER_DELETION_WARNING)
INFO: Created TensorFlow Lite XNNPACK delegate for CPU.
[2026-05-16 00:37:30] done P19-v01 val_f1=0.8763 (video=0.9629) test_f1=0.8810 (video=0.9589) test_min_pr=0.8776 threshold=0.525 min_consecutive=3
