WARNING: All log messages before absl::InitializeLog() is called are written to STDERR
I0000 00:00:1779438817.340446   12383 cpu_feature_guard.cc:227] This TensorFlow binary is optimized to use available CPU instructions in performance-critical operations.
To enable the following instructions: AVX2 FMA, in other operations, rebuild TensorFlow with the appropriate compiler flags.
[17:33:39] === M1-kp13-w60 ===
[17:33:39]   feat=kp13(45f)  win=60  model=gru
[17:33:39]   velocity=False  hip_center=False  exclude_boundary=False
[17:33:39]   focal α=0.65 γ=2.0  strides fall=1/nfall=5
[17:33:39]   pure_window=True  margin=5 frames
[17:33:39] Loading CSVs …
[17:34:21] Building windows …
[17:34:33]   train=304581 (fall=199466)  val=201631 (fall=57017)  test=101544 (fall=28592)
I0000 00:00:1779438883.190810   12383 gpu_device.cc:2043] Created device /job:localhost/replica:0/task:0/device:GPU:0 with 6368 MB memory:  -> device: 0, name: NVIDIA GeForce RTX 2060 SUPER, pci bus id: 0000:05:00.0, compute capability: 7.5
[17:34:44]   params=70,498
[17:34:44] Training …
W0000 00:00:1779438885.558608   12383 cpu_allocator_impl.cc:82] Allocation of 3289474800 exceeds 10% of free system memory.
W0000 00:00:1779438889.110686   12383 cpu_allocator_impl.cc:82] Allocation of 2177614800 exceeds 10% of free system memory.
W0000 00:00:1779438890.810664   12383 cpu_allocator_impl.cc:82] Allocation of 3289474800 exceeds 10% of free system memory.
I0000 00:00:1779438905.505192   14102 service.cc:153] XLA service 0x443c5e60 initialized for platform CUDA (this does not guarantee that XLA will be used). Devices:
I0000 00:00:1779438905.505206   14102 service.cc:161]   StreamExecutor [0]: NVIDIA GeForce RTX 2060 SUPER, Compute Capability 7.5 (Driver: 13.0.0; Runtime: 12.9.0; Toolkit: 12.5.0; DNN: 9.22.0)
I0000 00:00:1779438906.271061   14102 dump_mlir_util.cc:269] disabling MLIR crash reproducer, set env var `MLIR_CRASH_REPRODUCER_DIRECTORY` to enable.
I0000 00:00:1779438909.589679   14102 cuda_dnn.cc:461] Loaded cuDNN version 92200
I0000 00:00:1779438910.079654   14102 dot_merger.cc:481] Merging Dots in computation: a_inference_one_step_on_data_40175__.255
W0000 00:00:1779438911.938693   14102 bfc_allocator.cc:383] Garbage collection: deallocate free memory regions (i.e., allocations) so that we can re-allocate a larger region to avoid OOM due to memory fragmentation. If you see this message frequently, you are running near the threshold of the available device memory and re-allocation may incur great performance overhead. You may try smaller batch sizes to observe the performance impact. Set TF_ENABLE_GPU_GARBAGE_COLLECTION=false if you'd like to disable this feature.
E0000 00:00:1779438912.386558   14102 cuda_timer.cc:87] Delay kernel timed out: measured time has sub-optimal accuracy. There may be a missing warmup execution, please investigate in Nsight Systems.
I0000 00:00:1779438924.016785   14102 device_compiler.h:208] Compiled cluster using XLA!  This line is logged at most once for the lifetime of the process.
I0000 00:00:1779438935.286342   14103 dot_merger.cc:481] Merging Dots in computation: a_inference_one_step_on_data_40175__.255
E0000 00:00:1779438936.652331   14103 cuda_timer.cc:87] Delay kernel timed out: measured time has sub-optimal accuracy. There may be a missing warmup execution, please investigate in Nsight Systems.
W0000 00:00:1779438944.650463   12383 cpu_allocator_impl.cc:82] Allocation of 2177614800 exceeds 10% of free system memory.
I0000 00:00:1779438949.235636   14103 dot_merger.cc:481] Merging Dots in computation: a_inference_one_step_on_data_47853__.7
I0000 00:00:1779438955.160041   14099 dot_merger.cc:481] Merging Dots in computation: a_inference_one_step_on_data_47853__.7
[17:36:38]   ep  1  val_minpr=0.9465  thr=0.75  *** best
[17:37:27]   ep  2  val_minpr=0.9468  thr=0.8  *** best
[17:38:14]   ep  3  val_minpr=0.9499  thr=0.775  *** best
[17:39:02]   ep  4  val_minpr=0.9579  thr=0.775  *** best
[17:39:50]   ep  5  val_minpr=0.9539  thr=0.725  (wait 1/15)
[17:43:46]   ep 10  val_minpr=0.9571  thr=0.75  (wait 6/15)
[17:44:33]   ep 11  val_minpr=0.9603  thr=0.7  *** best
[17:47:43]   ep 15  val_minpr=0.9558  thr=0.75  (wait 4/15)
[17:51:39]   ep 20  val_minpr=0.9583  thr=0.725  (wait 9/15)
[17:55:36]   ep 25  val_minpr=0.9581  thr=0.75  (wait 14/15)
[17:56:23]   Early stop ep26
[18:06:09] Scoring videos …
[18:27:25] Threshold sweep …
[18:27:26] Best thr=0.675
[18:27:26] Val  window: minpr=0.9581  fall=0.9581/0.9635  nfall=0.9856/0.9834  FN=2080  FP=2401
[18:27:26] Test window: minpr=0.9531  fall=0.9609/0.9531  nfall=0.9817/0.9848  FN=1342  FP=1110
[18:27:26] Postproc sweep (thr=0.675) …
[18:27:26]   v1k1  val=0.8587(fall=0.9507/0.9944 nfall=0.9826/0.8587 FP=65 FN=7)  test=0.8701(fall=0.9544/0.9921 nfall=0.9757/0.8701 FP=30 FN=5)
[18:27:26]   v3k2  val=0.8630(fall=0.9521/0.9944 nfall=0.9827/0.8630 FP=63 FN=7)  test=0.8788(fall=0.9573/0.9921 nfall=0.9760/0.8788 FP=28 FN=5)
[18:27:26]   v5k3  val=0.8674(fall=0.9535/0.9929 nfall=0.9779/0.8674 FP=61 FN=9)  test=0.8788(fall=0.9573/0.9905 nfall=0.9713/0.8788 FP=28 FN=6)
[18:27:26]   v5k4  val=0.8761(fall=0.9564/0.9929 nfall=0.9782/0.8761 FP=57 FN=9)  test=0.8788(fall=0.9573/0.9905 nfall=0.9713/0.8788 FP=28 FN=6)
[18:27:26]   v7k4  val=0.8761(fall=0.9564/0.9929 nfall=0.9782/0.8761 FP=57 FN=9)  test=0.8788(fall=0.9573/0.9905 nfall=0.9713/0.8788 FP=28 FN=6)
[18:27:26]   v7k5  val=0.8826(fall=0.9586/0.9929 nfall=0.9783/0.8826 FP=54 FN=9)  test=0.8788(fall=0.9573/0.9905 nfall=0.9713/0.8788 FP=28 FN=6)
[18:27:26]   v10k6  val=0.8891(fall=0.9608/0.9921 nfall=0.9761/0.8891 FP=51 FN=10)  test=0.8918(fall=0.9617/0.9905 nfall=0.9717/0.8918 FP=25 FN=6)
[18:27:26] Best postproc: v10k6  val_ev=0.8891  test_ev=0.8918
[18:27:26] Gap window→event(best): +0.0690
[18:27:26] === DONE M1-kp13-w60  test_win=0.9531  test_ev=0.8918(v10k6) ===
