WARNING: All log messages before absl::InitializeLog() is called are written to STDERR
I0000 00:00:1778824803.497757 4145743 cpu_feature_guard.cc:227] This TensorFlow binary is optimized to use available CPU instructions in performance-critical operations.
To enable the following instructions: AVX2 FMA, in other operations, rebuild TensorFlow with the appropriate compiler flags.
[2026-05-15 15:00:04] loading train split=/home/min/Workspace/Graduate-Project/Falling-Model-Development/dataset/splits_v2_filtered/train.csv
[2026-05-15 15:00:17] train rows=1,274,014 videos=6,344 features=21 data_scope=all
[2026-05-15 15:00:17] loading val split=/home/min/Workspace/Graduate-Project/Falling-Model-Development/dataset/splits_v2_filtered/val.csv
[2026-05-15 15:00:21] val rows=363,918 videos=1,811 features=21 data_scope=all
[2026-05-15 15:00:21] loading test split=/home/min/Workspace/Graduate-Project/Falling-Model-Development/dataset/splits_v2_filtered/test.csv
[2026-05-15 15:00:22] test rows=182,782 videos=911 features=21 data_scope=all
[2026-05-15 15:00:36] train windows=370,921 positive=224,347 videos=6,344
[2026-05-15 15:00:39] val windows=74,251 positive=32,590 videos=1,811
[2026-05-15 15:00:41] test windows=37,351 positive=16,447 videos=911
I0000 00:00:1778824844.464163 4145743 gpu_device.cc:2043] Created device /job:localhost/replica:0/task:0/device:GPU:0 with 6067 MB memory:  -> device: 0, name: NVIDIA GeForce RTX 2060 SUPER, pci bus id: 0000:05:00.0, compute capability: 7.5
W0000 00:00:1778824845.326497 4145743 cpu_allocator_impl.cc:82] Allocation of 1246294560 exceeds 10% of free system memory.
W0000 00:00:1778824846.425836 4145743 cpu_allocator_impl.cc:82] Allocation of 1246294560 exceeds 10% of free system memory.
W0000 00:00:1778824848.182225 4145743 cpu_allocator_impl.cc:82] Allocation of 1246294560 exceeds 10% of free system memory.
I0000 00:00:1778824850.565972 4146277 cuda_dnn.cc:461] Loaded cuDNN version 92200
W0000 00:00:1778825007.895704 4145743 cpu_allocator_impl.cc:82] Allocation of 1246294560 exceeds 10% of free system memory.
W0000 00:00:1778825009.026051 4145743 cpu_allocator_impl.cc:82] Allocation of 1246294560 exceeds 10% of free system memory.
[2026-05-15 15:03:55] video-level val: videos=1811 f1=0.9575 fall_recall=0.9557 nfall_recall=0.8875 fall_prec=0.9593 nfall_prec=0.8784 min_pr=0.8784 min_consecutive=5
[2026-05-15 15:03:55] video-level test: videos=911 f1=0.9546 fall_recall=0.9625 nfall_recall=0.8531 fall_prec=0.9468 nfall_prec=0.8932 min_pr=0.8531 min_consecutive=5
[2026-05-15 15:03:55] === VAL VIDEO-LEVEL REPORT ===
              precision    recall  f1-score   support

           0     0.8784    0.8875    0.8829       480
           1     0.9593    0.9557    0.9575      1331

    accuracy                         0.9376      1811
   macro avg     0.9188    0.9216    0.9202      1811
weighted avg     0.9378    0.9376    0.9377      1811

[2026-05-15 15:03:55] === TEST VIDEO-LEVEL REPORT ===
              precision    recall  f1-score   support

           0     0.8932    0.8531    0.8727       245
           1     0.9468    0.9625    0.9546       666

    accuracy                         0.9330       911
   macro avg     0.9200    0.9078    0.9136       911
weighted avg     0.9324    0.9330    0.9325       911

[2026-05-15 15:03:55] done P9S-v04 val_f1=0.8476 (video=0.9575) test_f1=0.8539 (video=0.9546) test_min_pr=0.8531 threshold=0.400 min_consecutive=5
