WARNING: All log messages before absl::InitializeLog() is called are written to STDERR
I0000 00:00:1778825037.404500 4148804 cpu_feature_guard.cc:227] This TensorFlow binary is optimized to use available CPU instructions in performance-critical operations.
To enable the following instructions: AVX2 FMA, in other operations, rebuild TensorFlow with the appropriate compiler flags.
[2026-05-15 15:03:58] loading train split=/home/min/Workspace/Graduate-Project/Falling-Model-Development/dataset/splits_v2_filtered/train.csv
[2026-05-15 15:04:11] train rows=1,274,014 videos=6,344 features=27 data_scope=all
[2026-05-15 15:04:11] loading val split=/home/min/Workspace/Graduate-Project/Falling-Model-Development/dataset/splits_v2_filtered/val.csv
[2026-05-15 15:04:14] val rows=363,918 videos=1,811 features=27 data_scope=all
[2026-05-15 15:04:14] loading test split=/home/min/Workspace/Graduate-Project/Falling-Model-Development/dataset/splits_v2_filtered/test.csv
[2026-05-15 15:04:16] test rows=182,782 videos=911 features=27 data_scope=all
[2026-05-15 15:04:30] train windows=397,522 positive=211,942 videos=6,344
[2026-05-15 15:04:34] val windows=83,306 positive=30,473 videos=1,811
[2026-05-15 15:04:36] test windows=41,906 positive=15,384 videos=911
I0000 00:00:1778825079.581332 4148804 gpu_device.cc:2043] Created device /job:localhost/replica:0/task:0/device:GPU:0 with 6067 MB memory:  -> device: 0, name: NVIDIA GeForce RTX 2060 SUPER, pci bus id: 0000:05:00.0, compute capability: 7.5
W0000 00:00:1778825080.464239 4148804 cpu_allocator_impl.cc:82] Allocation of 1287971280 exceeds 10% of free system memory.
W0000 00:00:1778825081.600767 4148804 cpu_allocator_impl.cc:82] Allocation of 1287971280 exceeds 10% of free system memory.
W0000 00:00:1778825083.421143 4148804 cpu_allocator_impl.cc:82] Allocation of 1287971280 exceeds 10% of free system memory.
I0000 00:00:1778825086.763863 4149264 service.cc:153] XLA service 0x6332c2e0 initialized for platform CUDA (this does not guarantee that XLA will be used). Devices:
I0000 00:00:1778825086.763879 4149264 service.cc:161]   StreamExecutor [0]: NVIDIA GeForce RTX 2060 SUPER, Compute Capability 7.5 (Driver: 13.0.0; Runtime: 12.9.0; Toolkit: 12.5.0; DNN: 9.22.0)
I0000 00:00:1778825086.898392 4149264 dump_mlir_util.cc:269] disabling MLIR crash reproducer, set env var `MLIR_CRASH_REPRODUCER_DIRECTORY` to enable.
I0000 00:00:1778825087.408928 4149264 cuda_dnn.cc:461] Loaded cuDNN version 92200
I0000 00:00:1778825087.562126 4149264 dot_merger.cc:481] Merging Dots in computation: a_inference_one_step_on_data_8740__.86
I0000 00:00:1778825097.933381 4149264 device_compiler.h:208] Compiled cluster using XLA!  This line is logged at most once for the lifetime of the process.
I0000 00:00:1778825107.740127 4149262 dot_merger.cc:481] Merging Dots in computation: a_inference_one_step_on_data_8740__.86
W0000 00:00:1778825250.507760 4148804 cpu_allocator_impl.cc:82] Allocation of 1287971280 exceeds 10% of free system memory.
W0000 00:00:1778825251.643215 4148804 cpu_allocator_impl.cc:82] Allocation of 1287971280 exceeds 10% of free system memory.
[2026-05-15 15:08:00] video-level val: videos=1811 f1=0.9556 fall_recall=0.9549 nfall_recall=0.8792 fall_prec=0.9564 nfall_prec=0.8755 min_pr=0.8755 min_consecutive=3
[2026-05-15 15:08:00] video-level test: videos=911 f1=0.9574 fall_recall=0.9625 nfall_recall=0.8694 fall_prec=0.9525 nfall_prec=0.8950 min_pr=0.8694 min_consecutive=3
[2026-05-15 15:08:01] === VAL VIDEO-LEVEL REPORT ===
              precision    recall  f1-score   support

           0     0.8755    0.8792    0.8773       480
           1     0.9564    0.9549    0.9556      1331

    accuracy                         0.9348      1811
   macro avg     0.9159    0.9170    0.9165      1811
weighted avg     0.9349    0.9348    0.9349      1811

[2026-05-15 15:08:01] === TEST VIDEO-LEVEL REPORT ===
              precision    recall  f1-score   support

           0     0.8950    0.8694    0.8820       245
           1     0.9525    0.9625    0.9574       666

    accuracy                         0.9374       911
   macro avg     0.9237    0.9159    0.9197       911
weighted avg     0.9370    0.9374    0.9371       911

[2026-05-15 15:08:01] done P9S-v05 val_f1=0.8323 (video=0.9556) test_f1=0.8454 (video=0.9574) test_min_pr=0.8694 threshold=0.800 min_consecutive=3
