WARNING: All log messages before absl::InitializeLog() is called are written to STDERR
I0000 00:00:1778825282.709283 4152960 cpu_feature_guard.cc:227] This TensorFlow binary is optimized to use available CPU instructions in performance-critical operations.
To enable the following instructions: AVX2 FMA, in other operations, rebuild TensorFlow with the appropriate compiler flags.
[2026-05-15 15:08:04] loading train split=/home/min/Workspace/Graduate-Project/Falling-Model-Development/dataset/splits_v2_filtered/train.csv
[2026-05-15 15:08:16] train rows=1,274,014 videos=6,344 features=27 data_scope=all
[2026-05-15 15:08:16] loading val split=/home/min/Workspace/Graduate-Project/Falling-Model-Development/dataset/splits_v2_filtered/val.csv
[2026-05-15 15:08:20] val rows=363,918 videos=1,811 features=27 data_scope=all
[2026-05-15 15:08:20] loading test split=/home/min/Workspace/Graduate-Project/Falling-Model-Development/dataset/splits_v2_filtered/test.csv
[2026-05-15 15:08:21] test rows=182,782 videos=911 features=27 data_scope=all
[2026-05-15 15:08:35] train windows=370,921 positive=224,347 videos=6,344
[2026-05-15 15:08:38] val windows=74,251 positive=32,590 videos=1,811
[2026-05-15 15:08:40] test windows=37,351 positive=16,447 videos=911
I0000 00:00:1778825325.163080 4152960 gpu_device.cc:2043] Created device /job:localhost/replica:0/task:0/device:GPU:0 with 6067 MB memory:  -> device: 0, name: NVIDIA GeForce RTX 2060 SUPER, pci bus id: 0000:05:00.0, compute capability: 7.5
W0000 00:00:1778825326.158370 4152960 cpu_allocator_impl.cc:82] Allocation of 1602378720 exceeds 10% of free system memory.
W0000 00:00:1778825327.490386 4152960 cpu_allocator_impl.cc:82] Allocation of 1602378720 exceeds 10% of free system memory.
W0000 00:00:1778825329.498428 4152960 cpu_allocator_impl.cc:82] Allocation of 1602378720 exceeds 10% of free system memory.
I0000 00:00:1778825332.929137 4153394 service.cc:153] XLA service 0x719050044f90 initialized for platform CUDA (this does not guarantee that XLA will be used). Devices:
I0000 00:00:1778825332.929156 4153394 service.cc:161]   StreamExecutor [0]: NVIDIA GeForce RTX 2060 SUPER, Compute Capability 7.5 (Driver: 13.0.0; Runtime: 12.9.0; Toolkit: 12.5.0; DNN: 9.22.0)
I0000 00:00:1778825333.056794 4153394 dump_mlir_util.cc:269] disabling MLIR crash reproducer, set env var `MLIR_CRASH_REPRODUCER_DIRECTORY` to enable.
I0000 00:00:1778825333.548517 4153394 cuda_dnn.cc:461] Loaded cuDNN version 92200
I0000 00:00:1778825333.698201 4153394 dot_merger.cc:481] Merging Dots in computation: a_inference_one_step_on_data_8740__.86
I0000 00:00:1778825342.692435 4153394 device_compiler.h:208] Compiled cluster using XLA!  This line is logged at most once for the lifetime of the process.
I0000 00:00:1778825353.613572 4153396 dot_merger.cc:481] Merging Dots in computation: a_inference_one_step_on_data_8740__.86
W0000 00:00:1778825453.733267 4152960 cpu_allocator_impl.cc:82] Allocation of 1602378720 exceeds 10% of free system memory.
W0000 00:00:1778825455.141897 4152960 cpu_allocator_impl.cc:82] Allocation of 1602378720 exceeds 10% of free system memory.
[2026-05-15 15:11:21] video-level val: videos=1811 f1=0.9549 fall_recall=0.9542 nfall_recall=0.8771 fall_prec=0.9556 nfall_prec=0.8734 min_pr=0.8734 min_consecutive=3
[2026-05-15 15:11:21] video-level test: videos=911 f1=0.9595 fall_recall=0.9595 nfall_recall=0.8898 fall_prec=0.9595 nfall_prec=0.8898 min_pr=0.8898 min_consecutive=3
[2026-05-15 15:11:21] === VAL VIDEO-LEVEL REPORT ===
              precision    recall  f1-score   support

           0     0.8734    0.8771    0.8753       480
           1     0.9556    0.9542    0.9549      1331

    accuracy                         0.9337      1811
   macro avg     0.9145    0.9156    0.9151      1811
weighted avg     0.9338    0.9337    0.9338      1811

[2026-05-15 15:11:21] === TEST VIDEO-LEVEL REPORT ===
              precision    recall  f1-score   support

           0     0.8898    0.8898    0.8898       245
           1     0.9595    0.9595    0.9595       666

    accuracy                         0.9407       911
   macro avg     0.9246    0.9246    0.9246       911
weighted avg     0.9407    0.9407    0.9407       911

[2026-05-15 15:11:22] done P9S-v06 val_f1=0.8703 (video=0.9549) test_f1=0.8837 (video=0.9595) test_min_pr=0.8898 threshold=0.800 min_consecutive=3
