WARNING: All log messages before absl::InitializeLog() is called are written to STDERR
I0000 00:00:1778825483.545642 4156394 cpu_feature_guard.cc:227] This TensorFlow binary is optimized to use available CPU instructions in performance-critical operations.
To enable the following instructions: AVX2 FMA, in other operations, rebuild TensorFlow with the appropriate compiler flags.
[2026-05-15 15:11:24] loading train split=/home/min/Workspace/Graduate-Project/Falling-Model-Development/dataset/splits_v2_filtered/train.csv
[2026-05-15 15:11:37] train rows=1,274,014 videos=6,344 features=27 data_scope=all
[2026-05-15 15:11:37] loading val split=/home/min/Workspace/Graduate-Project/Falling-Model-Development/dataset/splits_v2_filtered/val.csv
[2026-05-15 15:11:41] val rows=363,918 videos=1,811 features=27 data_scope=all
[2026-05-15 15:11:41] loading test split=/home/min/Workspace/Graduate-Project/Falling-Model-Development/dataset/splits_v2_filtered/test.csv
[2026-05-15 15:11:42] test rows=182,782 videos=911 features=27 data_scope=all
[2026-05-15 15:11:57] train windows=397,522 positive=211,942 videos=6,344
[2026-05-15 15:12:00] val windows=83,306 positive=30,473 videos=1,811
[2026-05-15 15:12:02] test windows=41,906 positive=15,384 videos=911
I0000 00:00:1778825525.556721 4156394 gpu_device.cc:2043] Created device /job:localhost/replica:0/task:0/device:GPU:0 with 6073 MB memory:  -> device: 0, name: NVIDIA GeForce RTX 2060 SUPER, pci bus id: 0000:05:00.0, compute capability: 7.5
W0000 00:00:1778825526.419141 4156394 cpu_allocator_impl.cc:82] Allocation of 1287971280 exceeds 10% of free system memory.
W0000 00:00:1778825527.525210 4156394 cpu_allocator_impl.cc:82] Allocation of 1287971280 exceeds 10% of free system memory.
W0000 00:00:1778825529.324217 4156394 cpu_allocator_impl.cc:82] Allocation of 1287971280 exceeds 10% of free system memory.
I0000 00:00:1778825532.533843 4156845 service.cc:153] XLA service 0x775bdc043210 initialized for platform CUDA (this does not guarantee that XLA will be used). Devices:
I0000 00:00:1778825532.533863 4156845 service.cc:161]   StreamExecutor [0]: NVIDIA GeForce RTX 2060 SUPER, Compute Capability 7.5 (Driver: 13.0.0; Runtime: 12.9.0; Toolkit: 12.5.0; DNN: 9.22.0)
I0000 00:00:1778825532.646688 4156845 dump_mlir_util.cc:269] disabling MLIR crash reproducer, set env var `MLIR_CRASH_REPRODUCER_DIRECTORY` to enable.
I0000 00:00:1778825533.104702 4156845 cuda_dnn.cc:461] Loaded cuDNN version 92200
I0000 00:00:1778825533.238158 4156845 dot_merger.cc:481] Merging Dots in computation: a_inference_one_step_on_data_8125__.80
I0000 00:00:1778825542.080792 4156845 device_compiler.h:208] Compiled cluster using XLA!  This line is logged at most once for the lifetime of the process.
I0000 00:00:1778825554.702474 4156838 dot_merger.cc:481] Merging Dots in computation: a_inference_one_step_on_data_8125__.80
W0000 00:00:1778825644.375448 4156394 cpu_allocator_impl.cc:82] Allocation of 1287971280 exceeds 10% of free system memory.
W0000 00:00:1778825645.502758 4156394 cpu_allocator_impl.cc:82] Allocation of 1287971280 exceeds 10% of free system memory.
[2026-05-15 15:14:34] video-level val: videos=1811 f1=0.9537 fall_recall=0.9527 nfall_recall=0.8750 fall_prec=0.9548 nfall_prec=0.8696 min_pr=0.8696 min_consecutive=5
[2026-05-15 15:14:34] video-level test: videos=911 f1=0.9475 fall_recall=0.9625 nfall_recall=0.8122 fall_prec=0.9330 nfall_prec=0.8884 min_pr=0.8122 min_consecutive=5
[2026-05-15 15:14:35] === VAL VIDEO-LEVEL REPORT ===
              precision    recall  f1-score   support

           0     0.8696    0.8750    0.8723       480
           1     0.9548    0.9527    0.9537      1331

    accuracy                         0.9321      1811
   macro avg     0.9122    0.9138    0.9130      1811
weighted avg     0.9322    0.9321    0.9321      1811

[2026-05-15 15:14:35] === TEST VIDEO-LEVEL REPORT ===
              precision    recall  f1-score   support

           0     0.8884    0.8122    0.8486       245
           1     0.9330    0.9625    0.9475       666

    accuracy                         0.9221       911
   macro avg     0.9107    0.8874    0.8981       911
weighted avg     0.9210    0.9221    0.9209       911

[2026-05-15 15:14:35] done P9S-v07 val_f1=0.8498 (video=0.9537) test_f1=0.8534 (video=0.9475) test_min_pr=0.8122 threshold=0.650 min_consecutive=5
