WARNING: All log messages before absl::InitializeLog() is called are written to STDERR
I0000 00:00:1778823595.254483 4130729 cpu_feature_guard.cc:227] This TensorFlow binary is optimized to use available CPU instructions in performance-critical operations.
To enable the following instructions: AVX2 FMA, in other operations, rebuild TensorFlow with the appropriate compiler flags.
[2026-05-15 14:39:56] loading train split=/home/min/Workspace/Graduate-Project/Falling-Model-Development/dataset/splits_v2_filtered/train.csv
[2026-05-15 14:40:09] train rows=1,274,014 videos=6,344 features=27 data_scope=all
[2026-05-15 14:40:09] loading val split=/home/min/Workspace/Graduate-Project/Falling-Model-Development/dataset/splits_v2_filtered/val.csv
[2026-05-15 14:40:12] val rows=363,918 videos=1,811 features=27 data_scope=all
[2026-05-15 14:40:12] loading test split=/home/min/Workspace/Graduate-Project/Falling-Model-Development/dataset/splits_v2_filtered/test.csv
[2026-05-15 14:40:14] test rows=182,782 videos=911 features=27 data_scope=all
[2026-05-15 14:40:29] train windows=397,522 positive=211,942 videos=6,344
[2026-05-15 14:40:32] val windows=83,306 positive=30,473 videos=1,811
[2026-05-15 14:40:34] test windows=41,906 positive=15,384 videos=911
E0000 00:00:1778823638.454729 4130729 cuda_platform.cc:52] failed call to cuInit: INTERNAL: CUDA error: Failed call to cuInit: CUDA_ERROR_NO_DEVICE: no CUDA-capable device is detected
I0000 00:00:1778823638.454751 4130729 cuda_diagnostics.cc:160] env: CUDA_VISIBLE_DEVICES=""
I0000 00:00:1778823638.454759 4130729 cuda_diagnostics.cc:163] CUDA_VISIBLE_DEVICES is set to an empty string - this hides all GPUs from CUDA
I0000 00:00:1778823638.454770 4130729 cuda_diagnostics.cc:171] verbose logging is disabled. Rerun with verbose logging (usually --v=1 or --vmodule=cuda_diagnostics=1) to get more diagnostic output from this module
I0000 00:00:1778823638.454773 4130729 cuda_diagnostics.cc:176] retrieving CUDA diagnostic information for host: min-B550M-Phantom-Gaming-4
I0000 00:00:1778823638.454776 4130729 cuda_diagnostics.cc:183] hostname: min-B550M-Phantom-Gaming-4
I0000 00:00:1778823638.454852 4130729 cuda_diagnostics.cc:190] libcuda reported version is: 580.142.0
I0000 00:00:1778823638.454870 4130729 cuda_diagnostics.cc:194] kernel reported version is: 580.142.0
I0000 00:00:1778823638.454875 4130729 cuda_diagnostics.cc:284] kernel version seems to match DSO: 580.142.0
W0000 00:00:1778823638.712313 4130729 cpu_allocator_impl.cc:82] Allocation of 1287971280 exceeds 10% of free system memory.
W0000 00:00:1778823639.954377 4130729 cpu_allocator_impl.cc:82] Allocation of 1287971280 exceeds 10% of free system memory.
W0000 00:00:1778824489.219622 4130729 cpu_allocator_impl.cc:82] Allocation of 1287971280 exceeds 10% of free system memory.
[2026-05-15 14:55:36] video-level val: videos=1811 f1=0.9525 fall_recall=0.9489 nfall_recall=0.8792 fall_prec=0.9561 nfall_prec=0.8612 min_pr=0.8612 min_consecutive=5
[2026-05-15 14:55:37] video-level test: videos=911 f1=0.9568 fall_recall=0.9640 nfall_recall=0.8612 fall_prec=0.9497 nfall_prec=0.8979 min_pr=0.8612 min_consecutive=5
[2026-05-15 14:55:37] === VAL VIDEO-LEVEL REPORT ===
              precision    recall  f1-score   support

           0     0.8612    0.8792    0.8701       480
           1     0.9561    0.9489    0.9525      1331

    accuracy                         0.9304      1811
   macro avg     0.9087    0.9140    0.9113      1811
weighted avg     0.9309    0.9304    0.9307      1811

[2026-05-15 14:55:37] === TEST VIDEO-LEVEL REPORT ===
              precision    recall  f1-score   support

           0     0.8979    0.8612    0.8792       245
           1     0.9497    0.9640    0.9568       666

    accuracy                         0.9363       911
   macro avg     0.9238    0.9126    0.9180       911
weighted avg     0.9358    0.9363    0.9359       911

[2026-05-15 14:55:37] done P9S-v02 val_f1=0.8411 (video=0.9525) test_f1=0.8523 (video=0.9568) test_min_pr=0.8612 threshold=0.450 min_consecutive=5
