[2026-05-15 14:18:00] === Phase 9 MinPR screen: target=0.92, epochs=30, batch=512, eval_stride=2, device=cpu ===
[2026-05-15 14:18:00] START P9S-v01
[2026-05-15 14:39:54] OK    P9S-v01
[2026-05-15 14:39:54] START P9S-v02
[2026-05-15 14:55:38] OK    P9S-v02
[2026-05-15 14:55:38] START P9S-v03
[2026-05-15 14:56:57] === Phase 9 MinPR screen: target=0.92, epochs=30, batch=512, eval_stride=2, device=gpu ===
[2026-05-15 14:56:57] SKIP  P9S-v01 - already complete
[2026-05-15 14:56:57] SKIP  P9S-v02 - already complete
[2026-05-15 14:56:57] START P9S-v03
[2026-05-15 15:00:02] OK    P9S-v03
[2026-05-15 15:00:02] START P9S-v04
[2026-05-15 15:03:56] OK    P9S-v04
[2026-05-15 15:03:56] START P9S-v05
[2026-05-15 15:08:02] OK    P9S-v05
[2026-05-15 15:08:02] START P9S-v06
[2026-05-15 15:11:22] OK    P9S-v06
[2026-05-15 15:11:22] START P9S-v07
[2026-05-15 15:14:36] OK    P9S-v07
[2026-05-15 15:14:36] === Phase 9 MinPR screen summary ===

[2026-05-15 15:14:36] Phase 9 MinPR status
output_root=results/phase9_minpr_screen target_min_pr=0.9200
completed=7
ID       Config                                 MinPR   FallP  NFallP   FallR  NFallR      F1   Thr  MC Pass  ST
---------------------------------------------------------------------------------------------------------------------
P9S-v01  gru-128x64-kp7-40f-2conv-focal        0.8980  0.9627  0.9129  0.9685  0.8980  0.9656  0.50   3   NO   -
P9S-v06  tcn-light-kp7-40f                     0.8898  0.9595  0.8898  0.9595  0.8898  0.9595  0.80   3   NO   -
P9S-v05  tcn-light-kp7-30f                     0.8694  0.9525  0.8950  0.9625  0.8694  0.9574  0.80   3   NO   -
P9S-v02  gru-128x64-kp7-30f-2conv-focal        0.8612  0.9497  0.8979  0.9640  0.8612  0.9568  0.45   5   NO   -
P9S-v04  gru-256x128-minimal-40f-focal         0.8531  0.9468  0.8932  0.9625  0.8531  0.9546  0.40   5   NO   -
P9S-v07  tcn-medium-kp7-30f                    0.8122  0.9330  0.8884  0.9625  0.8122  0.9475  0.65   5   NO   -
P9S-v03  gru-128x64-kp12-30f-2conv-focal       0.7714  0.9192  0.8670  0.9565  0.7714  0.9375  0.55   1   NO   -

best=P9S-v01 MinPR=0.8980 FallR=0.9685 FallP=0.9627

Legacy baseline recalculated from confusion matrices
ID       Config                                 MinPR   FallP  NFallP   FallR  NFallR      F1   Thr  MC Pass  ST
---------------------------------------------------------------------------------------------------------------------
LF-v02   -                                     0.8987  0.9651  0.9509  0.9837  0.8987  0.9743  0.45   5   NO   -
P4-v01   -                                     0.8984  0.9639  0.8984  0.9625  0.9020  0.9632  0.85   5   NO   -
P3-v06   -                                     0.8954  0.9658  0.8954  0.9629  0.9030  0.9643  0.95   5   NO   -
P5-v04   -                                     0.8939  0.9615  0.9280  0.9745  0.8939  0.9679  0.50   5   NO   -
P1-v05   -                                     0.8861  0.9608  0.9459  0.9822  0.8861  0.9714  0.50   5   NO   -
P5-v01   -                                     0.8857  0.9588  0.9353  0.9775  0.8857  0.9680  0.75   5   NO YES
Q7-v01   -                                     0.8857  0.9583  0.9042  0.9655  0.8857  0.9619  0.55   1   NO YES
P1-v15   -                                     0.8819  0.9595  0.9500  0.9837  0.8819  0.9714  0.50   5   NO   -
P3-v04   -                                     0.8819  0.9590  0.9167  0.9718  0.8819  0.9654  0.85   5   NO   -
P5-v05   -                                     0.8816  0.9572  0.9231  0.9730  0.8816  0.9650  0.50   5   NO   -
B-GRU-raw-v15 -                                     0.8796  0.8964  0.9100  0.9230  0.8796  0.9095  0.50   -   NO   -
LF-v03   -                                     0.8776  0.9582  0.9541  0.9852  0.8776  0.9715  0.45   5   NO   -
LF-v04   -                                     0.8776  0.9582  0.9541  0.9852  0.8776  0.9715  0.50   5   NO   -
P1-v08   -                                     0.8776  0.9581  0.9498  0.9837  0.8776  0.9707  0.45   5   NO   -
P3-v02   -                                     0.8776  0.9563  0.9556  0.9850  0.8776  0.9704  0.70   5   NO   -
P4-v05   -                                     0.8776  0.9562  0.9513  0.9835  0.8776  0.9697  0.80   3   NO YES
B-GRU-raw-v13 -                                     0.8746  0.8915  0.8986  0.9126  0.8746  0.9019  0.55   -   NO   -
P4-v02   -                                     0.8735  0.9547  0.9469  0.9820  0.8735  0.9682  0.50   5   NO YES
LF-v05   -                                     0.8734  0.9564  0.9283  0.9763  0.8734  0.9662  0.50   5   NO   -
LF-v06   -                                     0.8692  0.9557  0.9763  0.9926  0.8692  0.9738  0.40   5   NO   -
