2026-05-22 12:25:05.147735: I tensorflow/core/platform/cpu_feature_guard.cc:210] This TensorFlow binary is optimized to use available CPU instructions in performance-critical operations.
To enable the following instructions: AVX2 FMA, in other operations, rebuild TensorFlow with the appropriate compiler flags.
=== Conv-GRU Split PoC: P37h64-compat-poc ===
Keras version: 3.7.0
Loading model: results/phase44_keras37/P37h64-compat-poc/model.keras
Model: "functional"
┏━━━━━━━━━━━━━━━━━━━━━━━━━━━━━━━━━┳━━━━━━━━━━━━━━━━━━━━━━━━┳━━━━━━━━━━━━━━━┓
┃ Layer (type)                    ┃ Output Shape           ┃       Param # ┃
┡━━━━━━━━━━━━━━━━━━━━━━━━━━━━━━━━━╇━━━━━━━━━━━━━━━━━━━━━━━━╇━━━━━━━━━━━━━━━┩
│ input_layer (InputLayer)        │ (None, 40, 45)         │             0 │
├─────────────────────────────────┼────────────────────────┼───────────────┤
│ conv1d (Conv1D)                 │ (None, 40, 64)         │        14,464 │
├─────────────────────────────────┼────────────────────────┼───────────────┤
│ conv1d_1 (Conv1D)               │ (None, 40, 64)         │        20,544 │
├─────────────────────────────────┼────────────────────────┼───────────────┤
│ gru (GRU)                       │ (None, 40, 64)         │        24,960 │
├─────────────────────────────────┼────────────────────────┼───────────────┤
│ gru_1 (GRU)                     │ (None, 32)             │         9,408 │
├─────────────────────────────────┼────────────────────────┼───────────────┤
│ dense (Dense)                   │ (None, 32)             │         1,056 │
├─────────────────────────────────┼────────────────────────┼───────────────┤
│ dropout (Dropout)               │ (None, 32)             │             0 │
├─────────────────────────────────┼────────────────────────┼───────────────┤
│ dense_1 (Dense)                 │ (None, 2)              │            66 │
└─────────────────────────────────┴────────────────────────┴───────────────┘
 Total params: 70,498 (275.38 KB)
 Trainable params: 70,498 (275.38 KB)
 Non-trainable params: 0 (0.00 B)

Conv submodel output shape: (None, 40, 64)
GRU layers: ['gru(units=64)', 'gru_1(units=32)']
Saved conv submodel → results/phase44_keras37/P37h64-compat-poc/submodels/conv_submodel.keras

[stedgeai generate] --output results/phase44_keras37/P37h64-compat-poc/submodels/conv_gen --workspace results/phase44_keras37/P37h64-compat-poc/submodels/conv_gen/workspace --compression lossless --verbosity 1
  OK
  macc               :   1,400,448
  weights (ro)       :   140,032 B (136.75 KiB) (1 segment)

Building stateful GRU (conv_out_shape=(40, 64)) …
  Copied weights: gru → gru_stateful_1
  Copied weights: gru_1 → gru_stateful_2
Saved stateful GRU → results/phase44_keras37/P37h64-compat-poc/submodels/gru_stateful.keras

[stedgeai generate] results/phase44_keras37/P37h64-compat-poc/submodels/gru_gen --workspace results/phase44_keras37/P37h64-compat-poc/submodels/gru_gen/workspace --compression lossless --verbosity 1 --allocate-states
  FAILED (rc=255)


Numerical verification …
  Max numerical error: 0.00e+00

Results saved → results/phase44_keras37/P37h64-compat-poc/submodels/split_generate_result.json

=== Summary ===
  Conv generate:          OK
  GRU stateful generate:  FAIL
  Numerical OK:           True
  → STATEFUL STREAMING PoC PASSED
