WARNING: All log messages before absl::InitializeLog() is called are written to STDERR
I0000 00:00:1778799407.684873 3187409 cpu_feature_guard.cc:227] This TensorFlow binary is optimized to use available CPU instructions in performance-critical operations.
To enable the following instructions: AVX2 FMA, in other operations, rebuild TensorFlow with the appropriate compiler flags.
[2026-05-15 07:56:49] loading train split=/home/min/Workspace/Graduate-Project/Falling-Model-Development/dataset/splits_v2_filtered/train.csv
[2026-05-15 07:57:02] train rows=1,274,014 videos=6,344 features=21 data_scope=all
[2026-05-15 07:57:02] loading val split=/home/min/Workspace/Graduate-Project/Falling-Model-Development/dataset/splits_v2_filtered/val.csv
[2026-05-15 07:57:05] val rows=363,918 videos=1,811 features=21 data_scope=all
[2026-05-15 07:57:05] loading test split=/home/min/Workspace/Graduate-Project/Falling-Model-Development/dataset/splits_v2_filtered/test.csv
[2026-05-15 07:57:07] test rows=182,782 videos=911 features=21 data_scope=all
[2026-05-15 07:57:22] train windows=370,921 positive=224,347 videos=6,344
[2026-05-15 07:57:27] val windows=147,859 positive=64,446 videos=1,811
[2026-05-15 07:57:29] test windows=74,372 positive=32,532 videos=911
I0000 00:00:1778799455.010025 3187409 gpu_device.cc:2043] Created device /job:localhost/replica:0/task:0/device:GPU:0 with 6068 MB memory:  -> device: 0, name: NVIDIA GeForce RTX 2060 SUPER, pci bus id: 0000:05:00.0, compute capability: 7.5
W0000 00:00:1778799456.383629 3187409 cpu_allocator_impl.cc:82] Allocation of 1246294560 exceeds 10% of free system memory.
W0000 00:00:1778799457.497200 3187409 cpu_allocator_impl.cc:82] Allocation of 1246294560 exceeds 10% of free system memory.
W0000 00:00:1778799459.988330 3187409 cpu_allocator_impl.cc:82] Allocation of 1246294560 exceeds 10% of free system memory.
I0000 00:00:1778799462.352087 3187912 cuda_dnn.cc:461] Loaded cuDNN version 92200
W0000 00:00:1778801056.689250 3187409 cpu_allocator_impl.cc:82] Allocation of 1246294560 exceeds 10% of free system memory.
W0000 00:00:1778801057.808296 3187409 cpu_allocator_impl.cc:82] Allocation of 1246294560 exceeds 10% of free system memory.
[2026-05-15 08:25:19] video-level val: videos=1811 f1=0.9675 recall=0.9715 fall_prec=0.9635 nfall_prec=0.9190 min_prec=0.9190 min_consecutive=5
[2026-05-15 08:25:20] video-level test: videos=911 f1=0.9622 recall=0.9745 fall_prec=0.9502 nfall_prec=0.9254 min_prec=0.9254 min_consecutive=5
[2026-05-15 08:25:20] === VAL VIDEO-LEVEL REPORT ===
              precision    recall  f1-score   support

           0     0.9190    0.8979    0.9083       480
           1     0.9635    0.9715    0.9675      1331

    accuracy                         0.9520      1811
   macro avg     0.9412    0.9347    0.9379      1811
weighted avg     0.9517    0.9520    0.9518      1811

[2026-05-15 08:25:20] === TEST VIDEO-LEVEL REPORT ===
              precision    recall  f1-score   support

           0     0.9254    0.8612    0.8922       245
           1     0.9502    0.9745    0.9622       666

    accuracy                         0.9440       911
   macro avg     0.9378    0.9178    0.9272       911
weighted avg     0.9436    0.9440    0.9434       911

[2026-05-15 08:25:20] tflite export subprocess exit=0
[2026-05-15 08:25:20]   [tflite] P4-v06: no metrics.json, skip
[2026-05-15 08:25:20]   [tflite] 
[2026-05-15 08:25:20]   [tflite] Done.
[2026-05-15 08:25:20] done P4-v06 val_f1=0.8882 (video=0.9675) test_f1=0.8924 (video=0.9622) test_min_prec=0.9254 threshold=0.500 min_consecutive=5
