WARNING: All log messages before absl::InitializeLog() is called are written to STDERR
I0000 00:00:1778797702.931193 3170689 cpu_feature_guard.cc:227] This TensorFlow binary is optimized to use available CPU instructions in performance-critical operations.
To enable the following instructions: AVX2 FMA, in other operations, rebuild TensorFlow with the appropriate compiler flags.
[2026-05-15 07:28:24] loading train split=/home/min/Workspace/Graduate-Project/Falling-Model-Development/dataset/splits_v2_filtered/train.csv
[2026-05-15 07:28:37] train rows=1,274,014 videos=6,344 features=21 data_scope=all
[2026-05-15 07:28:37] loading val split=/home/min/Workspace/Graduate-Project/Falling-Model-Development/dataset/splits_v2_filtered/val.csv
[2026-05-15 07:28:40] val rows=363,918 videos=1,811 features=21 data_scope=all
[2026-05-15 07:28:40] loading test split=/home/min/Workspace/Graduate-Project/Falling-Model-Development/dataset/splits_v2_filtered/test.csv
[2026-05-15 07:28:42] test rows=182,782 videos=911 features=21 data_scope=all
[2026-05-15 07:28:57] train windows=370,921 positive=224,347 videos=6,344
[2026-05-15 07:29:02] val windows=147,859 positive=64,446 videos=1,811
[2026-05-15 07:29:04] test windows=74,372 positive=32,532 videos=911
I0000 00:00:1778797750.051596 3170689 gpu_device.cc:2043] Created device /job:localhost/replica:0/task:0/device:GPU:0 with 6062 MB memory:  -> device: 0, name: NVIDIA GeForce RTX 2060 SUPER, pci bus id: 0000:05:00.0, compute capability: 7.5
W0000 00:00:1778797751.421512 3170689 cpu_allocator_impl.cc:82] Allocation of 1246294560 exceeds 10% of free system memory.
W0000 00:00:1778797752.541485 3170689 cpu_allocator_impl.cc:82] Allocation of 1246294560 exceeds 10% of free system memory.
W0000 00:00:1778797755.021113 3170689 cpu_allocator_impl.cc:82] Allocation of 1246294560 exceeds 10% of free system memory.
I0000 00:00:1778797757.331210 3171189 cuda_dnn.cc:461] Loaded cuDNN version 92200
W0000 00:00:1778799342.176776 3170689 cpu_allocator_impl.cc:82] Allocation of 1246294560 exceeds 10% of free system memory.
W0000 00:00:1778799343.293948 3170689 cpu_allocator_impl.cc:82] Allocation of 1246294560 exceeds 10% of free system memory.
[2026-05-15 07:56:45] video-level val: videos=1811 f1=0.9654 recall=0.9737 fall_prec=0.9572 nfall_prec=0.9234 min_prec=0.9234 min_consecutive=3
[2026-05-15 07:56:45] video-level test: videos=911 f1=0.9697 recall=0.9835 fall_prec=0.9562 nfall_prec=0.9513 min_prec=0.9513 min_consecutive=3
[2026-05-15 07:56:45] === VAL VIDEO-LEVEL REPORT ===
              precision    recall  f1-score   support

           0     0.9234    0.8792    0.9007       480
           1     0.9572    0.9737    0.9654      1331

    accuracy                         0.9486      1811
   macro avg     0.9403    0.9264    0.9331      1811
weighted avg     0.9482    0.9486    0.9482      1811

[2026-05-15 07:56:45] === TEST VIDEO-LEVEL REPORT ===
              precision    recall  f1-score   support

           0     0.9513    0.8776    0.9130       245
           1     0.9562    0.9835    0.9697       666

    accuracy                         0.9550       911
   macro avg     0.9538    0.9305    0.9413       911
weighted avg     0.9549    0.9550    0.9544       911

[2026-05-15 07:56:45] tflite export subprocess exit=0
[2026-05-15 07:56:45]   [tflite] P4-v05: no metrics.json, skip
[2026-05-15 07:56:45]   [tflite] 
[2026-05-15 07:56:45]   [tflite] Done.
[2026-05-15 07:56:45] done P4-v05 val_f1=0.8791 (video=0.9654) test_f1=0.8830 (video=0.9697) test_min_prec=0.9513 threshold=0.800 min_consecutive=3
