WARNING: All log messages before absl::InitializeLog() is called are written to STDERR
I0000 00:00:1778795934.035087 3153305 cpu_feature_guard.cc:227] This TensorFlow binary is optimized to use available CPU instructions in performance-critical operations.
To enable the following instructions: AVX2 FMA, in other operations, rebuild TensorFlow with the appropriate compiler flags.
[2026-05-15 06:58:55] loading train split=/home/min/Workspace/Graduate-Project/Falling-Model-Development/dataset/splits_v2_filtered/train.csv
[2026-05-15 06:59:08] train rows=1,274,014 videos=6,344 features=27 data_scope=all
[2026-05-15 06:59:08] loading val split=/home/min/Workspace/Graduate-Project/Falling-Model-Development/dataset/splits_v2_filtered/val.csv
[2026-05-15 06:59:12] val rows=363,918 videos=1,811 features=27 data_scope=all
[2026-05-15 06:59:12] loading test split=/home/min/Workspace/Graduate-Project/Falling-Model-Development/dataset/splits_v2_filtered/test.csv
[2026-05-15 06:59:13] test rows=182,782 videos=911 features=27 data_scope=all
[2026-05-15 06:59:28] train windows=370,921 positive=224,347 videos=6,344
[2026-05-15 06:59:34] val windows=147,859 positive=64,446 videos=1,811
[2026-05-15 06:59:37] test windows=74,372 positive=32,532 videos=911
I0000 00:00:1778795983.424712 3153305 gpu_device.cc:2043] Created device /job:localhost/replica:0/task:0/device:GPU:0 with 6067 MB memory:  -> device: 0, name: NVIDIA GeForce RTX 2060 SUPER, pci bus id: 0000:05:00.0, compute capability: 7.5
W0000 00:00:1778795984.914061 3153305 cpu_allocator_impl.cc:82] Allocation of 1602378720 exceeds 10% of free system memory.
W0000 00:00:1778795986.336399 3153305 cpu_allocator_impl.cc:82] Allocation of 1602378720 exceeds 10% of free system memory.
W0000 00:00:1778795989.320618 3153305 cpu_allocator_impl.cc:82] Allocation of 1602378720 exceeds 10% of free system memory.
I0000 00:00:1778795991.888400 3153816 cuda_dnn.cc:461] Loaded cuDNN version 92200
W0000 00:00:1778797636.320473 3153305 cpu_allocator_impl.cc:82] Allocation of 1602378720 exceeds 10% of free system memory.
W0000 00:00:1778797637.744884 3153305 cpu_allocator_impl.cc:82] Allocation of 1602378720 exceeds 10% of free system memory.
[2026-05-15 07:28:20] video-level val: videos=1811 f1=0.9678 recall=0.9812 fall_prec=0.9547 nfall_prec=0.9436 min_prec=0.9436 min_consecutive=3
[2026-05-15 07:28:20] video-level test: videos=911 f1=0.9653 recall=0.9820 fall_prec=0.9492 nfall_prec=0.9459 min_prec=0.9459 min_consecutive=3
[2026-05-15 07:28:21] === VAL VIDEO-LEVEL REPORT ===
              precision    recall  f1-score   support

           0     0.9436    0.8708    0.9057       480
           1     0.9547    0.9812    0.9678      1331

    accuracy                         0.9520      1811
   macro avg     0.9491    0.9260    0.9368      1811
weighted avg     0.9517    0.9520    0.9513      1811

[2026-05-15 07:28:21] === TEST VIDEO-LEVEL REPORT ===
              precision    recall  f1-score   support

           0     0.9459    0.8571    0.8994       245
           1     0.9492    0.9820    0.9653       666

    accuracy                         0.9484       911
   macro avg     0.9476    0.9196    0.9323       911
weighted avg     0.9483    0.9484    0.9476       911

[2026-05-15 07:28:21] tflite export subprocess exit=0
[2026-05-15 07:28:21]   [tflite] P4-v04: no metrics.json, skip
[2026-05-15 07:28:21]   [tflite] 
[2026-05-15 07:28:21]   [tflite] Done.
[2026-05-15 07:28:21] done P4-v04 val_f1=0.8880 (video=0.9678) test_f1=0.8920 (video=0.9653) test_min_prec=0.9459 threshold=0.500 min_consecutive=3
