[2026-05-15 05:24:53] === Phase 4: Unidirectional GRU × KP ablation (STM32 배포 기준) ===
[2026-05-15 05:24:53] START P4-v01
[2026-05-15 05:58:21] OK    P4-v01
[2026-05-15 05:58:21] START P4-v02
[2026-05-15 06:29:20] OK    P4-v02
[2026-05-15 06:29:20] START P4-v03
[2026-05-15 06:58:53] OK    P4-v03
[2026-05-15 06:58:53] START P4-v04
[2026-05-15 07:28:22] OK    P4-v04
[2026-05-15 07:28:22] START P4-v05
[2026-05-15 07:56:47] OK    P4-v05
[2026-05-15 07:56:47] START P4-v06
[2026-05-15 08:25:21] OK    P4-v06
[2026-05-15 08:25:21] All Phase 4 experiments complete.
=== PHASE 4 RESULTS (Unidirectional GRU) ===
ID       KP       Focal   testF1     Rec    FallP   NFallP   MinP
-------------------------------------------------------------------
P3-v02  kp12(13)  bidir  0.9704 0.9850  0.9563  0.9556  0.9556  [bidir ref]
P4-v01   kp12     no      0.9632  0.9625   0.9639   0.8984 0.8984
P4-v02   kp12     yes     0.9682  0.9820   0.9547   0.9469 0.9469 ★
P4-v03   kp7      no      0.9669  0.9880   0.9468   0.9630 0.9468 ★
P4-v04   kp7      yes     0.9653  0.9820   0.9492   0.9459 0.9459 ★
P4-v05   minimal  no      0.9697  0.9835   0.9562   0.9513 0.9513 ★
P4-v06   minimal  yes     0.9622  0.9745   0.9502   0.9254 0.9254
[2026-05-15 08:25:21] Phase 4 summary written to results/gru_phase4_uni_kp/summary.log
